07:06:51.905 [main] INFO  o.s.boot.StartupInfoLogger.logStarting   50 - Starting CFApplication v0.0.1-SNAPSHOT using Java 17.0.14 with PID 1316817 (/home/jenkins/workspace/CFTestAutomation_Release/Testing/results/mastercard/MC082/MC082/target/MC082-0.0.1-SNAPSHOT.jar started by root in /home/jenkins/workspace/CFTestAutomation_Release/Testing/results/mastercard/MC082/MC082)
07:06:51.913 [main] INFO  o.s.boot.SpringApplication.logStartupProfileInfo  654 - No active profile set, falling back to 1 default profile: "default"
07:06:53.750 [main] INFO  o.s.boot.StartupInfoLogger.logStarted   56 - Started CFApplication in 3.082 seconds (process running for 4.203)
07:06:53.766 [main] INFO  c.c.app.utility.CFConfiguration.cfDataConnectIOInfo  107 - CFDataConnectIO version : 5.0.0.21
07:06:53.880 [main] INFO  com.cloudframe.app.process.Mc082.main  115 - 000001AAAAAAAAAAAAAAAAAAAAAAAAAAAAAAAAAAAAAAAAAAAAAAAAAAAAAAAAAAAAAAAA          
07:06:53.880 [main] INFO  com.cloudframe.app.process.Mc082.main  115 - 000002BBBBBBBBBBBBBBBBBBBBBBBBBBBBBBBBBBBBBBBBBBBBBBBBBBBBBBBBBBBBBBBB          
07:06:53.881 [main] INFO  com.cloudframe.app.process.Mc082.main  115 - 000003CCCCCCCCCCCCCCCCCCCCCCCCCCCCCCCCCCCCCCCCCCCCCCCCCCCCCCCCCCCCCCCC          
07:06:53.881 [main] INFO  com.cloudframe.app.process.Mc082.main  115 - 000004AAAAAAAAAAAAAAAAAAAAAAAAAAAAAAAAAAAAAAAAAAAAAAAAAAAAAAAAAAAAAAAA          
07:06:53.882 [main] INFO  com.cloudframe.app.process.Mc082.main  115 - 000005BBBBBBBBBBBBBBBBBBBBBBBBBBBBBBBBBBBBBBBBBBBBBBBBBBBBBBBBBBBBBBBB          
07:06:53.882 [main] INFO  com.cloudframe.app.process.Mc082.main  115 - 000006CCCCCCCCCCCCCCCCCCCCCCCCCCCCCCCCCCCCCCCCCCCCCCCCCCCCCCCCCCCCCCCC          
07:06:53.883 [main] INFO  com.cloudframe.app.process.Mc082.main  115 - 000007AAAAAAAAAAAAAAAAAAAAAAAAAAAAAAAAAAAAAAAAAAAAAAAAAAAAAAAAAAAAAAAA          
07:06:53.883 [main] INFO  com.cloudframe.app.process.Mc082.main  115 - 000008BBBBBBBBBBBBBBBBBBBBBBBBBBBBBBBBBBBBBBBBBBBBBBBBBBBBBBBBBBBBBBBB          
07:06:53.883 [main] INFO  com.cloudframe.app.process.Mc082.main  115 - 000009CCCCCCCCCCCCCCCCCCCCCCCCCCCCCCCCCCCCCCCCCCCCCCCCCCCCCCCCCCCCCCCC          
07:06:53.884 [main] INFO  com.cloudframe.app.process.Mc082.main  115 - 000010AAAAAAAAAAAAAAAAAAAAAAAAAAAAAAAAAAAAAAAAAAAAAAAAAAAAAAAAAAAAAAAA          
07:06:53.884 [main] INFO  com.cloudframe.app.process.Mc082.main  115 - 000011BBBBBBBBBBBBBBBBBBBBBBBBBBBBBBBBBBBBBBBBBBBBBBBBBBBBBBBBBBBBBBBB          
07:06:53.884 [main] INFO  com.cloudframe.app.process.Mc082.main  115 - 000012CCCCCCCCCCCCCCCCCCCCCCCCCCCCCCCCCCCCCCCCCCCCCCCCCCCCCCCCCCCCCCCC          
07:06:53.884 [main] INFO  com.cloudframe.app.process.Mc082.main  115 - 000013AAAAAAAAAAAAAAAAAAAAAAAAAAAAAAAAAAAAAAAAAAAAAAAAAAAAAAAAAAAAAAAA          
07:06:53.885 [main] INFO  com.cloudframe.app.process.Mc082.main  115 - 000014BBBBBBBBBBBBBBBBBBBBBBBBBBBBBBBBBBBBBBBBBBBBBBBBBBBBBBBBBBBBBBBB          
07:06:53.885 [main] INFO  com.cloudframe.app.process.Mc082.main  115 - 000015CCCCCCCCCCCCCCCCCCCCCCCCCCCCCCCCCCCCCCCCCCCCCCCCCCCCCCCCCCCCCCCC          
07:06:53.885 [main] INFO  com.cloudframe.app.process.Mc082.main  115 - 000016AAAAAAAAAAAAAAAAAAAAAAAAAAAAAAAAAAAAAAAAAAAAAAAAAAAAAAAAAAAAAAAA          
07:06:53.886 [main] INFO  com.cloudframe.app.process.Mc082.main  115 - 000017BBBBBBBBBBBBBBBBBBBBBBBBBBBBBBBBBBBBBBBBBBBBBBBBBBBBBBBBBBBBBBBB          
07:06:53.887 [main] INFO  com.cloudframe.app.process.Mc082.main  115 - 000018CCCCCCCCCCCCCCCCCCCCCCCCCCCCCCCCCCCCCCCCCCCCCCCCCCCCCCCCCCCCCCCC          
07:06:53.887 [main] INFO  com.cloudframe.app.process.Mc082.main  115 - 000019AAAAAAAAAAAAAAAAAAAAAAAAAAAAAAAAAAAAAAAAAAAAAAAAAAAAAAAAAAAAAAAA          
07:06:53.887 [main] INFO  com.cloudframe.app.process.Mc082.main  115 - 000020BBBBBBBBBBBBBBBBBBBBBBBBBBBBBBBBBBBBBBBBBBBBBBBBBBBBBBBBBBBBBBBB          
07:06:53.888 [main] INFO  com.cloudframe.app.process.Mc082.main  115 - 000021CCCCCCCCCCCCCCCCCCCCCCCCCCCCCCCCCCCCCCCCCCCCCCCCCCCCCCCCCCCCCCCC          
07:06:53.888 [main] INFO  com.cloudframe.app.process.Mc082.main  115 - 000022AAAAAAAAAAAAAAAAAAAAAAAAAAAAAAAAAAAAAAAAAAAAAAAAAAAAAAAAAAAAAAAA          
07:06:53.888 [main] INFO  com.cloudframe.app.process.Mc082.main  115 - 000023BBBBBBBBBBBBBBBBBBBBBBBBBBBBBBBBBBBBBBBBBBBBBBBBBBBBBBBBBBBBBBBB          
07:06:53.888 [main] INFO  com.cloudframe.app.process.Mc082.main  115 - 000024CCCCCCCCCCCCCCCCCCCCCCCCCCCCCCCCCCCCCCCCCCCCCCCCCCCCCCCCCCCCCCCC          
07:06:53.889 [main] INFO  com.cloudframe.app.process.Mc082.main  115 - 000025AAAAAAAAAAAAAAAAAAAAAAAAAAAAAAAAAAAAAAAAAAAAAAAAAAAAAAAAAAAAAAAA          
07:06:53.889 [main] INFO  com.cloudframe.app.process.Mc082.main  115 - 000026BBBBBBBBBBBBBBBBBBBBBBBBBBBBBBBBBBBBBBBBBBBBBBBBBBBBBBBBBBBBBBBB          
07:06:53.889 [main] INFO  com.cloudframe.app.process.Mc082.main  115 - 000027CCCCCCCCCCCCCCCCCCCCCCCCCCCCCCCCCCCCCCCCCCCCCCCCCCCCCCCCCCCCCCCC          
07:06:53.889 [main] INFO  com.cloudframe.app.process.Mc082.main  115 - 000028AAAAAAAAAAAAAAAAAAAAAAAAAAAAAAAAAAAAAAAAAAAAAAAAAAAAAAAAAAAAAAAA          
07:06:53.890 [main] INFO  com.cloudframe.app.process.Mc082.main  115 - 000029BBBBBBBBBBBBBBBBBBBBBBBBBBBBBBBBBBBBBBBBBBBBBBBBBBBBBBBBBBBBBBBB          
07:06:53.890 [main] INFO  com.cloudframe.app.process.Mc082.main  115 - 000030CCCCCCCCCCCCCCCCCCCCCCCCCCCCCCCCCCCCCCCCCCCCCCCCCCCCCCCCCCCCCCCC          
07:06:53.890 [main] INFO  com.cloudframe.app.process.Mc082.main  115 - 000031AAAAAAAAAAAAAAAAAAAAAAAAAAAAAAAAAAAAAAAAAAAAAAAAAAAAAAAAAAAAAAAA          
07:06:53.891 [main] INFO  com.cloudframe.app.process.Mc082.main  115 - 000032BBBBBBBBBBBBBBBBBBBBBBBBBBBBBBBBBBBBBBBBBBBBBBBBBBBBBBBBBBBBBBBB          
07:06:53.891 [main] INFO  com.cloudframe.app.process.Mc082.main  115 - 000033CCCCCCCCCCCCCCCCCCCCCCCCCCCCCCCCCCCCCCCCCCCCCCCCCCCCCCCCCCCCCCCC          
07:06:53.891 [main] INFO  com.cloudframe.app.process.Mc082.main  115 - 000034AAAAAAAAAAAAAAAAAAAAAAAAAAAAAAAAAAAAAAAAAAAAAAAAAAAAAAAAAAAAAAAA          
07:06:53.892 [main] INFO  com.cloudframe.app.process.Mc082.main  115 - 000035BBBBBBBBBBBBBBBBBBBBBBBBBBBBBBBBBBBBBBBBBBBBBBBBBBBBBBBBBBBBBBBB          
07:06:53.892 [main] INFO  com.cloudframe.app.process.Mc082.main  115 - 000036CCCCCCCCCCCCCCCCCCCCCCCCCCCCCCCCCCCCCCCCCCCCCCCCCCCCCCCCCCCCCCCC          
07:06:53.892 [main] INFO  com.cloudframe.app.process.Mc082.main  115 - 000037AAAAAAAAAAAAAAAAAAAAAAAAAAAAAAAAAAAAAAAAAAAAAAAAAAAAAAAAAAAAAAAA          
07:06:53.892 [main] INFO  com.cloudframe.app.process.Mc082.main  115 - 000038BBBBBBBBBBBBBBBBBBBBBBBBBBBBBBBBBBBBBBBBBBBBBBBBBBBBBBBBBBBBBBBB          
07:06:53.893 [main] INFO  com.cloudframe.app.process.Mc082.main  115 - 000039CCCCCCCCCCCCCCCCCCCCCCCCCCCCCCCCCCCCCCCCCCCCCCCCCCCCCCCCCCCCCCCC          
07:06:53.893 [main] INFO  com.cloudframe.app.process.Mc082.main  115 - 000040AAAAAAAAAAAAAAAAAAAAAAAAAAAAAAAAAAAAAAAAAAAAAAAAAAAAAAAAAAAAAAAA          
07:06:53.894 [main] INFO  com.cloudframe.app.process.Mc082.main  115 - 000041BBBBBBBBBBBBBBBBBBBBBBBBBBBBBBBBBBBBBBBBBBBBBBBBBBBBBBBBBBBBBBBB          
07:06:53.894 [main] INFO  com.cloudframe.app.process.Mc082.main  115 - 000042CCCCCCCCCCCCCCCCCCCCCCCCCCCCCCCCCCCCCCCCCCCCCCCCCCCCCCCCCCCCCCCC          
07:06:53.894 [main] INFO  com.cloudframe.app.process.Mc082.main  115 - 000043AAAAAAAAAAAAAAAAAAAAAAAAAAAAAAAAAAAAAAAAAAAAAAAAAAAAAAAAAAAAAAAA          
07:06:53.895 [main] INFO  com.cloudframe.app.process.Mc082.main  115 - 000044BBBBBBBBBBBBBBBBBBBBBBBBBBBBBBBBBBBBBBBBBBBBBBBBBBBBBBBBBBBBBBBB          
07:06:53.895 [main] INFO  com.cloudframe.app.process.Mc082.main  115 - 000045CCCCCCCCCCCCCCCCCCCCCCCCCCCCCCCCCCCCCCCCCCCCCCCCCCCCCCCCCCCCCCCC          
07:06:53.895 [main] INFO  com.cloudframe.app.process.Mc082.main  115 - 000046AAAAAAAAAAAAAAAAAAAAAAAAAAAAAAAAAAAAAAAAAAAAAAAAAAAAAAAAAAAAAAAA          
07:06:53.896 [main] INFO  com.cloudframe.app.process.Mc082.main  115 - 000047BBBBBBBBBBBBBBBBBBBBBBBBBBBBBBBBBBBBBBBBBBBBBBBBBBBBBBBBBBBBBBBB          
07:06:53.896 [main] INFO  com.cloudframe.app.process.Mc082.main  115 - 000048CCCCCCCCCCCCCCCCCCCCCCCCCCCCCCCCCCCCCCCCCCCCCCCCCCCCCCCCCCCCCCCC          
07:06:53.896 [main] INFO  com.cloudframe.app.process.Mc082.main  115 - 000049AAAAAAAAAAAAAAAAAAAAAAAAAAAAAAAAAAAAAAAAAAAAAAAAAAAAAAAAAAAAAAAA          
07:06:53.896 [main] INFO  com.cloudframe.app.process.Mc082.main  115 - 000050BBBBBBBBBBBBBBBBBBBBBBBBBBBBBBBBBBBBBBBBBBBBBBBBBBBBBBBBBBBBBBBB          
07:06:53.897 [main] INFO  com.cloudframe.app.process.Mc082.main  115 - 000051CCCCCCCCCCCCCCCCCCCCCCCCCCCCCCCCCCCCCCCCCCCCCCCCCCCCCCCCCCCCCCCC          
07:06:53.897 [main] INFO  com.cloudframe.app.process.Mc082.main  115 - 000052AAAAAAAAAAAAAAAAAAAAAAAAAAAAAAAAAAAAAAAAAAAAAAAAAAAAAAAAAAAAAAAA          
07:06:53.897 [main] INFO  com.cloudframe.app.process.Mc082.main  115 - 000053BBBBBBBBBBBBBBBBBBBBBBBBBBBBBBBBBBBBBBBBBBBBBBBBBBBBBBBBBBBBBBBB          
07:06:53.897 [main] INFO  com.cloudframe.app.process.Mc082.main  115 - 000054CCCCCCCCCCCCCCCCCCCCCCCCCCCCCCCCCCCCCCCCCCCCCCCCCCCCCCCCCCCCCCCC          
07:06:53.898 [main] INFO  com.cloudframe.app.process.Mc082.main  115 - 000055AAAAAAAAAAAAAAAAAAAAAAAAAAAAAAAAAAAAAAAAAAAAAAAAAAAAAAAAAAAAAAAA          
07:06:53.898 [main] INFO  com.cloudframe.app.process.Mc082.main  115 - 000056BBBBBBBBBBBBBBBBBBBBBBBBBBBBBBBBBBBBBBBBBBBBBBBBBBBBBBBBBBBBBBBB          
07:06:53.898 [main] INFO  com.cloudframe.app.process.Mc082.main  115 - 000057CCCCCCCCCCCCCCCCCCCCCCCCCCCCCCCCCCCCCCCCCCCCCCCCCCCCCCCCCCCCCCCC          
07:06:53.898 [main] INFO  com.cloudframe.app.process.Mc082.main  115 - 000058AAAAAAAAAAAAAAAAAAAAAAAAAAAAAAAAAAAAAAAAAAAAAAAAAAAAAAAAAAAAAAAA          
07:06:53.899 [main] INFO  com.cloudframe.app.process.Mc082.main  115 - 000059BBBBBBBBBBBBBBBBBBBBBBBBBBBBBBBBBBBBBBBBBBBBBBBBBBBBBBBBBBBBBBBB          
07:06:53.899 [main] INFO  com.cloudframe.app.process.Mc082.main  115 - 000060CCCCCCCCCCCCCCCCCCCCCCCCCCCCCCCCCCCCCCCCCCCCCCCCCCCCCCCCCCCCCCCC          
07:06:53.900 [main] INFO  com.cloudframe.app.process.Mc082.main  115 - 000061AAAAAAAAAAAAAAAAAAAAAAAAAAAAAAAAAAAAAAAAAAAAAAAAAAAAAAAAAAAAAAAA          
07:06:53.900 [main] INFO  com.cloudframe.app.process.Mc082.main  115 - 000062BBBBBBBBBBBBBBBBBBBBBBBBBBBBBBBBBBBBBBBBBBBBBBBBBBBBBBBBBBBBBBBB          
07:06:53.900 [main] INFO  com.cloudframe.app.process.Mc082.main  115 - 000063CCCCCCCCCCCCCCCCCCCCCCCCCCCCCCCCCCCCCCCCCCCCCCCCCCCCCCCCCCCCCCCC          
07:06:53.901 [main] INFO  com.cloudframe.app.process.Mc082.main  115 - 000064AAAAAAAAAAAAAAAAAAAAAAAAAAAAAAAAAAAAAAAAAAAAAAAAAAAAAAAAAAAAAAAA          
07:06:53.901 [main] INFO  com.cloudframe.app.process.Mc082.main  115 - 000065BBBBBBBBBBBBBBBBBBBBBBBBBBBBBBBBBBBBBBBBBBBBBBBBBBBBBBBBBBBBBBBB          
07:06:53.901 [main] INFO  com.cloudframe.app.process.Mc082.main  115 - 000066CCCCCCCCCCCCCCCCCCCCCCCCCCCCCCCCCCCCCCCCCCCCCCCCCCCCCCCCCCCCCCCC          
07:06:53.902 [main] INFO  com.cloudframe.app.process.Mc082.main  115 - 000067AAAAAAAAAAAAAAAAAAAAAAAAAAAAAAAAAAAAAAAAAAAAAAAAAAAAAAAAAAAAAAAA          
07:06:53.902 [main] INFO  com.cloudframe.app.process.Mc082.main  115 - 000068BBBBBBBBBBBBBBBBBBBBBBBBBBBBBBBBBBBBBBBBBBBBBBBBBBBBBBBBBBBBBBBB          
07:06:53.902 [main] INFO  com.cloudframe.app.process.Mc082.main  115 - 000069CCCCCCCCCCCCCCCCCCCCCCCCCCCCCCCCCCCCCCCCCCCCCCCCCCCCCCCCCCCCCCCC          
07:06:53.903 [main] INFO  com.cloudframe.app.process.Mc082.main  115 - 000070AAAAAAAAAAAAAAAAAAAAAAAAAAAAAAAAAAAAAAAAAAAAAAAAAAAAAAAAAAAAAAAA          
07:06:53.903 [main] INFO  com.cloudframe.app.process.Mc082.main  115 - 000071BBBBBBBBBBBBBBBBBBBBBBBBBBBBBBBBBBBBBBBBBBBBBBBBBBBBBBBBBBBBBBBB          
07:06:53.903 [main] INFO  com.cloudframe.app.process.Mc082.main  115 - 000072CCCCCCCCCCCCCCCCCCCCCCCCCCCCCCCCCCCCCCCCCCCCCCCCCCCCCCCCCCCCCCCC          
07:06:53.904 [main] INFO  com.cloudframe.app.process.Mc082.main  115 - 000073AAAAAAAAAAAAAAAAAAAAAAAAAAAAAAAAAAAAAAAAAAAAAAAAAAAAAAAAAAAAAAAA          
07:06:53.904 [main] INFO  com.cloudframe.app.process.Mc082.main  115 - 000074BBBBBBBBBBBBBBBBBBBBBBBBBBBBBBBBBBBBBBBBBBBBBBBBBBBBBBBBBBBBBBBB          
07:06:53.904 [main] INFO  com.cloudframe.app.process.Mc082.main  115 - 000075CCCCCCCCCCCCCCCCCCCCCCCCCCCCCCCCCCCCCCCCCCCCCCCCCCCCCCCCCCCCCCCC          
07:06:53.905 [main] INFO  com.cloudframe.app.process.Mc082.main  115 - 000076AAAAAAAAAAAAAAAAAAAAAAAAAAAAAAAAAAAAAAAAAAAAAAAAAAAAAAAAAAAAAAAA          
07:06:53.905 [main] INFO  com.cloudframe.app.process.Mc082.main  115 - 000077BBBBBBBBBBBBBBBBBBBBBBBBBBBBBBBBBBBBBBBBBBBBBBBBBBBBBBBBBBBBBBBB          
07:06:53.905 [main] INFO  com.cloudframe.app.process.Mc082.main  115 - 000078CCCCCCCCCCCCCCCCCCCCCCCCCCCCCCCCCCCCCCCCCCCCCCCCCCCCCCCCCCCCCCCC          
07:06:53.905 [main] INFO  com.cloudframe.app.process.Mc082.main  115 - 000079AAAAAAAAAAAAAAAAAAAAAAAAAAAAAAAAAAAAAAAAAAAAAAAAAAAAAAAAAAAAAAAA          
07:06:53.906 [main] INFO  com.cloudframe.app.process.Mc082.main  115 - 000080BBBBBBBBBBBBBBBBBBBBBBBBBBBBBBBBBBBBBBBBBBBBBBBBBBBBBBBBBBBBBBBB          
07:06:53.906 [main] INFO  com.cloudframe.app.process.Mc082.main  115 - 000081CCCCCCCCCCCCCCCCCCCCCCCCCCCCCCCCCCCCCCCCCCCCCCCCCCCCCCCCCCCCCCCC          
07:06:53.906 [main] INFO  com.cloudframe.app.process.Mc082.main  115 - 000082AAAAAAAAAAAAAAAAAAAAAAAAAAAAAAAAAAAAAAAAAAAAAAAAAAAAAAAAAAAAAAAA          
07:06:53.906 [main] INFO  com.cloudframe.app.process.Mc082.main  115 - 000083BBBBBBBBBBBBBBBBBBBBBBBBBBBBBBBBBBBBBBBBBBBBBBBBBBBBBBBBBBBBBBBB          
07:06:53.907 [main] INFO  com.cloudframe.app.process.Mc082.main  115 - 000084CCCCCCCCCCCCCCCCCCCCCCCCCCCCCCCCCCCCCCCCCCCCCCCCCCCCCCCCCCCCCCCC          
07:06:53.907 [main] INFO  com.cloudframe.app.process.Mc082.main  115 - 000085AAAAAAAAAAAAAAAAAAAAAAAAAAAAAAAAAAAAAAAAAAAAAAAAAAAAAAAAAAAAAAAA          
07:06:53.907 [main] INFO  com.cloudframe.app.process.Mc082.main  115 - 000086BBBBBBBBBBBBBBBBBBBBBBBBBBBBBBBBBBBBBBBBBBBBBBBBBBBBBBBBBBBBBBBB          
07:06:53.908 [main] INFO  com.cloudframe.app.process.Mc082.main  115 - 000087CCCCCCCCCCCCCCCCCCCCCCCCCCCCCCCCCCCCCCCCCCCCCCCCCCCCCCCCCCCCCCCC          
07:06:53.908 [main] INFO  com.cloudframe.app.process.Mc082.main  115 - 000088AAAAAAAAAAAAAAAAAAAAAAAAAAAAAAAAAAAAAAAAAAAAAAAAAAAAAAAAAAAAAAAA          
07:06:53.908 [main] INFO  com.cloudframe.app.process.Mc082.main  115 - 000089BBBBBBBBBBBBBBBBBBBBBBBBBBBBBBBBBBBBBBBBBBBBBBBBBBBBBBBBBBBBBBBB          
07:06:53.908 [main] INFO  com.cloudframe.app.process.Mc082.main  115 - 000090CCCCCCCCCCCCCCCCCCCCCCCCCCCCCCCCCCCCCCCCCCCCCCCCCCCCCCCCCCCCCCCC          
07:06:53.909 [main] INFO  com.cloudframe.app.process.Mc082.main  115 - 000091AAAAAAAAAAAAAAAAAAAAAAAAAAAAAAAAAAAAAAAAAAAAAAAAAAAAAAAAAAAAAAAA          
07:06:53.909 [main] INFO  com.cloudframe.app.process.Mc082.main  115 - 000092BBBBBBBBBBBBBBBBBBBBBBBBBBBBBBBBBBBBBBBBBBBBBBBBBBBBBBBBBBBBBBBB          
07:06:53.909 [main] INFO  com.cloudframe.app.process.Mc082.main  115 - 000093CCCCCCCCCCCCCCCCCCCCCCCCCCCCCCCCCCCCCCCCCCCCCCCCCCCCCCCCCCCCCCCC          
07:06:53.909 [main] INFO  com.cloudframe.app.process.Mc082.main  115 - 000094AAAAAAAAAAAAAAAAAAAAAAAAAAAAAAAAAAAAAAAAAAAAAAAAAAAAAAAAAAAAAAAA          
07:06:53.910 [main] INFO  com.cloudframe.app.process.Mc082.main  115 - 000095BBBBBBBBBBBBBBBBBBBBBBBBBBBBBBBBBBBBBBBBBBBBBBBBBBBBBBBBBBBBBBBB          
07:06:53.910 [main] INFO  com.cloudframe.app.process.Mc082.main  115 - 000096CCCCCCCCCCCCCCCCCCCCCCCCCCCCCCCCCCCCCCCCCCCCCCCCCCCCCCCCCCCCCCCC          
07:06:53.910 [main] INFO  com.cloudframe.app.process.Mc082.main  115 - 000097AAAAAAAAAAAAAAAAAAAAAAAAAAAAAAAAAAAAAAAAAAAAAAAAAAAAAAAAAAAAAAAA          
07:06:53.910 [main] INFO  com.cloudframe.app.process.Mc082.main  115 - 000098BBBBBBBBBBBBBBBBBBBBBBBBBBBBBBBBBBBBBBBBBBBBBBBBBBBBBBBBBBBBBBBB          
07:06:53.911 [main] INFO  com.cloudframe.app.process.Mc082.main  115 - 000099CCCCCCCCCCCCCCCCCCCCCCCCCCCCCCCCCCCCCCCCCCCCCCCCCCCCCCCCCCCCCCCC          
07:06:53.911 [main] INFO  com.cloudframe.app.process.Mc082.main  115 - 000100AAAAAAAAAAAAAAAAAAAAAAAAAAAAAAAAAAAAAAAAAAAAAAAAAAAAAAAAAAAAAAAA          
07:06:53.911 [main] INFO  com.cloudframe.app.process.Mc082.main  125 - *** END OF FILE ***
