10:58:08.808 [main] INFO  o.s.boot.StartupInfoLogger.logStarting   50 - Starting CFApplication v0.0.1-SNAPSHOT using Java 17.0.14 with PID 1168539 (/home/jenkins/workspace/CFTestAutomation_Release/Testing/results/jcl/IDCPRN09/IDCPRN09/target/IDCPRN09-0.0.1-SNAPSHOT.jar started by root in /home/jenkins/workspace/CFTestAutomation_Release/Testing/results/jcl/IDCPRN09/IDCPRN09)
10:58:08.816 [main] INFO  o.s.boot.SpringApplication.logStartupProfileInfo  654 - No active profile set, falling back to 1 default profile: "default"
10:58:11.757 [main] INFO  c.c.a.dao.CFDataSourceConfiguration.dataSourceStatus  165 - CFDataSourceConfiguration initialization status...
10:58:11.759 [main] INFO  c.c.a.dao.CFDataSourceConfiguration.dataSourceStatus  172 - VSAM Datasource initialized. 
10:58:12.149 [main] INFO  o.s.boot.StartupInfoLogger.logStarted   56 - Started CFApplication in 4.198 seconds (process running for 4.864)
10:58:12.177 [main] INFO  c.c.app.utility.CFConfiguration.cfDataConnectIOInfo  107 - CFDataConnectIO version : 5.0.0.21
10:58:12.288 [main] INFO  c.c.a.u.d.plus.CFDcioConfiguration.cfDataConnectIOPlusInfo   28 - CFDataConnectIOPlus version : 5.0.0.21
10:58:12.354 [main] INFO  o.s.j.d.e.EmbeddedDatabaseFactory.initDatabase  189 - Starting embedded database: url='jdbc:h2:mem:testdb;DB_CLOSE_DELAY=-1;DB_CLOSE_ON_EXIT=false', username='sa'
10:58:13.809 [main] INFO  o.s.b.a.b.JobLauncherApplicationRunner.run  168 - Running default command line with: []
10:58:13.888 [main] INFO  o.s.b.c.l.s.SimpleJobLauncher$1.run  154 - Job: [SimpleJob: [name=IDCPRN09]] launched with the following parameters: [{}]
10:58:13.967 [main] INFO  o.s.batch.core.job.SimpleStepHandler.handleStep  150 - Executing step: [defcl]
10:58:14.196 [main] INFO  com.zaxxer.hikari.HikariDataSource.getConnection  109 - HikariPool-1 - Starting...
10:58:14.326 [main] INFO  com.zaxxer.hikari.pool.HikariPool.checkFailFast  554 - HikariPool-1 - Added connection conn16: url=jdbc:h2:file:./cf-vsam-db user=SA
10:58:14.334 [main] INFO  com.zaxxer.hikari.HikariDataSource.getConnection  122 - HikariPool-1 - Start completed.
10:58:14.394 [main] INFO  c.c.app.vsam.dao.VsamRepository.lambda$createTable$1  211 - Executing query : create table CLOUDFRM_IDCAMS_PRINT_VSAMKSDS(
primary_key binary(65) primary key not null,
RECORD_DATA blob not null); 
10:58:14.433 [main] INFO  o.s.batch.core.step.AbstractStep.execute  295 - Step: [defcl] executed in 463ms
10:58:14.463 [main] INFO  o.s.batch.core.job.SimpleStepHandler.handleStep  150 - Executing step: [vsaminit]
10:58:15.305 [main] INFO  o.s.batch.core.step.AbstractStep.execute  295 - Step: [vsaminit] executed in 841ms
10:58:15.323 [main] INFO  o.s.batch.core.job.SimpleStepHandler.handleStep  150 - Executing step: [print01]
10:58:15.548 [main] INFO  o.s.batch.core.step.AbstractStep.execute  295 - Step: [print01] executed in 223ms
10:58:15.559 [main] INFO  o.s.batch.core.job.SimpleStepHandler.handleStep  150 - Executing step: [printSummary]
10:58:15.575 [main] INFO  com.cloudframe.app.CFStepHandler.printExecutionSummary  259 - JOB : IDCPRN09 ENDED -  0000
10:58:15.576 [main] INFO  com.cloudframe.app.CFStepHandler.printExecutionSummary  263 - 

Stepwise Execution Summary :
+---------------------------------------------------------------+
| STEPNAME      | PROGRAM     | RC          | ELAPSED           |
|               |             |             | HH:MM:SS:ss       |
+---------------------------------------------------------------+
| DEFCL         | IDCAMS      | 00          | 00:00:00:463      |
+---------------------------------------------------------------+
| VSAMINIT      | IDCAMS      | 00          | 00:00:00:841      |
+---------------------------------------------------------------+
| PRINT01       | IDCAMS      | 00          | 00:00:00:223      |
+---------------------------------------------------------------+
  
10:58:15.582 [main] INFO  o.s.batch.core.step.AbstractStep.execute  295 - Step: [printSummary] executed in 22ms
10:58:15.599 [main] INFO  o.s.b.c.l.s.SimpleJobLauncher$1.run  161 - Job: [SimpleJob: [name=IDCPRN09]] completed with the following parameters: [{}] and the following status: [COMPLETED] in 1s679ms
10:58:15.610 [main] INFO  com.zaxxer.hikari.HikariDataSource.close  349 - HikariPool-1 - Shutdown initiated...
10:58:15.747 [main] INFO  com.zaxxer.hikari.HikariDataSource.close  351 - HikariPool-1 - Shutdown completed.
10:58:15.748 [main] INFO  o.s.j.d.e.EmbeddedDatabaseFactory.shutdownDatabase  220 - Shutting down embedded database: url='jdbc:h2:mem:testdb;DB_CLOSE_DELAY=-1;DB_CLOSE_ON_EXIT=false'
