23:21:58.129 [main] INFO  o.s.boot.StartupInfoLogger.logStarting   50 - Starting CFApplication v0.0.1-SNAPSHOT using Java 17.0.14 with PID 1842426 (/home/jenkins/workspace/CFTestAutomation_Release/Testing/results/mastercard/IP606130/IP606130/target/IP606130-0.0.1-SNAPSHOT.jar started by root in /home/jenkins/workspace/CFTestAutomation_Release/Testing/results/mastercard/IP606130/IP606130)
23:21:58.136 [main] INFO  o.s.boot.SpringApplication.logStartupProfileInfo  654 - No active profile set, falling back to 1 default profile: "default"
23:21:59.798 [main] INFO  o.s.boot.StartupInfoLogger.logStarted   56 - Started CFApplication in 2.603 seconds (process running for 3.286)
23:21:59.815 [main] INFO  c.c.app.utility.CFConfiguration.cfDataConnectIOInfo  107 - CFDataConnectIO version : 5.0.0.21
23:22:00.099 [main] INFO  com.cloudframe.app.process.Ip606130.displayExecMessages  418 - IN IP606130 - COMMENTED IP996010 CALL
23:22:00.163 [main] INFO  com.cloudframe.app.process.Ip670010.displayExecMsgs  194 - IN IP670010 - COMMENTED IP996010 CALL
23:23:23.547 [main] INFO  com.cloudframe.app.process.Ip606130.printCounts 2164 -                    
23:23:23.549 [main] INFO  com.cloudframe.app.process.Ip606130.printCounts 2166 -                    
23:23:23.549 [main] INFO  com.cloudframe.app.process.Ip606130.printCounts 2168 - =======STATS FOR DEFAULT AGREEMENT RECORDS======= 
23:23:23.549 [main] INFO  com.cloudframe.app.process.Ip606130.printCounts 2170 -                    
23:23:23.549 [main] INFO  com.cloudframe.app.process.Ip606130.printCounts 2172 - NUMBER OF TABLE36 RECORDS LOADED           :       205
23:23:23.549 [main] INFO  com.cloudframe.app.process.Ip606130.printCounts 2174 -                    
23:23:23.549 [main] INFO  com.cloudframe.app.process.Ip606130.printCounts 2176 - TABLE90 DEFAULT INTERREGIONAL RECORDS BUILD:   125,282
23:23:23.550 [main] INFO  com.cloudframe.app.process.Ip606130.printCounts 2178 - TABLE90 DEFAULT INTRAREGIONAL RECORDS BUILD:    31,932
23:23:23.550 [main] INFO  com.cloudframe.app.process.Ip606130.printCounts 2180 - TABLE91 DEFAULT INTERREGIONAL RECORDS BUILD:    99,431
23:23:23.550 [main] INFO  com.cloudframe.app.process.Ip606130.printCounts 2182 - TABLE91 DEFAULT INTRAREGIONAL RECORDS BUILD:    26,742
23:23:23.550 [main] INFO  com.cloudframe.app.process.Ip606130.printCounts 2184 -                    
23:23:23.550 [main] INFO  com.cloudframe.app.process.Ip606130.printCounts 2186 - TOTAL NO. OF DEFAULTS CREATED              :    283,387
23:23:23.550 [main] INFO  com.cloudframe.app.process.Ip606130.printCounts 2188 -                    
23:23:23.550 [main] INFO  com.cloudframe.app.process.Ip606130.printCounts 2190 - ORIGINAL TABLE90 TRAILER RECORD COUNT      :    34,513
23:23:23.551 [main] INFO  com.cloudframe.app.process.Ip606130.printCounts 2192 - UPDATED  TABLE90 TRAILER RECORD COUNT      :   191,727
23:23:23.551 [main] INFO  com.cloudframe.app.process.Ip606130.printCounts 2194 - ORIGINAL TABLE91 TRAILER RECORD COUNT      :    65,556
23:23:23.551 [main] INFO  com.cloudframe.app.process.Ip606130.printCounts 2196 - UPDATED  TABLE91 TRAILER RECORD COUNT      :   191,729
23:23:23.551 [main] INFO  com.cloudframe.app.process.Ip606130.printCounts 2198 - ORIGINAL FINAL   TRAILER RECORD COUNT      : 1,064,149
23:23:23.551 [main] INFO  com.cloudframe.app.process.Ip606130.printCounts 2200 - UPDATED  FINAL   TRAILER RECORD COUNT      : 1,347,330
23:23:23.552 [main] INFO  com.cloudframe.app.process.Ip606130.printCounts 2202 -                    
23:23:23.552 [main] INFO  com.cloudframe.app.process.Ip606130.printCounts 2210 - NUMBER OF INPUT RECORDS READ               :  1,064,149
23:23:23.552 [main] INFO  com.cloudframe.app.process.Ip606130.printCounts 2212 - NUMBER 0F OUTPUT RECORDS WRITTEN           :  1,347,330
23:23:23.552 [main] INFO  com.cloudframe.app.process.Ip606130.printCounts 2214 - IP606130-9999-END OF STEP, CONDITION CODE  :0000
