23:22:53.552 [main] INFO  o.s.boot.StartupInfoLogger.logStarting   50 - Starting CFApplication v0.0.1-SNAPSHOT using Java 17.0.14 with PID 1846232 (/home/jenkins/workspace/CFTestAutomation_Release/Testing/results/jcl/SORT036/SORT036/target/SORT036-0.0.1-SNAPSHOT.jar started by root in /home/jenkins/workspace/CFTestAutomation_Release/Testing/results/jcl/SORT036/SORT036)
23:22:53.559 [main] INFO  o.s.boot.SpringApplication.logStartupProfileInfo  654 - No active profile set, falling back to 1 default profile: "default"
23:22:57.023 [main] INFO  o.s.boot.StartupInfoLogger.logStarted   56 - Started CFApplication in 4.719 seconds (process running for 5.679)
23:22:57.066 [main] INFO  c.c.app.utility.CFConfiguration.cfDataConnectIOInfo  107 - CFDataConnectIO version : 5.0.0.21
23:22:57.178 [main] INFO  c.c.a.u.d.plus.CFDcioConfiguration.cfDataConnectIOPlusInfo   28 - CFDataConnectIOPlus version : 5.0.0.21
23:22:57.235 [main] INFO  o.s.j.d.e.EmbeddedDatabaseFactory.initDatabase  189 - Starting embedded database: url='jdbc:h2:mem:testdb;DB_CLOSE_DELAY=-1;DB_CLOSE_ON_EXIT=false', username='sa'
23:22:58.590 [main] INFO  o.s.b.a.b.JobLauncherApplicationRunner.run  168 - Running default command line with: []
23:22:58.674 [main] INFO  o.s.b.c.l.s.SimpleJobLauncher$1.run  154 - Job: [FlowJob: [name=SORT036]] launched with the following parameters: [{}]
23:22:58.760 [main] INFO  o.s.batch.core.job.SimpleStepHandler.handleStep  150 - Executing step: [step020Decider]
23:22:58.819 [main] INFO  o.s.batch.core.step.AbstractStep.execute  295 - Step: [step020Decider] executed in 57ms
23:22:58.845 [main] INFO  o.s.batch.core.job.SimpleStepHandler.handleStep  150 - Executing step: [readSort036Step020SortInput]
23:22:59.023 [main] INFO  o.s.batch.core.step.AbstractStep.execute  295 - Step: [readSort036Step020SortInput] executed in 177ms
23:22:59.051 [main] INFO  o.s.batch.core.job.SimpleStepHandler.handleStep  150 - Executing step: [sortSort036Step020Process]
23:22:59.087 [main] INFO  o.s.batch.core.step.AbstractStep.execute  295 - Step: [sortSort036Step020Process] executed in 34ms
23:22:59.111 [main] INFO  o.s.batch.core.job.SimpleStepHandler.handleStep  150 - Executing step: [writeSort036Step020SortOutput]
23:22:59.324 [main] INFO  c.c.a.t.Sort036Step020OutputWriter.afterStep  108 - STEPNAME: SORT036STEP020 Execution completed, number of RECORDS - IN: 2000,  OUT: 2000
23:22:59.330 [main] INFO  o.s.batch.core.step.AbstractStep.execute  295 - Step: [writeSort036Step020SortOutput] executed in 217ms
23:22:59.363 [main] INFO  o.s.batch.core.job.SimpleStepHandler.handleStep  150 - Executing step: [printSummary]
23:22:59.397 [main] INFO  com.cloudframe.app.CFStepHandler.printExecutionSummary  255 - JOB : SORT036 ENDED -  0000
23:22:59.398 [main] INFO  com.cloudframe.app.CFStepHandler.printExecutionSummary  259 - 

Stepwise Execution Summary :
+------------------------------------------------------------+
| STEPNAME     | PROGRAM   | RC          | ELAPSED           |
|              |           |             | HH:MM:SS:ss       |
+------------------------------------------------------------+
| STEP020      | SORT      | 00          | 00:00:00:557      |
+------------------------------------------------------------+
  
23:22:59.410 [main] INFO  o.s.batch.core.step.AbstractStep.execute  295 - Step: [printSummary] executed in 45ms
23:22:59.440 [main] INFO  o.s.b.c.l.s.SimpleJobLauncher$1.run  161 - Job: [FlowJob: [name=SORT036]] completed with the following parameters: [{}] and the following status: [COMPLETED] in 723ms
23:22:59.455 [main] INFO  o.s.j.d.e.EmbeddedDatabaseFactory.shutdownDatabase  220 - Shutting down embedded database: url='jdbc:h2:mem:testdb;DB_CLOSE_DELAY=-1;DB_CLOSE_ON_EXIT=false'
