08:27:59.382 [main] INFO  o.s.boot.StartupInfoLogger.logStarting 50 - Starting CFApplication v0.0.1-SNAPSHOT using Java 17.0.14 with PID 4157811 (/home/jenkins/workspace/CFTestAutomation_Release/Testing/results/db2/DB2VARCH/DB2VARCH/target/DB2VARCH-0.0.1-SNAPSHOT.jar started by root in /home/jenkins/workspace/CFTestAutomation_Release/Testing/results/db2/DB2VARCH/DB2VARCH)
08:27:59.395 [main] INFO  o.s.boot.SpringApplication.logStartupProfileInfo 654 - No active profile set, falling back to 1 default profile: "default"
08:28:03.049 [main] INFO  c.c.a.dao.CFDataSourceConfiguration.dataSourceStatus 165 - CFDataSourceConfiguration initialization status...
08:28:03.052 [main] INFO  c.c.a.dao.CFDataSourceConfiguration.dataSourceStatus 172 - Databse Datasource initialized.
08:28:03.415 [main] INFO  o.s.boot.StartupInfoLogger.logStarted 56 - Started CFApplication in 5.335 seconds (process running for 5.991)
08:28:03.431 [main] INFO  c.c.app.utility.CFConfiguration.cfDataConnectIOInfo 107 - CFDataConnectIO version : 5.0.0.21
08:28:03.964 [main] INFO  com.zaxxer.hikari.HikariDataSource.getConnection 109 - HikariPool-1 - Starting...
08:28:04.585 [main] INFO  com.zaxxer.hikari.pool.HikariPool.checkFailFast 554 - HikariPool-1 - Added connection com.ibm.db2.jcc.t4.b@60e9c3a5
08:28:04.591 [main] INFO  com.zaxxer.hikari.HikariDataSource.getConnection 122 - HikariPool-1 - Start completed.
08:28:04.807 [main] INFO  com.cloudframe.app.process.Db2varch.main 162 - >>> Inserting a Book >>>
08:35:50.471 [main] INFO  com.cloudframe.app.process.Db2varch.main 194 - >>> DB2 Commit       >>>
08:35:50.474 [main] INFO  com.cloudframe.app.process.Db2varch.selectBook 299 - >>> Selecting Book   >>>
08:35:50.510 [main] INFO  com.cloudframe.app.process.Db2varch.selectBook 363 - >>> Printing Book Details
08:35:50.511 [main] INFO  com.cloudframe.app.process.Db2varch.selectBook 365 - BOOK-ID            =(      9999)
08:35:50.512 [main] INFO  com.cloudframe.app.process.Db2varch.selectBook 367 - ISBN               =(  88887776)
08:35:50.512 [main] INFO  com.cloudframe.app.process.Db2varch.selectBook 369 - PUBLISHED-DATE-LEN =(15)
08:35:50.512 [main] INFO  com.cloudframe.app.process.Db2varch.selectBook 371 - PUBLISHED-DATE-TEXT=(16th April 2022)
08:35:50.513 [main] INFO  com.cloudframe.app.process.Db2varch.selectBook 373 - PUBLISHER-ID       =(      1234)
08:35:50.513 [main] INFO  com.cloudframe.app.process.Db2varch.selectBook 375 - RATING             =(-        1)
08:35:50.513 [main] INFO  com.cloudframe.app.process.Db2varch.selectBook 377 - TITLE-LEN          =(30)
08:35:50.514 [main] INFO  com.cloudframe.app.process.Db2varch.selectBook 379 - TITLE-TEXT         =(Testing VARCHAR Length Issues )
08:35:50.514 [main] INFO  com.cloudframe.app.process.Db2varch.selectBook 381 - TOTAL-PAGES        =(        98)
08:35:50.515 [main] INFO  com.cloudframe.app.process.Db2varch.selectBook 383 - <<<
08:35:50.515 [main] INFO  com.cloudframe.app.process.Db2varch.main 217 - >>> Updating  Book   >>>
08:35:50.519 [main] INFO  com.cloudframe.app.process.Db2varch.selectBook 299 - >>> Selecting Book   >>>
08:35:50.524 [main] INFO  com.cloudframe.app.process.Db2varch.selectBook 363 - >>> Printing Book Details
08:35:50.524 [main] INFO  com.cloudframe.app.process.Db2varch.selectBook 365 - BOOK-ID            =(      9999)
08:35:50.525 [main] INFO  com.cloudframe.app.process.Db2varch.selectBook 367 - ISBN               =(  88887776)
08:35:50.525 [main] INFO  com.cloudframe.app.process.Db2varch.selectBook 369 - PUBLISHED-DATE-LEN =(4)
08:35:50.525 [main] INFO  com.cloudframe.app.process.Db2varch.selectBook 371 - PUBLISHED-DATE-TEXT=(Null)
08:35:50.525 [main] INFO  com.cloudframe.app.process.Db2varch.selectBook 373 - PUBLISHER-ID       =(      1234)
08:35:50.526 [main] INFO  com.cloudframe.app.process.Db2varch.selectBook 375 - RATING             =(-        1)
08:35:50.526 [main] INFO  com.cloudframe.app.process.Db2varch.selectBook 377 - TITLE-LEN          =(30)
08:35:50.526 [main] INFO  com.cloudframe.app.process.Db2varch.selectBook 379 - TITLE-TEXT         =(Testing VARCHAR Length Issues )
08:35:50.527 [main] INFO  com.cloudframe.app.process.Db2varch.selectBook 381 - TOTAL-PAGES        =(        98)
08:35:50.527 [main] INFO  com.cloudframe.app.process.Db2varch.selectBook 383 - <<<
08:35:50.527 [main] INFO  com.cloudframe.app.process.Db2varch.main 234 - >>> Deleting  Book   >>>
08:35:50.542 [SpringContextShutdownHook] INFO  com.zaxxer.hikari.HikariDataSource.close 349 - HikariPool-1 - Shutdown initiated...
08:35:50.547 [SpringContextShutdownHook] INFO  com.zaxxer.hikari.HikariDataSource.close 351 - HikariPool-1 - Shutdown completed.
