07:07:53.974 [main] INFO  o.s.boot.StartupInfoLogger.logStarting   50 - Starting CFApplication v0.0.1-SNAPSHOT using Java 17.0.14 with PID 1321717 (/home/jenkins/workspace/CFTestAutomation_Release/Testing/results/jcl/IDCPRN02/IDCPRN02/target/IDCPRN02-0.0.1-SNAPSHOT.jar started by root in /home/jenkins/workspace/CFTestAutomation_Release/Testing/results/jcl/IDCPRN02/IDCPRN02)
07:07:53.983 [main] INFO  o.s.boot.SpringApplication.logStartupProfileInfo  654 - No active profile set, falling back to 1 default profile: "default"
07:07:57.291 [main] INFO  o.s.boot.StartupInfoLogger.logStarted   56 - Started CFApplication in 4.652 seconds (process running for 5.42)
07:07:57.321 [main] INFO  c.c.app.utility.CFConfiguration.cfDataConnectIOInfo  107 - CFDataConnectIO version : 5.0.0.21
07:07:57.399 [main] INFO  c.c.a.u.d.plus.CFDcioConfiguration.cfDataConnectIOPlusInfo   28 - CFDataConnectIOPlus version : 5.0.0.21
07:07:57.432 [main] INFO  o.s.j.d.e.EmbeddedDatabaseFactory.initDatabase  189 - Starting embedded database: url='jdbc:h2:mem:testdb;DB_CLOSE_DELAY=-1;DB_CLOSE_ON_EXIT=false', username='sa'
07:07:58.428 [main] INFO  o.s.b.a.b.JobLauncherApplicationRunner.run  168 - Running default command line with: []
07:07:58.502 [main] INFO  o.s.b.c.l.s.SimpleJobLauncher$1.run  154 - Job: [SimpleJob: [name=IDCPRN02]] launched with the following parameters: [{}]
07:07:58.555 [main] INFO  o.s.batch.core.job.SimpleStepHandler.handleStep  150 - Executing step: [print01]
07:07:58.650 [main] INFO  o.s.batch.core.step.AbstractStep.execute  295 - Step: [print01] executed in 93ms
07:07:58.669 [main] INFO  o.s.batch.core.job.SimpleStepHandler.handleStep  150 - Executing step: [printSummary]
07:07:58.685 [main] INFO  com.cloudframe.app.CFStepHandler.printExecutionSummary  247 - JOB : IDCPRN02 ENDED -  0000
07:07:58.686 [main] INFO  com.cloudframe.app.CFStepHandler.printExecutionSummary  251 - 

Stepwise Execution Summary :
+--------------------------------------------------------------+
| STEPNAME     | PROGRAM     | RC          | ELAPSED           |
|              |             |             | HH:MM:SS:ss       |
+--------------------------------------------------------------+
| PRINT01      | IDCAMS      | 00          | 00:00:00:093      |
+--------------------------------------------------------------+
  
07:07:58.693 [main] INFO  o.s.batch.core.step.AbstractStep.execute  295 - Step: [printSummary] executed in 23ms
07:07:58.715 [main] INFO  o.s.b.c.l.s.SimpleJobLauncher$1.run  161 - Job: [SimpleJob: [name=IDCPRN02]] completed with the following parameters: [{}] and the following status: [COMPLETED] in 176ms
07:07:58.725 [main] INFO  o.s.j.d.e.EmbeddedDatabaseFactory.shutdownDatabase  220 - Shutting down embedded database: url='jdbc:h2:mem:testdb;DB_CLOSE_DELAY=-1;DB_CLOSE_ON_EXIT=false'
