08:02:44.559 [main] INFO  o.s.boot.StartupInfoLogger.logStarting   50 - Starting CFApplication v0.0.1-SNAPSHOT using Java 17.0.14 with PID 3448678 (/home/jenkins/workspace/CFTestAutomation_Release/Testing/results/jcl/GDGHFIX336L/GDGHFIX336L/target/GDGHFIX336L-0.0.1-SNAPSHOT.jar started by root in /home/jenkins/workspace/CFTestAutomation_Release/Testing/results/jcl/GDGHFIX336L/GDGHFIX336L)
08:02:44.569 [main] INFO  o.s.boot.SpringApplication.logStartupProfileInfo  654 - No active profile set, falling back to 1 default profile: "default"
08:02:48.876 [main] INFO  o.s.boot.StartupInfoLogger.logStarted   56 - Started CFApplication in 6.461 seconds (process running for 7.779)
08:02:48.908 [main] INFO  c.c.app.utility.CFConfiguration.cfDataConnectIOInfo  107 - CFDataConnectIO version : 5.0.0.21
08:02:48.993 [main] INFO  c.c.a.u.d.plus.CFDcioConfiguration.cfDataConnectIOPlusInfo   28 - CFDataConnectIOPlus version : 5.0.0.21
08:02:49.049 [main] INFO  o.s.j.d.e.EmbeddedDatabaseFactory.initDatabase  189 - Starting embedded database: url='jdbc:h2:mem:testdb;DB_CLOSE_DELAY=-1;DB_CLOSE_ON_EXIT=false', username='sa'
08:02:51.098 [main] INFO  o.s.b.a.b.JobLauncherApplicationRunner.run  168 - Running default command line with: []
08:02:51.247 [main] INFO  o.s.b.c.l.s.SimpleJobLauncher$1.run  154 - Job: [FlowJob: [name=GDGHFIX336L]] launched with the following parameters: [{}]
08:02:51.416 [main] INFO  o.s.batch.core.job.SimpleStepHandler.handleStep  150 - Executing step: [step001Decider]
08:02:51.510 [main] INFO  o.s.batch.core.step.AbstractStep.execute  295 - Step: [step001Decider] executed in 93ms
08:02:51.567 [main] INFO  o.s.batch.core.job.SimpleStepHandler.handleStep  150 - Executing step: [Gdghfix336lStep001Sort]
08:02:51.702 [main] INFO  c.c.app.tasks.Gdghfix336lStep001Sort.afterStep  150 - STEPNAME: GDGHFIX336LSTEP001 Execution completed, number of RECORDS - IN: 0,  OUT: 23
08:02:51.744 [main] INFO  o.s.batch.core.step.AbstractStep.execute  295 - Step: [Gdghfix336lStep001Sort] executed in 174ms
08:02:51.802 [main] INFO  o.s.batch.core.job.SimpleStepHandler.handleStep  150 - Executing step: [step002]
08:02:51.856 [main] INFO  o.s.batch.core.step.AbstractStep.execute  295 - Step: [step002] executed in 52ms
08:02:51.907 [main] INFO  o.s.batch.core.job.SimpleStepHandler.handleStep  150 - Executing step: [step010]
08:02:52.044 [main] INFO  o.s.batch.core.step.AbstractStep.execute  295 - Step: [step010] executed in 136ms
08:02:52.075 [main] INFO  o.s.batch.core.job.SimpleStepHandler.handleStep  150 - Executing step: [printSummary]
08:02:52.100 [main] INFO  com.cloudframe.app.CFStepHandler.printExecutionSummary  269 - JOB : GDGHFIX336L ENDED -  0000
08:02:52.102 [main] INFO  com.cloudframe.app.CFStepHandler.printExecutionSummary  273 - 

Stepwise Execution Summary :
+----------------------------------------------------------------+
| STEPNAME     | PROGRAM       | RC          | ELAPSED           |
|              |               |             | HH:MM:SS:ss       |
+----------------------------------------------------------------+
| STEP001      | SORT          | 00          | 00:00:00:274      |
+----------------------------------------------------------------+
| STEP002      | IEBGENER      | 00          | 00:00:00:052      |
+----------------------------------------------------------------+
| STEP010      | OLDNEW        | 00          | 00:00:00:136      |
+----------------------------------------------------------------+
  
08:02:52.119 [main] INFO  o.s.batch.core.step.AbstractStep.execute  295 - Step: [printSummary] executed in 42ms
08:02:52.165 [main] INFO  o.s.b.c.l.s.SimpleJobLauncher$1.run  161 - Job: [FlowJob: [name=GDGHFIX336L]] completed with the following parameters: [{}] and the following status: [COMPLETED] in 793ms
08:02:52.177 [main] INFO  o.s.j.d.e.EmbeddedDatabaseFactory.shutdownDatabase  220 - Shutting down embedded database: url='jdbc:h2:mem:testdb;DB_CLOSE_DELAY=-1;DB_CLOSE_ON_EXIT=false'
