12:00:04.512 [main] INFO  o.s.boot.StartupInfoLogger.logStarting   50 - Starting CFApplication v0.0.1-SNAPSHOT using Java 17.0.14 with PID 1233413 (/home/jenkins/workspace/CFTestAutomation_Release/Testing/results/jcl/ABPROG7_340/ABPROG7/target/ABPROG7-0.0.1-SNAPSHOT.jar started by root in /home/jenkins/workspace/CFTestAutomation_Release/Testing/results/jcl/ABPROG7_340/ABPROG7)
12:00:04.523 [main] INFO  o.s.boot.SpringApplication.logStartupProfileInfo  654 - No active profile set, falling back to 1 default profile: "default"
12:00:07.085 [main] INFO  o.s.boot.StartupInfoLogger.logStarted   56 - Started CFApplication in 4.231 seconds (process running for 5.278)
12:00:07.107 [main] INFO  c.c.app.utility.CFConfiguration.cfDataConnectIOInfo  107 - CFDataConnectIO version : 5.0.0.21
12:00:07.159 [main] INFO  c.c.a.u.d.plus.CFDcioConfiguration.cfDataConnectIOPlusInfo   28 - CFDataConnectIOPlus version : 5.0.0.21
12:00:07.193 [main] INFO  o.s.j.d.e.EmbeddedDatabaseFactory.initDatabase  189 - Starting embedded database: url='jdbc:h2:mem:testdb;DB_CLOSE_DELAY=-1;DB_CLOSE_ON_EXIT=false', username='sa'
12:00:08.074 [main] INFO  o.s.b.a.b.JobLauncherApplicationRunner.run  168 - Running default command line with: []
12:00:08.150 [main] INFO  o.s.b.c.l.s.SimpleJobLauncher$1.run  154 - Job: [SimpleJob: [name=ABPROG7]] launched with the following parameters: [{}]
12:00:08.209 [main] INFO  o.s.batch.core.job.SimpleStepHandler.handleStep  150 - Executing step: [alloc]
12:00:08.247 [main] INFO  o.s.batch.core.step.AbstractStep.execute  295 - Step: [alloc] executed in 36ms
12:00:08.264 [main] INFO  o.s.batch.core.job.SimpleStepHandler.handleStep  150 - Executing step: [abprog7]
12:00:08.398 [main] INFO  com.cloudframe.app.process.Abprog7.main   80 - In          ABPROG7
12:00:08.399 [main] INFO  com.cloudframe.app.process.Abprog7.main   82 - Calling     ABPROG8
12:00:08.400 [main] INFO  com.cloudframe.app.process.Abprog8.main   80 - In          ABPROG8
12:00:08.401 [main] INFO  com.cloudframe.app.process.Abprog8.callAbprog9  123 - Calling     ABPROG9 .. Call# 1
12:00:08.402 [main] INFO  com.cloudframe.app.process.Abprog9.mainline   86 - In          ABPROG9
12:00:08.402 [main] INFO  com.cloudframe.app.process.Abprog8.callAbprog9  144 - Return From ABPROG9
12:00:08.403 [main] INFO  com.cloudframe.app.process.Abprog8.callAbprog9  123 - Calling     ABPROG9 .. Call# 2
12:00:08.403 [main] INFO  com.cloudframe.app.process.Abprog9.mainline   86 - In          ABPROG9
12:00:08.404 [main] INFO  com.cloudframe.app.process.Abprog8.callAbprog9  144 - Return From ABPROG9
12:00:08.404 [main] INFO  com.cloudframe.app.process.Abprog8.callAbprog9  123 - Calling     ABPROG9 .. Call# 3
12:00:08.405 [main] INFO  com.cloudframe.app.process.Abprog9.mainline   86 - In          ABPROG9
12:00:08.405 [main] INFO  com.cloudframe.app.process.Abprog9.raiseAbend  125 - ** ERROR: PROGRAM ENDING WITH RETURN CODE 10
12:00:08.416 [main] INFO  o.s.batch.core.step.AbstractStep.execute  295 - Step: [abprog7] executed in 150ms
12:00:08.434 [main] INFO  o.s.batch.core.job.SimpleStepHandler.handleStep  150 - Executing step: [printSummary]
12:00:08.457 [main] INFO  com.cloudframe.app.CFStepHandler.printExecutionSummary  257 - JOB : ABPROG7 ENDED -  0010
12:00:08.458 [main] INFO  com.cloudframe.app.CFStepHandler.printExecutionSummary  261 - 

Stepwise Execution Summary :
+---------------------------------------------------------------+
| STEPNAME     | PROGRAM      | RC          | ELAPSED           |
|              |              |             | HH:MM:SS:ss       |
+---------------------------------------------------------------+
| ALLOC        | IEFBR14      | 00          | 00:00:00:036      |
+---------------------------------------------------------------+
| ABPROG7      | ABPROG7      | 10          | 00:00:00:150      |
+---------------------------------------------------------------+
  
12:00:08.467 [main] INFO  o.s.batch.core.step.AbstractStep.execute  295 - Step: [printSummary] executed in 31ms
12:00:08.486 [main] INFO  o.s.b.c.l.s.SimpleJobLauncher$1.run  161 - Job: [SimpleJob: [name=ABPROG7]] completed with the following parameters: [{}] and the following status: [COMPLETED] in 303ms
12:00:08.496 [main] INFO  o.s.j.d.e.EmbeddedDatabaseFactory.shutdownDatabase  220 - Shutting down embedded database: url='jdbc:h2:mem:testdb;DB_CLOSE_DELAY=-1;DB_CLOSE_ON_EXIT=false'
