07:28:06.665 [main] INFO  o.s.boot.StartupInfoLogger.logStarting   50 - Starting CFApplication v0.0.1-SNAPSHOT using Java 17.0.14 with PID 4108343 (/home/jenkins/workspace/CFTestAutomation_Release/Testing/results/comput/comput/COMPUT/target/COMPUT-0.0.1-SNAPSHOT.jar started by root in /home/jenkins/workspace/CFTestAutomation_Release/Testing/results/comput/comput/COMPUT)
07:28:06.670 [main] INFO  o.s.boot.SpringApplication.logStartupProfileInfo  654 - No active profile set, falling back to 1 default profile: "default"
07:28:08.674 [main] INFO  o.s.boot.StartupInfoLogger.logStarted   56 - Started CFApplication in 3.158 seconds (process running for 4.311)
07:28:08.708 [main] INFO  c.c.app.utility.CFConfiguration.cfDataConnectIOInfo  107 - CFDataConnectIO version : 5.0.0.21
07:28:08.879 [main] INFO  com.cloudframe.app.process.Comput.process  104 -  36. WS-COORDINATED-GENERATION = 534
07:28:08.886 [main] INFO  com.cloudframe.app.process.Comput.process  116 -  35. WITHOUT PRICE       90.51
07:28:08.889 [main] INFO  com.cloudframe.app.process.Comput.process  123 -  34. DATE-OF-INTEGER 16060623
07:28:08.891 [main] INFO  com.cloudframe.app.process.Comput.process  136 -  33. F - A - B + C - D + E    21
07:28:08.892 [main] INFO  com.cloudframe.app.process.Comput.process  162 -  32. WS-CHRG-CREDIT-TOT-NOTAX 44
07:28:08.893 [main] INFO  com.cloudframe.app.process.Comput.process  164 -  31. RLU3A-MTN-AC-ACCT-CHGS-CREDITS  44
07:28:08.894 [main] INFO  com.cloudframe.app.process.Comput.process  166 -  30. WS-TOT-AMT 44
07:28:08.895 [main] INFO  com.cloudframe.app.process.Comput.process  176 -  29. CCAT-COMBINED-SIZE 6
07:28:08.896 [main] INFO  com.cloudframe.app.process.Comput.process  187 - 28. 1.24   + 1.22  = 2.46           246
07:28:08.897 [main] INFO  com.cloudframe.app.process.Comput.process  197 - 27. 1.22   + 1.22  = 2.44           244
07:28:08.898 [main] INFO  com.cloudframe.app.process.Comput.process  209 - 26. 1.2243 + 1.23 + 0.0009 = 2.4452 244
07:28:08.899 [main] INFO  com.cloudframe.app.process.Comput.process1Split3  265 - 25. 1.2268 + 1.23 = 2.4468 244
07:28:08.900 [main] INFO  com.cloudframe.app.process.Comput.process1Split3  275 - 24. 1.2261 + 1.23 = 2.4461 244
07:28:08.901 [main] INFO  com.cloudframe.app.process.Comput.process1Split3  285 - 23. 1.2259 + 1.23 = 2.4459 244
07:28:08.902 [main] INFO  com.cloudframe.app.process.Comput.process1Split3  295 - 22. 1.2251 + 1.23 = 2.4451 244
07:28:08.903 [main] INFO  com.cloudframe.app.process.Comput.process1Split3  305 - 21. 1.2249 + 1.23 = 2.4449 244
07:28:08.904 [main] INFO  com.cloudframe.app.process.Comput.process1Split3  315 - 20. 1.2243 + 1.23 = 2.4443 244
07:28:08.904 [main] INFO  com.cloudframe.app.process.Comput.process1Split3  325 - 19. 1.2233 + 1.23 = 2.4433 244
07:28:08.905 [main] INFO  com.cloudframe.app.process.Comput.process1Split3  335 - 18. 1.2223 + 1.22 = 2.4423 244
07:28:08.906 [main] INFO  com.cloudframe.app.process.Comput.process1Split3  345 - 17. 1.2213 + 1.22 = 2.4413 244
07:28:08.907 [main] INFO  com.cloudframe.app.process.Comput.process1Split3  355 - 16. 1.24   + 1.22  = 2.46           246
07:28:08.908 [main] INFO  com.cloudframe.app.process.Comput.process1Split3  365 - 15. 1.22   + 1.22  = 2.44           244
07:28:08.909 [main] INFO  com.cloudframe.app.process.Comput.process1Split3  377 - 14. 1.2243 + 1.23 + 0.0009 = 2.4452 245
07:28:08.909 [main] INFO  com.cloudframe.app.process.Comput.process1Split3  387 - 13. 1.2268 + 1.23 = 2.4468 245
07:28:08.910 [main] INFO  com.cloudframe.app.process.Comput.process2Split5  470 - 12. 1.2261 + 1.23 = 2.4461 245
07:28:08.911 [main] INFO  com.cloudframe.app.process.Comput.process2Split5  480 - 11. 1.2259 + 1.23 = 2.4459 245
07:28:08.912 [main] INFO  com.cloudframe.app.process.Comput.process2Split5  490 - 10. 1.2251 + 1.23 = 2.4451 245
07:28:08.913 [main] INFO  com.cloudframe.app.process.Comput.process2Split5  500 - 9. 1.2249 + 1.23 = 2.4449 244
07:28:08.913 [main] INFO  com.cloudframe.app.process.Comput.process2Split5  510 - 8. 1.2243 + 1.23 = 2.4443 244
07:28:08.914 [main] INFO  com.cloudframe.app.process.Comput.process2Split5  520 - 7. 1.2233 + 1.23 = 2.4433 244
07:28:08.915 [main] INFO  com.cloudframe.app.process.Comput.process2Split5  530 - 6. 1.2223 + 1.22 = 2.4423 244
07:28:08.915 [main] INFO  com.cloudframe.app.process.Comput.process2Split5  540 - 5. 1.2213 + 1.22 = 2.4413 244
07:28:08.916 [main] INFO  com.cloudframe.app.process.Comput.process2Split5  548 - 4. W4              50475
07:28:08.917 [main] INFO  com.cloudframe.app.process.Comput.process2Split5  557 - 3. W3             -10016
07:28:08.918 [main] INFO  com.cloudframe.app.process.Comput.process2Split5  565 - 2. WCDLO-LEAP-YEAR 50475
07:28:08.919 [main] INFO  com.cloudframe.app.process.Comput.process2Split5  574 - 1. W-CHG-AMT-DEC5 -10016
07:28:08.920 [main] INFO  com.cloudframe.app.process.Comput.process2Split5  578 - 03 COMPUTE VERB VALIDATION
07:28:08.926 [main] INFO  com.cloudframe.app.process.Comput.process3  653 -  W03A-1-DO-XXXX     ? 9999
07:28:08.927 [main] INFO  com.cloudframe.app.process.Comput.process3  655 -  W03A-1-DO-COMP3    = 9999
07:28:08.928 [main] INFO  com.cloudframe.app.process.Comput.process3  657 -  W03A-1-DO-COMP     = 9999
07:28:08.929 [main] INFO  com.cloudframe.app.process.Comput.process3  659 -  W03A-1-DO-SMALLINT = 9999
07:28:08.929 [main] INFO  com.cloudframe.app.process.Comput.process3  661 -  W03A-1-DO-INT      = 9999
07:28:08.930 [main] INFO  com.cloudframe.app.process.Comput.process3  663 -  W03A-1-DO-BIGINT   = 9999
07:28:08.930 [main] INFO  com.cloudframe.app.process.Comput.process3  665 -  W03A-1-DO-REAL     = 9999
07:28:08.931 [main] INFO  com.cloudframe.app.process.Comput.process3  667 -  W03A-1-DO-DOUBLE   = 9999
07:28:08.932 [main] INFO  com.cloudframe.app.process.Comput.process3  669 - ?W03A-1-DO-DECIMAL NOT ON SIZE ERROR
07:28:08.932 [main] INFO  com.cloudframe.app.process.Comput.process3  680 -  W03A-1-DO-DECIMAL NOT ON SIZE ERROR
07:28:08.933 [main] INFO  com.cloudframe.app.process.Comput.process3  685 - ?W03A-1-DO-DECIMAL ON SIZE ERROR
07:28:08.934 [main] INFO  com.cloudframe.app.process.Comput.process3  692 -  W03A-1-DO-DECIMAL ON SIZE ERROR
07:28:08.934 [main] INFO  com.cloudframe.app.process.Comput.process3  692 -  W03A-1-DO-DECIMAL ON SIZE ERROR
07:28:08.934 [main] INFO  com.cloudframe.app.process.Comput.process3  701 - PROGRAM CFM004A ENDED SUCCESSFULLY
07:28:08.935 [main] INFO  com.cloudframe.app.process.Comput.process3  704 - *37* 300-DECIMAL-NO *0
