16:43:58.550 [main] INFO  o.s.boot.StartupInfoLogger.logStarting   50 - Starting CFApplication v0.0.1-SNAPSHOT using Java 17.0.14 with PID 2522178 (/home/jenkins/workspace/CFTestAutomation_Release/Testing/results/search/SEARCH3/SEARCH3/target/SEARCH3-0.0.1-SNAPSHOT.jar started by root in /home/jenkins/workspace/CFTestAutomation_Release/Testing/results/search/SEARCH3/SEARCH3)
16:43:58.556 [main] INFO  o.s.boot.SpringApplication.logStartupProfileInfo  654 - No active profile set, falling back to 1 default profile: "default"
16:44:00.338 [main] INFO  o.s.boot.StartupInfoLogger.logStarted   56 - Started CFApplication in 2.855 seconds (process running for 3.842)
16:44:00.350 [main] INFO  c.c.app.utility.CFConfiguration.cfDataConnectIOInfo  107 - CFDataConnectIO version : 5.0.0.21
16:44:00.613 [main] INFO  c.c.app.process.impl.Search3Impl.mainLine  158 - -------------------------------------------
16:44:00.614 [main] INFO  c.c.app.process.impl.Search3Impl.mainLine  162 -  ABOUT TO SEARCH TAGTYPE 3
16:44:00.614 [main] INFO  c.c.app.process.impl.Search3Impl.search  310 - SEARCHING FOR TAG TYPE = 3
16:44:00.615 [main] INFO  c.c.app.process.impl.Search3Impl.search  312 - 100-THERE-ARE-PDSES
16:44:00.615 [main] INFO  c.c.app.process.impl.Search3Impl.search  343 -  
16:44:00.615 [main] INFO  c.c.app.process.impl.Search3Impl.search  345 - 800-LAST-DE-TAG = 2
16:44:00.616 [main] INFO  c.c.app.process.impl.Search3Impl.search  347 - MATCHED VALUES WITH IP66601-USER-P INDEX      3 ** 30 ** 33 ** 36 ** 39 ** 42 ** A
16:44:00.616 [main] INFO  c.c.app.process.impl.Search3Impl.search  349 - ....... VALUES WITH IP66601-USER-T INDEX      1 ** 10 ** 11 ** 12 ** 13 ** 14 ** A
16:44:00.616 [main] INFO  c.c.app.process.impl.Search3Impl.search  351 - ....... VALUES WITH IP66601-USER-LEFT INDEX   1 ** 10 ** 11 ** 12 ** 13 ** 14 ** A
16:44:00.616 [main] INFO  c.c.app.process.impl.Search3Impl.search  353 - ....... VALUES WITH IP66601-USER-RIGHT INDEX  10 ** 100 ** 110 ** 120 ** 130 ** 140 ** A
16:44:00.617 [main] INFO  c.c.app.process.impl.Search3Impl.search  355 - ....... VALUES WITH IP66601-USER-MEDIAN INDEX 5 ** 50 ** 55 ** 60 ** 65 ** 70 ** A
16:44:00.617 [main] INFO  c.c.app.process.impl.Search3Impl.search  357 - ....... VALUES WITH IP66601-USER-START INDEX  6 ** 60 ** 66 ** 72 ** 78 ** 84 ** A
16:44:00.617 [main] INFO  c.c.app.process.impl.Search3Impl.search  359 - ....... VALUES WITH IP66601-USER-END INDEX    7 ** 70 ** 77 ** 84 ** 91 ** 98 ** A
16:44:00.618 [main] INFO  c.c.app.process.impl.Search3Impl.mainLine  171 - -------------------------------------------
16:44:00.618 [main] INFO  c.c.app.process.impl.Search3Impl.mainLine  175 -  ABOUT TO SEARCH TAGTYPE 7
16:44:00.618 [main] INFO  c.c.app.process.impl.Search3Impl.search  310 - SEARCHING FOR TAG TYPE = 7
16:44:00.618 [main] INFO  c.c.app.process.impl.Search3Impl.search  312 - 100-THERE-ARE-PDSES
16:44:00.619 [main] INFO  c.c.app.process.impl.Search3Impl.search  343 -  
16:44:00.619 [main] INFO  c.c.app.process.impl.Search3Impl.search  345 - 800-LAST-DE-TAG = 6
16:44:00.619 [main] INFO  c.c.app.process.impl.Search3Impl.search  347 - MATCHED VALUES WITH IP66601-USER-P INDEX      7 ** 70 ** 77 ** 84 ** 91 ** 98 ** A
16:44:00.619 [main] INFO  c.c.app.process.impl.Search3Impl.search  349 - ....... VALUES WITH IP66601-USER-T INDEX      1 ** 10 ** 11 ** 12 ** 13 ** 14 ** A
16:44:00.620 [main] INFO  c.c.app.process.impl.Search3Impl.search  351 - ....... VALUES WITH IP66601-USER-LEFT INDEX   1 ** 10 ** 11 ** 12 ** 13 ** 14 ** A
16:44:00.620 [main] INFO  c.c.app.process.impl.Search3Impl.search  353 - ....... VALUES WITH IP66601-USER-RIGHT INDEX  10 ** 100 ** 110 ** 120 ** 130 ** 140 ** A
16:44:00.620 [main] INFO  c.c.app.process.impl.Search3Impl.search  355 - ....... VALUES WITH IP66601-USER-MEDIAN INDEX 5 ** 50 ** 55 ** 60 ** 65 ** 70 ** A
16:44:00.620 [main] INFO  c.c.app.process.impl.Search3Impl.search  357 - ....... VALUES WITH IP66601-USER-START INDEX  6 ** 60 ** 66 ** 72 ** 78 ** 84 ** A
16:44:00.621 [main] INFO  c.c.app.process.impl.Search3Impl.search  359 - ....... VALUES WITH IP66601-USER-END INDEX    7 ** 70 ** 77 ** 84 ** 91 ** 98 ** A
16:44:00.621 [main] INFO  c.c.app.process.impl.Search3Impl.mainLine  184 - -------------------------------------------
16:44:00.621 [main] INFO  c.c.app.process.impl.Search3Impl.mainLine  188 -  ABOUT TO SEARCH TAGTYPE 2
16:44:00.621 [main] INFO  c.c.app.process.impl.Search3Impl.search  310 - SEARCHING FOR TAG TYPE = 2
16:44:00.621 [main] INFO  c.c.app.process.impl.Search3Impl.search  312 - 100-THERE-ARE-PDSES
16:44:00.622 [main] INFO  c.c.app.process.impl.Search3Impl.search  343 -  
16:44:00.622 [main] INFO  c.c.app.process.impl.Search3Impl.search  345 - 800-LAST-DE-TAG = 1
16:44:00.622 [main] INFO  c.c.app.process.impl.Search3Impl.search  347 - MATCHED VALUES WITH IP66601-USER-P INDEX      2 ** 20 ** 22 ** 24 ** 26 ** 28 ** A
16:44:00.622 [main] INFO  c.c.app.process.impl.Search3Impl.search  349 - ....... VALUES WITH IP66601-USER-T INDEX      1 ** 10 ** 11 ** 12 ** 13 ** 14 ** A
16:44:00.622 [main] INFO  c.c.app.process.impl.Search3Impl.search  351 - ....... VALUES WITH IP66601-USER-LEFT INDEX   1 ** 10 ** 11 ** 12 ** 13 ** 14 ** A
16:44:00.623 [main] INFO  c.c.app.process.impl.Search3Impl.search  353 - ....... VALUES WITH IP66601-USER-RIGHT INDEX  10 ** 100 ** 110 ** 120 ** 130 ** 140 ** A
16:44:00.623 [main] INFO  c.c.app.process.impl.Search3Impl.search  355 - ....... VALUES WITH IP66601-USER-MEDIAN INDEX 5 ** 50 ** 55 ** 60 ** 65 ** 70 ** A
16:44:00.623 [main] INFO  c.c.app.process.impl.Search3Impl.search  357 - ....... VALUES WITH IP66601-USER-START INDEX  6 ** 60 ** 66 ** 72 ** 78 ** 84 ** A
16:44:00.624 [main] INFO  c.c.app.process.impl.Search3Impl.search  359 - ....... VALUES WITH IP66601-USER-END INDEX    7 ** 70 ** 77 ** 84 ** 91 ** 98 ** A
16:44:00.624 [main] INFO  c.c.app.process.impl.Search3Impl.mainLine  197 - -------------------------------------------
16:44:00.624 [main] INFO  c.c.app.process.impl.Search3Impl.mainLine  201 -  ABOUT TO SEARCH TAGTYPE 4
16:44:00.625 [main] INFO  c.c.app.process.impl.Search3Impl.search0300  412 - SEARCHING FOR TAG TYPE = 4
16:44:00.625 [main] INFO  c.c.app.process.impl.Search3Impl.search0300  414 - 100-THERE-ARE-PDSES
16:44:00.625 [main] INFO  c.c.app.process.impl.Search3Impl.search0300  423 - TAG OCCURENCE IS > 33
16:44:00.625 [main] INFO  c.c.app.process.impl.Search3Impl.search0300  459 -  
16:44:00.626 [main] INFO  c.c.app.process.impl.Search3Impl.search0300  461 - 800-LAST-DE-TAG = 3
16:44:00.626 [main] INFO  c.c.app.process.impl.Search3Impl.search0300  463 - MATCHED VALUES WITH IP66601-USER-END INDEX    4 ** 40 ** 33 ** 48 ** 52 ** 56 ** A
16:44:00.626 [main] INFO  c.c.app.process.impl.Search3Impl.search0300  465 - ....... VALUES WITH IP66601-USER-T INDEX      1 ** 10 ** 11 ** 12 ** 13 ** 14 ** A
16:44:00.626 [main] INFO  c.c.app.process.impl.Search3Impl.search0300  467 - ....... VALUES WITH IP66601-USER-LEFT INDEX   1 ** 10 ** 11 ** 12 ** 13 ** 14 ** A
16:44:00.627 [main] INFO  c.c.app.process.impl.Search3Impl.search0300  469 - ....... VALUES WITH IP66601-USER-RIGHT INDEX  10 ** 100 ** 110 ** 120 ** 130 ** 140 ** A
16:44:00.627 [main] INFO  c.c.app.process.impl.Search3Impl.search0300  471 - ....... VALUES WITH IP66601-USER-MEDIAN INDEX 5 ** 50 ** 55 ** 60 ** 65 ** 70 ** A
16:44:00.627 [main] INFO  c.c.app.process.impl.Search3Impl.search0300  473 - ....... VALUES WITH IP66601-USER-START INDEX  6 ** 60 ** 66 ** 72 ** 78 ** 84 ** A
16:44:00.627 [main] INFO  c.c.app.process.impl.Search3Impl.search0300  475 - ....... VALUES WITH IP66601-USER-P INDEX      2 ** 20 ** 22 ** 24 ** 26 ** 28 ** A
16:44:00.628 [main] INFO  c.c.app.process.impl.Search3Impl.mainLine  210 - -------------------------------------------
16:44:00.628 [main] INFO  c.c.app.process.impl.Search3Impl.mainLine  214 -  ABOUT TO SEARCH TAGTYPE 2
16:44:00.628 [main] INFO  c.c.app.process.impl.Search3Impl.search0300  412 - SEARCHING FOR TAG TYPE = 2
16:44:00.628 [main] INFO  c.c.app.process.impl.Search3Impl.search0300  414 - 100-THERE-ARE-PDSES
16:44:00.628 [main] INFO  c.c.app.process.impl.Search3Impl.search0300  430 - TAG OCCURENCE IS <= 33
16:44:00.629 [main] INFO  c.c.app.process.impl.Search3Impl.search0300  459 -  
16:44:00.629 [main] INFO  c.c.app.process.impl.Search3Impl.search0300  461 - 800-LAST-DE-TAG = 1
16:44:00.629 [main] INFO  c.c.app.process.impl.Search3Impl.search0300  463 - MATCHED VALUES WITH IP66601-USER-END INDEX    2 ** 20 ** 33 ** 24 ** 26 ** 28 ** A
16:44:00.629 [main] INFO  c.c.app.process.impl.Search3Impl.search0300  465 - ....... VALUES WITH IP66601-USER-T INDEX      1 ** 10 ** 11 ** 12 ** 13 ** 14 ** A
16:44:00.630 [main] INFO  c.c.app.process.impl.Search3Impl.search0300  467 - ....... VALUES WITH IP66601-USER-LEFT INDEX   1 ** 10 ** 11 ** 12 ** 13 ** 14 ** A
16:44:00.630 [main] INFO  c.c.app.process.impl.Search3Impl.search0300  469 - ....... VALUES WITH IP66601-USER-RIGHT INDEX  10 ** 100 ** 110 ** 120 ** 130 ** 140 ** A
16:44:00.630 [main] INFO  c.c.app.process.impl.Search3Impl.search0300  471 - ....... VALUES WITH IP66601-USER-MEDIAN INDEX 5 ** 50 ** 55 ** 60 ** 65 ** 70 ** A
16:44:00.630 [main] INFO  c.c.app.process.impl.Search3Impl.search0300  473 - ....... VALUES WITH IP66601-USER-START INDEX  6 ** 60 ** 66 ** 72 ** 78 ** 84 ** A
16:44:00.631 [main] INFO  c.c.app.process.impl.Search3Impl.search0300  475 - ....... VALUES WITH IP66601-USER-P INDEX      2 ** 20 ** 33 ** 24 ** 26 ** 28 ** A
16:44:00.631 [main] INFO  c.c.app.process.impl.Search3Impl.mainLine  224 - -------------------------------------------
16:44:00.631 [main] INFO  c.c.app.process.impl.Search3Impl.mainLine  228 -  ABOUT TO SEARCH TAGTYPE 5
16:44:00.632 [main] INFO  c.c.app.process.impl.Search3Impl.search0400  537 - SEARCHING FOR TAG TYPE = 5
16:44:00.633 [main] INFO  c.c.app.process.impl.Search3Impl.search0400  539 - 100-THERE-ARE-PDSES
16:44:00.633 [main] INFO  c.c.app.process.impl.Search3Impl.search0400  567 - *1* REACHED WHEN
16:44:00.633 [main] INFO  c.c.app.process.impl.Search3Impl.search0400  571 - *2* REACHED IF
16:44:00.634 [main] INFO  c.c.app.process.impl.Search3Impl.search0400  574 - 500-ACC-FIN-NF-AMT = 222 ** DR
16:44:00.634 [main] INFO  c.c.app.process.impl.Search3Impl.search0400  618 - *1* REACHED WHEN
16:44:00.634 [main] INFO  c.c.app.process.impl.Search3Impl.search0400  630 - *3* REACHED ELSE
16:44:00.634 [main] INFO  c.c.app.process.impl.Search3Impl.search0400  635 - 500-ACC-FIN-NF-AMT = 226 ** DR
16:44:00.634 [main] INFO  c.c.app.process.impl.Search3Impl.search0400  645 - MOVING ZERO TO 500-ACC-FIN-NF-AMT
16:44:00.635 [main] INFO  c.c.app.process.impl.Search3Impl.search0400  651 - 500-ACC-FIN-NF-AMT = 00000000 ** CR
16:44:00.635 [main] INFO  c.c.app.process.impl.Search3Impl.search0400  658 - TAG OCCURENCE IS > 33
16:44:00.635 [main] INFO  c.c.app.process.impl.Search3Impl.search0400  694 -  
16:44:00.635 [main] INFO  c.c.app.process.impl.Search3Impl.search0400  696 - 800-LAST-DE-TAG = 4
16:44:00.635 [main] INFO  c.c.app.process.impl.Search3Impl.search0400  698 - MATCHED VALUES WITH IP66601-USER-MEDIAN INDEX 5 ** 50 ** 33 ** 60 ** 65 ** 70 ** A
16:44:00.636 [main] INFO  c.c.app.process.impl.Search3Impl.search0400  700 - ....... VALUES WITH IP66601-USER-T INDEX      1 ** 10 ** 11 ** 12 ** 13 ** 14 ** A
16:44:00.636 [main] INFO  c.c.app.process.impl.Search3Impl.search0400  702 - ....... VALUES WITH IP66601-USER-LEFT INDEX   1 ** 10 ** 11 ** 12 ** 13 ** 14 ** A
16:44:00.636 [main] INFO  c.c.app.process.impl.Search3Impl.search0400  704 - ....... VALUES WITH IP66601-USER-RIGHT INDEX  10 ** 100 ** 110 ** 120 ** 130 ** 140 ** A
16:44:00.637 [main] INFO  c.c.app.process.impl.Search3Impl.search0400  706 - ....... VALUES WITH IP66601-USER-MEDIAN INDEX 5 ** 50 ** 33 ** 60 ** 65 ** 70 ** A
16:44:00.637 [main] INFO  c.c.app.process.impl.Search3Impl.search0400  708 - ....... VALUES WITH IP66601-USER-START INDEX  6 ** 60 ** 66 ** 72 ** 78 ** 84 ** A
16:44:00.637 [main] INFO  c.c.app.process.impl.Search3Impl.search0400  710 - ....... VALUES WITH IP66601-USER-END INDEX    2 ** 20 ** 33 ** 24 ** 26 ** 28 ** A
16:44:00.637 [main] INFO  c.c.app.process.impl.Search3Impl.mainLine  237 - -------------------------------------------
16:44:00.637 [main] INFO  c.c.app.process.impl.Search3Impl.mainLine  239 -  SEARCH WITH COMPLEX WHEN CONDITION 
16:44:00.639 [main] INFO  c.c.app.process.impl.Search3Impl.search0500  806 - MATCHING ENTRY FOUND!!
16:44:00.639 [main] INFO  c.c.app.process.impl.Search3Impl.search0500  817 -  
16:44:00.639 [main] INFO  c.c.app.process.impl.Search3Impl.search0500  819 - *SUCCESS* ENTRY-FOUND-Y HAS BEEN FLAGGED
16:44:00.640 [main] INFO  c.c.app.process.impl.Search3Impl.search0500  821 -  
16:44:00.640 [main] INFO  c.c.app.process.impl.Search3Impl.search0500  833 - ....... VALUES WITH IP66601-USER-P INDEX      2 ** 20 ** 33 ** 24 ** 26 ** 28 ** A
16:44:00.640 [main] INFO  c.c.app.process.impl.Search3Impl.search0500  835 - ....... VALUES WITH IP66601-USER-T INDEX      1 ** 10 ** 11 ** 12 ** 13 ** 14 ** A
16:44:00.640 [main] INFO  c.c.app.process.impl.Search3Impl.search0500  837 - ....... VALUES WITH IP66601-USER-LEFT INDEX   1 ** 10 ** 11 ** 12 ** 13 ** 14 ** A
16:44:00.640 [main] INFO  c.c.app.process.impl.Search3Impl.search0500  839 - ....... VALUES WITH IP66601-USER-RIGHT INDEX  10 ** 100 ** 110 ** 120 ** 130 ** 140 ** A
16:44:00.641 [main] INFO  c.c.app.process.impl.Search3Impl.search0500  841 - ....... VALUES WITH IP66601-USER-MEDIAN INDEX 5 ** 50 ** 33 ** 60 ** 65 ** 70 ** A
16:44:00.641 [main] INFO  c.c.app.process.impl.Search3Impl.search0500  843 - ....... VALUES WITH IP66601-USER-START INDEX  6 ** 60 ** 66 ** 72 ** 78 ** 84 ** A
16:44:00.641 [main] INFO  c.c.app.process.impl.Search3Impl.search0500  845 - ....... VALUES WITH IP66601-USER-END INDEX    2 ** 20 ** 33 ** 24 ** 26 ** 28 ** A
16:44:00.646 [main] INFO  c.c.app.process.impl.Search3Impl.search0500  875 -  
16:44:00.647 [main] INFO  c.c.app.process.impl.Search3Impl.search0500  877 - *SUCCESS* ENTRY-NOT-FOUND-N HAS BEEN FLAGGED
16:44:00.647 [main] INFO  c.c.app.process.impl.Search3Impl.search0500  879 -  
16:44:00.647 [main] INFO  c.c.app.process.impl.Search3Impl.search0500  891 - ....... VALUES WITH IP66601-USER-P INDEX      2 ** 20 ** 33 ** 24 ** 26 ** 28 ** A
16:44:00.647 [main] INFO  c.c.app.process.impl.Search3Impl.search0500  898 - ....... VALUES WITH IP66601-USER-LEFT INDEX   1 ** 10 ** 11 ** 12 ** 13 ** 14 ** A
16:44:00.647 [main] INFO  c.c.app.process.impl.Search3Impl.search0500  900 - ....... VALUES WITH IP66601-USER-RIGHT INDEX  10 ** 100 ** 110 ** 120 ** 130 ** 140 ** A
16:44:00.647 [main] INFO  c.c.app.process.impl.Search3Impl.search0500  902 - ....... VALUES WITH IP66601-USER-MEDIAN INDEX 5 ** 50 ** 33 ** 60 ** 65 ** 70 ** A
16:44:00.648 [main] INFO  c.c.app.process.impl.Search3Impl.search0500  904 - ....... VALUES WITH IP66601-USER-START INDEX  6 ** 60 ** 66 ** 72 ** 78 ** 84 ** A
16:44:00.648 [main] INFO  c.c.app.process.impl.Search3Impl.search0500  906 - ....... VALUES WITH IP66601-USER-END INDEX    2 ** 20 ** 33 ** 24 ** 26 ** 28 ** A
16:44:00.648 [main] INFO  c.c.app.process.impl.Search3Impl.search0500  914 -   
16:44:00.650 [main] INFO  c.c.app.process.impl.Search3Impl.search0500  953 - SEARCH VALUE AB59 FOUND
16:44:00.650 [main] INFO  c.c.app.process.impl.Search3Impl.search0500  988 - SEARCH VALUE AB1 FOUND
16:44:00.651 [main] INFO  c.c.app.process.impl.Search3Impl.search0500 1023 - SEARCH VALUE AB100 FOUND
16:44:00.651 [main] INFO  c.c.app.process.impl.Search3Impl.search0500 1067 - SEARCH VALUE AB0 NOT FOUND
16:44:00.651 [main] INFO  c.c.app.process.impl.Search3Impl.search0500 1102 - SEARCH VALUE AB101 NOT FOUND
16:44:00.651 [main] INFO  c.c.app.process.impl.Search3Impl.search0500 1107 - DOING FULL TABLE SEARCH ..
16:44:00.652 [main] INFO  c.c.app.process.impl.Search3Impl.search0500 1123 - SEARCH VALUE AB101 NOT FOUND
