10:04:41.641 [main] INFO  o.s.boot.StartupInfoLogger.logStarting   50 - Starting CFApplication v0.0.1-SNAPSHOT using Java 17.0.14 with PID 1589455 (/home/jenkins/workspace/CFTestAutomation_Release/Testing/results/sgr/USBAEEXT/USBAEEXT/target/USBAEEXT-0.0.1-SNAPSHOT.jar started by root in /home/jenkins/workspace/CFTestAutomation_Release/Testing/results/sgr/USBAEEXT/USBAEEXT)
10:04:41.654 [main] INFO  o.s.boot.SpringApplication.logStartupProfileInfo  654 - No active profile set, falling back to 1 default profile: "default"
10:04:43.876 [main] INFO  o.s.boot.StartupInfoLogger.logStarted   56 - Started CFApplication in 3.439 seconds (process running for 4.446)
10:04:43.894 [main] INFO  c.c.app.utility.CFConfiguration.cfDataConnectIOInfo  107 - CFDataConnectIO version : 5.0.0.21
10:04:44.176 [main] INFO  com.cloudframe.app.process.Usbaeext.createAeOutputRecord  734 -  
10:04:44.177 [main] INFO  com.cloudframe.app.process.Usbaeext.createAeOutputRecord  736 -  ADJUSTMENT CODE MATCH  TM-ADJ-CODE ->704
10:04:44.178 [main] INFO  com.cloudframe.app.process.Usbaeext.createAeOutputRecord  738 -  
10:04:44.179 [main] INFO  com.cloudframe.app.process.Usbaeext.createAeOutputRecord  740 -  TM-ADJ-NO              PIC 9(07)=1731210
10:04:44.180 [main] INFO  com.cloudframe.app.process.Usbaeext.createAeOutputRecord  742 -  TM-ADJ-DATE            PIC X(10)=06/09/2023
10:04:44.180 [main] INFO  com.cloudframe.app.process.Usbaeext.createAeOutputRecord  744 -  TM-ADJ-TIME            PIC 9(07)=4288723
10:04:44.181 [main] INFO  com.cloudframe.app.process.Usbaeext.createAeOutputRecord  746 -  TM-ADJ-ACCT  J-RIGHT   PIC X(18)=      153910344305
10:04:44.184 [main] INFO  com.cloudframe.app.process.Usbaeext.createAeOutputRecord  748 -  TM-ADJ-DEP-DDR-KEY     PIC X(08)=10879430
10:04:44.185 [main] INFO  com.cloudframe.app.process.Usbaeext.createAeOutputRecord  750 -  TM-ADJ-PSET            PIC X(01)=2
10:04:44.186 [main] INFO  com.cloudframe.app.process.Usbaeext.createAeOutputRecord  752 -  TM-ADJ-DDR-KEY         PIC X(08)=10879430
10:04:44.186 [main] INFO  com.cloudframe.app.process.Usbaeext.createAeOutputRecord  754 -  TM-ADJ-DEP-ACCT J-RGHT PIC X(18)=      153910344305
10:04:44.187 [main] INFO  com.cloudframe.app.process.Usbaeext.createAeOutputRecord  756 -  TM-ADJ-DEP-AMT       PIC 9(16)V99=8967300
10:04:44.187 [main] INFO  com.cloudframe.app.process.Usbaeext.createAeOutputRecord  758 -  TM-ADJ-CORR-AMT      PIC 9(16)V99=3213800
10:04:44.188 [main] INFO  com.cloudframe.app.process.Usbaeext.createAeOutputRecord  760 -  TM-ADJ-CLASS           PIC X(02)=2 
10:04:44.188 [main] INFO  com.cloudframe.app.process.Usbaeext.createAeOutputRecord  762 -  TM-ADJ-CODE            PIC X(04)=704
10:04:44.188 [main] INFO  com.cloudframe.app.process.Usbaeext.createAeOutputRecord  764 -  TM-ADJ-NAME            PIC X(15)=CustMiss       
10:04:44.189 [main] INFO  com.cloudframe.app.process.Usbaeext.createAeOutputRecord  766 -  TM-ADJ-OPER-NO         PIC X(03)=702
10:04:44.189 [main] INFO  com.cloudframe.app.process.Usbaeext.createAeOutputRecord  768 -  TM-ADJ-ENTRY-KEY       PIC X(05)=68462
10:04:44.191 [main] INFO  com.cloudframe.app.process.Usbaeext.createAeOutputRecord  770 -  TM-ADJ-STATE           PIC X(03)=22 
10:04:44.191 [main] INFO  com.cloudframe.app.process.Usbaeext.createAeOutputRecord  772 -  TM-ADJ-COMMENT         PIC X(50)=Missing item(s); $321.38.                         
10:04:44.191 [main] INFO  com.cloudframe.app.process.Usbaeext.createAeOutputRecord  774 -  TM-ADJ-RT              PIC X(09)=543611972
10:04:44.192 [main] INFO  com.cloudframe.app.process.Usbaeext.createAeOutputRecord  776 -  TM-ADJ-AMT           PIC 9(16)V99=8967300
10:04:44.192 [main] INFO  com.cloudframe.app.process.Usbaeext.createAeOutputRecord  778 -  TM-ADJ-ITEM-CLASS      PIC X(02)=1 
10:04:44.193 [main] INFO  com.cloudframe.app.process.Usbaeext.createAeOutputRecord  780 -  TM-ADJ-FIRST-DRN       PIC X(20)=                    
10:04:44.194 [main] INFO  com.cloudframe.app.process.Usbaeext.createAeOutputRecord  782 -  TM-ADJ-DRN             PIC X(20)=          7173901210
10:04:44.195 [main] INFO  com.cloudframe.app.process.Usbaeext.createAeOutputRecord  784 -  TM-ADJ-LOOKUP-TEXT     PIC X(30)=                              
10:04:44.196 [main] INFO  com.cloudframe.app.process.Usbaeext.createAeOutputRecord  786 -  TM-ADJ-ADVICE-KEY      PIC X(08)=526940  
10:04:44.196 [main] INFO  com.cloudframe.app.process.Usbaeext.createAeOutputRecord  788 -  TM-ADJ-CORR-F5         PIC X(10)=7173243987
10:04:44.196 [main] INFO  com.cloudframe.app.process.Usbaeext.createAeOutputRecord  790 -  TM-ADJ-DEP-F5          PIC X(10)=3091800397
10:04:44.197 [main] INFO  com.cloudframe.app.process.Usbaeext.createAeOutputRecord  792 -  TM-ADJ-APP-INSTANCE    PIC X(02)=1 
10:04:44.197 [main] INFO  com.cloudframe.app.process.Usbaeext.createAeOutputRecord  794 -  TM-ADJ-ENTRY           PIC X(04)=7906
10:04:44.198 [main] INFO  com.cloudframe.app.process.Usbaeext.createAeOutputRecord  796 -  TM-ADJ-CYCLE           PIC X(01)=5
10:04:44.198 [main] INFO  com.cloudframe.app.process.Usbaeext.createAeOutputRecord  798 -  TM-ADJ-END             PIC X(03)=END
10:04:44.214 [main] INFO  com.cloudframe.app.process.Usbaeext.createAeOutputRecord  882 -  
10:04:44.215 [main] INFO  com.cloudframe.app.process.Usbaeext.createAeOutputRecord  884 -  TM-ADJ-CORR-AMT  ->3213800 OV4-ADJ-AMNT ->32138
10:04:44.276 [main] INFO  com.cloudframe.app.process.Usbaeext.createAeOutputRecord  734 -  
10:04:44.277 [main] INFO  com.cloudframe.app.process.Usbaeext.createAeOutputRecord  736 -  ADJUSTMENT CODE MATCH  TM-ADJ-CODE ->702
10:04:44.278 [main] INFO  com.cloudframe.app.process.Usbaeext.createAeOutputRecord  738 -  
10:04:44.279 [main] INFO  com.cloudframe.app.process.Usbaeext.createAeOutputRecord  740 -  TM-ADJ-NO              PIC 9(07)=8801777
10:04:44.279 [main] INFO  com.cloudframe.app.process.Usbaeext.createAeOutputRecord  742 -  TM-ADJ-DATE            PIC X(10)=06/09/2023
10:04:44.280 [main] INFO  com.cloudframe.app.process.Usbaeext.createAeOutputRecord  744 -  TM-ADJ-TIME            PIC 9(07)=5540917
10:04:44.280 [main] INFO  com.cloudframe.app.process.Usbaeext.createAeOutputRecord  746 -  TM-ADJ-ACCT  J-RIGHT   PIC X(18)=      104757814751
10:04:44.281 [main] INFO  com.cloudframe.app.process.Usbaeext.createAeOutputRecord  748 -  TM-ADJ-DEP-DDR-KEY     PIC X(08)=10908812
10:04:44.281 [main] INFO  com.cloudframe.app.process.Usbaeext.createAeOutputRecord  750 -  TM-ADJ-PSET            PIC X(01)=6
10:04:44.282 [main] INFO  com.cloudframe.app.process.Usbaeext.createAeOutputRecord  752 -  TM-ADJ-DDR-KEY         PIC X(08)=10908812
10:04:44.282 [main] INFO  com.cloudframe.app.process.Usbaeext.createAeOutputRecord  754 -  TM-ADJ-DEP-ACCT J-RGHT PIC X(18)=      104757814751
10:04:44.283 [main] INFO  com.cloudframe.app.process.Usbaeext.createAeOutputRecord  756 -  TM-ADJ-DEP-AMT       PIC 9(16)V99=16500000
10:04:44.284 [main] INFO  com.cloudframe.app.process.Usbaeext.createAeOutputRecord  758 -  TM-ADJ-CORR-AMT      PIC 9(16)V99=100000
10:04:44.284 [main] INFO  com.cloudframe.app.process.Usbaeext.createAeOutputRecord  760 -  TM-ADJ-CLASS           PIC X(02)=1 
10:04:44.285 [main] INFO  com.cloudframe.app.process.Usbaeext.createAeOutputRecord  762 -  TM-ADJ-CODE            PIC X(04)=702
10:04:44.285 [main] INFO  com.cloudframe.app.process.Usbaeext.createAeOutputRecord  764 -  TM-ADJ-NAME            PIC X(15)=CustList       
10:04:44.285 [main] INFO  com.cloudframe.app.process.Usbaeext.createAeOutputRecord  766 -  TM-ADJ-OPER-NO         PIC X(03)=326
10:04:44.286 [main] INFO  com.cloudframe.app.process.Usbaeext.createAeOutputRecord  768 -  TM-ADJ-ENTRY-KEY       PIC X(05)=68494
10:04:44.286 [main] INFO  com.cloudframe.app.process.Usbaeext.createAeOutputRecord  770 -  TM-ADJ-STATE           PIC X(03)=22 
10:04:44.287 [main] INFO  com.cloudframe.app.process.Usbaeext.createAeOutputRecord  772 -  TM-ADJ-COMMENT         PIC X(50)=Check listed as $1,100.00 ; received as $1,110.00.
10:04:44.287 [main] INFO  com.cloudframe.app.process.Usbaeext.createAeOutputRecord  774 -  TM-ADJ-RT              PIC X(09)=543210483
10:04:44.288 [main] INFO  com.cloudframe.app.process.Usbaeext.createAeOutputRecord  776 -  TM-ADJ-AMT           PIC 9(16)V99=11100000
10:04:44.288 [main] INFO  com.cloudframe.app.process.Usbaeext.createAeOutputRecord  778 -  TM-ADJ-ITEM-CLASS      PIC X(02)=2 
10:04:44.288 [main] INFO  com.cloudframe.app.process.Usbaeext.createAeOutputRecord  780 -  TM-ADJ-FIRST-DRN       PIC X(20)=          6880036585
10:04:44.289 [main] INFO  com.cloudframe.app.process.Usbaeext.createAeOutputRecord  782 -  TM-ADJ-DRN             PIC X(20)=          6880901777
10:04:44.290 [main] INFO  com.cloudframe.app.process.Usbaeext.createAeOutputRecord  784 -  TM-ADJ-LOOKUP-TEXT     PIC X(30)=                              
10:04:44.290 [main] INFO  com.cloudframe.app.process.Usbaeext.createAeOutputRecord  786 -  TM-ADJ-ADVICE-KEY      PIC X(08)=527060  
10:04:44.291 [main] INFO  com.cloudframe.app.process.Usbaeext.createAeOutputRecord  788 -  TM-ADJ-CORR-F5         PIC X(10)=6880036585
10:04:44.291 [main] INFO  com.cloudframe.app.process.Usbaeext.createAeOutputRecord  790 -  TM-ADJ-DEP-F5          PIC X(10)=          
10:04:44.292 [main] INFO  com.cloudframe.app.process.Usbaeext.createAeOutputRecord  792 -  TM-ADJ-APP-INSTANCE    PIC X(02)=1 
10:04:44.293 [main] INFO  com.cloudframe.app.process.Usbaeext.createAeOutputRecord  794 -  TM-ADJ-ENTRY           PIC X(04)=8230
10:04:44.294 [main] INFO  com.cloudframe.app.process.Usbaeext.createAeOutputRecord  796 -  TM-ADJ-CYCLE           PIC X(01)=5
10:04:44.294 [main] INFO  com.cloudframe.app.process.Usbaeext.createAeOutputRecord  798 -  TM-ADJ-END             PIC X(03)=END
10:04:44.299 [main] INFO  com.cloudframe.app.process.Usbaeext.createAeOutputRecord  882 -  
10:04:44.300 [main] INFO  com.cloudframe.app.process.Usbaeext.createAeOutputRecord  884 -  TM-ADJ-CORR-AMT  ->100000 OV4-ADJ-AMNT ->1000
10:04:44.351 [main] INFO  com.cloudframe.app.process.Usbaeext.createAeOutputRecord  734 -  
10:04:44.351 [main] INFO  com.cloudframe.app.process.Usbaeext.createAeOutputRecord  736 -  ADJUSTMENT CODE MATCH  TM-ADJ-CODE ->702
10:04:44.352 [main] INFO  com.cloudframe.app.process.Usbaeext.createAeOutputRecord  738 -  
10:04:44.352 [main] INFO  com.cloudframe.app.process.Usbaeext.createAeOutputRecord  740 -  TM-ADJ-NO              PIC 9(07)=6802348
10:04:44.352 [main] INFO  com.cloudframe.app.process.Usbaeext.createAeOutputRecord  742 -  TM-ADJ-DATE            PIC X(10)=06/09/2023
10:04:44.353 [main] INFO  com.cloudframe.app.process.Usbaeext.createAeOutputRecord  744 -  TM-ADJ-TIME            PIC 9(07)=6738678
10:04:44.353 [main] INFO  com.cloudframe.app.process.Usbaeext.createAeOutputRecord  746 -  TM-ADJ-ACCT  J-RIGHT   PIC X(18)=      157528533365
10:04:44.353 [main] INFO  com.cloudframe.app.process.Usbaeext.createAeOutputRecord  748 -  TM-ADJ-DEP-DDR-KEY     PIC X(08)=10891832
10:04:44.354 [main] INFO  com.cloudframe.app.process.Usbaeext.createAeOutputRecord  750 -  TM-ADJ-PSET            PIC X(01)=6
10:04:44.354 [main] INFO  com.cloudframe.app.process.Usbaeext.createAeOutputRecord  752 -  TM-ADJ-DDR-KEY         PIC X(08)=10891832
10:04:44.355 [main] INFO  com.cloudframe.app.process.Usbaeext.createAeOutputRecord  754 -  TM-ADJ-DEP-ACCT J-RGHT PIC X(18)=      157528533365
10:04:44.357 [main] INFO  com.cloudframe.app.process.Usbaeext.createAeOutputRecord  756 -  TM-ADJ-DEP-AMT       PIC 9(16)V99=135000000
10:04:44.358 [main] INFO  com.cloudframe.app.process.Usbaeext.createAeOutputRecord  758 -  TM-ADJ-CORR-AMT      PIC 9(16)V99=4500000
10:04:44.359 [main] INFO  com.cloudframe.app.process.Usbaeext.createAeOutputRecord  760 -  TM-ADJ-CLASS           PIC X(02)=2 
10:04:44.359 [main] INFO  com.cloudframe.app.process.Usbaeext.createAeOutputRecord  762 -  TM-ADJ-CODE            PIC X(04)=702
10:04:44.359 [main] INFO  com.cloudframe.app.process.Usbaeext.createAeOutputRecord  764 -  TM-ADJ-NAME            PIC X(15)=CustList       
10:04:44.359 [main] INFO  com.cloudframe.app.process.Usbaeext.createAeOutputRecord  766 -  TM-ADJ-OPER-NO         PIC X(03)=739
10:04:44.360 [main] INFO  com.cloudframe.app.process.Usbaeext.createAeOutputRecord  768 -  TM-ADJ-ENTRY-KEY       PIC X(05)=68533
10:04:44.368 [main] INFO  com.cloudframe.app.process.Usbaeext.createAeOutputRecord  770 -  TM-ADJ-STATE           PIC X(03)=22 
10:04:44.368 [main] INFO  com.cloudframe.app.process.Usbaeext.createAeOutputRecord  772 -  TM-ADJ-COMMENT         PIC X(50)=Check listed as $13,500.00 ; received as $13,050.0
10:04:44.369 [main] INFO  com.cloudframe.app.process.Usbaeext.createAeOutputRecord  774 -  TM-ADJ-RT              PIC X(09)=543611972
10:04:44.370 [main] INFO  com.cloudframe.app.process.Usbaeext.createAeOutputRecord  776 -  TM-ADJ-AMT           PIC 9(16)V99=130500000
10:04:44.370 [main] INFO  com.cloudframe.app.process.Usbaeext.createAeOutputRecord  778 -  TM-ADJ-ITEM-CLASS      PIC X(02)=2 
10:04:44.370 [main] INFO  com.cloudframe.app.process.Usbaeext.createAeOutputRecord  780 -  TM-ADJ-FIRST-DRN       PIC X(20)=          6680271964
10:04:44.370 [main] INFO  com.cloudframe.app.process.Usbaeext.createAeOutputRecord  782 -  TM-ADJ-DRN             PIC X(20)=          6680902348
10:04:44.371 [main] INFO  com.cloudframe.app.process.Usbaeext.createAeOutputRecord  784 -  TM-ADJ-LOOKUP-TEXT     PIC X(30)=                              
10:04:44.371 [main] INFO  com.cloudframe.app.process.Usbaeext.createAeOutputRecord  786 -  TM-ADJ-ADVICE-KEY      PIC X(08)=527234  
10:04:44.371 [main] INFO  com.cloudframe.app.process.Usbaeext.createAeOutputRecord  788 -  TM-ADJ-CORR-F5         PIC X(10)=6680271964
10:04:44.371 [main] INFO  com.cloudframe.app.process.Usbaeext.createAeOutputRecord  790 -  TM-ADJ-DEP-F5          PIC X(10)=          
10:04:44.371 [main] INFO  com.cloudframe.app.process.Usbaeext.createAeOutputRecord  792 -  TM-ADJ-APP-INSTANCE    PIC X(02)=1 
10:04:44.371 [main] INFO  com.cloudframe.app.process.Usbaeext.createAeOutputRecord  794 -  TM-ADJ-ENTRY           PIC X(04)=8623
10:04:44.374 [main] INFO  com.cloudframe.app.process.Usbaeext.createAeOutputRecord  796 -  TM-ADJ-CYCLE           PIC X(01)=5
10:04:44.375 [main] INFO  com.cloudframe.app.process.Usbaeext.createAeOutputRecord  798 -  TM-ADJ-END             PIC X(03)=END
10:04:44.376 [main] INFO  com.cloudframe.app.process.Usbaeext.createAeOutputRecord  882 -  
10:04:44.377 [main] INFO  com.cloudframe.app.process.Usbaeext.createAeOutputRecord  884 -  TM-ADJ-CORR-AMT  ->4500000 OV4-ADJ-AMNT ->45000
10:04:44.436 [main] INFO  com.cloudframe.app.process.Usbaeext.createAeOutputRecord  734 -  
10:04:44.437 [main] INFO  com.cloudframe.app.process.Usbaeext.createAeOutputRecord  736 -  ADJUSTMENT CODE MATCH  TM-ADJ-CODE ->708
10:04:44.437 [main] INFO  com.cloudframe.app.process.Usbaeext.createAeOutputRecord  738 -  
10:04:44.437 [main] INFO  com.cloudframe.app.process.Usbaeext.createAeOutputRecord  740 -  TM-ADJ-NO              PIC 9(07)=6801414
10:04:44.437 [main] INFO  com.cloudframe.app.process.Usbaeext.createAeOutputRecord  742 -  TM-ADJ-DATE            PIC X(10)=06/09/2023
10:04:44.437 [main] INFO  com.cloudframe.app.process.Usbaeext.createAeOutputRecord  744 -  TM-ADJ-TIME            PIC 9(07)=4771843
10:04:44.438 [main] INFO  com.cloudframe.app.process.Usbaeext.createAeOutputRecord  746 -  TM-ADJ-ACCT  J-RIGHT   PIC X(18)=      158210327991
10:04:44.438 [main] INFO  com.cloudframe.app.process.Usbaeext.createAeOutputRecord  748 -  TM-ADJ-DEP-DDR-KEY     PIC X(08)=10885269
10:04:44.438 [main] INFO  com.cloudframe.app.process.Usbaeext.createAeOutputRecord  750 -  TM-ADJ-PSET            PIC X(01)=6
10:04:44.438 [main] INFO  com.cloudframe.app.process.Usbaeext.createAeOutputRecord  752 -  TM-ADJ-DDR-KEY         PIC X(08)=10885270
10:04:44.439 [main] INFO  com.cloudframe.app.process.Usbaeext.createAeOutputRecord  754 -  TM-ADJ-DEP-ACCT J-RGHT PIC X(18)=      158210327991
10:04:44.439 [main] INFO  com.cloudframe.app.process.Usbaeext.createAeOutputRecord  756 -  TM-ADJ-DEP-AMT       PIC 9(16)V99=13015000
10:04:44.439 [main] INFO  com.cloudframe.app.process.Usbaeext.createAeOutputRecord  758 -  TM-ADJ-CORR-AMT      PIC 9(16)V99=170000
10:04:44.440 [main] INFO  com.cloudframe.app.process.Usbaeext.createAeOutputRecord  760 -  TM-ADJ-CLASS           PIC X(02)=2 
10:04:44.440 [main] INFO  com.cloudframe.app.process.Usbaeext.createAeOutputRecord  762 -  TM-ADJ-CODE            PIC X(04)=708
10:04:44.440 [main] INFO  com.cloudframe.app.process.Usbaeext.createAeOutputRecord  764 -  TM-ADJ-NAME            PIC X(15)=CustNonItem    
10:04:44.441 [main] INFO  com.cloudframe.app.process.Usbaeext.createAeOutputRecord  766 -  TM-ADJ-OPER-NO         PIC X(03)=888
10:04:44.441 [main] INFO  com.cloudframe.app.process.Usbaeext.createAeOutputRecord  768 -  TM-ADJ-ENTRY-KEY       PIC X(05)=68476
10:04:44.442 [main] INFO  com.cloudframe.app.process.Usbaeext.createAeOutputRecord  770 -  TM-ADJ-STATE           PIC X(03)=22 
10:04:44.443 [main] INFO  com.cloudframe.app.process.Usbaeext.createAeOutputRecord  772 -  TM-ADJ-COMMENT         PIC X(50)=Non-negotiable item(s) received for; $17.00.      
10:04:44.443 [main] INFO  com.cloudframe.app.process.Usbaeext.createAeOutputRecord  774 -  TM-ADJ-RT              PIC X(09)=543611972
10:04:44.443 [main] INFO  com.cloudframe.app.process.Usbaeext.createAeOutputRecord  776 -  TM-ADJ-AMT           PIC 9(16)V99=0
10:04:44.444 [main] INFO  com.cloudframe.app.process.Usbaeext.createAeOutputRecord  778 -  TM-ADJ-ITEM-CLASS      PIC X(02)=5 
10:04:44.444 [main] INFO  com.cloudframe.app.process.Usbaeext.createAeOutputRecord  780 -  TM-ADJ-FIRST-DRN       PIC X(20)=          6680213220
10:04:44.444 [main] INFO  com.cloudframe.app.process.Usbaeext.createAeOutputRecord  782 -  TM-ADJ-DRN             PIC X(20)=          6680901414
10:04:44.445 [main] INFO  com.cloudframe.app.process.Usbaeext.createAeOutputRecord  784 -  TM-ADJ-LOOKUP-TEXT     PIC X(30)=                              
10:04:44.445 [main] INFO  com.cloudframe.app.process.Usbaeext.createAeOutputRecord  786 -  TM-ADJ-ADVICE-KEY      PIC X(08)=523813  
10:04:44.445 [main] INFO  com.cloudframe.app.process.Usbaeext.createAeOutputRecord  788 -  TM-ADJ-CORR-F5         PIC X(10)=6680213220
10:04:44.446 [main] INFO  com.cloudframe.app.process.Usbaeext.createAeOutputRecord  790 -  TM-ADJ-DEP-F5          PIC X(10)=          
10:04:44.446 [main] INFO  com.cloudframe.app.process.Usbaeext.createAeOutputRecord  792 -  TM-ADJ-APP-INSTANCE    PIC X(02)=1 
10:04:44.446 [main] INFO  com.cloudframe.app.process.Usbaeext.createAeOutputRecord  794 -  TM-ADJ-ENTRY           PIC X(04)=8053
10:04:44.446 [main] INFO  com.cloudframe.app.process.Usbaeext.createAeOutputRecord  796 -  TM-ADJ-CYCLE           PIC X(01)=5
10:04:44.447 [main] INFO  com.cloudframe.app.process.Usbaeext.createAeOutputRecord  798 -  TM-ADJ-END             PIC X(03)=END
10:04:44.448 [main] INFO  com.cloudframe.app.process.Usbaeext.createAeOutputRecord  882 -  
10:04:44.448 [main] INFO  com.cloudframe.app.process.Usbaeext.createAeOutputRecord  884 -  TM-ADJ-CORR-AMT  ->170000 OV4-ADJ-AMNT ->1700
10:04:44.481 [main] INFO  com.cloudframe.app.process.Usbaeext.createAeOutputRecord  734 -  
10:04:44.481 [main] INFO  com.cloudframe.app.process.Usbaeext.createAeOutputRecord  736 -  ADJUSTMENT CODE MATCH  TM-ADJ-CODE ->702
10:04:44.482 [main] INFO  com.cloudframe.app.process.Usbaeext.createAeOutputRecord  738 -  
10:04:44.482 [main] INFO  com.cloudframe.app.process.Usbaeext.createAeOutputRecord  740 -  TM-ADJ-NO              PIC 9(07)=6791762
10:04:44.482 [main] INFO  com.cloudframe.app.process.Usbaeext.createAeOutputRecord  742 -  TM-ADJ-DATE            PIC X(10)=06/09/2023
10:04:44.482 [main] INFO  com.cloudframe.app.process.Usbaeext.createAeOutputRecord  744 -  TM-ADJ-TIME            PIC 9(07)=5513965
10:04:44.483 [main] INFO  com.cloudframe.app.process.Usbaeext.createAeOutputRecord  746 -  TM-ADJ-ACCT  J-RIGHT   PIC X(18)=      153911720750
10:04:44.483 [main] INFO  com.cloudframe.app.process.Usbaeext.createAeOutputRecord  748 -  TM-ADJ-DEP-DDR-KEY     PIC X(08)=10851435
10:04:44.483 [main] INFO  com.cloudframe.app.process.Usbaeext.createAeOutputRecord  750 -  TM-ADJ-PSET            PIC X(01)=2
10:04:44.483 [main] INFO  com.cloudframe.app.process.Usbaeext.createAeOutputRecord  752 -  TM-ADJ-DDR-KEY         PIC X(08)=10851435
10:04:44.484 [main] INFO  com.cloudframe.app.process.Usbaeext.createAeOutputRecord  754 -  TM-ADJ-DEP-ACCT J-RGHT PIC X(18)=      153911720750
10:04:44.484 [main] INFO  com.cloudframe.app.process.Usbaeext.createAeOutputRecord  756 -  TM-ADJ-DEP-AMT       PIC 9(16)V99=100000
10:04:44.484 [main] INFO  com.cloudframe.app.process.Usbaeext.createAeOutputRecord  758 -  TM-ADJ-CORR-AMT      PIC 9(16)V99=900000
10:04:44.484 [main] INFO  com.cloudframe.app.process.Usbaeext.createAeOutputRecord  760 -  TM-ADJ-CLASS           PIC X(02)=1 
10:04:44.485 [main] INFO  com.cloudframe.app.process.Usbaeext.createAeOutputRecord  762 -  TM-ADJ-CODE            PIC X(04)=702
10:04:44.485 [main] INFO  com.cloudframe.app.process.Usbaeext.createAeOutputRecord  764 -  TM-ADJ-NAME            PIC X(15)=CustList       
10:04:44.485 [main] INFO  com.cloudframe.app.process.Usbaeext.createAeOutputRecord  766 -  TM-ADJ-OPER-NO         PIC X(03)=888
10:04:44.485 [main] INFO  com.cloudframe.app.process.Usbaeext.createAeOutputRecord  768 -  TM-ADJ-ENTRY-KEY       PIC X(05)=68489
10:04:44.486 [main] INFO  com.cloudframe.app.process.Usbaeext.createAeOutputRecord  770 -  TM-ADJ-STATE           PIC X(03)=22 
10:04:44.486 [main] INFO  com.cloudframe.app.process.Usbaeext.createAeOutputRecord  772 -  TM-ADJ-COMMENT         PIC X(50)=Check listed as $10.00 ; received as $100.00.     
10:04:44.486 [main] INFO  com.cloudframe.app.process.Usbaeext.createAeOutputRecord  774 -  TM-ADJ-RT              PIC X(09)=543210483
10:04:44.486 [main] INFO  com.cloudframe.app.process.Usbaeext.createAeOutputRecord  776 -  TM-ADJ-AMT           PIC 9(16)V99=1000000
10:04:44.487 [main] INFO  com.cloudframe.app.process.Usbaeext.createAeOutputRecord  778 -  TM-ADJ-ITEM-CLASS      PIC X(02)=2 
10:04:44.487 [main] INFO  com.cloudframe.app.process.Usbaeext.createAeOutputRecord  780 -  TM-ADJ-FIRST-DRN       PIC X(20)=          9679764383
10:04:44.487 [main] INFO  com.cloudframe.app.process.Usbaeext.createAeOutputRecord  782 -  TM-ADJ-DRN             PIC X(20)=          9679901762
10:04:44.488 [main] INFO  com.cloudframe.app.process.Usbaeext.createAeOutputRecord  784 -  TM-ADJ-LOOKUP-TEXT     PIC X(30)=                              
10:04:44.488 [main] INFO  com.cloudframe.app.process.Usbaeext.createAeOutputRecord  786 -  TM-ADJ-ADVICE-KEY      PIC X(08)=524018  
10:04:44.488 [main] INFO  com.cloudframe.app.process.Usbaeext.createAeOutputRecord  788 -  TM-ADJ-CORR-F5         PIC X(10)=004528    
10:04:44.489 [main] INFO  com.cloudframe.app.process.Usbaeext.createAeOutputRecord  790 -  TM-ADJ-DEP-F5          PIC X(10)=004528    
10:04:44.489 [main] INFO  com.cloudframe.app.process.Usbaeext.createAeOutputRecord  792 -  TM-ADJ-APP-INSTANCE    PIC X(02)=1 
10:04:44.489 [main] INFO  com.cloudframe.app.process.Usbaeext.createAeOutputRecord  794 -  TM-ADJ-ENTRY           PIC X(04)=8177
10:04:44.489 [main] INFO  com.cloudframe.app.process.Usbaeext.createAeOutputRecord  796 -  TM-ADJ-CYCLE           PIC X(01)=5
10:04:44.490 [main] INFO  com.cloudframe.app.process.Usbaeext.createAeOutputRecord  798 -  TM-ADJ-END             PIC X(03)=END
10:04:44.492 [main] INFO  com.cloudframe.app.process.Usbaeext.createAeOutputRecord  882 -  
10:04:44.492 [main] INFO  com.cloudframe.app.process.Usbaeext.createAeOutputRecord  884 -  TM-ADJ-CORR-AMT  ->900000 OV4-ADJ-AMNT ->9000
10:04:44.498 [main] INFO  com.cloudframe.app.process.Usbaeext.createAeOutputRecord  734 -  
10:04:44.499 [main] INFO  com.cloudframe.app.process.Usbaeext.createAeOutputRecord  736 -  ADJUSTMENT CODE MATCH  TM-ADJ-CODE ->703
10:04:44.499 [main] INFO  com.cloudframe.app.process.Usbaeext.createAeOutputRecord  738 -  
10:04:44.499 [main] INFO  com.cloudframe.app.process.Usbaeext.createAeOutputRecord  740 -  TM-ADJ-NO              PIC 9(07)=1711857
10:04:44.500 [main] INFO  com.cloudframe.app.process.Usbaeext.createAeOutputRecord  742 -  TM-ADJ-DATE            PIC X(10)=06/09/2023
10:04:44.500 [main] INFO  com.cloudframe.app.process.Usbaeext.createAeOutputRecord  744 -  TM-ADJ-TIME            PIC 9(07)=5732030
10:04:44.500 [main] INFO  com.cloudframe.app.process.Usbaeext.createAeOutputRecord  746 -  TM-ADJ-ACCT  J-RIGHT   PIC X(18)=      153910344362
10:04:44.500 [main] INFO  com.cloudframe.app.process.Usbaeext.createAeOutputRecord  748 -  TM-ADJ-DEP-DDR-KEY     PIC X(08)=10902428
10:04:44.501 [main] INFO  com.cloudframe.app.process.Usbaeext.createAeOutputRecord  750 -  TM-ADJ-PSET            PIC X(01)=2
10:04:44.501 [main] INFO  com.cloudframe.app.process.Usbaeext.createAeOutputRecord  752 -  TM-ADJ-DDR-KEY         PIC X(08)=10902428
10:04:44.501 [main] INFO  com.cloudframe.app.process.Usbaeext.createAeOutputRecord  754 -  TM-ADJ-DEP-ACCT J-RGHT PIC X(18)=      153910344362
10:04:44.501 [main] INFO  com.cloudframe.app.process.Usbaeext.createAeOutputRecord  756 -  TM-ADJ-DEP-AMT       PIC 9(16)V99=42989400
10:04:44.501 [main] INFO  com.cloudframe.app.process.Usbaeext.createAeOutputRecord  758 -  TM-ADJ-CORR-AMT      PIC 9(16)V99=8702300
10:04:44.504 [main] INFO  com.cloudframe.app.process.Usbaeext.createAeOutputRecord  760 -  TM-ADJ-CLASS           PIC X(02)=1 
10:04:44.504 [main] INFO  com.cloudframe.app.process.Usbaeext.createAeOutputRecord  762 -  TM-ADJ-CODE            PIC X(04)=703
10:04:44.504 [main] INFO  com.cloudframe.app.process.Usbaeext.createAeOutputRecord  764 -  TM-ADJ-NAME            PIC X(15)=CustTape       
10:04:44.504 [main] INFO  com.cloudframe.app.process.Usbaeext.createAeOutputRecord  766 -  TM-ADJ-OPER-NO         PIC X(03)=674
10:04:44.505 [main] INFO  com.cloudframe.app.process.Usbaeext.createAeOutputRecord  768 -  TM-ADJ-ENTRY-KEY       PIC X(05)=68504
10:04:44.505 [main] INFO  com.cloudframe.app.process.Usbaeext.createAeOutputRecord  770 -  TM-ADJ-STATE           PIC X(03)=22 
10:04:44.505 [main] INFO  com.cloudframe.app.process.Usbaeext.createAeOutputRecord  772 -  TM-ADJ-COMMENT         PIC X(50)=Deposit total brought forward in error.           
10:04:44.506 [main] INFO  com.cloudframe.app.process.Usbaeext.createAeOutputRecord  774 -  TM-ADJ-RT              PIC X(09)=543210483
10:04:44.506 [main] INFO  com.cloudframe.app.process.Usbaeext.createAeOutputRecord  776 -  TM-ADJ-AMT           PIC 9(16)V99=42989400
10:04:44.507 [main] INFO  com.cloudframe.app.process.Usbaeext.createAeOutputRecord  778 -  TM-ADJ-ITEM-CLASS      PIC X(02)=1 
10:04:44.507 [main] INFO  com.cloudframe.app.process.Usbaeext.createAeOutputRecord  780 -  TM-ADJ-FIRST-DRN       PIC X(20)=                    
10:04:44.508 [main] INFO  com.cloudframe.app.process.Usbaeext.createAeOutputRecord  782 -  TM-ADJ-DRN             PIC X(20)=          7171901857
10:04:44.508 [main] INFO  com.cloudframe.app.process.Usbaeext.createAeOutputRecord  784 -  TM-ADJ-LOOKUP-TEXT     PIC X(30)=                              
10:04:44.508 [main] INFO  com.cloudframe.app.process.Usbaeext.createAeOutputRecord  786 -  TM-ADJ-ADVICE-KEY      PIC X(08)=524056  
10:04:44.509 [main] INFO  com.cloudframe.app.process.Usbaeext.createAeOutputRecord  788 -  TM-ADJ-CORR-F5         PIC X(10)=2547200528
10:04:44.509 [main] INFO  com.cloudframe.app.process.Usbaeext.createAeOutputRecord  790 -  TM-ADJ-DEP-F5          PIC X(10)=2547200528
10:04:44.509 [main] INFO  com.cloudframe.app.process.Usbaeext.createAeOutputRecord  792 -  TM-ADJ-APP-INSTANCE    PIC X(02)=1 
10:04:44.509 [main] INFO  com.cloudframe.app.process.Usbaeext.createAeOutputRecord  794 -  TM-ADJ-ENTRY           PIC X(04)=8325
10:04:44.510 [main] INFO  com.cloudframe.app.process.Usbaeext.createAeOutputRecord  796 -  TM-ADJ-CYCLE           PIC X(01)=5
10:04:44.510 [main] INFO  com.cloudframe.app.process.Usbaeext.createAeOutputRecord  798 -  TM-ADJ-END             PIC X(03)=END
10:04:44.511 [main] INFO  com.cloudframe.app.process.Usbaeext.createAeOutputRecord  882 -  
10:04:44.511 [main] INFO  com.cloudframe.app.process.Usbaeext.createAeOutputRecord  884 -  TM-ADJ-CORR-AMT  ->8702300 OV4-ADJ-AMNT ->87023
10:04:44.512 [main] INFO  com.cloudframe.app.process.Usbaeext.createAeOutputRecord  734 -  
10:04:44.512 [main] INFO  com.cloudframe.app.process.Usbaeext.createAeOutputRecord  736 -  ADJUSTMENT CODE MATCH  TM-ADJ-CODE ->705
10:04:44.512 [main] INFO  com.cloudframe.app.process.Usbaeext.createAeOutputRecord  738 -  
10:04:44.512 [main] INFO  com.cloudframe.app.process.Usbaeext.createAeOutputRecord  740 -  TM-ADJ-NO              PIC 9(07)=6751921
10:04:44.513 [main] INFO  com.cloudframe.app.process.Usbaeext.createAeOutputRecord  742 -  TM-ADJ-DATE            PIC X(10)=06/09/2023
10:04:44.513 [main] INFO  com.cloudframe.app.process.Usbaeext.createAeOutputRecord  744 -  TM-ADJ-TIME            PIC 9(07)=5823300
10:04:44.513 [main] INFO  com.cloudframe.app.process.Usbaeext.createAeOutputRecord  746 -  TM-ADJ-ACCT  J-RIGHT   PIC X(18)=      153911677315
10:04:44.513 [main] INFO  com.cloudframe.app.process.Usbaeext.createAeOutputRecord  748 -  TM-ADJ-DEP-DDR-KEY     PIC X(08)=10847811
10:04:44.513 [main] INFO  com.cloudframe.app.process.Usbaeext.createAeOutputRecord  750 -  TM-ADJ-PSET            PIC X(01)=2
10:04:44.514 [main] INFO  com.cloudframe.app.process.Usbaeext.createAeOutputRecord  752 -  TM-ADJ-DDR-KEY         PIC X(08)=10847812
10:04:44.514 [main] INFO  com.cloudframe.app.process.Usbaeext.createAeOutputRecord  754 -  TM-ADJ-DEP-ACCT J-RGHT PIC X(18)=      153911677315
10:04:44.514 [main] INFO  com.cloudframe.app.process.Usbaeext.createAeOutputRecord  756 -  TM-ADJ-DEP-AMT       PIC 9(16)V99=44021500
10:04:44.514 [main] INFO  com.cloudframe.app.process.Usbaeext.createAeOutputRecord  758 -  TM-ADJ-CORR-AMT      PIC 9(16)V99=624800
10:04:44.514 [main] INFO  com.cloudframe.app.process.Usbaeext.createAeOutputRecord  760 -  TM-ADJ-CLASS           PIC X(02)=1 
10:04:44.514 [main] INFO  com.cloudframe.app.process.Usbaeext.createAeOutputRecord  762 -  TM-ADJ-CODE            PIC X(04)=705
10:04:44.515 [main] INFO  com.cloudframe.app.process.Usbaeext.createAeOutputRecord  764 -  TM-ADJ-NAME            PIC X(15)=CustExtra      
10:04:44.515 [main] INFO  com.cloudframe.app.process.Usbaeext.createAeOutputRecord  766 -  TM-ADJ-OPER-NO         PIC X(03)=888
10:04:44.515 [main] INFO  com.cloudframe.app.process.Usbaeext.createAeOutputRecord  768 -  TM-ADJ-ENTRY-KEY       PIC X(05)=68467
10:04:44.515 [main] INFO  com.cloudframe.app.process.Usbaeext.createAeOutputRecord  770 -  TM-ADJ-STATE           PIC X(03)=22 
10:04:44.515 [main] INFO  com.cloudframe.app.process.Usbaeext.createAeOutputRecord  772 -  TM-ADJ-COMMENT         PIC X(50)=Extra item(s); $52.42, $10.06.                    
10:04:44.516 [main] INFO  com.cloudframe.app.process.Usbaeext.createAeOutputRecord  774 -  TM-ADJ-RT              PIC X(09)=543210483
10:04:44.516 [main] INFO  com.cloudframe.app.process.Usbaeext.createAeOutputRecord  776 -  TM-ADJ-AMT           PIC 9(16)V99=524200
10:04:44.516 [main] INFO  com.cloudframe.app.process.Usbaeext.createAeOutputRecord  778 -  TM-ADJ-ITEM-CLASS      PIC X(02)=2 
10:04:44.516 [main] INFO  com.cloudframe.app.process.Usbaeext.createAeOutputRecord  780 -  TM-ADJ-FIRST-DRN       PIC X(20)=          9675033134
10:04:44.516 [main] INFO  com.cloudframe.app.process.Usbaeext.createAeOutputRecord  782 -  TM-ADJ-DRN             PIC X(20)=          9675901921
10:04:44.517 [main] INFO  com.cloudframe.app.process.Usbaeext.createAeOutputRecord  784 -  TM-ADJ-LOOKUP-TEXT     PIC X(30)=                              
10:04:44.517 [main] INFO  com.cloudframe.app.process.Usbaeext.createAeOutputRecord  786 -  TM-ADJ-ADVICE-KEY      PIC X(08)=524058  
10:04:44.517 [main] INFO  com.cloudframe.app.process.Usbaeext.createAeOutputRecord  788 -  TM-ADJ-CORR-F5         PIC X(10)=003723    
10:04:44.517 [main] INFO  com.cloudframe.app.process.Usbaeext.createAeOutputRecord  790 -  TM-ADJ-DEP-F5          PIC X(10)=003723    
10:04:44.517 [main] INFO  com.cloudframe.app.process.Usbaeext.createAeOutputRecord  792 -  TM-ADJ-APP-INSTANCE    PIC X(02)=1 
10:04:44.518 [main] INFO  com.cloudframe.app.process.Usbaeext.createAeOutputRecord  794 -  TM-ADJ-ENTRY           PIC X(04)=7959
10:04:44.518 [main] INFO  com.cloudframe.app.process.Usbaeext.createAeOutputRecord  796 -  TM-ADJ-CYCLE           PIC X(01)=5
10:04:44.518 [main] INFO  com.cloudframe.app.process.Usbaeext.createAeOutputRecord  798 -  TM-ADJ-END             PIC X(03)=END
10:04:44.519 [main] INFO  com.cloudframe.app.process.Usbaeext.createAeOutputRecord  882 -  
10:04:44.519 [main] INFO  com.cloudframe.app.process.Usbaeext.createAeOutputRecord  884 -  TM-ADJ-CORR-AMT  ->624800 OV4-ADJ-AMNT ->6248
10:04:44.521 [main] INFO  com.cloudframe.app.process.Usbaeext.createAeOutputRecord  734 -  
10:04:44.522 [main] INFO  com.cloudframe.app.process.Usbaeext.createAeOutputRecord  736 -  ADJUSTMENT CODE MATCH  TM-ADJ-CODE ->702
10:04:44.522 [main] INFO  com.cloudframe.app.process.Usbaeext.createAeOutputRecord  738 -  
10:04:44.522 [main] INFO  com.cloudframe.app.process.Usbaeext.createAeOutputRecord  740 -  TM-ADJ-NO              PIC 9(07)=7791944
10:04:44.522 [main] INFO  com.cloudframe.app.process.Usbaeext.createAeOutputRecord  742 -  TM-ADJ-DATE            PIC X(10)=06/09/2023
10:04:44.523 [main] INFO  com.cloudframe.app.process.Usbaeext.createAeOutputRecord  744 -  TM-ADJ-TIME            PIC 9(07)=5879474
10:04:44.524 [main] INFO  com.cloudframe.app.process.Usbaeext.createAeOutputRecord  746 -  TM-ADJ-ACCT  J-RIGHT   PIC X(18)=      153910686556
10:04:44.525 [main] INFO  com.cloudframe.app.process.Usbaeext.createAeOutputRecord  748 -  TM-ADJ-DEP-DDR-KEY     PIC X(08)=10903104
10:04:44.526 [main] INFO  com.cloudframe.app.process.Usbaeext.createAeOutputRecord  750 -  TM-ADJ-PSET            PIC X(01)=2
10:04:44.526 [main] INFO  com.cloudframe.app.process.Usbaeext.createAeOutputRecord  752 -  TM-ADJ-DDR-KEY         PIC X(08)=10903104
10:04:44.526 [main] INFO  com.cloudframe.app.process.Usbaeext.createAeOutputRecord  754 -  TM-ADJ-DEP-ACCT J-RGHT PIC X(18)=      153910686556
10:04:44.527 [main] INFO  com.cloudframe.app.process.Usbaeext.createAeOutputRecord  756 -  TM-ADJ-DEP-AMT       PIC 9(16)V99=1300000
10:04:44.527 [main] INFO  com.cloudframe.app.process.Usbaeext.createAeOutputRecord  758 -  TM-ADJ-CORR-AMT      PIC 9(16)V99=1000000
10:04:44.527 [main] INFO  com.cloudframe.app.process.Usbaeext.createAeOutputRecord  760 -  TM-ADJ-CLASS           PIC X(02)=1 
10:04:44.527 [main] INFO  com.cloudframe.app.process.Usbaeext.createAeOutputRecord  762 -  TM-ADJ-CODE            PIC X(04)=702
10:04:44.528 [main] INFO  com.cloudframe.app.process.Usbaeext.createAeOutputRecord  764 -  TM-ADJ-NAME            PIC X(15)=CustList       
10:04:44.528 [main] INFO  com.cloudframe.app.process.Usbaeext.createAeOutputRecord  766 -  TM-ADJ-OPER-NO         PIC X(03)=739
10:04:44.528 [main] INFO  com.cloudframe.app.process.Usbaeext.createAeOutputRecord  768 -  TM-ADJ-ENTRY-KEY       PIC X(05)=68509
10:04:44.528 [main] INFO  com.cloudframe.app.process.Usbaeext.createAeOutputRecord  770 -  TM-ADJ-STATE           PIC X(03)=22 
10:04:44.529 [main] INFO  com.cloudframe.app.process.Usbaeext.createAeOutputRecord  772 -  TM-ADJ-COMMENT         PIC X(50)=Check listed as $30.00 ; received as $130.00.     
10:04:44.529 [main] INFO  com.cloudframe.app.process.Usbaeext.createAeOutputRecord  774 -  TM-ADJ-RT              PIC X(09)=543210483
10:04:44.529 [main] INFO  com.cloudframe.app.process.Usbaeext.createAeOutputRecord  776 -  TM-ADJ-AMT           PIC 9(16)V99=1300000
10:04:44.529 [main] INFO  com.cloudframe.app.process.Usbaeext.createAeOutputRecord  778 -  TM-ADJ-ITEM-CLASS      PIC X(02)=2 
10:04:44.530 [main] INFO  com.cloudframe.app.process.Usbaeext.createAeOutputRecord  780 -  TM-ADJ-FIRST-DRN       PIC X(20)=          9779645763
10:04:44.531 [main] INFO  com.cloudframe.app.process.Usbaeext.createAeOutputRecord  782 -  TM-ADJ-DRN             PIC X(20)=          9779901944
10:04:44.532 [main] INFO  com.cloudframe.app.process.Usbaeext.createAeOutputRecord  784 -  TM-ADJ-LOOKUP-TEXT     PIC X(30)=                              
10:04:44.533 [main] INFO  com.cloudframe.app.process.Usbaeext.createAeOutputRecord  786 -  TM-ADJ-ADVICE-KEY      PIC X(08)=524069  
10:04:44.534 [main] INFO  com.cloudframe.app.process.Usbaeext.createAeOutputRecord  788 -  TM-ADJ-CORR-F5         PIC X(10)=000044    
10:04:44.534 [main] INFO  com.cloudframe.app.process.Usbaeext.createAeOutputRecord  790 -  TM-ADJ-DEP-F5          PIC X(10)=000044    
10:04:44.534 [main] INFO  com.cloudframe.app.process.Usbaeext.createAeOutputRecord  792 -  TM-ADJ-APP-INSTANCE    PIC X(02)=1 
10:04:44.534 [main] INFO  com.cloudframe.app.process.Usbaeext.createAeOutputRecord  794 -  TM-ADJ-ENTRY           PIC X(04)=8376
10:04:44.535 [main] INFO  com.cloudframe.app.process.Usbaeext.createAeOutputRecord  796 -  TM-ADJ-CYCLE           PIC X(01)=5
10:04:44.535 [main] INFO  com.cloudframe.app.process.Usbaeext.createAeOutputRecord  798 -  TM-ADJ-END             PIC X(03)=END
10:04:44.536 [main] INFO  com.cloudframe.app.process.Usbaeext.createAeOutputRecord  882 -  
10:04:44.536 [main] INFO  com.cloudframe.app.process.Usbaeext.createAeOutputRecord  884 -  TM-ADJ-CORR-AMT  ->1000000 OV4-ADJ-AMNT ->10000
10:04:44.540 [main] INFO  com.cloudframe.app.process.Usbaeext.createAeOutputRecord  734 -  
10:04:44.540 [main] INFO  com.cloudframe.app.process.Usbaeext.createAeOutputRecord  736 -  ADJUSTMENT CODE MATCH  TM-ADJ-CODE ->705
10:04:44.541 [main] INFO  com.cloudframe.app.process.Usbaeext.createAeOutputRecord  738 -  
10:04:44.541 [main] INFO  com.cloudframe.app.process.Usbaeext.createAeOutputRecord  740 -  TM-ADJ-NO              PIC 9(07)=1752167
10:04:44.541 [main] INFO  com.cloudframe.app.process.Usbaeext.createAeOutputRecord  742 -  TM-ADJ-DATE            PIC X(10)=06/09/2023
10:04:44.541 [main] INFO  com.cloudframe.app.process.Usbaeext.createAeOutputRecord  744 -  TM-ADJ-TIME            PIC 9(07)=6329373
10:04:44.541 [main] INFO  com.cloudframe.app.process.Usbaeext.createAeOutputRecord  746 -  TM-ADJ-ACCT  J-RIGHT   PIC X(18)=      170225033183
10:04:44.542 [main] INFO  com.cloudframe.app.process.Usbaeext.createAeOutputRecord  748 -  TM-ADJ-DEP-DDR-KEY     PIC X(08)=10849912
10:04:44.542 [main] INFO  com.cloudframe.app.process.Usbaeext.createAeOutputRecord  750 -  TM-ADJ-PSET            PIC X(01)=2
10:04:44.542 [main] INFO  com.cloudframe.app.process.Usbaeext.createAeOutputRecord  752 -  TM-ADJ-DDR-KEY         PIC X(08)=10849915
10:04:44.543 [main] INFO  com.cloudframe.app.process.Usbaeext.createAeOutputRecord  754 -  TM-ADJ-DEP-ACCT J-RGHT PIC X(18)=      170225033183
10:04:44.545 [main] INFO  com.cloudframe.app.process.Usbaeext.createAeOutputRecord  756 -  TM-ADJ-DEP-AMT       PIC 9(16)V99=9149800
10:04:44.545 [main] INFO  com.cloudframe.app.process.Usbaeext.createAeOutputRecord  758 -  TM-ADJ-CORR-AMT      PIC 9(16)V99=1300000
10:04:44.545 [main] INFO  com.cloudframe.app.process.Usbaeext.createAeOutputRecord  760 -  TM-ADJ-CLASS           PIC X(02)=1 
10:04:44.545 [main] INFO  com.cloudframe.app.process.Usbaeext.createAeOutputRecord  762 -  TM-ADJ-CODE            PIC X(04)=705
10:04:44.546 [main] INFO  com.cloudframe.app.process.Usbaeext.createAeOutputRecord  764 -  TM-ADJ-NAME            PIC X(15)=CustExtra      
10:04:44.548 [main] INFO  com.cloudframe.app.process.Usbaeext.createAeOutputRecord  766 -  TM-ADJ-OPER-NO         PIC X(03)=888
10:04:44.548 [main] INFO  com.cloudframe.app.process.Usbaeext.createAeOutputRecord  768 -  TM-ADJ-ENTRY-KEY       PIC X(05)=68479
10:04:44.548 [main] INFO  com.cloudframe.app.process.Usbaeext.createAeOutputRecord  770 -  TM-ADJ-STATE           PIC X(03)=22 
10:04:44.548 [main] INFO  com.cloudframe.app.process.Usbaeext.createAeOutputRecord  772 -  TM-ADJ-COMMENT         PIC X(50)=Extra items totaling; $130.00.                    
10:04:44.548 [main] INFO  com.cloudframe.app.process.Usbaeext.createAeOutputRecord  774 -  TM-ADJ-RT              PIC X(09)=543210483
10:04:44.549 [main] INFO  com.cloudframe.app.process.Usbaeext.createAeOutputRecord  776 -  TM-ADJ-AMT           PIC 9(16)V99=130000
10:04:44.553 [main] INFO  com.cloudframe.app.process.Usbaeext.createAeOutputRecord  778 -  TM-ADJ-ITEM-CLASS      PIC X(02)=2 
10:04:44.553 [main] INFO  com.cloudframe.app.process.Usbaeext.createAeOutputRecord  780 -  TM-ADJ-FIRST-DRN       PIC X(20)=          7175827914
10:04:44.553 [main] INFO  com.cloudframe.app.process.Usbaeext.createAeOutputRecord  782 -  TM-ADJ-DRN             PIC X(20)=          7175902167
10:04:44.553 [main] INFO  com.cloudframe.app.process.Usbaeext.createAeOutputRecord  784 -  TM-ADJ-LOOKUP-TEXT     PIC X(30)=                              
10:04:44.553 [main] INFO  com.cloudframe.app.process.Usbaeext.createAeOutputRecord  786 -  TM-ADJ-ADVICE-KEY      PIC X(08)=524088  
10:04:44.554 [main] INFO  com.cloudframe.app.process.Usbaeext.createAeOutputRecord  788 -  TM-ADJ-CORR-F5         PIC X(10)=7175827914
10:04:44.554 [main] INFO  com.cloudframe.app.process.Usbaeext.createAeOutputRecord  790 -  TM-ADJ-DEP-F5          PIC X(10)=          
10:04:44.554 [main] INFO  com.cloudframe.app.process.Usbaeext.createAeOutputRecord  792 -  TM-ADJ-APP-INSTANCE    PIC X(02)=1 
10:04:44.554 [main] INFO  com.cloudframe.app.process.Usbaeext.createAeOutputRecord  794 -  TM-ADJ-ENTRY           PIC X(04)=8082
10:04:44.554 [main] INFO  com.cloudframe.app.process.Usbaeext.createAeOutputRecord  796 -  TM-ADJ-CYCLE           PIC X(01)=5
10:04:44.554 [main] INFO  com.cloudframe.app.process.Usbaeext.createAeOutputRecord  798 -  TM-ADJ-END             PIC X(03)=END
10:04:44.556 [main] INFO  com.cloudframe.app.process.Usbaeext.createAeOutputRecord  882 -  
10:04:44.556 [main] INFO  com.cloudframe.app.process.Usbaeext.createAeOutputRecord  884 -  TM-ADJ-CORR-AMT  ->1300000 OV4-ADJ-AMNT ->13000
10:04:44.643 [main] INFO  com.cloudframe.app.process.Usbaeext.createAeOutputRecord  734 -  
10:04:44.645 [main] INFO  com.cloudframe.app.process.Usbaeext.createAeOutputRecord  736 -  ADJUSTMENT CODE MATCH  TM-ADJ-CODE ->705
10:04:44.646 [main] INFO  com.cloudframe.app.process.Usbaeext.createAeOutputRecord  738 -  
10:04:44.646 [main] INFO  com.cloudframe.app.process.Usbaeext.createAeOutputRecord  740 -  TM-ADJ-NO              PIC 9(07)=1752205
10:04:44.646 [main] INFO  com.cloudframe.app.process.Usbaeext.createAeOutputRecord  742 -  TM-ADJ-DATE            PIC X(10)=06/09/2023
10:04:44.646 [main] INFO  com.cloudframe.app.process.Usbaeext.createAeOutputRecord  744 -  TM-ADJ-TIME            PIC 9(07)=6472870
10:04:44.647 [main] INFO  com.cloudframe.app.process.Usbaeext.createAeOutputRecord  746 -  TM-ADJ-ACCT  J-RIGHT   PIC X(18)=      170225033183
10:04:44.647 [main] INFO  com.cloudframe.app.process.Usbaeext.createAeOutputRecord  748 -  TM-ADJ-DEP-DDR-KEY     PIC X(08)=10893719
10:04:44.647 [main] INFO  com.cloudframe.app.process.Usbaeext.createAeOutputRecord  750 -  TM-ADJ-PSET            PIC X(01)=2
10:04:44.647 [main] INFO  com.cloudframe.app.process.Usbaeext.createAeOutputRecord  752 -  TM-ADJ-DDR-KEY         PIC X(08)=10893719
10:04:44.648 [main] INFO  com.cloudframe.app.process.Usbaeext.createAeOutputRecord  754 -  TM-ADJ-DEP-ACCT J-RGHT PIC X(18)=      170225033183
10:04:44.648 [main] INFO  com.cloudframe.app.process.Usbaeext.createAeOutputRecord  756 -  TM-ADJ-DEP-AMT       PIC 9(16)V99=185622500
10:04:44.648 [main] INFO  com.cloudframe.app.process.Usbaeext.createAeOutputRecord  758 -  TM-ADJ-CORR-AMT      PIC 9(16)V99=600000
10:04:44.648 [main] INFO  com.cloudframe.app.process.Usbaeext.createAeOutputRecord  760 -  TM-ADJ-CLASS           PIC X(02)=1 
10:04:44.648 [main] INFO  com.cloudframe.app.process.Usbaeext.createAeOutputRecord  762 -  TM-ADJ-CODE            PIC X(04)=705
10:04:44.649 [main] INFO  com.cloudframe.app.process.Usbaeext.createAeOutputRecord  764 -  TM-ADJ-NAME            PIC X(15)=CustExtra      
10:04:44.649 [main] INFO  com.cloudframe.app.process.Usbaeext.createAeOutputRecord  766 -  TM-ADJ-OPER-NO         PIC X(03)=739
10:04:44.649 [main] INFO  com.cloudframe.app.process.Usbaeext.createAeOutputRecord  768 -  TM-ADJ-ENTRY-KEY       PIC X(05)=68484
10:04:44.649 [main] INFO  com.cloudframe.app.process.Usbaeext.createAeOutputRecord  770 -  TM-ADJ-STATE           PIC X(03)=22 
10:04:44.649 [main] INFO  com.cloudframe.app.process.Usbaeext.createAeOutputRecord  772 -  TM-ADJ-COMMENT         PIC X(50)=Extra item(s); $60.00.                            
10:04:44.650 [main] INFO  com.cloudframe.app.process.Usbaeext.createAeOutputRecord  774 -  TM-ADJ-RT              PIC X(09)=543210483
10:04:44.650 [main] INFO  com.cloudframe.app.process.Usbaeext.createAeOutputRecord  776 -  TM-ADJ-AMT           PIC 9(16)V99=185622500
10:04:44.650 [main] INFO  com.cloudframe.app.process.Usbaeext.createAeOutputRecord  778 -  TM-ADJ-ITEM-CLASS      PIC X(02)=1 
10:04:44.650 [main] INFO  com.cloudframe.app.process.Usbaeext.createAeOutputRecord  780 -  TM-ADJ-FIRST-DRN       PIC X(20)=                    
10:04:44.650 [main] INFO  com.cloudframe.app.process.Usbaeext.createAeOutputRecord  782 -  TM-ADJ-DRN             PIC X(20)=          7175902205
10:04:44.651 [main] INFO  com.cloudframe.app.process.Usbaeext.createAeOutputRecord  784 -  TM-ADJ-LOOKUP-TEXT     PIC X(30)=                              
10:04:44.652 [main] INFO  com.cloudframe.app.process.Usbaeext.createAeOutputRecord  786 -  TM-ADJ-ADVICE-KEY      PIC X(08)=523621  
10:04:44.652 [main] INFO  com.cloudframe.app.process.Usbaeext.createAeOutputRecord  788 -  TM-ADJ-CORR-F5         PIC X(10)=7175829449
10:04:44.652 [main] INFO  com.cloudframe.app.process.Usbaeext.createAeOutputRecord  790 -  TM-ADJ-DEP-F5          PIC X(10)=          
10:04:44.652 [main] INFO  com.cloudframe.app.process.Usbaeext.createAeOutputRecord  792 -  TM-ADJ-APP-INSTANCE    PIC X(02)=1 
10:04:44.652 [main] INFO  com.cloudframe.app.process.Usbaeext.createAeOutputRecord  794 -  TM-ADJ-ENTRY           PIC X(04)=8127
10:04:44.652 [main] INFO  com.cloudframe.app.process.Usbaeext.createAeOutputRecord  796 -  TM-ADJ-CYCLE           PIC X(01)=5
10:04:44.653 [main] INFO  com.cloudframe.app.process.Usbaeext.createAeOutputRecord  798 -  TM-ADJ-END             PIC X(03)=END
10:04:44.654 [main] INFO  com.cloudframe.app.process.Usbaeext.createAeOutputRecord  882 -  
10:04:44.654 [main] INFO  com.cloudframe.app.process.Usbaeext.createAeOutputRecord  884 -  TM-ADJ-CORR-AMT  ->600000 OV4-ADJ-AMNT ->6000
10:04:44.657 [main] INFO  com.cloudframe.app.process.Usbaeext.createAeOutputRecord  734 -  
10:04:44.657 [main] INFO  com.cloudframe.app.process.Usbaeext.createAeOutputRecord  736 -  ADJUSTMENT CODE MATCH  TM-ADJ-CODE ->705
10:04:44.658 [main] INFO  com.cloudframe.app.process.Usbaeext.createAeOutputRecord  738 -  
10:04:44.658 [main] INFO  com.cloudframe.app.process.Usbaeext.createAeOutputRecord  740 -  TM-ADJ-NO              PIC 9(07)=7802360
10:04:44.658 [main] INFO  com.cloudframe.app.process.Usbaeext.createAeOutputRecord  742 -  TM-ADJ-DATE            PIC X(10)=06/09/2023
10:04:44.658 [main] INFO  com.cloudframe.app.process.Usbaeext.createAeOutputRecord  744 -  TM-ADJ-TIME            PIC 9(07)=6768756
10:04:44.658 [main] INFO  com.cloudframe.app.process.Usbaeext.createAeOutputRecord  746 -  TM-ADJ-ACCT  J-RIGHT   PIC X(18)=      153591356776
10:04:44.658 [main] INFO  com.cloudframe.app.process.Usbaeext.createAeOutputRecord  748 -  TM-ADJ-DEP-DDR-KEY     PIC X(08)=10903366
10:04:44.659 [main] INFO  com.cloudframe.app.process.Usbaeext.createAeOutputRecord  750 -  TM-ADJ-PSET            PIC X(01)=6
10:04:44.659 [main] INFO  com.cloudframe.app.process.Usbaeext.createAeOutputRecord  752 -  TM-ADJ-DDR-KEY         PIC X(08)=10903368
10:04:44.659 [main] INFO  com.cloudframe.app.process.Usbaeext.createAeOutputRecord  754 -  TM-ADJ-DEP-ACCT J-RGHT PIC X(18)=      153591356776
10:04:44.659 [main] INFO  com.cloudframe.app.process.Usbaeext.createAeOutputRecord  756 -  TM-ADJ-DEP-AMT       PIC 9(16)V99=24270000
10:04:44.659 [main] INFO  com.cloudframe.app.process.Usbaeext.createAeOutputRecord  758 -  TM-ADJ-CORR-AMT      PIC 9(16)V99=630000
10:04:44.660 [main] INFO  com.cloudframe.app.process.Usbaeext.createAeOutputRecord  760 -  TM-ADJ-CLASS           PIC X(02)=1 
10:04:44.660 [main] INFO  com.cloudframe.app.process.Usbaeext.createAeOutputRecord  762 -  TM-ADJ-CODE            PIC X(04)=705
10:04:44.660 [main] INFO  com.cloudframe.app.process.Usbaeext.createAeOutputRecord  764 -  TM-ADJ-NAME            PIC X(15)=CustExtra      
10:04:44.660 [main] INFO  com.cloudframe.app.process.Usbaeext.createAeOutputRecord  766 -  TM-ADJ-OPER-NO         PIC X(03)=132
10:04:44.660 [main] INFO  com.cloudframe.app.process.Usbaeext.createAeOutputRecord  768 -  TM-ADJ-ENTRY-KEY       PIC X(05)=68533
10:04:44.660 [main] INFO  com.cloudframe.app.process.Usbaeext.createAeOutputRecord  770 -  TM-ADJ-STATE           PIC X(03)=22 
10:04:44.661 [main] INFO  com.cloudframe.app.process.Usbaeext.createAeOutputRecord  772 -  TM-ADJ-COMMENT         PIC X(50)=Extra item(s); $63.00.                            
10:04:44.661 [main] INFO  com.cloudframe.app.process.Usbaeext.createAeOutputRecord  774 -  TM-ADJ-RT              PIC X(09)=543210483
10:04:44.661 [main] INFO  com.cloudframe.app.process.Usbaeext.createAeOutputRecord  776 -  TM-ADJ-AMT           PIC 9(16)V99=630000
10:04:44.661 [main] INFO  com.cloudframe.app.process.Usbaeext.createAeOutputRecord  778 -  TM-ADJ-ITEM-CLASS      PIC X(02)=2 
10:04:44.661 [main] INFO  com.cloudframe.app.process.Usbaeext.createAeOutputRecord  780 -  TM-ADJ-FIRST-DRN       PIC X(20)=          6780362636
10:04:44.661 [main] INFO  com.cloudframe.app.process.Usbaeext.createAeOutputRecord  782 -  TM-ADJ-DRN             PIC X(20)=          6780902360
10:04:44.662 [main] INFO  com.cloudframe.app.process.Usbaeext.createAeOutputRecord  784 -  TM-ADJ-LOOKUP-TEXT     PIC X(30)=                              
10:04:44.662 [main] INFO  com.cloudframe.app.process.Usbaeext.createAeOutputRecord  786 -  TM-ADJ-ADVICE-KEY      PIC X(08)=523640  
10:04:44.662 [main] INFO  com.cloudframe.app.process.Usbaeext.createAeOutputRecord  788 -  TM-ADJ-CORR-F5         PIC X(10)=6780362636
10:04:44.662 [main] INFO  com.cloudframe.app.process.Usbaeext.createAeOutputRecord  790 -  TM-ADJ-DEP-F5          PIC X(10)=          
10:04:44.662 [main] INFO  com.cloudframe.app.process.Usbaeext.createAeOutputRecord  792 -  TM-ADJ-APP-INSTANCE    PIC X(02)=1 
10:04:44.664 [main] INFO  com.cloudframe.app.process.Usbaeext.createAeOutputRecord  794 -  TM-ADJ-ENTRY           PIC X(04)=8618
10:04:44.664 [main] INFO  com.cloudframe.app.process.Usbaeext.createAeOutputRecord  796 -  TM-ADJ-CYCLE           PIC X(01)=5
10:04:44.664 [main] INFO  com.cloudframe.app.process.Usbaeext.createAeOutputRecord  798 -  TM-ADJ-END             PIC X(03)=END
10:04:44.665 [main] INFO  com.cloudframe.app.process.Usbaeext.createAeOutputRecord  882 -  
10:04:44.665 [main] INFO  com.cloudframe.app.process.Usbaeext.createAeOutputRecord  884 -  TM-ADJ-CORR-AMT  ->630000 OV4-ADJ-AMNT ->6300
10:04:44.666 [main] INFO  com.cloudframe.app.process.Usbaeext.createAeOutputRecord  734 -  
10:04:44.667 [main] INFO  com.cloudframe.app.process.Usbaeext.createAeOutputRecord  736 -  ADJUSTMENT CODE MATCH  TM-ADJ-CODE ->702
10:04:44.667 [main] INFO  com.cloudframe.app.process.Usbaeext.createAeOutputRecord  738 -  
10:04:44.667 [main] INFO  com.cloudframe.app.process.Usbaeext.createAeOutputRecord  740 -  TM-ADJ-NO              PIC 9(07)=6822417
10:04:44.667 [main] INFO  com.cloudframe.app.process.Usbaeext.createAeOutputRecord  742 -  TM-ADJ-DATE            PIC X(10)=06/09/2023
10:04:44.668 [main] INFO  com.cloudframe.app.process.Usbaeext.createAeOutputRecord  744 -  TM-ADJ-TIME            PIC 9(07)=6909095
10:04:44.668 [main] INFO  com.cloudframe.app.process.Usbaeext.createAeOutputRecord  746 -  TM-ADJ-ACCT  J-RIGHT   PIC X(18)=      153301420250
10:04:44.668 [main] INFO  com.cloudframe.app.process.Usbaeext.createAeOutputRecord  748 -  TM-ADJ-DEP-DDR-KEY     PIC X(08)=10883011
10:04:44.668 [main] INFO  com.cloudframe.app.process.Usbaeext.createAeOutputRecord  750 -  TM-ADJ-PSET            PIC X(01)=6
10:04:44.668 [main] INFO  com.cloudframe.app.process.Usbaeext.createAeOutputRecord  752 -  TM-ADJ-DDR-KEY         PIC X(08)=10883012
10:04:44.669 [main] INFO  com.cloudframe.app.process.Usbaeext.createAeOutputRecord  754 -  TM-ADJ-DEP-ACCT J-RGHT PIC X(18)=      153301420250
10:04:44.669 [main] INFO  com.cloudframe.app.process.Usbaeext.createAeOutputRecord  756 -  TM-ADJ-DEP-AMT       PIC 9(16)V99=79433500
10:04:44.670 [main] INFO  com.cloudframe.app.process.Usbaeext.createAeOutputRecord  758 -  TM-ADJ-CORR-AMT      PIC 9(16)V99=100000
10:04:44.670 [main] INFO  com.cloudframe.app.process.Usbaeext.createAeOutputRecord  760 -  TM-ADJ-CLASS           PIC X(02)=2 
10:04:44.670 [main] INFO  com.cloudframe.app.process.Usbaeext.createAeOutputRecord  762 -  TM-ADJ-CODE            PIC X(04)=702
10:04:44.670 [main] INFO  com.cloudframe.app.process.Usbaeext.createAeOutputRecord  764 -  TM-ADJ-NAME            PIC X(15)=CustList       
10:04:44.670 [main] INFO  com.cloudframe.app.process.Usbaeext.createAeOutputRecord  766 -  TM-ADJ-OPER-NO         PIC X(03)=132
10:04:44.670 [main] INFO  com.cloudframe.app.process.Usbaeext.createAeOutputRecord  768 -  TM-ADJ-ENTRY-KEY       PIC X(05)=68537
10:04:44.670 [main] INFO  com.cloudframe.app.process.Usbaeext.createAeOutputRecord  770 -  TM-ADJ-STATE           PIC X(03)=22 
10:04:44.671 [main] INFO  com.cloudframe.app.process.Usbaeext.createAeOutputRecord  772 -  TM-ADJ-COMMENT         PIC X(50)=Check listed as $344.56 ; received as $334.56.    
10:04:44.671 [main] INFO  com.cloudframe.app.process.Usbaeext.createAeOutputRecord  774 -  TM-ADJ-RT              PIC X(09)=543611972
10:04:44.671 [main] INFO  com.cloudframe.app.process.Usbaeext.createAeOutputRecord  776 -  TM-ADJ-AMT           PIC 9(16)V99=3345600
10:04:44.671 [main] INFO  com.cloudframe.app.process.Usbaeext.createAeOutputRecord  778 -  TM-ADJ-ITEM-CLASS      PIC X(02)=2 
10:04:44.671 [main] INFO  com.cloudframe.app.process.Usbaeext.createAeOutputRecord  780 -  TM-ADJ-FIRST-DRN       PIC X(20)=          6682824118
10:04:44.671 [main] INFO  com.cloudframe.app.process.Usbaeext.createAeOutputRecord  782 -  TM-ADJ-DRN             PIC X(20)=          6682902417
10:04:44.671 [main] INFO  com.cloudframe.app.process.Usbaeext.createAeOutputRecord  784 -  TM-ADJ-LOOKUP-TEXT     PIC X(30)=                              
10:04:44.672 [main] INFO  com.cloudframe.app.process.Usbaeext.createAeOutputRecord  786 -  TM-ADJ-ADVICE-KEY      PIC X(08)=523647  
10:04:44.672 [main] INFO  com.cloudframe.app.process.Usbaeext.createAeOutputRecord  788 -  TM-ADJ-CORR-F5         PIC X(10)=6682824118
10:04:44.672 [main] INFO  com.cloudframe.app.process.Usbaeext.createAeOutputRecord  790 -  TM-ADJ-DEP-F5          PIC X(10)=          
10:04:44.672 [main] INFO  com.cloudframe.app.process.Usbaeext.createAeOutputRecord  792 -  TM-ADJ-APP-INSTANCE    PIC X(02)=1 
10:04:44.672 [main] INFO  com.cloudframe.app.process.Usbaeext.createAeOutputRecord  794 -  TM-ADJ-ENTRY           PIC X(04)=8660
10:04:44.672 [main] INFO  com.cloudframe.app.process.Usbaeext.createAeOutputRecord  796 -  TM-ADJ-CYCLE           PIC X(01)=5
10:04:44.672 [main] INFO  com.cloudframe.app.process.Usbaeext.createAeOutputRecord  798 -  TM-ADJ-END             PIC X(03)=END
10:04:44.673 [main] INFO  com.cloudframe.app.process.Usbaeext.createAeOutputRecord  882 -  
10:04:44.673 [main] INFO  com.cloudframe.app.process.Usbaeext.createAeOutputRecord  884 -  TM-ADJ-CORR-AMT  ->100000 OV4-ADJ-AMNT ->1000
10:04:44.679 [main] INFO  com.cloudframe.app.process.Usbaeext.createAeOutputRecord  734 -  
10:04:44.680 [main] INFO  com.cloudframe.app.process.Usbaeext.createAeOutputRecord  736 -  ADJUSTMENT CODE MATCH  TM-ADJ-CODE ->705
10:04:44.680 [main] INFO  com.cloudframe.app.process.Usbaeext.createAeOutputRecord  738 -  
10:04:44.680 [main] INFO  com.cloudframe.app.process.Usbaeext.createAeOutputRecord  740 -  TM-ADJ-NO              PIC 9(07)=6802634
10:04:44.680 [main] INFO  com.cloudframe.app.process.Usbaeext.createAeOutputRecord  742 -  TM-ADJ-DATE            PIC X(10)=06/09/2023
10:04:44.680 [main] INFO  com.cloudframe.app.process.Usbaeext.createAeOutputRecord  744 -  TM-ADJ-TIME            PIC 9(07)=7460938
10:04:44.681 [main] INFO  com.cloudframe.app.process.Usbaeext.createAeOutputRecord  746 -  TM-ADJ-ACCT  J-RIGHT   PIC X(18)=      158200695951
10:04:44.681 [main] INFO  com.cloudframe.app.process.Usbaeext.createAeOutputRecord  748 -  TM-ADJ-DEP-DDR-KEY     PIC X(08)=10906362
10:04:44.681 [main] INFO  com.cloudframe.app.process.Usbaeext.createAeOutputRecord  750 -  TM-ADJ-PSET            PIC X(01)=6
10:04:44.681 [main] INFO  com.cloudframe.app.process.Usbaeext.createAeOutputRecord  752 -  TM-ADJ-DDR-KEY         PIC X(08)=10906362
10:04:44.681 [main] INFO  com.cloudframe.app.process.Usbaeext.createAeOutputRecord  754 -  TM-ADJ-DEP-ACCT J-RGHT PIC X(18)=      158200695951
10:04:44.682 [main] INFO  com.cloudframe.app.process.Usbaeext.createAeOutputRecord  756 -  TM-ADJ-DEP-AMT       PIC 9(16)V99=24900000
10:04:44.682 [main] INFO  com.cloudframe.app.process.Usbaeext.createAeOutputRecord  758 -  TM-ADJ-CORR-AMT      PIC 9(16)V99=1600000
10:04:44.682 [main] INFO  com.cloudframe.app.process.Usbaeext.createAeOutputRecord  760 -  TM-ADJ-CLASS           PIC X(02)=1 
10:04:44.682 [main] INFO  com.cloudframe.app.process.Usbaeext.createAeOutputRecord  762 -  TM-ADJ-CODE            PIC X(04)=705
10:04:44.682 [main] INFO  com.cloudframe.app.process.Usbaeext.createAeOutputRecord  764 -  TM-ADJ-NAME            PIC X(15)=CustExtra      
10:04:44.682 [main] INFO  com.cloudframe.app.process.Usbaeext.createAeOutputRecord  766 -  TM-ADJ-OPER-NO         PIC X(03)=639
10:04:44.683 [main] INFO  com.cloudframe.app.process.Usbaeext.createAeOutputRecord  768 -  TM-ADJ-ENTRY-KEY       PIC X(05)=68548
10:04:44.683 [main] INFO  com.cloudframe.app.process.Usbaeext.createAeOutputRecord  770 -  TM-ADJ-STATE           PIC X(03)=22 
10:04:44.683 [main] INFO  com.cloudframe.app.process.Usbaeext.createAeOutputRecord  772 -  TM-ADJ-COMMENT         PIC X(50)=Extra item(s); $160.00.                           
10:04:44.683 [main] INFO  com.cloudframe.app.process.Usbaeext.createAeOutputRecord  774 -  TM-ADJ-RT              PIC X(09)=543210483
10:04:44.683 [main] INFO  com.cloudframe.app.process.Usbaeext.createAeOutputRecord  776 -  TM-ADJ-AMT           PIC 9(16)V99=1600000
10:04:44.683 [main] INFO  com.cloudframe.app.process.Usbaeext.createAeOutputRecord  778 -  TM-ADJ-ITEM-CLASS      PIC X(02)=2 
10:04:44.683 [main] INFO  com.cloudframe.app.process.Usbaeext.createAeOutputRecord  780 -  TM-ADJ-FIRST-DRN       PIC X(20)=          6680303726
10:04:44.684 [main] INFO  com.cloudframe.app.process.Usbaeext.createAeOutputRecord  782 -  TM-ADJ-DRN             PIC X(20)=          6680902634
10:04:44.685 [main] INFO  com.cloudframe.app.process.Usbaeext.createAeOutputRecord  784 -  TM-ADJ-LOOKUP-TEXT     PIC X(30)=                              
10:04:44.685 [main] INFO  com.cloudframe.app.process.Usbaeext.createAeOutputRecord  786 -  TM-ADJ-ADVICE-KEY      PIC X(08)=523686  
10:04:44.686 [main] INFO  com.cloudframe.app.process.Usbaeext.createAeOutputRecord  788 -  TM-ADJ-CORR-F5         PIC X(10)=6680303726
10:04:44.686 [main] INFO  com.cloudframe.app.process.Usbaeext.createAeOutputRecord  790 -  TM-ADJ-DEP-F5          PIC X(10)=          
10:04:44.686 [main] INFO  com.cloudframe.app.process.Usbaeext.createAeOutputRecord  792 -  TM-ADJ-APP-INSTANCE    PIC X(02)=1 
10:04:44.686 [main] INFO  com.cloudframe.app.process.Usbaeext.createAeOutputRecord  794 -  TM-ADJ-ENTRY           PIC X(04)=8771
10:04:44.686 [main] INFO  com.cloudframe.app.process.Usbaeext.createAeOutputRecord  796 -  TM-ADJ-CYCLE           PIC X(01)=5
10:04:44.686 [main] INFO  com.cloudframe.app.process.Usbaeext.createAeOutputRecord  798 -  TM-ADJ-END             PIC X(03)=END
10:04:44.687 [main] INFO  com.cloudframe.app.process.Usbaeext.createAeOutputRecord  882 -  
10:04:44.687 [main] INFO  com.cloudframe.app.process.Usbaeext.createAeOutputRecord  884 -  TM-ADJ-CORR-AMT  ->1600000 OV4-ADJ-AMNT ->16000
