23:28:30.097 [main] INFO  o.s.boot.StartupInfoLogger.logStarting   50 - Starting CFApplication v0.0.1-SNAPSHOT using Java 17.0.14 with PID 1870105 (/home/jenkins/workspace/CFTestAutomation_Release/Testing/results/jcl/USBICE/USBICE/target/USBICE-0.0.1-SNAPSHOT.jar started by root in /home/jenkins/workspace/CFTestAutomation_Release/Testing/results/jcl/USBICE/USBICE)
23:28:30.105 [main] INFO  o.s.boot.SpringApplication.logStartupProfileInfo  654 - No active profile set, falling back to 1 default profile: "default"
23:28:33.409 [main] INFO  o.s.boot.StartupInfoLogger.logStarted   56 - Started CFApplication in 4.371 seconds (process running for 5.314)
23:28:33.424 [main] INFO  c.c.app.utility.CFConfiguration.cfDataConnectIOInfo  107 - CFDataConnectIO version : 5.0.0.21
23:28:33.481 [main] INFO  c.c.a.u.d.plus.CFDcioConfiguration.cfDataConnectIOPlusInfo   28 - CFDataConnectIOPlus version : 5.0.0.21
23:28:33.510 [main] INFO  o.s.j.d.e.EmbeddedDatabaseFactory.initDatabase  189 - Starting embedded database: url='jdbc:h2:mem:testdb;DB_CLOSE_DELAY=-1;DB_CLOSE_ON_EXIT=false', username='sa'
23:28:34.562 [main] INFO  o.s.b.a.b.JobLauncherApplicationRunner.run  168 - Running default command line with: []
23:28:34.638 [main] INFO  o.s.b.c.l.s.SimpleJobLauncher$1.run  154 - Job: [FlowJob: [name=USBICE]] launched with the following parameters: [{}]
23:28:34.717 [main] INFO  o.s.batch.core.job.SimpleStepHandler.handleStep  150 - Executing step: [p030Decider]
23:28:34.773 [main] INFO  o.s.batch.core.step.AbstractStep.execute  295 - Step: [p030Decider] executed in 54ms
23:28:34.811 [main] INFO  o.s.batch.core.job.SimpleStepHandler.handleStep  150 - Executing step: [readUsbiceP030SortInput]
23:28:34.909 [main] INFO  o.s.batch.core.step.AbstractStep.execute  295 - Step: [readUsbiceP030SortInput] executed in 96ms
23:28:34.936 [main] INFO  o.s.batch.core.job.SimpleStepHandler.handleStep  150 - Executing step: [sortUsbiceP030Process]
23:28:34.989 [main] INFO  o.s.batch.core.step.AbstractStep.execute  295 - Step: [sortUsbiceP030Process] executed in 51ms
23:28:35.026 [main] INFO  o.s.batch.core.job.SimpleStepHandler.handleStep  150 - Executing step: [writeUsbiceP030SortOutput]
23:28:35.073 [main] INFO  c.c.app.tasks.UsbiceP030OutputWriter.afterStep   91 - STEPNAME: USBICEP030 Execution completed, number of RECORDS - IN: 87,  OUT: 6
23:28:35.078 [main] INFO  o.s.batch.core.step.AbstractStep.execute  295 - Step: [writeUsbiceP030SortOutput] executed in 51ms
23:28:35.106 [main] INFO  o.s.batch.core.job.SimpleStepHandler.handleStep  150 - Executing step: [p0301Decider]
23:28:35.141 [main] INFO  o.s.batch.core.step.AbstractStep.execute  295 - Step: [p0301Decider] executed in 34ms
23:28:35.166 [main] INFO  o.s.batch.core.job.SimpleStepHandler.handleStep  150 - Executing step: [readUsbiceP0301SortInput]
23:28:35.229 [main] INFO  o.s.batch.core.step.AbstractStep.execute  295 - Step: [readUsbiceP0301SortInput] executed in 61ms
23:28:35.279 [main] INFO  o.s.batch.core.job.SimpleStepHandler.handleStep  150 - Executing step: [sortUsbiceP0301Process]
23:28:35.339 [main] INFO  o.s.batch.core.step.AbstractStep.execute  295 - Step: [sortUsbiceP0301Process] executed in 59ms
23:28:35.367 [main] INFO  o.s.batch.core.job.SimpleStepHandler.handleStep  150 - Executing step: [writeUsbiceP0301SortOutput]
23:28:35.407 [main] INFO  c.c.a.tasks.UsbiceP0301OutputWriter.afterStep   91 - STEPNAME: USBICEP0301 Execution completed, number of RECORDS - IN: 7,  OUT: 7
23:28:35.411 [main] INFO  o.s.batch.core.step.AbstractStep.execute  295 - Step: [writeUsbiceP0301SortOutput] executed in 43ms
23:28:35.431 [main] INFO  o.s.batch.core.job.SimpleStepHandler.handleStep  150 - Executing step: [p040]
23:28:35.472 [main] INFO  o.s.batch.core.step.AbstractStep.execute  295 - Step: [p040] executed in 39ms
23:28:35.490 [main] INFO  o.s.batch.core.job.SimpleStepHandler.handleStep  150 - Executing step: [p050]
23:28:35.509 [main] INFO  o.s.batch.core.step.AbstractStep.execute  295 - Step: [p050] executed in 18ms
23:28:35.527 [main] INFO  o.s.batch.core.job.SimpleStepHandler.handleStep  150 - Executing step: [printSummary]
23:28:35.548 [main] INFO  com.cloudframe.app.CFStepHandler.printExecutionSummary  267 - JOB : USBICE ENDED -  0000
23:28:35.549 [main] INFO  com.cloudframe.app.CFStepHandler.printExecutionSummary  271 - 

Stepwise Execution Summary :
+-------------------------------------------------------------+
| STEPNAME   | PROGRAM      | RC          | ELAPSED           |
|            |              |             | HH:MM:SS:ss       |
+-------------------------------------------------------------+
| P030       | ICETOOL      | 00          | 00:00:00:350      |
+-------------------------------------------------------------+
| P0301      | ICETOOL      | 00          | 00:00:00:294      |
+-------------------------------------------------------------+
| P040       | IDCAMS       | 00          | 00:00:00:039      |
+-------------------------------------------------------------+
| P050       | IDCAMS       | 00          | 00:00:00:018      |
+-------------------------------------------------------------+
  
23:28:35.557 [main] INFO  o.s.batch.core.step.AbstractStep.execute  295 - Step: [printSummary] executed in 28ms
23:28:35.574 [main] INFO  o.s.b.c.l.s.SimpleJobLauncher$1.run  161 - Job: [FlowJob: [name=USBICE]] completed with the following parameters: [{}] and the following status: [COMPLETED] in 902ms
23:28:35.584 [main] INFO  o.s.j.d.e.EmbeddedDatabaseFactory.shutdownDatabase  220 - Shutting down embedded database: url='jdbc:h2:mem:testdb;DB_CLOSE_DELAY=-1;DB_CLOSE_ON_EXIT=false'
