11:03:46.331 [main] INFO  o.s.boot.StartupInfoLogger.logStarting   50 - Starting CFApplication v0.0.1-SNAPSHOT using Java 17.0.14 with PID 1192828 (/home/jenkins/workspace/CFTestAutomation_Release/Testing/results/jcl/HEADERTRAILER/HEADERTRAILER/target/HEADERTRAILER-0.0.1-SNAPSHOT.jar started by root in /home/jenkins/workspace/CFTestAutomation_Release/Testing/results/jcl/HEADERTRAILER/HEADERTRAILER)
11:03:46.339 [main] INFO  o.s.boot.SpringApplication.logStartupProfileInfo  654 - No active profile set, falling back to 1 default profile: "default"
11:03:48.452 [main] INFO  o.s.boot.StartupInfoLogger.logStarted   56 - Started CFApplication in 3.892 seconds (process running for 4.793)
11:03:48.464 [main] INFO  c.c.app.utility.CFConfiguration.cfDataConnectIOInfo  107 - CFDataConnectIO version : 5.0.0.21
11:03:48.504 [main] INFO  c.c.a.u.d.plus.CFDcioConfiguration.cfDataConnectIOPlusInfo   28 - CFDataConnectIOPlus version : 5.0.0.21
11:03:48.523 [main] INFO  o.s.j.d.e.EmbeddedDatabaseFactory.initDatabase  189 - Starting embedded database: url='jdbc:h2:mem:testdb;DB_CLOSE_DELAY=-1;DB_CLOSE_ON_EXIT=false', username='sa'
11:03:49.167 [main] INFO  o.s.b.a.b.JobLauncherApplicationRunner.run  168 - Running default command line with: []
11:03:49.225 [main] INFO  o.s.b.c.l.s.SimpleJobLauncher$1.run  154 - Job: [FlowJob: [name=HEADERTRAILER]] launched with the following parameters: [{}]
11:03:49.292 [main] INFO  o.s.batch.core.job.SimpleStepHandler.handleStep  150 - Executing step: [sort010Decider]
11:03:49.352 [main] INFO  o.s.batch.core.step.AbstractStep.execute  295 - Step: [sort010Decider] executed in 58ms
11:03:49.380 [main] INFO  o.s.batch.core.job.SimpleStepHandler.handleStep  150 - Executing step: [HeadertrailerSort010Sort]
11:03:49.505 [main] INFO  c.c.a.tasks.HeadertrailerSort010Sort.afterStep  165 - STEPNAME: HEADERTRAILERSORT010 Execution completed, number of RECORDS - IN: 0,  OUT: 93
11:03:49.515 [main] INFO  o.s.batch.core.step.AbstractStep.execute  295 - Step: [HeadertrailerSort010Sort] executed in 133ms
11:03:49.548 [main] INFO  o.s.batch.core.job.SimpleStepHandler.handleStep  150 - Executing step: [printSummary]
11:03:49.567 [main] INFO  com.cloudframe.app.CFStepHandler.printExecutionSummary  255 - JOB : HEADERTRAILER ENDED -  0000
11:03:49.568 [main] INFO  com.cloudframe.app.CFStepHandler.printExecutionSummary  259 - 

Stepwise Execution Summary :
+------------------------------------------------------------+
| STEPNAME     | PROGRAM   | RC          | ELAPSED           |
|              |           |             | HH:MM:SS:ss       |
+------------------------------------------------------------+
| SORT010      | SORT      | 00          | 00:00:00:202      |
+------------------------------------------------------------+
  
11:03:49.578 [main] INFO  o.s.batch.core.step.AbstractStep.execute  295 - Step: [printSummary] executed in 29ms
11:03:49.601 [main] INFO  o.s.b.c.l.s.SimpleJobLauncher$1.run  161 - Job: [FlowJob: [name=HEADERTRAILER]] completed with the following parameters: [{}] and the following status: [COMPLETED] in 347ms
11:03:49.613 [main] INFO  o.s.j.d.e.EmbeddedDatabaseFactory.shutdownDatabase  220 - Shutting down embedded database: url='jdbc:h2:mem:testdb;DB_CLOSE_DELAY=-1;DB_CLOSE_ON_EXIT=false'
