07:11:09.249 [main] INFO  o.s.boot.StartupInfoLogger.logStarting   50 - Starting CFApplication v0.0.1-SNAPSHOT using Java 17.0.14 with PID 1334510 (/home/jenkins/workspace/CFTestAutomation_Release/Testing/results/jcl/DSNTEP2/DSNTEP2/target/DSNTEP2-0.0.1-SNAPSHOT.jar started by root in /home/jenkins/workspace/CFTestAutomation_Release/Testing/results/jcl/DSNTEP2/DSNTEP2)
07:11:09.265 [main] INFO  o.s.boot.SpringApplication.logStartupProfileInfo  654 - No active profile set, falling back to 1 default profile: "default"
07:11:13.022 [main] INFO  c.c.a.dao.CFDataSourceConfiguration.dataSourceStatus  165 - CFDataSourceConfiguration initialization status...
07:11:13.023 [main] INFO  c.c.a.dao.CFDataSourceConfiguration.dataSourceStatus  172 - Databse Datasource initialized.
07:11:13.259 [main] INFO  o.s.boot.StartupInfoLogger.logStarted   56 - Started CFApplication in 5.839 seconds (process running for 6.714)
07:11:13.286 [main] INFO  c.c.app.utility.CFConfiguration.cfDataConnectIOInfo  107 - CFDataConnectIO version : 5.0.0.21
07:11:13.390 [main] INFO  c.c.a.u.d.plus.CFDcioConfiguration.cfDataConnectIOPlusInfo   28 - CFDataConnectIOPlus version : 5.0.0.21
07:11:13.426 [main] INFO  o.s.j.d.e.EmbeddedDatabaseFactory.initDatabase  189 - Starting embedded database: url='jdbc:h2:mem:testdb;DB_CLOSE_DELAY=-1;DB_CLOSE_ON_EXIT=false', username='sa'
07:11:14.433 [main] INFO  com.zaxxer.hikari.HikariDataSource.getConnection  109 - HikariPool-1 - Starting...
07:11:14.849 [main] INFO  com.zaxxer.hikari.pool.HikariPool.checkFailFast  554 - HikariPool-1 - Added connection com.ibm.db2.jcc.t4.b@18b6d3c1
07:11:14.854 [main] INFO  com.zaxxer.hikari.HikariDataSource.getConnection  122 - HikariPool-1 - Start completed.
07:11:14.909 [main] INFO  o.s.b.a.b.JobLauncherApplicationRunner.run  168 - Running default command line with: []
07:11:14.968 [main] INFO  o.s.b.c.l.s.SimpleJobLauncher$1.run  154 - Job: [SimpleJob: [name=DSNTEP2]] launched with the following parameters: [{}]
07:11:15.031 [main] INFO  o.s.batch.core.job.SimpleStepHandler.handleStep  150 - Executing step: [sqlstep]
07:11:15.102 [main] INFO  c.cloudframe.app.utility.Db2SqlUtil.generateReport  414 -  ***INPUT STATEMENT: SELECT * FROM SYSIBM.SYSDUMMY1;
07:11:15.138 [main] INFO  c.cloudframe.app.utility.Db2SqlUtil.generateReport  447 -  ***SUCCESSFUL RETRIEVAL OF 1 ROW(S)  
07:11:15.158 [main] INFO  o.s.batch.core.step.AbstractStep.execute  295 - Step: [sqlstep] executed in 125ms
07:11:15.178 [main] INFO  o.s.batch.core.job.SimpleStepHandler.handleStep  150 - Executing step: [printSummary]
07:11:15.199 [main] INFO  com.cloudframe.app.CFStepHandler.printExecutionSummary  247 - JOB : DSNTEP2 ENDED -  0000
07:11:15.200 [main] INFO  com.cloudframe.app.CFStepHandler.printExecutionSummary  251 - 

Stepwise Execution Summary :
+---------------------------------------------------------------+
| STEPNAME     | PROGRAM      | RC          | ELAPSED           |
|              |              |             | HH:MM:SS:ss       |
+---------------------------------------------------------------+
| SQLSTEP      | DSNTEP2      | 00          | 00:00:00:125      |
+---------------------------------------------------------------+
  
07:11:15.217 [main] INFO  o.s.batch.core.step.AbstractStep.execute  295 - Step: [printSummary] executed in 38ms
07:11:15.235 [main] INFO  o.s.b.c.l.s.SimpleJobLauncher$1.run  161 - Job: [SimpleJob: [name=DSNTEP2]] completed with the following parameters: [{}] and the following status: [COMPLETED] in 237ms
07:11:15.244 [main] INFO  com.zaxxer.hikari.HikariDataSource.close  349 - HikariPool-1 - Shutdown initiated...
07:11:15.278 [main] INFO  com.zaxxer.hikari.HikariDataSource.close  351 - HikariPool-1 - Shutdown completed.
07:11:15.279 [main] INFO  o.s.j.d.e.EmbeddedDatabaseFactory.shutdownDatabase  220 - Shutting down embedded database: url='jdbc:h2:mem:testdb;DB_CLOSE_DELAY=-1;DB_CLOSE_ON_EXIT=false'
