10:00:31.236 [main] INFO  o.s.boot.StartupInfoLogger.logStarting   50 - Starting CFApplication v0.0.1-SNAPSHOT using Java 17.0.14 with PID 1572864 (/home/jenkins/workspace/CFTestAutomation_Release/Testing/results/jcl/TSTCDPAG/TSTCDPAG/target/TSTCDPAG-0.0.1-SNAPSHOT.jar started by root in /home/jenkins/workspace/CFTestAutomation_Release/Testing/results/jcl/TSTCDPAG/TSTCDPAG)
10:00:31.243 [main] INFO  o.s.boot.SpringApplication.logStartupProfileInfo  654 - No active profile set, falling back to 1 default profile: "default"
10:00:33.651 [main] INFO  o.s.boot.StartupInfoLogger.logStarted   56 - Started CFApplication in 3.622 seconds (process running for 4.958)
10:00:33.675 [main] INFO  c.c.app.utility.CFConfiguration.cfDataConnectIOInfo  107 - CFDataConnectIO version : 5.0.0.21
10:00:33.743 [main] INFO  c.c.a.u.d.plus.CFDcioConfiguration.cfDataConnectIOPlusInfo   28 - CFDataConnectIOPlus version : 5.0.0.21
10:00:33.779 [main] INFO  o.s.j.d.e.EmbeddedDatabaseFactory.initDatabase  189 - Starting embedded database: url='jdbc:h2:mem:testdb;DB_CLOSE_DELAY=-1;DB_CLOSE_ON_EXIT=false', username='sa'
10:00:34.918 [main] INFO  o.s.b.a.b.JobLauncherApplicationRunner.run  168 - Running default command line with: []
10:00:35.007 [main] INFO  o.s.b.c.l.s.SimpleJobLauncher$1.run  154 - Job: [SimpleJob: [name=TSTCDPAG]] launched with the following parameters: [{}]
10:00:35.085 [main] INFO  o.s.batch.core.job.SimpleStepHandler.handleStep  150 - Executing step: [step01]
10:00:35.252 [main] INFO  o.s.batch.core.step.AbstractStep.execute  295 - Step: [step01] executed in 165ms
10:00:35.273 [main] INFO  o.s.batch.core.job.SimpleStepHandler.handleStep  150 - Executing step: [printSummary]
10:00:35.300 [main] INFO  com.cloudframe.app.CFStepHandler.printExecutionSummary  254 - JOB : TSTCDPAG ENDED -  0000
10:00:35.301 [main] INFO  com.cloudframe.app.CFStepHandler.printExecutionSummary  258 - 

Stepwise Execution Summary :
+---------------------------------------------------------------+
| STEPNAME    | PROGRAM       | RC          | ELAPSED           |
|             |               |             | HH:MM:SS:ss       |
+---------------------------------------------------------------+
| STEP01      | TSTCDPAG      | 00          | 00:00:00:165      |
+---------------------------------------------------------------+
  
10:00:35.312 [main] INFO  o.s.batch.core.step.AbstractStep.execute  295 - Step: [printSummary] executed in 37ms
10:00:35.338 [main] INFO  o.s.b.c.l.s.SimpleJobLauncher$1.run  161 - Job: [SimpleJob: [name=TSTCDPAG]] completed with the following parameters: [{}] and the following status: [COMPLETED] in 293ms
10:00:35.355 [main] INFO  o.s.j.d.e.EmbeddedDatabaseFactory.shutdownDatabase  220 - Shutting down embedded database: url='jdbc:h2:mem:testdb;DB_CLOSE_DELAY=-1;DB_CLOSE_ON_EXIT=false'
