08:24:22.138 [main] INFO  o.s.boot.StartupInfoLogger.logStarting   50 - Starting CFApplication v0.0.1-SNAPSHOT using Java 17.0.14 with PID 4142368 (/home/jenkins/workspace/CFTestAutomation_Release/Testing/results/jcl/LISTCAT3/LISTCAT3/target/LISTCAT3-0.0.1-SNAPSHOT.jar started by root in /home/jenkins/workspace/CFTestAutomation_Release/Testing/results/jcl/LISTCAT3/LISTCAT3)
08:24:22.148 [main] INFO  o.s.boot.SpringApplication.logStartupProfileInfo  654 - No active profile set, falling back to 1 default profile: "default"
08:24:24.886 [main] INFO  o.s.boot.StartupInfoLogger.logStarted   56 - Started CFApplication in 3.987 seconds (process running for 5.315)
08:24:24.919 [main] INFO  c.c.app.utility.CFConfiguration.cfDataConnectIOInfo  107 - CFDataConnectIO version : 5.0.0.21
08:24:25.016 [main] INFO  c.c.a.u.d.plus.CFDcioConfiguration.cfDataConnectIOPlusInfo   28 - CFDataConnectIOPlus version : 5.0.0.21
08:24:25.064 [main] INFO  o.s.j.d.e.EmbeddedDatabaseFactory.initDatabase  189 - Starting embedded database: url='jdbc:h2:mem:testdb;DB_CLOSE_DELAY=-1;DB_CLOSE_ON_EXIT=false', username='sa'
08:24:26.211 [main] INFO  o.s.b.a.b.JobLauncherApplicationRunner.run  168 - Running default command line with: []
08:24:26.297 [main] INFO  o.s.b.c.l.s.SimpleJobLauncher$1.run  154 - Job: [SimpleJob: [name=LISTCAT3]] launched with the following parameters: [{}]
08:24:26.369 [main] INFO  o.s.batch.core.job.SimpleStepHandler.handleStep  150 - Executing step: [stepname]
08:24:26.483 [main] INFO  o.s.batch.core.step.AbstractStep.execute  295 - Step: [stepname] executed in 111ms
08:24:26.505 [main] INFO  o.s.batch.core.job.SimpleStepHandler.handleStep  150 - Executing step: [printSummary]
08:24:26.523 [main] INFO  com.cloudframe.app.CFStepHandler.printExecutionSummary  247 - JOB : LISTCAT3 ENDED -  0004
08:24:26.524 [main] INFO  com.cloudframe.app.CFStepHandler.printExecutionSummary  251 - 

Stepwise Execution Summary :
+---------------------------------------------------------------+
| STEPNAME      | PROGRAM     | RC          | ELAPSED           |
|               |             |             | HH:MM:SS:ss       |
+---------------------------------------------------------------+
| STEPNAME      | IDCAMS      | 04          | 00:00:00:111      |
+---------------------------------------------------------------+
  
08:24:26.533 [main] INFO  o.s.batch.core.step.AbstractStep.execute  295 - Step: [printSummary] executed in 27ms
08:24:26.555 [main] INFO  o.s.b.c.l.s.SimpleJobLauncher$1.run  161 - Job: [SimpleJob: [name=LISTCAT3]] completed with the following parameters: [{}] and the following status: [COMPLETED] in 222ms
08:24:26.568 [main] INFO  o.s.j.d.e.EmbeddedDatabaseFactory.shutdownDatabase  220 - Shutting down embedded database: url='jdbc:h2:mem:testdb;DB_CLOSE_DELAY=-1;DB_CLOSE_ON_EXIT=false'
