11:00:14.228 [main] INFO  o.s.boot.StartupInfoLogger.logStarting   50 - Starting CFApplication v0.0.1-SNAPSHOT using Java 17.0.14 with PID 1177459 (/home/jenkins/workspace/CFTestAutomation_Release/Testing/results/sgr/BM8090M_350/BM8090M/target/BM8090M-0.0.1-SNAPSHOT.jar started by root in /home/jenkins/workspace/CFTestAutomation_Release/Testing/results/sgr/BM8090M_350/BM8090M)
11:00:14.238 [main] INFO  o.s.boot.SpringApplication.logStartupProfileInfo  654 - No active profile set, falling back to 1 default profile: "default"
11:00:16.296 [main] INFO  o.s.boot.StartupInfoLogger.logStarted   56 - Started CFApplication in 3.404 seconds (process running for 4.299)
11:00:16.324 [main] INFO  c.c.app.utility.CFConfiguration.cfDataConnectIOInfo  107 - CFDataConnectIO version : 5.0.0.21
11:00:16.482 [main] INFO  com.cloudframe.app.process.Bm8090m.programa  399 - In PROGRAMA SECTION
11:00:16.482 [main] INFO  com.cloudframe.app.process.Bm8090m.inicio  460 - In 1000-INICIO SECTION
11:00:16.489 [main] INFO  com.cloudframe.app.process.Bm8090m.reponTpe1200  511 - In REPON-TPE-1200
11:00:16.490 [main] INFO  com.cloudframe.app.process.Bm8090m.reponTpe1200  511 - In REPON-TPE-1200
11:00:16.490 [main] INFO  com.cloudframe.app.process.Bm8090m.reponTpe1200  511 - In REPON-TPE-1200
11:00:16.490 [main] INFO  com.cloudframe.app.process.Bm8090m.reponTpe1200  511 - In REPON-TPE-1200
11:00:16.490 [main] INFO  com.cloudframe.app.process.Bm8090m.reponTpe1200  511 - In REPON-TPE-1200
11:00:16.491 [main] INFO  com.cloudframe.app.process.Bm8090m.reponTpe1200  511 - In REPON-TPE-1200
11:00:16.491 [main] INFO  com.cloudframe.app.process.Bm8090m.reponTpe1200  511 - In REPON-TPE-1200
11:00:16.491 [main] INFO  com.cloudframe.app.process.Bm8090m.reponTpe1200  511 - In REPON-TPE-1200
11:00:16.491 [main] INFO  com.cloudframe.app.process.Bm8090m.reponTpe1200  511 - In REPON-TPE-1200
11:00:16.492 [main] INFO  com.cloudframe.app.process.Bm8090m.reponTob1200  597 - In REPON-TOB-1200
11:00:16.492 [main] INFO  com.cloudframe.app.process.Bm8090m.aveLonTitPe8090m  662 - In AVE-LON-TIT-PE8090M
11:00:16.492 [main] INFO  com.cloudframe.app.process.Bm8090m.tratamiento  691 - In 2000-TRATAMIENTO SECTION
11:00:16.494 [main] INFO  com.cloudframe.app.process.Bm8090m.tratDeDatos  921 - In 2500-TRAT-DE-DATOS SECTION
11:00:16.495 [main] INFO  com.cloudframe.app.process.Bm8090m.traPerFisPe8090m 1002 - In TRA-PER-FIS-PE8090M SECTION
11:00:16.496 [main] INFO  com.cloudframe.app.process.Bm8090m.comprimirNombre 5278 - In 2530-COMPRIMIR-NOMBRE SECTION
11:00:16.497 [main] INFO  com.cloudframe.app.process.Bm8090m.per 5377 - In OPC00-PER SECTION
11:00:16.498 [main] INFO  com.cloudframe.app.process.Bm8090m.comprimirNombre 5278 - In 2530-COMPRIMIR-NOMBRE SECTION
11:00:16.498 [main] INFO  com.cloudframe.app.process.Bm8090m.perOPC02 5564 - In OPC02-PER SECTION
11:00:16.498 [main] INFO  com.cloudframe.app.process.Bm8090m.comprimirNombre 5278 - In 2530-COMPRIMIR-NOMBRE SECTION
11:00:16.499 [main] INFO  com.cloudframe.app.process.Bm8090m.perOPC01 5508 - In OPC01-PER SECTION
11:00:16.499 [main] INFO  com.cloudframe.app.process.Bm8090m.almacenarPe8090m 2755 - In ALMACENAR-PE8090M SECTION
11:00:16.499 [main] INFO  com.cloudframe.app.process.Bm8090m.selTratoPe8090m 2829 - In SEL-TRATO-PE8090M
11:00:16.499 [main] INFO  com.cloudframe.app.process.Bm8090m.tratoPriPe8090m 2868 - In TRATO-PRI-PE8090M
11:00:16.500 [main] INFO  com.cloudframe.app.process.Bm8090m.pe8090mTRATO7 3691 - In TRATO7-PE8090M
11:00:16.500 [main] INFO  com.cloudframe.app.process.Bm8090m.esFisAlmPe8090m 3799 - In ES-FIS-ALM-PE8090M
11:00:16.500 [main] INFO  com.cloudframe.app.process.Bm8090m.almacenarPe8090mSalida 3888 - In ALMACENAR-PE8090M-SALIDA
11:00:16.501 [main] INFO  com.cloudframe.app.process.Bm8090m.tratDeDatos  921 - In 2500-TRAT-DE-DATOS SECTION
11:00:16.501 [main] INFO  com.cloudframe.app.process.Bm8090m.traPerFisPe8090m 1002 - In TRA-PER-FIS-PE8090M SECTION
11:00:16.501 [main] INFO  com.cloudframe.app.process.Bm8090m.comprimirNombre 5278 - In 2530-COMPRIMIR-NOMBRE SECTION
11:00:16.501 [main] INFO  com.cloudframe.app.process.Bm8090m.per 5377 - In OPC00-PER SECTION
11:00:16.502 [main] INFO  com.cloudframe.app.process.Bm8090m.comprimirNombre 5278 - In 2530-COMPRIMIR-NOMBRE SECTION
11:00:16.502 [main] INFO  com.cloudframe.app.process.Bm8090m.perOPC02 5564 - In OPC02-PER SECTION
11:00:16.503 [main] INFO  com.cloudframe.app.process.Bm8090m.comprimirNombre 5278 - In 2530-COMPRIMIR-NOMBRE SECTION
11:00:16.503 [main] INFO  com.cloudframe.app.process.Bm8090m.perOPC01 5508 - In OPC01-PER SECTION
11:00:16.503 [main] INFO  com.cloudframe.app.process.Bm8090m.almacenarPe8090m 2755 - In ALMACENAR-PE8090M SECTION
11:00:16.504 [main] INFO  com.cloudframe.app.process.Bm8090m.selTratoPe8090m 2829 - In SEL-TRATO-PE8090M
11:00:16.504 [main] INFO  com.cloudframe.app.process.Bm8090m.verWtipPe8090m 2921 - In VER-WTIP-PE8090M
11:00:16.504 [main] INFO  com.cloudframe.app.process.Bm8090m.pe8090mTRATO2 3277 - In TRATO2-PE8090M
11:00:16.504 [main] INFO  com.cloudframe.app.process.Bm8090m.unoDosDosPe8090m 3396 - In UNO-DOS-DOS-PE8090M
11:00:16.505 [main] INFO  com.cloudframe.app.process.Bm8090m.pe8090mTRATO7 3691 - In TRATO7-PE8090M
11:00:16.505 [main] INFO  com.cloudframe.app.process.Bm8090m.esFisAlmPe8090m 3799 - In ES-FIS-ALM-PE8090M
11:00:16.505 [main] INFO  com.cloudframe.app.process.Bm8090m.almacenarPe8090mSalida 3888 - In ALMACENAR-PE8090M-SALIDA
11:00:16.505 [main] INFO  com.cloudframe.app.process.Bm8090m.tratDeDatos  921 - In 2500-TRAT-DE-DATOS SECTION
11:00:16.506 [main] INFO  com.cloudframe.app.process.Bm8090m.traPerFisPe8090m 1002 - In TRA-PER-FIS-PE8090M SECTION
11:00:16.506 [main] INFO  com.cloudframe.app.process.Bm8090m.comprimirNombre 5278 - In 2530-COMPRIMIR-NOMBRE SECTION
11:00:16.506 [main] INFO  com.cloudframe.app.process.Bm8090m.per 5377 - In OPC00-PER SECTION
11:00:16.507 [main] INFO  com.cloudframe.app.process.Bm8090m.comprimirNombre 5278 - In 2530-COMPRIMIR-NOMBRE SECTION
11:00:16.507 [main] INFO  com.cloudframe.app.process.Bm8090m.perOPC02 5564 - In OPC02-PER SECTION
11:00:16.507 [main] INFO  com.cloudframe.app.process.Bm8090m.comprimirNombre 5278 - In 2530-COMPRIMIR-NOMBRE SECTION
11:00:16.507 [main] INFO  com.cloudframe.app.process.Bm8090m.perOPC01 5508 - In OPC01-PER SECTION
11:00:16.508 [main] INFO  com.cloudframe.app.process.Bm8090m.almacenarPe8090m 2755 - In ALMACENAR-PE8090M SECTION
11:00:16.508 [main] INFO  com.cloudframe.app.process.Bm8090m.selTratoPe8090m 2829 - In SEL-TRATO-PE8090M
11:00:16.508 [main] INFO  com.cloudframe.app.process.Bm8090m.verWtipPe8090m 2921 - In VER-WTIP-PE8090M
11:00:16.508 [main] INFO  com.cloudframe.app.process.Bm8090m.pe8090mTRATO2 3277 - In TRATO2-PE8090M
11:00:16.508 [main] INFO  com.cloudframe.app.process.Bm8090m.unoDosUnoPe8090m 3317 - In UNO-DOS-UNO-PE8090M
11:00:16.509 [main] INFO  com.cloudframe.app.process.Bm8090m.unoDosDosPe8090m 3396 - In UNO-DOS-DOS-PE8090M
11:00:16.509 [main] INFO  com.cloudframe.app.process.Bm8090m.pe8090mTRATO7 3691 - In TRATO7-PE8090M
11:00:16.509 [main] INFO  com.cloudframe.app.process.Bm8090m.esFisAlmPe8090m 3799 - In ES-FIS-ALM-PE8090M
11:00:16.510 [main] INFO  com.cloudframe.app.process.Bm8090m.almacenarPe8090mSalida 3888 - In ALMACENAR-PE8090M-SALIDA
11:00:16.511 [main] INFO  com.cloudframe.app.process.Bm8090m.tratDeDatos  921 - In 2500-TRAT-DE-DATOS SECTION
11:00:16.511 [main] INFO  com.cloudframe.app.process.Bm8090m.traPerFisPe8090m 1002 - In TRA-PER-FIS-PE8090M SECTION
11:00:16.511 [main] INFO  com.cloudframe.app.process.Bm8090m.comprimirNombre 5278 - In 2530-COMPRIMIR-NOMBRE SECTION
11:00:16.512 [main] INFO  com.cloudframe.app.process.Bm8090m.per 5377 - In OPC00-PER SECTION
11:00:16.513 [main] INFO  com.cloudframe.app.process.Bm8090m.comprimirNombre 5278 - In 2530-COMPRIMIR-NOMBRE SECTION
11:00:16.513 [main] INFO  com.cloudframe.app.process.Bm8090m.perOPC02 5564 - In OPC02-PER SECTION
11:00:16.514 [main] INFO  com.cloudframe.app.process.Bm8090m.comprimirNombre 5278 - In 2530-COMPRIMIR-NOMBRE SECTION
11:00:16.514 [main] INFO  com.cloudframe.app.process.Bm8090m.perOPC01 5508 - In OPC01-PER SECTION
11:00:16.514 [main] INFO  com.cloudframe.app.process.Bm8090m.almacenarPe8090m 2755 - In ALMACENAR-PE8090M SECTION
11:00:16.514 [main] INFO  com.cloudframe.app.process.Bm8090m.selTratoPe8090m 2829 - In SEL-TRATO-PE8090M
11:00:16.515 [main] INFO  com.cloudframe.app.process.Bm8090m.verWtipPe8090m 2921 - In VER-WTIP-PE8090M
11:00:16.515 [main] INFO  com.cloudframe.app.process.Bm8090m.pe8090mTRATO2 3277 - In TRATO2-PE8090M
11:00:16.515 [main] INFO  com.cloudframe.app.process.Bm8090m.unoDosUnoPe8090m 3317 - In UNO-DOS-UNO-PE8090M
11:00:16.515 [main] INFO  com.cloudframe.app.process.Bm8090m.unoDosDosPe8090m 3396 - In UNO-DOS-DOS-PE8090M
11:00:16.515 [main] INFO  com.cloudframe.app.process.Bm8090m.pe8090mTRATO7 3691 - In TRATO7-PE8090M
11:00:16.516 [main] INFO  com.cloudframe.app.process.Bm8090m.esFisAlmPe8090m 3799 - In ES-FIS-ALM-PE8090M
11:00:16.516 [main] INFO  com.cloudframe.app.process.Bm8090m.almacenarPe8090mSalida 3888 - In ALMACENAR-PE8090M-SALIDA
11:00:16.516 [main] INFO  com.cloudframe.app.process.Bm8090m.tratDeDatos  921 - In 2500-TRAT-DE-DATOS SECTION
11:00:16.516 [main] INFO  com.cloudframe.app.process.Bm8090m.traPerFisPe8090m 1002 - In TRA-PER-FIS-PE8090M SECTION
11:00:16.517 [main] INFO  com.cloudframe.app.process.Bm8090m.comprimirNombre 5278 - In 2530-COMPRIMIR-NOMBRE SECTION
11:00:16.517 [main] INFO  com.cloudframe.app.process.Bm8090m.per 5377 - In OPC00-PER SECTION
11:00:16.517 [main] INFO  com.cloudframe.app.process.Bm8090m.comprimirNombre 5278 - In 2530-COMPRIMIR-NOMBRE SECTION
11:00:16.518 [main] INFO  com.cloudframe.app.process.Bm8090m.perOPC02 5564 - In OPC02-PER SECTION
11:00:16.518 [main] INFO  com.cloudframe.app.process.Bm8090m.comprimirNombre 5278 - In 2530-COMPRIMIR-NOMBRE SECTION
11:00:16.518 [main] INFO  com.cloudframe.app.process.Bm8090m.perOPC01 5508 - In OPC01-PER SECTION
11:00:16.519 [main] INFO  com.cloudframe.app.process.Bm8090m.almacenarPe8090m 2755 - In ALMACENAR-PE8090M SECTION
11:00:16.519 [main] INFO  com.cloudframe.app.process.Bm8090m.selTratoPe8090m 2829 - In SEL-TRATO-PE8090M
11:00:16.519 [main] INFO  com.cloudframe.app.process.Bm8090m.verWtipPe8090m 2921 - In VER-WTIP-PE8090M
11:00:16.519 [main] INFO  com.cloudframe.app.process.Bm8090m.pe8090mTRATO2 3277 - In TRATO2-PE8090M
11:00:16.519 [main] INFO  com.cloudframe.app.process.Bm8090m.unoDosUnoPe8090m 3317 - In UNO-DOS-UNO-PE8090M
11:00:16.519 [main] INFO  com.cloudframe.app.process.Bm8090m.unoDosDosPe8090m 3396 - In UNO-DOS-DOS-PE8090M
11:00:16.520 [main] INFO  com.cloudframe.app.process.Bm8090m.pe8090mTRATO7 3691 - In TRATO7-PE8090M
11:00:16.520 [main] INFO  com.cloudframe.app.process.Bm8090m.esFisAlmPe8090m 3799 - In ES-FIS-ALM-PE8090M
11:00:16.520 [main] INFO  com.cloudframe.app.process.Bm8090m.almacenarPe8090mSalida 3888 - In ALMACENAR-PE8090M-SALIDA
11:00:16.520 [main] INFO  com.cloudframe.app.process.Bm8090m.tratDeDatos  921 - In 2500-TRAT-DE-DATOS SECTION
11:00:16.520 [main] INFO  com.cloudframe.app.process.Bm8090m.traPerFisPe8090m 1002 - In TRA-PER-FIS-PE8090M SECTION
11:00:16.521 [main] INFO  com.cloudframe.app.process.Bm8090m.comprimirNombre 5278 - In 2530-COMPRIMIR-NOMBRE SECTION
11:00:16.521 [main] INFO  com.cloudframe.app.process.Bm8090m.per 5377 - In OPC00-PER SECTION
11:00:16.521 [main] INFO  com.cloudframe.app.process.Bm8090m.comprimirNombre 5278 - In 2530-COMPRIMIR-NOMBRE SECTION
11:00:16.521 [main] INFO  com.cloudframe.app.process.Bm8090m.perOPC02 5564 - In OPC02-PER SECTION
11:00:16.522 [main] INFO  com.cloudframe.app.process.Bm8090m.comprimirNombre 5278 - In 2530-COMPRIMIR-NOMBRE SECTION
11:00:16.522 [main] INFO  com.cloudframe.app.process.Bm8090m.perOPC01 5508 - In OPC01-PER SECTION
11:00:16.522 [main] INFO  com.cloudframe.app.process.Bm8090m.almacenarPe8090m 2755 - In ALMACENAR-PE8090M SECTION
11:00:16.522 [main] INFO  com.cloudframe.app.process.Bm8090m.selTratoPe8090m 2829 - In SEL-TRATO-PE8090M
11:00:16.523 [main] INFO  com.cloudframe.app.process.Bm8090m.verWtipPe8090m 2921 - In VER-WTIP-PE8090M
11:00:16.523 [main] INFO  com.cloudframe.app.process.Bm8090m.pe8090mTRATO2 3277 - In TRATO2-PE8090M
11:00:16.523 [main] INFO  com.cloudframe.app.process.Bm8090m.unoDosUnoPe8090m 3317 - In UNO-DOS-UNO-PE8090M
11:00:16.524 [main] INFO  com.cloudframe.app.process.Bm8090m.unoDosDosPe8090m 3396 - In UNO-DOS-DOS-PE8090M
11:00:16.524 [main] INFO  com.cloudframe.app.process.Bm8090m.pe8090mTRATO7 3691 - In TRATO7-PE8090M
11:00:16.524 [main] INFO  com.cloudframe.app.process.Bm8090m.esFisAlmPe8090m 3799 - In ES-FIS-ALM-PE8090M
11:00:16.524 [main] INFO  com.cloudframe.app.process.Bm8090m.almacenarPe8090mSalida 3888 - In ALMACENAR-PE8090M-SALIDA
11:00:16.524 [main] INFO  com.cloudframe.app.process.Bm8090m.tratDeDatos  921 - In 2500-TRAT-DE-DATOS SECTION
11:00:16.525 [main] INFO  com.cloudframe.app.process.Bm8090m.traPerFisPe8090m 1002 - In TRA-PER-FIS-PE8090M SECTION
11:00:16.525 [main] INFO  com.cloudframe.app.process.Bm8090m.comprimirNombre 5278 - In 2530-COMPRIMIR-NOMBRE SECTION
11:00:16.525 [main] INFO  com.cloudframe.app.process.Bm8090m.per 5377 - In OPC00-PER SECTION
11:00:16.526 [main] INFO  com.cloudframe.app.process.Bm8090m.comprimirNombre 5278 - In 2530-COMPRIMIR-NOMBRE SECTION
11:00:16.526 [main] INFO  com.cloudframe.app.process.Bm8090m.perOPC02 5564 - In OPC02-PER SECTION
11:00:16.526 [main] INFO  com.cloudframe.app.process.Bm8090m.comprimirNombre 5278 - In 2530-COMPRIMIR-NOMBRE SECTION
11:00:16.526 [main] INFO  com.cloudframe.app.process.Bm8090m.perOPC01 5508 - In OPC01-PER SECTION
11:00:16.527 [main] INFO  com.cloudframe.app.process.Bm8090m.almacenarPe8090m 2755 - In ALMACENAR-PE8090M SECTION
11:00:16.527 [main] INFO  com.cloudframe.app.process.Bm8090m.selTratoPe8090m 2829 - In SEL-TRATO-PE8090M
11:00:16.527 [main] INFO  com.cloudframe.app.process.Bm8090m.verWtipPe8090m 2921 - In VER-WTIP-PE8090M
11:00:16.528 [main] INFO  com.cloudframe.app.process.Bm8090m.pe8090mTRATO2 3277 - In TRATO2-PE8090M
11:00:16.529 [main] INFO  com.cloudframe.app.process.Bm8090m.unoDosUnoPe8090m 3317 - In UNO-DOS-UNO-PE8090M
11:00:16.529 [main] INFO  com.cloudframe.app.process.Bm8090m.unoDosDosPe8090m 3396 - In UNO-DOS-DOS-PE8090M
11:00:16.529 [main] INFO  com.cloudframe.app.process.Bm8090m.pe8090mTRATO7 3691 - In TRATO7-PE8090M
11:00:16.530 [main] INFO  com.cloudframe.app.process.Bm8090m.esFisAlmPe8090m 3799 - In ES-FIS-ALM-PE8090M
11:00:16.530 [main] INFO  com.cloudframe.app.process.Bm8090m.almacenarPe8090mSalida 3888 - In ALMACENAR-PE8090M-SALIDA
11:00:16.530 [main] INFO  com.cloudframe.app.process.Bm8090m.tratDeDatos  921 - In 2500-TRAT-DE-DATOS SECTION
11:00:16.531 [main] INFO  com.cloudframe.app.process.Bm8090m.traPerFisPe8090m 1002 - In TRA-PER-FIS-PE8090M SECTION
11:00:16.531 [main] INFO  com.cloudframe.app.process.Bm8090m.comprimirNombre 5278 - In 2530-COMPRIMIR-NOMBRE SECTION
11:00:16.531 [main] INFO  com.cloudframe.app.process.Bm8090m.per 5377 - In OPC00-PER SECTION
11:00:16.532 [main] INFO  com.cloudframe.app.process.Bm8090m.comprimirNombre 5278 - In 2530-COMPRIMIR-NOMBRE SECTION
11:00:16.532 [main] INFO  com.cloudframe.app.process.Bm8090m.perOPC02 5564 - In OPC02-PER SECTION
11:00:16.533 [main] INFO  com.cloudframe.app.process.Bm8090m.comprimirNombre 5278 - In 2530-COMPRIMIR-NOMBRE SECTION
11:00:16.533 [main] INFO  com.cloudframe.app.process.Bm8090m.perOPC01 5508 - In OPC01-PER SECTION
11:00:16.533 [main] INFO  com.cloudframe.app.process.Bm8090m.almacenarPe8090m 2755 - In ALMACENAR-PE8090M SECTION
11:00:16.533 [main] INFO  com.cloudframe.app.process.Bm8090m.selTratoPe8090m 2829 - In SEL-TRATO-PE8090M
11:00:16.533 [main] INFO  com.cloudframe.app.process.Bm8090m.verWtipPe8090m 2921 - In VER-WTIP-PE8090M
11:00:16.534 [main] INFO  com.cloudframe.app.process.Bm8090m.pe8090mTRATO2 3277 - In TRATO2-PE8090M
11:00:16.534 [main] INFO  com.cloudframe.app.process.Bm8090m.unoDosUnoPe8090m 3317 - In UNO-DOS-UNO-PE8090M
11:00:16.534 [main] INFO  com.cloudframe.app.process.Bm8090m.unoDosDosPe8090m 3396 - In UNO-DOS-DOS-PE8090M
11:00:16.534 [main] INFO  com.cloudframe.app.process.Bm8090m.pe8090mTRATO7 3691 - In TRATO7-PE8090M
11:00:16.535 [main] INFO  com.cloudframe.app.process.Bm8090m.esFisAlmPe8090m 3799 - In ES-FIS-ALM-PE8090M
11:00:16.535 [main] INFO  com.cloudframe.app.process.Bm8090m.almacenarPe8090mSalida 3888 - In ALMACENAR-PE8090M-SALIDA
11:00:16.535 [main] INFO  com.cloudframe.app.process.Bm8090m.tratDeDatos  921 - In 2500-TRAT-DE-DATOS SECTION
11:00:16.536 [main] INFO  com.cloudframe.app.process.Bm8090m.traPerFisPe8090m 1002 - In TRA-PER-FIS-PE8090M SECTION
11:00:16.536 [main] INFO  com.cloudframe.app.process.Bm8090m.comprimirNombre 5278 - In 2530-COMPRIMIR-NOMBRE SECTION
11:00:16.536 [main] INFO  com.cloudframe.app.process.Bm8090m.per 5377 - In OPC00-PER SECTION
11:00:16.537 [main] INFO  com.cloudframe.app.process.Bm8090m.comprimirNombre 5278 - In 2530-COMPRIMIR-NOMBRE SECTION
11:00:16.537 [main] INFO  com.cloudframe.app.process.Bm8090m.perOPC02 5564 - In OPC02-PER SECTION
11:00:16.537 [main] INFO  com.cloudframe.app.process.Bm8090m.comprimirNombre 5278 - In 2530-COMPRIMIR-NOMBRE SECTION
11:00:16.537 [main] INFO  com.cloudframe.app.process.Bm8090m.perOPC01 5508 - In OPC01-PER SECTION
11:00:16.538 [main] INFO  com.cloudframe.app.process.Bm8090m.almacenarPe8090m 2755 - In ALMACENAR-PE8090M SECTION
11:00:16.538 [main] INFO  com.cloudframe.app.process.Bm8090m.almacenarPe8090mSalida 3888 - In ALMACENAR-PE8090M-SALIDA
11:00:16.539 [main] INFO  com.cloudframe.app.process.Bm8090m.tratDeDatos  921 - In 2500-TRAT-DE-DATOS SECTION
11:00:16.539 [main] INFO  com.cloudframe.app.process.Bm8090m.traPerFisPe8090m 1002 - In TRA-PER-FIS-PE8090M SECTION
11:00:16.539 [main] INFO  com.cloudframe.app.process.Bm8090m.comprimirNombre 5278 - In 2530-COMPRIMIR-NOMBRE SECTION
11:00:16.539 [main] INFO  com.cloudframe.app.process.Bm8090m.per 5377 - In OPC00-PER SECTION
11:00:16.540 [main] INFO  com.cloudframe.app.process.Bm8090m.comprimirNombre 5278 - In 2530-COMPRIMIR-NOMBRE SECTION
11:00:16.540 [main] INFO  com.cloudframe.app.process.Bm8090m.perOPC02 5564 - In OPC02-PER SECTION
11:00:16.541 [main] INFO  com.cloudframe.app.process.Bm8090m.comprimirNombre 5278 - In 2530-COMPRIMIR-NOMBRE SECTION
11:00:16.541 [main] INFO  com.cloudframe.app.process.Bm8090m.perOPC01 5508 - In OPC01-PER SECTION
11:00:16.541 [main] INFO  com.cloudframe.app.process.Bm8090m.almacenarPe8090m 2755 - In ALMACENAR-PE8090M SECTION
11:00:16.541 [main] INFO  com.cloudframe.app.process.Bm8090m.almacenarPe8090mSalida 3888 - In ALMACENAR-PE8090M-SALIDA
11:00:16.542 [main] INFO  com.cloudframe.app.process.Bm8090m.tratDeDatos  921 - In 2500-TRAT-DE-DATOS SECTION
11:00:16.542 [main] INFO  com.cloudframe.app.process.Bm8090m.traPerFisPe8090m 1002 - In TRA-PER-FIS-PE8090M SECTION
11:00:16.542 [main] INFO  com.cloudframe.app.process.Bm8090m.comprimirNombre 5278 - In 2530-COMPRIMIR-NOMBRE SECTION
11:00:16.542 [main] INFO  com.cloudframe.app.process.Bm8090m.per 5377 - In OPC00-PER SECTION
11:00:16.543 [main] INFO  com.cloudframe.app.process.Bm8090m.comprimirNombre 5278 - In 2530-COMPRIMIR-NOMBRE SECTION
11:00:16.543 [main] INFO  com.cloudframe.app.process.Bm8090m.perOPC02 5564 - In OPC02-PER SECTION
11:00:16.543 [main] INFO  com.cloudframe.app.process.Bm8090m.comprimirNombre 5278 - In 2530-COMPRIMIR-NOMBRE SECTION
11:00:16.543 [main] INFO  com.cloudframe.app.process.Bm8090m.perOPC01 5508 - In OPC01-PER SECTION
11:00:16.544 [main] INFO  com.cloudframe.app.process.Bm8090m.almacenarPe8090m 2755 - In ALMACENAR-PE8090M SECTION
11:00:16.544 [main] INFO  com.cloudframe.app.process.Bm8090m.almacenarPe8090mSalida 3888 - In ALMACENAR-PE8090M-SALIDA
11:00:16.544 [main] INFO  com.cloudframe.app.process.Bm8090m.tratDeDatos  921 - In 2500-TRAT-DE-DATOS SECTION
11:00:16.544 [main] INFO  com.cloudframe.app.process.Bm8090m.traPerFisPe8090m 1002 - In TRA-PER-FIS-PE8090M SECTION
11:00:16.544 [main] INFO  com.cloudframe.app.process.Bm8090m.comprimirNombre 5278 - In 2530-COMPRIMIR-NOMBRE SECTION
11:00:16.545 [main] INFO  com.cloudframe.app.process.Bm8090m.per 5377 - In OPC00-PER SECTION
11:00:16.545 [main] INFO  com.cloudframe.app.process.Bm8090m.comprimirNombre 5278 - In 2530-COMPRIMIR-NOMBRE SECTION
11:00:16.545 [main] INFO  com.cloudframe.app.process.Bm8090m.perOPC02 5564 - In OPC02-PER SECTION
11:00:16.546 [main] INFO  com.cloudframe.app.process.Bm8090m.comprimirNombre 5278 - In 2530-COMPRIMIR-NOMBRE SECTION
11:00:16.546 [main] INFO  com.cloudframe.app.process.Bm8090m.perOPC01 5508 - In OPC01-PER SECTION
11:00:16.546 [main] INFO  com.cloudframe.app.process.Bm8090m.almacenarPe8090m 2755 - In ALMACENAR-PE8090M SECTION
11:00:16.546 [main] INFO  com.cloudframe.app.process.Bm8090m.almacenarPe8090mSalida 3888 - In ALMACENAR-PE8090M-SALIDA
11:00:16.546 [main] INFO  com.cloudframe.app.process.Bm8090m.tratDeDatos  921 - In 2500-TRAT-DE-DATOS SECTION
11:00:16.546 [main] INFO  com.cloudframe.app.process.Bm8090m.traPerFisPe8090m 1002 - In TRA-PER-FIS-PE8090M SECTION
11:00:16.547 [main] INFO  com.cloudframe.app.process.Bm8090m.comprimirNombre 5278 - In 2530-COMPRIMIR-NOMBRE SECTION
11:00:16.547 [main] INFO  com.cloudframe.app.process.Bm8090m.per 5377 - In OPC00-PER SECTION
11:00:16.548 [main] INFO  com.cloudframe.app.process.Bm8090m.comprimirNombre 5278 - In 2530-COMPRIMIR-NOMBRE SECTION
11:00:16.548 [main] INFO  com.cloudframe.app.process.Bm8090m.perOPC02 5564 - In OPC02-PER SECTION
11:00:16.548 [main] INFO  com.cloudframe.app.process.Bm8090m.comprimirNombre 5278 - In 2530-COMPRIMIR-NOMBRE SECTION
11:00:16.548 [main] INFO  com.cloudframe.app.process.Bm8090m.perOPC01 5508 - In OPC01-PER SECTION
11:00:16.549 [main] INFO  com.cloudframe.app.process.Bm8090m.almacenarPe8090m 2755 - In ALMACENAR-PE8090M SECTION
11:00:16.549 [main] INFO  com.cloudframe.app.process.Bm8090m.almacenarPe8090mSalida 3888 - In ALMACENAR-PE8090M-SALIDA
11:00:16.549 [main] INFO  com.cloudframe.app.process.Bm8090m.tratDeDatos  921 - In 2500-TRAT-DE-DATOS SECTION
11:00:16.549 [main] INFO  com.cloudframe.app.process.Bm8090m.traPerFisPe8090m 1002 - In TRA-PER-FIS-PE8090M SECTION
11:00:16.550 [main] INFO  com.cloudframe.app.process.Bm8090m.comprimirNombre 5278 - In 2530-COMPRIMIR-NOMBRE SECTION
11:00:16.550 [main] INFO  com.cloudframe.app.process.Bm8090m.per 5377 - In OPC00-PER SECTION
11:00:16.550 [main] INFO  com.cloudframe.app.process.Bm8090m.comprimirNombre 5278 - In 2530-COMPRIMIR-NOMBRE SECTION
11:00:16.550 [main] INFO  com.cloudframe.app.process.Bm8090m.perOPC02 5564 - In OPC02-PER SECTION
11:00:16.550 [main] INFO  com.cloudframe.app.process.Bm8090m.comprimirNombre 5278 - In 2530-COMPRIMIR-NOMBRE SECTION
11:00:16.551 [main] INFO  com.cloudframe.app.process.Bm8090m.perOPC01 5508 - In OPC01-PER SECTION
11:00:16.551 [main] INFO  com.cloudframe.app.process.Bm8090m.almacenarPe8090m 2755 - In ALMACENAR-PE8090M SECTION
11:00:16.551 [main] INFO  com.cloudframe.app.process.Bm8090m.almacenarPe8090mSalida 3888 - In ALMACENAR-PE8090M-SALIDA
11:00:16.551 [main] INFO  com.cloudframe.app.process.Bm8090m.tratDeDatos  921 - In 2500-TRAT-DE-DATOS SECTION
11:00:16.551 [main] INFO  com.cloudframe.app.process.Bm8090m.traPerFisPe8090m 1002 - In TRA-PER-FIS-PE8090M SECTION
11:00:16.551 [main] INFO  com.cloudframe.app.process.Bm8090m.comprimirNombre 5278 - In 2530-COMPRIMIR-NOMBRE SECTION
11:00:16.552 [main] INFO  com.cloudframe.app.process.Bm8090m.per 5377 - In OPC00-PER SECTION
11:00:16.552 [main] INFO  com.cloudframe.app.process.Bm8090m.comprimirNombre 5278 - In 2530-COMPRIMIR-NOMBRE SECTION
11:00:16.552 [main] INFO  com.cloudframe.app.process.Bm8090m.perOPC02 5564 - In OPC02-PER SECTION
11:00:16.552 [main] INFO  com.cloudframe.app.process.Bm8090m.comprimirNombre 5278 - In 2530-COMPRIMIR-NOMBRE SECTION
11:00:16.552 [main] INFO  com.cloudframe.app.process.Bm8090m.perOPC01 5508 - In OPC01-PER SECTION
11:00:16.553 [main] INFO  com.cloudframe.app.process.Bm8090m.almacenarPe8090m 2755 - In ALMACENAR-PE8090M SECTION
11:00:16.553 [main] INFO  com.cloudframe.app.process.Bm8090m.almacenarPe8090mSalida 3888 - In ALMACENAR-PE8090M-SALIDA
11:00:16.553 [main] INFO  com.cloudframe.app.process.Bm8090m.tratDeDatos  921 - In 2500-TRAT-DE-DATOS SECTION
11:00:16.553 [main] INFO  com.cloudframe.app.process.Bm8090m.traPerFisPe8090m 1002 - In TRA-PER-FIS-PE8090M SECTION
11:00:16.553 [main] INFO  com.cloudframe.app.process.Bm8090m.comprimirNombre 5278 - In 2530-COMPRIMIR-NOMBRE SECTION
11:00:16.553 [main] INFO  com.cloudframe.app.process.Bm8090m.per 5377 - In OPC00-PER SECTION
11:00:16.554 [main] INFO  com.cloudframe.app.process.Bm8090m.comprimirNombre 5278 - In 2530-COMPRIMIR-NOMBRE SECTION
11:00:16.554 [main] INFO  com.cloudframe.app.process.Bm8090m.perOPC02 5564 - In OPC02-PER SECTION
11:00:16.554 [main] INFO  com.cloudframe.app.process.Bm8090m.comprimirNombre 5278 - In 2530-COMPRIMIR-NOMBRE SECTION
11:00:16.555 [main] INFO  com.cloudframe.app.process.Bm8090m.perOPC01 5508 - In OPC01-PER SECTION
11:00:16.555 [main] INFO  com.cloudframe.app.process.Bm8090m.almacenarPe8090m 2755 - In ALMACENAR-PE8090M SECTION
11:00:16.555 [main] INFO  com.cloudframe.app.process.Bm8090m.almacenarPe8090mSalida 3888 - In ALMACENAR-PE8090M-SALIDA
11:00:16.555 [main] INFO  com.cloudframe.app.process.Bm8090m.tratDeDatos  921 - In 2500-TRAT-DE-DATOS SECTION
11:00:16.556 [main] INFO  com.cloudframe.app.process.Bm8090m.traPerFisPe8090m 1002 - In TRA-PER-FIS-PE8090M SECTION
11:00:16.556 [main] INFO  com.cloudframe.app.process.Bm8090m.comprimirNombre 5278 - In 2530-COMPRIMIR-NOMBRE SECTION
11:00:16.556 [main] INFO  com.cloudframe.app.process.Bm8090m.per 5377 - In OPC00-PER SECTION
11:00:16.556 [main] INFO  com.cloudframe.app.process.Bm8090m.comprimirNombre 5278 - In 2530-COMPRIMIR-NOMBRE SECTION
11:00:16.557 [main] INFO  com.cloudframe.app.process.Bm8090m.perOPC02 5564 - In OPC02-PER SECTION
11:00:16.557 [main] INFO  com.cloudframe.app.process.Bm8090m.comprimirNombre 5278 - In 2530-COMPRIMIR-NOMBRE SECTION
11:00:16.557 [main] INFO  com.cloudframe.app.process.Bm8090m.perOPC01 5508 - In OPC01-PER SECTION
11:00:16.558 [main] INFO  com.cloudframe.app.process.Bm8090m.almacenarPe8090m 2755 - In ALMACENAR-PE8090M SECTION
11:00:16.558 [main] INFO  com.cloudframe.app.process.Bm8090m.almacenarPe8090mSalida 3888 - In ALMACENAR-PE8090M-SALIDA
11:00:16.558 [main] INFO  com.cloudframe.app.process.Bm8090m.tratDeDatos  921 - In 2500-TRAT-DE-DATOS SECTION
11:00:16.558 [main] INFO  com.cloudframe.app.process.Bm8090m.traPerFisPe8090m 1002 - In TRA-PER-FIS-PE8090M SECTION
11:00:16.559 [main] INFO  com.cloudframe.app.process.Bm8090m.comprimirNombre 5278 - In 2530-COMPRIMIR-NOMBRE SECTION
11:00:16.559 [main] INFO  com.cloudframe.app.process.Bm8090m.per 5377 - In OPC00-PER SECTION
11:00:16.559 [main] INFO  com.cloudframe.app.process.Bm8090m.comprimirNombre 5278 - In 2530-COMPRIMIR-NOMBRE SECTION
11:00:16.559 [main] INFO  com.cloudframe.app.process.Bm8090m.perOPC02 5564 - In OPC02-PER SECTION
11:00:16.560 [main] INFO  com.cloudframe.app.process.Bm8090m.comprimirNombre 5278 - In 2530-COMPRIMIR-NOMBRE SECTION
11:00:16.560 [main] INFO  com.cloudframe.app.process.Bm8090m.perOPC01 5508 - In OPC01-PER SECTION
11:00:16.560 [main] INFO  com.cloudframe.app.process.Bm8090m.almacenarPe8090m 2755 - In ALMACENAR-PE8090M SECTION
11:00:16.560 [main] INFO  com.cloudframe.app.process.Bm8090m.almacenarPe8090mSalida 3888 - In ALMACENAR-PE8090M-SALIDA
11:00:16.560 [main] INFO  com.cloudframe.app.process.Bm8090m.tratDeDatos  921 - In 2500-TRAT-DE-DATOS SECTION
11:00:16.560 [main] INFO  com.cloudframe.app.process.Bm8090m.traPerFisPe8090m 1002 - In TRA-PER-FIS-PE8090M SECTION
11:00:16.561 [main] INFO  com.cloudframe.app.process.Bm8090m.comprimirNombre 5278 - In 2530-COMPRIMIR-NOMBRE SECTION
11:00:16.561 [main] INFO  com.cloudframe.app.process.Bm8090m.per 5377 - In OPC00-PER SECTION
11:00:16.561 [main] INFO  com.cloudframe.app.process.Bm8090m.comprimirNombre 5278 - In 2530-COMPRIMIR-NOMBRE SECTION
11:00:16.561 [main] INFO  com.cloudframe.app.process.Bm8090m.perOPC02 5564 - In OPC02-PER SECTION
11:00:16.562 [main] INFO  com.cloudframe.app.process.Bm8090m.comprimirNombre 5278 - In 2530-COMPRIMIR-NOMBRE SECTION
11:00:16.562 [main] INFO  com.cloudframe.app.process.Bm8090m.perOPC01 5508 - In OPC01-PER SECTION
11:00:16.562 [main] INFO  com.cloudframe.app.process.Bm8090m.almacenarPe8090m 2755 - In ALMACENAR-PE8090M SECTION
11:00:16.562 [main] INFO  com.cloudframe.app.process.Bm8090m.almacenarPe8090mSalida 3888 - In ALMACENAR-PE8090M-SALIDA
11:00:16.563 [main] INFO  com.cloudframe.app.process.Bm8090m.tratDeDatos  921 - In 2500-TRAT-DE-DATOS SECTION
11:00:16.563 [main] INFO  com.cloudframe.app.process.Bm8090m.traPerFisPe8090m 1002 - In TRA-PER-FIS-PE8090M SECTION
11:00:16.563 [main] INFO  com.cloudframe.app.process.Bm8090m.comprimirNombre 5278 - In 2530-COMPRIMIR-NOMBRE SECTION
11:00:16.563 [main] INFO  com.cloudframe.app.process.Bm8090m.per 5377 - In OPC00-PER SECTION
11:00:16.563 [main] INFO  com.cloudframe.app.process.Bm8090m.comprimirNombre 5278 - In 2530-COMPRIMIR-NOMBRE SECTION
11:00:16.564 [main] INFO  com.cloudframe.app.process.Bm8090m.perOPC02 5564 - In OPC02-PER SECTION
11:00:16.564 [main] INFO  com.cloudframe.app.process.Bm8090m.comprimirNombre 5278 - In 2530-COMPRIMIR-NOMBRE SECTION
11:00:16.564 [main] INFO  com.cloudframe.app.process.Bm8090m.perOPC01 5508 - In OPC01-PER SECTION
11:00:16.564 [main] INFO  com.cloudframe.app.process.Bm8090m.almacenarPe8090m 2755 - In ALMACENAR-PE8090M SECTION
11:00:16.565 [main] INFO  com.cloudframe.app.process.Bm8090m.almacenarPe8090mSalida 3888 - In ALMACENAR-PE8090M-SALIDA
11:00:16.565 [main] INFO  com.cloudframe.app.process.Bm8090m.tratDeDatos  921 - In 2500-TRAT-DE-DATOS SECTION
11:00:16.565 [main] INFO  com.cloudframe.app.process.Bm8090m.traPerFisPe8090m 1002 - In TRA-PER-FIS-PE8090M SECTION
11:00:16.565 [main] INFO  com.cloudframe.app.process.Bm8090m.comprimirNombre 5278 - In 2530-COMPRIMIR-NOMBRE SECTION
11:00:16.565 [main] INFO  com.cloudframe.app.process.Bm8090m.per 5377 - In OPC00-PER SECTION
11:00:16.566 [main] INFO  com.cloudframe.app.process.Bm8090m.comprimirNombre 5278 - In 2530-COMPRIMIR-NOMBRE SECTION
11:00:16.566 [main] INFO  com.cloudframe.app.process.Bm8090m.perOPC02 5564 - In OPC02-PER SECTION
11:00:16.566 [main] INFO  com.cloudframe.app.process.Bm8090m.comprimirNombre 5278 - In 2530-COMPRIMIR-NOMBRE SECTION
11:00:16.566 [main] INFO  com.cloudframe.app.process.Bm8090m.perOPC01 5508 - In OPC01-PER SECTION
11:00:16.566 [main] INFO  com.cloudframe.app.process.Bm8090m.almacenarPe8090m 2755 - In ALMACENAR-PE8090M SECTION
11:00:16.567 [main] INFO  com.cloudframe.app.process.Bm8090m.almacenarPe8090mSalida 3888 - In ALMACENAR-PE8090M-SALIDA
11:00:16.567 [main] INFO  com.cloudframe.app.process.Bm8090m.tratDeDatos  921 - In 2500-TRAT-DE-DATOS SECTION
11:00:16.567 [main] INFO  com.cloudframe.app.process.Bm8090m.traPerFisPe8090m 1002 - In TRA-PER-FIS-PE8090M SECTION
11:00:16.567 [main] INFO  com.cloudframe.app.process.Bm8090m.comprimirNombre 5278 - In 2530-COMPRIMIR-NOMBRE SECTION
11:00:16.567 [main] INFO  com.cloudframe.app.process.Bm8090m.per 5377 - In OPC00-PER SECTION
11:00:16.568 [main] INFO  com.cloudframe.app.process.Bm8090m.comprimirNombre 5278 - In 2530-COMPRIMIR-NOMBRE SECTION
11:00:16.568 [main] INFO  com.cloudframe.app.process.Bm8090m.perOPC02 5564 - In OPC02-PER SECTION
11:00:16.568 [main] INFO  com.cloudframe.app.process.Bm8090m.comprimirNombre 5278 - In 2530-COMPRIMIR-NOMBRE SECTION
11:00:16.568 [main] INFO  com.cloudframe.app.process.Bm8090m.perOPC01 5508 - In OPC01-PER SECTION
11:00:16.569 [main] INFO  com.cloudframe.app.process.Bm8090m.almacenarPe8090m 2755 - In ALMACENAR-PE8090M SECTION
11:00:16.569 [main] INFO  com.cloudframe.app.process.Bm8090m.almacenarPe8090mSalida 3888 - In ALMACENAR-PE8090M-SALIDA
11:00:16.569 [main] INFO  com.cloudframe.app.process.Bm8090m.tratDeDatos  921 - In 2500-TRAT-DE-DATOS SECTION
11:00:16.569 [main] INFO  com.cloudframe.app.process.Bm8090m.traPerFisPe8090m 1002 - In TRA-PER-FIS-PE8090M SECTION
11:00:16.569 [main] INFO  com.cloudframe.app.process.Bm8090m.comprimirNombre 5278 - In 2530-COMPRIMIR-NOMBRE SECTION
11:00:16.569 [main] INFO  com.cloudframe.app.process.Bm8090m.per 5377 - In OPC00-PER SECTION
11:00:16.570 [main] INFO  com.cloudframe.app.process.Bm8090m.comprimirNombre 5278 - In 2530-COMPRIMIR-NOMBRE SECTION
11:00:16.570 [main] INFO  com.cloudframe.app.process.Bm8090m.perOPC02 5564 - In OPC02-PER SECTION
11:00:16.570 [main] INFO  com.cloudframe.app.process.Bm8090m.comprimirNombre 5278 - In 2530-COMPRIMIR-NOMBRE SECTION
11:00:16.570 [main] INFO  com.cloudframe.app.process.Bm8090m.perOPC01 5508 - In OPC01-PER SECTION
11:00:16.571 [main] INFO  com.cloudframe.app.process.Bm8090m.almacenarPe8090m 2755 - In ALMACENAR-PE8090M SECTION
11:00:16.571 [main] INFO  com.cloudframe.app.process.Bm8090m.almacenarPe8090mSalida 3888 - In ALMACENAR-PE8090M-SALIDA
11:00:16.571 [main] INFO  com.cloudframe.app.process.Bm8090m.tratDeDatos  921 - In 2500-TRAT-DE-DATOS SECTION
11:00:16.571 [main] INFO  com.cloudframe.app.process.Bm8090m.traPerFisPe8090m 1002 - In TRA-PER-FIS-PE8090M SECTION
11:00:16.572 [main] INFO  com.cloudframe.app.process.Bm8090m.comprimirNombre 5278 - In 2530-COMPRIMIR-NOMBRE SECTION
11:00:16.572 [main] INFO  com.cloudframe.app.process.Bm8090m.per 5377 - In OPC00-PER SECTION
11:00:16.572 [main] INFO  com.cloudframe.app.process.Bm8090m.comprimirNombre 5278 - In 2530-COMPRIMIR-NOMBRE SECTION
11:00:16.572 [main] INFO  com.cloudframe.app.process.Bm8090m.perOPC02 5564 - In OPC02-PER SECTION
11:00:16.573 [main] INFO  com.cloudframe.app.process.Bm8090m.comprimirNombre 5278 - In 2530-COMPRIMIR-NOMBRE SECTION
11:00:16.573 [main] INFO  com.cloudframe.app.process.Bm8090m.perOPC01 5508 - In OPC01-PER SECTION
11:00:16.573 [main] INFO  com.cloudframe.app.process.Bm8090m.almacenarPe8090m 2755 - In ALMACENAR-PE8090M SECTION
11:00:16.573 [main] INFO  com.cloudframe.app.process.Bm8090m.almacenarPe8090mSalida 3888 - In ALMACENAR-PE8090M-SALIDA
11:00:16.574 [main] INFO  com.cloudframe.app.process.Bm8090m.tratDeDatos  921 - In 2500-TRAT-DE-DATOS SECTION
11:00:16.574 [main] INFO  com.cloudframe.app.process.Bm8090m.traPerFisPe8090m 1002 - In TRA-PER-FIS-PE8090M SECTION
11:00:16.574 [main] INFO  com.cloudframe.app.process.Bm8090m.comprimirNombre 5278 - In 2530-COMPRIMIR-NOMBRE SECTION
11:00:16.574 [main] INFO  com.cloudframe.app.process.Bm8090m.per 5377 - In OPC00-PER SECTION
11:00:16.575 [main] INFO  com.cloudframe.app.process.Bm8090m.comprimirNombre 5278 - In 2530-COMPRIMIR-NOMBRE SECTION
11:00:16.575 [main] INFO  com.cloudframe.app.process.Bm8090m.perOPC02 5564 - In OPC02-PER SECTION
11:00:16.575 [main] INFO  com.cloudframe.app.process.Bm8090m.comprimirNombre 5278 - In 2530-COMPRIMIR-NOMBRE SECTION
11:00:16.575 [main] INFO  com.cloudframe.app.process.Bm8090m.perOPC01 5508 - In OPC01-PER SECTION
11:00:16.575 [main] INFO  com.cloudframe.app.process.Bm8090m.almacenarPe8090m 2755 - In ALMACENAR-PE8090M SECTION
11:00:16.576 [main] INFO  com.cloudframe.app.process.Bm8090m.almacenarPe8090mSalida 3888 - In ALMACENAR-PE8090M-SALIDA
11:00:16.576 [main] INFO  com.cloudframe.app.process.Bm8090m.tratDeDatos  921 - In 2500-TRAT-DE-DATOS SECTION
11:00:16.576 [main] INFO  com.cloudframe.app.process.Bm8090m.traPerFisPe8090m 1002 - In TRA-PER-FIS-PE8090M SECTION
11:00:16.576 [main] INFO  com.cloudframe.app.process.Bm8090m.comprimirNombre 5278 - In 2530-COMPRIMIR-NOMBRE SECTION
11:00:16.577 [main] INFO  com.cloudframe.app.process.Bm8090m.per 5377 - In OPC00-PER SECTION
11:00:16.577 [main] INFO  com.cloudframe.app.process.Bm8090m.comprimirNombre 5278 - In 2530-COMPRIMIR-NOMBRE SECTION
11:00:16.577 [main] INFO  com.cloudframe.app.process.Bm8090m.perOPC02 5564 - In OPC02-PER SECTION
11:00:16.577 [main] INFO  com.cloudframe.app.process.Bm8090m.comprimirNombre 5278 - In 2530-COMPRIMIR-NOMBRE SECTION
11:00:16.578 [main] INFO  com.cloudframe.app.process.Bm8090m.perOPC01 5508 - In OPC01-PER SECTION
11:00:16.578 [main] INFO  com.cloudframe.app.process.Bm8090m.almacenarPe8090m 2755 - In ALMACENAR-PE8090M SECTION
11:00:16.578 [main] INFO  com.cloudframe.app.process.Bm8090m.almacenarPe8090mSalida 3888 - In ALMACENAR-PE8090M-SALIDA
11:00:16.578 [main] INFO  com.cloudframe.app.process.Bm8090m.tratDeDatos  921 - In 2500-TRAT-DE-DATOS SECTION
11:00:16.578 [main] INFO  com.cloudframe.app.process.Bm8090m.traPerFisPe8090m 1002 - In TRA-PER-FIS-PE8090M SECTION
11:00:16.579 [main] INFO  com.cloudframe.app.process.Bm8090m.comprimirNombre 5278 - In 2530-COMPRIMIR-NOMBRE SECTION
11:00:16.579 [main] INFO  com.cloudframe.app.process.Bm8090m.per 5377 - In OPC00-PER SECTION
11:00:16.579 [main] INFO  com.cloudframe.app.process.Bm8090m.comprimirNombre 5278 - In 2530-COMPRIMIR-NOMBRE SECTION
11:00:16.579 [main] INFO  com.cloudframe.app.process.Bm8090m.perOPC02 5564 - In OPC02-PER SECTION
11:00:16.579 [main] INFO  com.cloudframe.app.process.Bm8090m.comprimirNombre 5278 - In 2530-COMPRIMIR-NOMBRE SECTION
11:00:16.580 [main] INFO  com.cloudframe.app.process.Bm8090m.perOPC01 5508 - In OPC01-PER SECTION
11:00:16.580 [main] INFO  com.cloudframe.app.process.Bm8090m.almacenarPe8090m 2755 - In ALMACENAR-PE8090M SECTION
11:00:16.580 [main] INFO  com.cloudframe.app.process.Bm8090m.almacenarPe8090mSalida 3888 - In ALMACENAR-PE8090M-SALIDA
11:00:16.580 [main] INFO  com.cloudframe.app.process.Bm8090m.tratDeDatos  921 - In 2500-TRAT-DE-DATOS SECTION
11:00:16.581 [main] INFO  com.cloudframe.app.process.Bm8090m.traPerFisPe8090m 1002 - In TRA-PER-FIS-PE8090M SECTION
11:00:16.581 [main] INFO  com.cloudframe.app.process.Bm8090m.comprimirNombre 5278 - In 2530-COMPRIMIR-NOMBRE SECTION
11:00:16.581 [main] INFO  com.cloudframe.app.process.Bm8090m.per 5377 - In OPC00-PER SECTION
11:00:16.581 [main] INFO  com.cloudframe.app.process.Bm8090m.comprimirNombre 5278 - In 2530-COMPRIMIR-NOMBRE SECTION
11:00:16.581 [main] INFO  com.cloudframe.app.process.Bm8090m.perOPC02 5564 - In OPC02-PER SECTION
11:00:16.582 [main] INFO  com.cloudframe.app.process.Bm8090m.comprimirNombre 5278 - In 2530-COMPRIMIR-NOMBRE SECTION
11:00:16.582 [main] INFO  com.cloudframe.app.process.Bm8090m.perOPC01 5508 - In OPC01-PER SECTION
11:00:16.582 [main] INFO  com.cloudframe.app.process.Bm8090m.almacenarPe8090m 2755 - In ALMACENAR-PE8090M SECTION
11:00:16.582 [main] INFO  com.cloudframe.app.process.Bm8090m.almacenarPe8090mSalida 3888 - In ALMACENAR-PE8090M-SALIDA
11:00:16.582 [main] INFO  com.cloudframe.app.process.Bm8090m.tratDeDatos  921 - In 2500-TRAT-DE-DATOS SECTION
11:00:16.583 [main] INFO  com.cloudframe.app.process.Bm8090m.traPerFisPe8090m 1002 - In TRA-PER-FIS-PE8090M SECTION
11:00:16.583 [main] INFO  com.cloudframe.app.process.Bm8090m.comprimirNombre 5278 - In 2530-COMPRIMIR-NOMBRE SECTION
11:00:16.583 [main] INFO  com.cloudframe.app.process.Bm8090m.per 5377 - In OPC00-PER SECTION
11:00:16.584 [main] INFO  com.cloudframe.app.process.Bm8090m.comprimirNombre 5278 - In 2530-COMPRIMIR-NOMBRE SECTION
11:00:16.584 [main] INFO  com.cloudframe.app.process.Bm8090m.perOPC02 5564 - In OPC02-PER SECTION
11:00:16.584 [main] INFO  com.cloudframe.app.process.Bm8090m.comprimirNombre 5278 - In 2530-COMPRIMIR-NOMBRE SECTION
11:00:16.584 [main] INFO  com.cloudframe.app.process.Bm8090m.perOPC01 5508 - In OPC01-PER SECTION
11:00:16.585 [main] INFO  com.cloudframe.app.process.Bm8090m.almacenarPe8090m 2755 - In ALMACENAR-PE8090M SECTION
11:00:16.585 [main] INFO  com.cloudframe.app.process.Bm8090m.almacenarPe8090mSalida 3888 - In ALMACENAR-PE8090M-SALIDA
11:00:16.585 [main] INFO  com.cloudframe.app.process.Bm8090m.tratDeDatos  921 - In 2500-TRAT-DE-DATOS SECTION
11:00:16.585 [main] INFO  com.cloudframe.app.process.Bm8090m.traPerFisPe8090m 1002 - In TRA-PER-FIS-PE8090M SECTION
11:00:16.585 [main] INFO  com.cloudframe.app.process.Bm8090m.comprimirNombre 5278 - In 2530-COMPRIMIR-NOMBRE SECTION
11:00:16.585 [main] INFO  com.cloudframe.app.process.Bm8090m.per 5377 - In OPC00-PER SECTION
11:00:16.586 [main] INFO  com.cloudframe.app.process.Bm8090m.comprimirNombre 5278 - In 2530-COMPRIMIR-NOMBRE SECTION
11:00:16.586 [main] INFO  com.cloudframe.app.process.Bm8090m.perOPC02 5564 - In OPC02-PER SECTION
11:00:16.586 [main] INFO  com.cloudframe.app.process.Bm8090m.comprimirNombre 5278 - In 2530-COMPRIMIR-NOMBRE SECTION
11:00:16.586 [main] INFO  com.cloudframe.app.process.Bm8090m.perOPC01 5508 - In OPC01-PER SECTION
11:00:16.587 [main] INFO  com.cloudframe.app.process.Bm8090m.almacenarPe8090m 2755 - In ALMACENAR-PE8090M SECTION
11:00:16.587 [main] INFO  com.cloudframe.app.process.Bm8090m.almacenarPe8090mSalida 3888 - In ALMACENAR-PE8090M-SALIDA
11:00:16.587 [main] INFO  com.cloudframe.app.process.Bm8090m.tratDeDatos  921 - In 2500-TRAT-DE-DATOS SECTION
11:00:16.587 [main] INFO  com.cloudframe.app.process.Bm8090m.traPerFisPe8090m 1002 - In TRA-PER-FIS-PE8090M SECTION
11:00:16.587 [main] INFO  com.cloudframe.app.process.Bm8090m.comprimirNombre 5278 - In 2530-COMPRIMIR-NOMBRE SECTION
11:00:16.588 [main] INFO  com.cloudframe.app.process.Bm8090m.per 5377 - In OPC00-PER SECTION
11:00:16.588 [main] INFO  com.cloudframe.app.process.Bm8090m.comprimirNombre 5278 - In 2530-COMPRIMIR-NOMBRE SECTION
11:00:16.588 [main] INFO  com.cloudframe.app.process.Bm8090m.perOPC02 5564 - In OPC02-PER SECTION
11:00:16.589 [main] INFO  com.cloudframe.app.process.Bm8090m.comprimirNombre 5278 - In 2530-COMPRIMIR-NOMBRE SECTION
11:00:16.589 [main] INFO  com.cloudframe.app.process.Bm8090m.perOPC01 5508 - In OPC01-PER SECTION
11:00:16.589 [main] INFO  com.cloudframe.app.process.Bm8090m.almacenarPe8090m 2755 - In ALMACENAR-PE8090M SECTION
11:00:16.589 [main] INFO  com.cloudframe.app.process.Bm8090m.almacenarPe8090mSalida 3888 - In ALMACENAR-PE8090M-SALIDA
11:00:16.589 [main] INFO  com.cloudframe.app.process.Bm8090m.tratDeDatos  921 - In 2500-TRAT-DE-DATOS SECTION
11:00:16.590 [main] INFO  com.cloudframe.app.process.Bm8090m.traPerFisPe8090m 1002 - In TRA-PER-FIS-PE8090M SECTION
11:00:16.590 [main] INFO  com.cloudframe.app.process.Bm8090m.comprimirNombre 5278 - In 2530-COMPRIMIR-NOMBRE SECTION
11:00:16.590 [main] INFO  com.cloudframe.app.process.Bm8090m.per 5377 - In OPC00-PER SECTION
11:00:16.591 [main] INFO  com.cloudframe.app.process.Bm8090m.comprimirNombre 5278 - In 2530-COMPRIMIR-NOMBRE SECTION
11:00:16.591 [main] INFO  com.cloudframe.app.process.Bm8090m.perOPC02 5564 - In OPC02-PER SECTION
11:00:16.591 [main] INFO  com.cloudframe.app.process.Bm8090m.comprimirNombre 5278 - In 2530-COMPRIMIR-NOMBRE SECTION
11:00:16.592 [main] INFO  com.cloudframe.app.process.Bm8090m.perOPC01 5508 - In OPC01-PER SECTION
11:00:16.592 [main] INFO  com.cloudframe.app.process.Bm8090m.almacenarPe8090m 2755 - In ALMACENAR-PE8090M SECTION
11:00:16.592 [main] INFO  com.cloudframe.app.process.Bm8090m.almacenarPe8090mSalida 3888 - In ALMACENAR-PE8090M-SALIDA
11:00:16.592 [main] INFO  com.cloudframe.app.process.Bm8090m.tratDeDatos  921 - In 2500-TRAT-DE-DATOS SECTION
11:00:16.593 [main] INFO  com.cloudframe.app.process.Bm8090m.traPerFisPe8090m 1002 - In TRA-PER-FIS-PE8090M SECTION
11:00:16.593 [main] INFO  com.cloudframe.app.process.Bm8090m.comprimirNombre 5278 - In 2530-COMPRIMIR-NOMBRE SECTION
11:00:16.593 [main] INFO  com.cloudframe.app.process.Bm8090m.per 5377 - In OPC00-PER SECTION
11:00:16.594 [main] INFO  com.cloudframe.app.process.Bm8090m.comprimirNombre 5278 - In 2530-COMPRIMIR-NOMBRE SECTION
11:00:16.594 [main] INFO  com.cloudframe.app.process.Bm8090m.perOPC02 5564 - In OPC02-PER SECTION
11:00:16.594 [main] INFO  com.cloudframe.app.process.Bm8090m.comprimirNombre 5278 - In 2530-COMPRIMIR-NOMBRE SECTION
11:00:16.594 [main] INFO  com.cloudframe.app.process.Bm8090m.perOPC01 5508 - In OPC01-PER SECTION
11:00:16.594 [main] INFO  com.cloudframe.app.process.Bm8090m.almacenarPe8090m 2755 - In ALMACENAR-PE8090M SECTION
11:00:16.594 [main] INFO  com.cloudframe.app.process.Bm8090m.almacenarPe8090mSalida 3888 - In ALMACENAR-PE8090M-SALIDA
11:00:16.595 [main] INFO  com.cloudframe.app.process.Bm8090m.tratDeDatos  921 - In 2500-TRAT-DE-DATOS SECTION
11:00:16.595 [main] INFO  com.cloudframe.app.process.Bm8090m.traPerFisPe8090m 1002 - In TRA-PER-FIS-PE8090M SECTION
11:00:16.595 [main] INFO  com.cloudframe.app.process.Bm8090m.comprimirNombre 5278 - In 2530-COMPRIMIR-NOMBRE SECTION
11:00:16.595 [main] INFO  com.cloudframe.app.process.Bm8090m.per 5377 - In OPC00-PER SECTION
11:00:16.595 [main] INFO  com.cloudframe.app.process.Bm8090m.comprimirNombre 5278 - In 2530-COMPRIMIR-NOMBRE SECTION
11:00:16.596 [main] INFO  com.cloudframe.app.process.Bm8090m.perOPC02 5564 - In OPC02-PER SECTION
11:00:16.596 [main] INFO  com.cloudframe.app.process.Bm8090m.comprimirNombre 5278 - In 2530-COMPRIMIR-NOMBRE SECTION
11:00:16.596 [main] INFO  com.cloudframe.app.process.Bm8090m.perOPC01 5508 - In OPC01-PER SECTION
11:00:16.596 [main] INFO  com.cloudframe.app.process.Bm8090m.almacenarPe8090m 2755 - In ALMACENAR-PE8090M SECTION
11:00:16.596 [main] INFO  com.cloudframe.app.process.Bm8090m.almacenarPe8090mSalida 3888 - In ALMACENAR-PE8090M-SALIDA
11:00:16.597 [main] INFO  com.cloudframe.app.process.Bm8090m.tratDeDatos  921 - In 2500-TRAT-DE-DATOS SECTION
11:00:16.597 [main] INFO  com.cloudframe.app.process.Bm8090m.traPerFisPe8090m 1002 - In TRA-PER-FIS-PE8090M SECTION
11:00:16.597 [main] INFO  com.cloudframe.app.process.Bm8090m.comprimirNombre 5278 - In 2530-COMPRIMIR-NOMBRE SECTION
11:00:16.597 [main] INFO  com.cloudframe.app.process.Bm8090m.per 5377 - In OPC00-PER SECTION
11:00:16.597 [main] INFO  com.cloudframe.app.process.Bm8090m.comprimirNombre 5278 - In 2530-COMPRIMIR-NOMBRE SECTION
11:00:16.598 [main] INFO  com.cloudframe.app.process.Bm8090m.perOPC02 5564 - In OPC02-PER SECTION
11:00:16.598 [main] INFO  com.cloudframe.app.process.Bm8090m.comprimirNombre 5278 - In 2530-COMPRIMIR-NOMBRE SECTION
11:00:16.598 [main] INFO  com.cloudframe.app.process.Bm8090m.perOPC01 5508 - In OPC01-PER SECTION
11:00:16.598 [main] INFO  com.cloudframe.app.process.Bm8090m.almacenarPe8090m 2755 - In ALMACENAR-PE8090M SECTION
11:00:16.598 [main] INFO  com.cloudframe.app.process.Bm8090m.almacenarPe8090mSalida 3888 - In ALMACENAR-PE8090M-SALIDA
11:00:16.599 [main] INFO  com.cloudframe.app.process.Bm8090m.tratDeDatos  921 - In 2500-TRAT-DE-DATOS SECTION
11:00:16.599 [main] INFO  com.cloudframe.app.process.Bm8090m.traPerFisPe8090m 1002 - In TRA-PER-FIS-PE8090M SECTION
11:00:16.599 [main] INFO  com.cloudframe.app.process.Bm8090m.comprimirNombre 5278 - In 2530-COMPRIMIR-NOMBRE SECTION
11:00:16.599 [main] INFO  com.cloudframe.app.process.Bm8090m.per 5377 - In OPC00-PER SECTION
11:00:16.599 [main] INFO  com.cloudframe.app.process.Bm8090m.comprimirNombre 5278 - In 2530-COMPRIMIR-NOMBRE SECTION
11:00:16.599 [main] INFO  com.cloudframe.app.process.Bm8090m.perOPC02 5564 - In OPC02-PER SECTION
11:00:16.600 [main] INFO  com.cloudframe.app.process.Bm8090m.comprimirNombre 5278 - In 2530-COMPRIMIR-NOMBRE SECTION
11:00:16.600 [main] INFO  com.cloudframe.app.process.Bm8090m.perOPC01 5508 - In OPC01-PER SECTION
11:00:16.600 [main] INFO  com.cloudframe.app.process.Bm8090m.almacenarPe8090m 2755 - In ALMACENAR-PE8090M SECTION
11:00:16.600 [main] INFO  com.cloudframe.app.process.Bm8090m.almacenarPe8090mSalida 3888 - In ALMACENAR-PE8090M-SALIDA
11:00:16.600 [main] INFO  com.cloudframe.app.process.Bm8090m.tratDeDatos  921 - In 2500-TRAT-DE-DATOS SECTION
11:00:16.600 [main] INFO  com.cloudframe.app.process.Bm8090m.traPerFisPe8090m 1002 - In TRA-PER-FIS-PE8090M SECTION
11:00:16.601 [main] INFO  com.cloudframe.app.process.Bm8090m.comprimirNombre 5278 - In 2530-COMPRIMIR-NOMBRE SECTION
11:00:16.601 [main] INFO  com.cloudframe.app.process.Bm8090m.per 5377 - In OPC00-PER SECTION
11:00:16.601 [main] INFO  com.cloudframe.app.process.Bm8090m.comprimirNombre 5278 - In 2530-COMPRIMIR-NOMBRE SECTION
11:00:16.601 [main] INFO  com.cloudframe.app.process.Bm8090m.perOPC02 5564 - In OPC02-PER SECTION
11:00:16.602 [main] INFO  com.cloudframe.app.process.Bm8090m.comprimirNombre 5278 - In 2530-COMPRIMIR-NOMBRE SECTION
11:00:16.602 [main] INFO  com.cloudframe.app.process.Bm8090m.perOPC01 5508 - In OPC01-PER SECTION
11:00:16.602 [main] INFO  com.cloudframe.app.process.Bm8090m.almacenarPe8090m 2755 - In ALMACENAR-PE8090M SECTION
11:00:16.602 [main] INFO  com.cloudframe.app.process.Bm8090m.almacenarPe8090mSalida 3888 - In ALMACENAR-PE8090M-SALIDA
11:00:16.602 [main] INFO  com.cloudframe.app.process.Bm8090m.tratDeDatos  921 - In 2500-TRAT-DE-DATOS SECTION
11:00:16.603 [main] INFO  com.cloudframe.app.process.Bm8090m.traPerFisPe8090m 1002 - In TRA-PER-FIS-PE8090M SECTION
11:00:16.604 [main] INFO  com.cloudframe.app.process.Bm8090m.comprimirNombre 5278 - In 2530-COMPRIMIR-NOMBRE SECTION
11:00:16.604 [main] INFO  com.cloudframe.app.process.Bm8090m.per 5377 - In OPC00-PER SECTION
11:00:16.604 [main] INFO  com.cloudframe.app.process.Bm8090m.comprimirNombre 5278 - In 2530-COMPRIMIR-NOMBRE SECTION
11:00:16.604 [main] INFO  com.cloudframe.app.process.Bm8090m.perOPC02 5564 - In OPC02-PER SECTION
11:00:16.604 [main] INFO  com.cloudframe.app.process.Bm8090m.comprimirNombre 5278 - In 2530-COMPRIMIR-NOMBRE SECTION
11:00:16.605 [main] INFO  com.cloudframe.app.process.Bm8090m.perOPC01 5508 - In OPC01-PER SECTION
11:00:16.605 [main] INFO  com.cloudframe.app.process.Bm8090m.almacenarPe8090m 2755 - In ALMACENAR-PE8090M SECTION
11:00:16.605 [main] INFO  com.cloudframe.app.process.Bm8090m.almacenarPe8090mSalida 3888 - In ALMACENAR-PE8090M-SALIDA
11:00:16.605 [main] INFO  com.cloudframe.app.process.Bm8090m.tratDeDatos  921 - In 2500-TRAT-DE-DATOS SECTION
11:00:16.606 [main] INFO  com.cloudframe.app.process.Bm8090m.traPerFisPe8090m 1002 - In TRA-PER-FIS-PE8090M SECTION
11:00:16.606 [main] INFO  com.cloudframe.app.process.Bm8090m.comprimirNombre 5278 - In 2530-COMPRIMIR-NOMBRE SECTION
11:00:16.606 [main] INFO  com.cloudframe.app.process.Bm8090m.per 5377 - In OPC00-PER SECTION
11:00:16.607 [main] INFO  com.cloudframe.app.process.Bm8090m.comprimirNombre 5278 - In 2530-COMPRIMIR-NOMBRE SECTION
11:00:16.607 [main] INFO  com.cloudframe.app.process.Bm8090m.perOPC02 5564 - In OPC02-PER SECTION
11:00:16.607 [main] INFO  com.cloudframe.app.process.Bm8090m.comprimirNombre 5278 - In 2530-COMPRIMIR-NOMBRE SECTION
11:00:16.607 [main] INFO  com.cloudframe.app.process.Bm8090m.perOPC01 5508 - In OPC01-PER SECTION
11:00:16.607 [main] INFO  com.cloudframe.app.process.Bm8090m.almacenarPe8090m 2755 - In ALMACENAR-PE8090M SECTION
11:00:16.608 [main] INFO  com.cloudframe.app.process.Bm8090m.almacenarPe8090mSalida 3888 - In ALMACENAR-PE8090M-SALIDA
11:00:16.608 [main] INFO  com.cloudframe.app.process.Bm8090m.tratDeDatos  921 - In 2500-TRAT-DE-DATOS SECTION
11:00:16.608 [main] INFO  com.cloudframe.app.process.Bm8090m.traPerFisPe8090m 1002 - In TRA-PER-FIS-PE8090M SECTION
11:00:16.608 [main] INFO  com.cloudframe.app.process.Bm8090m.comprimirNombre 5278 - In 2530-COMPRIMIR-NOMBRE SECTION
11:00:16.609 [main] INFO  com.cloudframe.app.process.Bm8090m.per 5377 - In OPC00-PER SECTION
11:00:16.609 [main] INFO  com.cloudframe.app.process.Bm8090m.comprimirNombre 5278 - In 2530-COMPRIMIR-NOMBRE SECTION
11:00:16.609 [main] INFO  com.cloudframe.app.process.Bm8090m.perOPC02 5564 - In OPC02-PER SECTION
11:00:16.609 [main] INFO  com.cloudframe.app.process.Bm8090m.comprimirNombre 5278 - In 2530-COMPRIMIR-NOMBRE SECTION
11:00:16.610 [main] INFO  com.cloudframe.app.process.Bm8090m.perOPC01 5508 - In OPC01-PER SECTION
11:00:16.610 [main] INFO  com.cloudframe.app.process.Bm8090m.almacenarPe8090m 2755 - In ALMACENAR-PE8090M SECTION
11:00:16.610 [main] INFO  com.cloudframe.app.process.Bm8090m.almacenarPe8090mSalida 3888 - In ALMACENAR-PE8090M-SALIDA
11:00:16.610 [main] INFO  com.cloudframe.app.process.Bm8090m.tratDeDatos  921 - In 2500-TRAT-DE-DATOS SECTION
11:00:16.610 [main] INFO  com.cloudframe.app.process.Bm8090m.traPerFisPe8090m 1002 - In TRA-PER-FIS-PE8090M SECTION
11:00:16.610 [main] INFO  com.cloudframe.app.process.Bm8090m.comprimirNombre 5278 - In 2530-COMPRIMIR-NOMBRE SECTION
11:00:16.611 [main] INFO  com.cloudframe.app.process.Bm8090m.per 5377 - In OPC00-PER SECTION
11:00:16.611 [main] INFO  com.cloudframe.app.process.Bm8090m.comprimirNombre 5278 - In 2530-COMPRIMIR-NOMBRE SECTION
11:00:16.611 [main] INFO  com.cloudframe.app.process.Bm8090m.perOPC02 5564 - In OPC02-PER SECTION
11:00:16.611 [main] INFO  com.cloudframe.app.process.Bm8090m.comprimirNombre 5278 - In 2530-COMPRIMIR-NOMBRE SECTION
11:00:16.612 [main] INFO  com.cloudframe.app.process.Bm8090m.perOPC01 5508 - In OPC01-PER SECTION
11:00:16.612 [main] INFO  com.cloudframe.app.process.Bm8090m.almacenarPe8090m 2755 - In ALMACENAR-PE8090M SECTION
11:00:16.612 [main] INFO  com.cloudframe.app.process.Bm8090m.almacenarPe8090mSalida 3888 - In ALMACENAR-PE8090M-SALIDA
11:00:16.612 [main] INFO  com.cloudframe.app.process.Bm8090m.tratDeDatos  921 - In 2500-TRAT-DE-DATOS SECTION
11:00:16.612 [main] INFO  com.cloudframe.app.process.Bm8090m.traPerFisPe8090m 1002 - In TRA-PER-FIS-PE8090M SECTION
11:00:16.613 [main] INFO  com.cloudframe.app.process.Bm8090m.comprimirNombre 5278 - In 2530-COMPRIMIR-NOMBRE SECTION
11:00:16.613 [main] INFO  com.cloudframe.app.process.Bm8090m.per 5377 - In OPC00-PER SECTION
11:00:16.613 [main] INFO  com.cloudframe.app.process.Bm8090m.comprimirNombre 5278 - In 2530-COMPRIMIR-NOMBRE SECTION
11:00:16.613 [main] INFO  com.cloudframe.app.process.Bm8090m.perOPC02 5564 - In OPC02-PER SECTION
11:00:16.614 [main] INFO  com.cloudframe.app.process.Bm8090m.comprimirNombre 5278 - In 2530-COMPRIMIR-NOMBRE SECTION
11:00:16.614 [main] INFO  com.cloudframe.app.process.Bm8090m.perOPC01 5508 - In OPC01-PER SECTION
11:00:16.614 [main] INFO  com.cloudframe.app.process.Bm8090m.almacenarPe8090m 2755 - In ALMACENAR-PE8090M SECTION
11:00:16.614 [main] INFO  com.cloudframe.app.process.Bm8090m.almacenarPe8090mSalida 3888 - In ALMACENAR-PE8090M-SALIDA
11:00:16.614 [main] INFO  com.cloudframe.app.process.Bm8090m.tratDeDatos  921 - In 2500-TRAT-DE-DATOS SECTION
11:00:16.615 [main] INFO  com.cloudframe.app.process.Bm8090m.traPerFisPe8090m 1002 - In TRA-PER-FIS-PE8090M SECTION
11:00:16.615 [main] INFO  com.cloudframe.app.process.Bm8090m.comprimirNombre 5278 - In 2530-COMPRIMIR-NOMBRE SECTION
11:00:16.615 [main] INFO  com.cloudframe.app.process.Bm8090m.per 5377 - In OPC00-PER SECTION
11:00:16.615 [main] INFO  com.cloudframe.app.process.Bm8090m.comprimirNombre 5278 - In 2530-COMPRIMIR-NOMBRE SECTION
11:00:16.615 [main] INFO  com.cloudframe.app.process.Bm8090m.perOPC02 5564 - In OPC02-PER SECTION
11:00:16.616 [main] INFO  com.cloudframe.app.process.Bm8090m.comprimirNombre 5278 - In 2530-COMPRIMIR-NOMBRE SECTION
11:00:16.616 [main] INFO  com.cloudframe.app.process.Bm8090m.perOPC01 5508 - In OPC01-PER SECTION
11:00:16.616 [main] INFO  com.cloudframe.app.process.Bm8090m.almacenarPe8090m 2755 - In ALMACENAR-PE8090M SECTION
11:00:16.616 [main] INFO  com.cloudframe.app.process.Bm8090m.almacenarPe8090mSalida 3888 - In ALMACENAR-PE8090M-SALIDA
11:00:16.617 [main] INFO  com.cloudframe.app.process.Bm8090m.tratDeDatos  921 - In 2500-TRAT-DE-DATOS SECTION
11:00:16.617 [main] INFO  com.cloudframe.app.process.Bm8090m.traPerFisPe8090m 1002 - In TRA-PER-FIS-PE8090M SECTION
11:00:16.617 [main] INFO  com.cloudframe.app.process.Bm8090m.comprimirNombre 5278 - In 2530-COMPRIMIR-NOMBRE SECTION
11:00:16.617 [main] INFO  com.cloudframe.app.process.Bm8090m.per 5377 - In OPC00-PER SECTION
11:00:16.617 [main] INFO  com.cloudframe.app.process.Bm8090m.comprimirNombre 5278 - In 2530-COMPRIMIR-NOMBRE SECTION
11:00:16.617 [main] INFO  com.cloudframe.app.process.Bm8090m.perOPC02 5564 - In OPC02-PER SECTION
11:00:16.618 [main] INFO  com.cloudframe.app.process.Bm8090m.comprimirNombre 5278 - In 2530-COMPRIMIR-NOMBRE SECTION
11:00:16.618 [main] INFO  com.cloudframe.app.process.Bm8090m.perOPC01 5508 - In OPC01-PER SECTION
11:00:16.618 [main] INFO  com.cloudframe.app.process.Bm8090m.almacenarPe8090m 2755 - In ALMACENAR-PE8090M SECTION
11:00:16.618 [main] INFO  com.cloudframe.app.process.Bm8090m.almacenarPe8090mSalida 3888 - In ALMACENAR-PE8090M-SALIDA
11:00:16.618 [main] INFO  com.cloudframe.app.process.Bm8090m.tratDeDatos  921 - In 2500-TRAT-DE-DATOS SECTION
11:00:16.618 [main] INFO  com.cloudframe.app.process.Bm8090m.traPerFisPe8090m 1002 - In TRA-PER-FIS-PE8090M SECTION
11:00:16.618 [main] INFO  com.cloudframe.app.process.Bm8090m.comprimirNombre 5278 - In 2530-COMPRIMIR-NOMBRE SECTION
11:00:16.618 [main] INFO  com.cloudframe.app.process.Bm8090m.per 5377 - In OPC00-PER SECTION
11:00:16.618 [main] INFO  com.cloudframe.app.process.Bm8090m.comprimirNombre 5278 - In 2530-COMPRIMIR-NOMBRE SECTION
11:00:16.618 [main] INFO  com.cloudframe.app.process.Bm8090m.perOPC02 5564 - In OPC02-PER SECTION
11:00:16.619 [main] INFO  com.cloudframe.app.process.Bm8090m.comprimirNombre 5278 - In 2530-COMPRIMIR-NOMBRE SECTION
11:00:16.619 [main] INFO  com.cloudframe.app.process.Bm8090m.perOPC01 5508 - In OPC01-PER SECTION
11:00:16.619 [main] INFO  com.cloudframe.app.process.Bm8090m.almacenarPe8090m 2755 - In ALMACENAR-PE8090M SECTION
11:00:16.619 [main] INFO  com.cloudframe.app.process.Bm8090m.almacenarPe8090mSalida 3888 - In ALMACENAR-PE8090M-SALIDA
11:00:16.619 [main] INFO  com.cloudframe.app.process.Bm8090m.tratDeDatos  921 - In 2500-TRAT-DE-DATOS SECTION
11:00:16.619 [main] INFO  com.cloudframe.app.process.Bm8090m.traPerFisPe8090m 1002 - In TRA-PER-FIS-PE8090M SECTION
11:00:16.619 [main] INFO  com.cloudframe.app.process.Bm8090m.comprimirNombre 5278 - In 2530-COMPRIMIR-NOMBRE SECTION
11:00:16.619 [main] INFO  com.cloudframe.app.process.Bm8090m.per 5377 - In OPC00-PER SECTION
11:00:16.619 [main] INFO  com.cloudframe.app.process.Bm8090m.comprimirNombre 5278 - In 2530-COMPRIMIR-NOMBRE SECTION
11:00:16.620 [main] INFO  com.cloudframe.app.process.Bm8090m.perOPC02 5564 - In OPC02-PER SECTION
11:00:16.620 [main] INFO  com.cloudframe.app.process.Bm8090m.comprimirNombre 5278 - In 2530-COMPRIMIR-NOMBRE SECTION
11:00:16.620 [main] INFO  com.cloudframe.app.process.Bm8090m.perOPC01 5508 - In OPC01-PER SECTION
11:00:16.620 [main] INFO  com.cloudframe.app.process.Bm8090m.almacenarPe8090m 2755 - In ALMACENAR-PE8090M SECTION
11:00:16.620 [main] INFO  com.cloudframe.app.process.Bm8090m.almacenarPe8090mSalida 3888 - In ALMACENAR-PE8090M-SALIDA
11:00:16.620 [main] INFO  com.cloudframe.app.process.Bm8090m.tratDeDatos  921 - In 2500-TRAT-DE-DATOS SECTION
11:00:16.621 [main] INFO  com.cloudframe.app.process.Bm8090m.traPerFisPe8090m 1002 - In TRA-PER-FIS-PE8090M SECTION
11:00:16.621 [main] INFO  com.cloudframe.app.process.Bm8090m.comprimirNombre 5278 - In 2530-COMPRIMIR-NOMBRE SECTION
11:00:16.621 [main] INFO  com.cloudframe.app.process.Bm8090m.per 5377 - In OPC00-PER SECTION
11:00:16.621 [main] INFO  com.cloudframe.app.process.Bm8090m.comprimirNombre 5278 - In 2530-COMPRIMIR-NOMBRE SECTION
11:00:16.621 [main] INFO  com.cloudframe.app.process.Bm8090m.perOPC02 5564 - In OPC02-PER SECTION
11:00:16.622 [main] INFO  com.cloudframe.app.process.Bm8090m.comprimirNombre 5278 - In 2530-COMPRIMIR-NOMBRE SECTION
11:00:16.622 [main] INFO  com.cloudframe.app.process.Bm8090m.perOPC01 5508 - In OPC01-PER SECTION
11:00:16.622 [main] INFO  com.cloudframe.app.process.Bm8090m.almacenarPe8090m 2755 - In ALMACENAR-PE8090M SECTION
11:00:16.622 [main] INFO  com.cloudframe.app.process.Bm8090m.almacenarPe8090mSalida 3888 - In ALMACENAR-PE8090M-SALIDA
11:00:16.622 [main] INFO  com.cloudframe.app.process.Bm8090m.tratDeDatos  921 - In 2500-TRAT-DE-DATOS SECTION
11:00:16.622 [main] INFO  com.cloudframe.app.process.Bm8090m.traPerFisPe8090m 1002 - In TRA-PER-FIS-PE8090M SECTION
11:00:16.622 [main] INFO  com.cloudframe.app.process.Bm8090m.comprimirNombre 5278 - In 2530-COMPRIMIR-NOMBRE SECTION
11:00:16.623 [main] INFO  com.cloudframe.app.process.Bm8090m.per 5377 - In OPC00-PER SECTION
11:00:16.623 [main] INFO  com.cloudframe.app.process.Bm8090m.comprimirNombre 5278 - In 2530-COMPRIMIR-NOMBRE SECTION
11:00:16.623 [main] INFO  com.cloudframe.app.process.Bm8090m.perOPC02 5564 - In OPC02-PER SECTION
11:00:16.623 [main] INFO  com.cloudframe.app.process.Bm8090m.comprimirNombre 5278 - In 2530-COMPRIMIR-NOMBRE SECTION
11:00:16.623 [main] INFO  com.cloudframe.app.process.Bm8090m.perOPC01 5508 - In OPC01-PER SECTION
11:00:16.624 [main] INFO  com.cloudframe.app.process.Bm8090m.almacenarPe8090m 2755 - In ALMACENAR-PE8090M SECTION
11:00:16.624 [main] INFO  com.cloudframe.app.process.Bm8090m.almacenarPe8090mSalida 3888 - In ALMACENAR-PE8090M-SALIDA
11:00:16.624 [main] INFO  com.cloudframe.app.process.Bm8090m.tratDeDatos  921 - In 2500-TRAT-DE-DATOS SECTION
11:00:16.624 [main] INFO  com.cloudframe.app.process.Bm8090m.traPerFisPe8090m 1002 - In TRA-PER-FIS-PE8090M SECTION
11:00:16.624 [main] INFO  com.cloudframe.app.process.Bm8090m.comprimirNombre 5278 - In 2530-COMPRIMIR-NOMBRE SECTION
11:00:16.624 [main] INFO  com.cloudframe.app.process.Bm8090m.per 5377 - In OPC00-PER SECTION
11:00:16.625 [main] INFO  com.cloudframe.app.process.Bm8090m.comprimirNombre 5278 - In 2530-COMPRIMIR-NOMBRE SECTION
11:00:16.625 [main] INFO  com.cloudframe.app.process.Bm8090m.perOPC02 5564 - In OPC02-PER SECTION
11:00:16.625 [main] INFO  com.cloudframe.app.process.Bm8090m.comprimirNombre 5278 - In 2530-COMPRIMIR-NOMBRE SECTION
11:00:16.625 [main] INFO  com.cloudframe.app.process.Bm8090m.perOPC01 5508 - In OPC01-PER SECTION
11:00:16.626 [main] INFO  com.cloudframe.app.process.Bm8090m.almacenarPe8090m 2755 - In ALMACENAR-PE8090M SECTION
11:00:16.626 [main] INFO  com.cloudframe.app.process.Bm8090m.almacenarPe8090mSalida 3888 - In ALMACENAR-PE8090M-SALIDA
11:00:16.626 [main] INFO  com.cloudframe.app.process.Bm8090m.tratDeDatos  921 - In 2500-TRAT-DE-DATOS SECTION
11:00:16.626 [main] INFO  com.cloudframe.app.process.Bm8090m.traPerFisPe8090m 1002 - In TRA-PER-FIS-PE8090M SECTION
11:00:16.626 [main] INFO  com.cloudframe.app.process.Bm8090m.comprimirNombre 5278 - In 2530-COMPRIMIR-NOMBRE SECTION
11:00:16.626 [main] INFO  com.cloudframe.app.process.Bm8090m.per 5377 - In OPC00-PER SECTION
11:00:16.627 [main] INFO  com.cloudframe.app.process.Bm8090m.comprimirNombre 5278 - In 2530-COMPRIMIR-NOMBRE SECTION
11:00:16.627 [main] INFO  com.cloudframe.app.process.Bm8090m.perOPC02 5564 - In OPC02-PER SECTION
11:00:16.627 [main] INFO  com.cloudframe.app.process.Bm8090m.comprimirNombre 5278 - In 2530-COMPRIMIR-NOMBRE SECTION
11:00:16.627 [main] INFO  com.cloudframe.app.process.Bm8090m.perOPC01 5508 - In OPC01-PER SECTION
11:00:16.627 [main] INFO  com.cloudframe.app.process.Bm8090m.almacenarPe8090m 2755 - In ALMACENAR-PE8090M SECTION
11:00:16.627 [main] INFO  com.cloudframe.app.process.Bm8090m.almacenarPe8090mSalida 3888 - In ALMACENAR-PE8090M-SALIDA
11:00:16.628 [main] INFO  com.cloudframe.app.process.Bm8090m.montarTitulo 1281 - In 2600-MONTAR-TITULO SECTION
11:00:16.628 [main] INFO  com.cloudframe.app.process.Bm8090m.almacenarPe8090m 2755 - In ALMACENAR-PE8090M SECTION
11:00:16.628 [main] INFO  com.cloudframe.app.process.Bm8090m.selTratoPe8090m 2829 - In SEL-TRATO-PE8090M
11:00:16.628 [main] INFO  com.cloudframe.app.process.Bm8090m.verWtipPe8090m 2921 - In VER-WTIP-PE8090M
11:00:16.628 [main] INFO  com.cloudframe.app.process.Bm8090m.pe8090m 3066 - In TRATO1-PE8090M
11:00:16.628 [main] INFO  com.cloudframe.app.process.Bm8090m.unoUnoUnoPe8090m 3130 - In UNO-UNO-UNO-PE8090M
11:00:16.629 [main] INFO  com.cloudframe.app.process.Bm8090m.unoUnoDosPe8090m 3205 - In UNO-UNO-DOS-PE8090M
11:00:16.629 [main] INFO  com.cloudframe.app.process.Bm8090m.finPerFisPe8090m 3903 - In FIN-PER-FIS-PE8090M SECTION
11:00:16.629 [main] INFO  com.cloudframe.app.process.Bm8090m.finPerFisPe8090mEntrada 3928 - In FIN-PER-FIS-PE8090M-ENTRADA
11:00:16.629 [main] INFO  com.cloudframe.app.process.Bm8090m.casPe8090mMAS3 4402 - In MAS3-CAS-PE8090M
11:00:16.629 [main] INFO  com.cloudframe.app.process.Bm8090m.finPerFisPe8090mSalida 4713 - In FIN-PER-FIS-PE8090M-SALIDA
11:00:16.630 [main] INFO  com.cloudframe.app.process.Bm8090m.almacenarPe8090mSalida 3888 - In ALMACENAR-PE8090M-SALIDA
11:00:16.630 [main] INFO  com.cloudframe.app.process.Bm8090m.estruTitPe8090m 1367 - In ESTRU-TIT-PE8090M
11:00:16.630 [main] INFO  com.cloudframe.app.process.Bm8090m.redGuiPe8090m 1421 - In RED-GUI-PE8090M
11:00:16.630 [main] INFO  com.cloudframe.app.process.Bm8090m.confecTitPe8090m 2099 - In CONFEC-TIT-PE8090M
11:00:16.630 [main] INFO  com.cloudframe.app.process.Bm8090m.traPerOptPe8090m 2138 - In TRA-PER-OPT-PE8090M
11:00:16.631 [main] INFO  com.cloudframe.app.process.Bm8090m.nomMasPe8090m 2349 - In NOM-MAS-PE8090M
11:00:16.631 [main] INFO  com.cloudframe.app.process.Bm8090m.traPerOblPe8090m 2425 - In TRA-PER-OBL-PE8090M
11:00:16.631 [main] INFO  com.cloudframe.app.process.Bm8090m.tabOblPe8090m 2480 - In TAB-OBL-PE8090M
11:00:16.631 [main] INFO  com.cloudframe.app.process.Bm8090m.tabOblPe8090m 2480 - In TAB-OBL-PE8090M
11:00:16.631 [main] INFO  com.cloudframe.app.process.Bm8090m.tabOblPe8090m 2480 - In TAB-OBL-PE8090M
11:00:16.631 [main] INFO  com.cloudframe.app.process.Bm8090m.nombreTitPe8090m 2724 - In NOMBRE-TIT-PE8090M
11:00:16.632 [main] INFO  com.cloudframe.app.process.Bm8090m.partirTitulo 4747 - In 2700-PARTIR-TITULO SECTION
11:00:16.632 [main] INFO  com.cloudframe.app.process.Bm8090m.monitora 4829 - In MONITORA SECTION
11:00:16.632 [main] INFO  com.cloudframe.app.process.Bm8090m.particion 4885 - In PARTICION SECTION
11:00:16.632 [main] INFO  com.cloudframe.app.process.Bm8090m.particionEntrada 4911 - In PARTICION-ENTRADA
11:00:16.632 [main] INFO  com.cloudframe.app.process.Bm8090m.busCaracter 5100 - In BUS-CARACTER SECTION
11:00:16.633 [main] INFO  com.cloudframe.app.process.Bm8090m.busCaracterEntrada 5130 - In BUS-CARACTER-ENTRADA
11:00:16.634 [main] INFO  com.cloudframe.app.process.Bm8090m.busCaracterSalida 5178 - In BUS-CARACTER-SALIDA
11:00:16.634 [main] INFO  com.cloudframe.app.process.Bm8090m.busCaracter 5100 - In BUS-CARACTER SECTION
11:00:16.634 [main] INFO  com.cloudframe.app.process.Bm8090m.busCaracterEntrada 5130 - In BUS-CARACTER-ENTRADA
11:00:16.635 [main] INFO  com.cloudframe.app.process.Bm8090m.busCaracterSalida 5178 - In BUS-CARACTER-SALIDA
11:00:16.635 [main] INFO  com.cloudframe.app.process.Bm8090m.busCaracter 5100 - In BUS-CARACTER SECTION
11:00:16.635 [main] INFO  com.cloudframe.app.process.Bm8090m.busCaracterEntrada 5130 - In BUS-CARACTER-ENTRADA
11:00:16.635 [main] INFO  com.cloudframe.app.process.Bm8090m.busCaracterSalida 5178 - In BUS-CARACTER-SALIDA
11:00:16.635 [main] INFO  com.cloudframe.app.process.Bm8090m.respuesta 5193 - In RESPUESTA SECTION
11:00:16.635 [main] INFO  com.cloudframe.app.process.Bm8090m.respuestaEntrada 5220 - In RESPUESTA-ENTRADA
11:00:16.635 [main] INFO  com.cloudframe.app.process.Bm8090m.respuestaSalida 5245 - In RESPUESTA-SALIDA
11:00:16.635 [main] INFO  com.cloudframe.app.process.Bm8090m.respuesta 5193 - In RESPUESTA SECTION
11:00:16.635 [main] INFO  com.cloudframe.app.process.Bm8090m.respuestaEntrada 5220 - In RESPUESTA-ENTRADA
11:00:16.636 [main] INFO  com.cloudframe.app.process.Bm8090m.respuestaSalida 5245 - In RESPUESTA-SALIDA
11:00:16.636 [main] INFO  com.cloudframe.app.process.Bm8090m.respuesta 5193 - In RESPUESTA SECTION
11:00:16.636 [main] INFO  com.cloudframe.app.process.Bm8090m.respuestaEntrada 5220 - In RESPUESTA-ENTRADA
11:00:16.636 [main] INFO  com.cloudframe.app.process.Bm8090m.respuestaSalida 5245 - In RESPUESTA-SALIDA
11:00:16.636 [main] INFO  com.cloudframe.app.process.Bm8090m.respuesta 5193 - In RESPUESTA SECTION
11:00:16.636 [main] INFO  com.cloudframe.app.process.Bm8090m.respuestaEntrada 5220 - In RESPUESTA-ENTRADA
11:00:16.636 [main] INFO  com.cloudframe.app.process.Bm8090m.respuestaSalida 5245 - In RESPUESTA-SALIDA
11:00:16.636 [main] INFO  com.cloudframe.app.process.Bm8090m.respuesta 5193 - In RESPUESTA SECTION
11:00:16.636 [main] INFO  com.cloudframe.app.process.Bm8090m.respuestaEntrada 5220 - In RESPUESTA-ENTRADA
11:00:16.636 [main] INFO  com.cloudframe.app.process.Bm8090m.respuestaSalida 5245 - In RESPUESTA-SALIDA
11:00:16.636 [main] INFO  com.cloudframe.app.process.Bm8090m.respuesta 5193 - In RESPUESTA SECTION
11:00:16.637 [main] INFO  com.cloudframe.app.process.Bm8090m.respuestaEntrada 5220 - In RESPUESTA-ENTRADA
11:00:16.637 [main] INFO  com.cloudframe.app.process.Bm8090m.respuestaSalida 5245 - In RESPUESTA-SALIDA
11:00:16.637 [main] INFO  com.cloudframe.app.process.Bm8090m.respuesta 5193 - In RESPUESTA SECTION
11:00:16.637 [main] INFO  com.cloudframe.app.process.Bm8090m.respuestaEntrada 5220 - In RESPUESTA-ENTRADA
11:00:16.637 [main] INFO  com.cloudframe.app.process.Bm8090m.respuestaSalida 5245 - In RESPUESTA-SALIDA
11:00:16.637 [main] INFO  com.cloudframe.app.process.Bm8090m.respuesta 5193 - In RESPUESTA SECTION
11:00:16.637 [main] INFO  com.cloudframe.app.process.Bm8090m.respuestaEntrada 5220 - In RESPUESTA-ENTRADA
11:00:16.637 [main] INFO  com.cloudframe.app.process.Bm8090m.respuestaSalida 5245 - In RESPUESTA-SALIDA
11:00:16.637 [main] INFO  com.cloudframe.app.process.Bm8090m.respuesta 5193 - In RESPUESTA SECTION
11:00:16.637 [main] INFO  com.cloudframe.app.process.Bm8090m.respuestaEntrada 5220 - In RESPUESTA-ENTRADA
11:00:16.638 [main] INFO  com.cloudframe.app.process.Bm8090m.respuestaSalida 5245 - In RESPUESTA-SALIDA
11:00:16.638 [main] INFO  com.cloudframe.app.process.Bm8090m.respuesta 5193 - In RESPUESTA SECTION
11:00:16.638 [main] INFO  com.cloudframe.app.process.Bm8090m.respuestaEntrada 5220 - In RESPUESTA-ENTRADA
11:00:16.638 [main] INFO  com.cloudframe.app.process.Bm8090m.respuestaSalida 5245 - In RESPUESTA-SALIDA
11:00:16.638 [main] INFO  com.cloudframe.app.process.Bm8090m.respuesta 5193 - In RESPUESTA SECTION
11:00:16.638 [main] INFO  com.cloudframe.app.process.Bm8090m.respuestaEntrada 5220 - In RESPUESTA-ENTRADA
11:00:16.638 [main] INFO  com.cloudframe.app.process.Bm8090m.respuestaSalida 5245 - In RESPUESTA-SALIDA
11:00:16.638 [main] INFO  com.cloudframe.app.process.Bm8090m.respuesta 5193 - In RESPUESTA SECTION
11:00:16.638 [main] INFO  com.cloudframe.app.process.Bm8090m.respuestaEntrada 5220 - In RESPUESTA-ENTRADA
11:00:16.639 [main] INFO  com.cloudframe.app.process.Bm8090m.respuestaSalida 5245 - In RESPUESTA-SALIDA
11:00:16.639 [main] INFO  com.cloudframe.app.process.Bm8090m.respuesta 5193 - In RESPUESTA SECTION
11:00:16.639 [main] INFO  com.cloudframe.app.process.Bm8090m.respuestaEntrada 5220 - In RESPUESTA-ENTRADA
11:00:16.639 [main] INFO  com.cloudframe.app.process.Bm8090m.respuestaSalida 5245 - In RESPUESTA-SALIDA
11:00:16.639 [main] INFO  com.cloudframe.app.process.Bm8090m.respuesta 5193 - In RESPUESTA SECTION
11:00:16.639 [main] INFO  com.cloudframe.app.process.Bm8090m.respuestaEntrada 5220 - In RESPUESTA-ENTRADA
11:00:16.639 [main] INFO  com.cloudframe.app.process.Bm8090m.respuestaSalida 5245 - In RESPUESTA-SALIDA
11:00:16.639 [main] INFO  com.cloudframe.app.process.Bm8090m.respuesta 5193 - In RESPUESTA SECTION
11:00:16.639 [main] INFO  com.cloudframe.app.process.Bm8090m.respuestaEntrada 5220 - In RESPUESTA-ENTRADA
11:00:16.640 [main] INFO  com.cloudframe.app.process.Bm8090m.respuestaSalida 5245 - In RESPUESTA-SALIDA
11:00:16.640 [main] INFO  com.cloudframe.app.process.Bm8090m.respuesta 5193 - In RESPUESTA SECTION
11:00:16.640 [main] INFO  com.cloudframe.app.process.Bm8090m.respuestaEntrada 5220 - In RESPUESTA-ENTRADA
11:00:16.640 [main] INFO  com.cloudframe.app.process.Bm8090m.respuestaSalida 5245 - In RESPUESTA-SALIDA
11:00:16.640 [main] INFO  com.cloudframe.app.process.Bm8090m.respuesta 5193 - In RESPUESTA SECTION
11:00:16.640 [main] INFO  com.cloudframe.app.process.Bm8090m.respuestaEntrada 5220 - In RESPUESTA-ENTRADA
11:00:16.640 [main] INFO  com.cloudframe.app.process.Bm8090m.respuestaSalida 5245 - In RESPUESTA-SALIDA
11:00:16.640 [main] INFO  com.cloudframe.app.process.Bm8090m.respuesta 5193 - In RESPUESTA SECTION
11:00:16.640 [main] INFO  com.cloudframe.app.process.Bm8090m.respuestaEntrada 5220 - In RESPUESTA-ENTRADA
11:00:16.641 [main] INFO  com.cloudframe.app.process.Bm8090m.respuestaSalida 5245 - In RESPUESTA-SALIDA
11:00:16.641 [main] INFO  com.cloudframe.app.process.Bm8090m.respuesta 5193 - In RESPUESTA SECTION
11:00:16.641 [main] INFO  com.cloudframe.app.process.Bm8090m.respuestaEntrada 5220 - In RESPUESTA-ENTRADA
11:00:16.641 [main] INFO  com.cloudframe.app.process.Bm8090m.respuestaSalida 5245 - In RESPUESTA-SALIDA
11:00:16.641 [main] INFO  com.cloudframe.app.process.Bm8090m.respuesta 5193 - In RESPUESTA SECTION
11:00:16.641 [main] INFO  com.cloudframe.app.process.Bm8090m.respuestaEntrada 5220 - In RESPUESTA-ENTRADA
11:00:16.641 [main] INFO  com.cloudframe.app.process.Bm8090m.respuestaSalida 5245 - In RESPUESTA-SALIDA
11:00:16.641 [main] INFO  com.cloudframe.app.process.Bm8090m.respuesta 5193 - In RESPUESTA SECTION
11:00:16.641 [main] INFO  com.cloudframe.app.process.Bm8090m.respuestaEntrada 5220 - In RESPUESTA-ENTRADA
11:00:16.642 [main] INFO  com.cloudframe.app.process.Bm8090m.respuestaSalida 5245 - In RESPUESTA-SALIDA
11:00:16.642 [main] INFO  com.cloudframe.app.process.Bm8090m.respuesta 5193 - In RESPUESTA SECTION
11:00:16.642 [main] INFO  com.cloudframe.app.process.Bm8090m.respuestaEntrada 5220 - In RESPUESTA-ENTRADA
11:00:16.642 [main] INFO  com.cloudframe.app.process.Bm8090m.respuestaSalida 5245 - In RESPUESTA-SALIDA
11:00:16.642 [main] INFO  com.cloudframe.app.process.Bm8090m.respuesta 5193 - In RESPUESTA SECTION
11:00:16.642 [main] INFO  com.cloudframe.app.process.Bm8090m.respuestaEntrada 5220 - In RESPUESTA-ENTRADA
11:00:16.642 [main] INFO  com.cloudframe.app.process.Bm8090m.respuestaSalida 5245 - In RESPUESTA-SALIDA
11:00:16.642 [main] INFO  com.cloudframe.app.process.Bm8090m.respuesta 5193 - In RESPUESTA SECTION
11:00:16.642 [main] INFO  com.cloudframe.app.process.Bm8090m.respuestaEntrada 5220 - In RESPUESTA-ENTRADA
11:00:16.642 [main] INFO  com.cloudframe.app.process.Bm8090m.respuestaSalida 5245 - In RESPUESTA-SALIDA
11:00:16.643 [main] INFO  com.cloudframe.app.process.Bm8090m.respuesta 5193 - In RESPUESTA SECTION
11:00:16.643 [main] INFO  com.cloudframe.app.process.Bm8090m.respuestaEntrada 5220 - In RESPUESTA-ENTRADA
11:00:16.643 [main] INFO  com.cloudframe.app.process.Bm8090m.respuestaSalida 5245 - In RESPUESTA-SALIDA
11:00:16.643 [main] INFO  com.cloudframe.app.process.Bm8090m.respuesta 5193 - In RESPUESTA SECTION
11:00:16.643 [main] INFO  com.cloudframe.app.process.Bm8090m.respuestaEntrada 5220 - In RESPUESTA-ENTRADA
11:00:16.643 [main] INFO  com.cloudframe.app.process.Bm8090m.respuestaSalida 5245 - In RESPUESTA-SALIDA
11:00:16.643 [main] INFO  com.cloudframe.app.process.Bm8090m.respuesta 5193 - In RESPUESTA SECTION
11:00:16.643 [main] INFO  com.cloudframe.app.process.Bm8090m.respuestaEntrada 5220 - In RESPUESTA-ENTRADA
11:00:16.643 [main] INFO  com.cloudframe.app.process.Bm8090m.respuestaSalida 5245 - In RESPUESTA-SALIDA
11:00:16.643 [main] INFO  com.cloudframe.app.process.Bm8090m.respuesta 5193 - In RESPUESTA SECTION
11:00:16.644 [main] INFO  com.cloudframe.app.process.Bm8090m.respuestaEntrada 5220 - In RESPUESTA-ENTRADA
11:00:16.644 [main] INFO  com.cloudframe.app.process.Bm8090m.respuestaSalida 5245 - In RESPUESTA-SALIDA
11:00:16.644 [main] INFO  com.cloudframe.app.process.Bm8090m.respuesta 5193 - In RESPUESTA SECTION
11:00:16.644 [main] INFO  com.cloudframe.app.process.Bm8090m.respuestaEntrada 5220 - In RESPUESTA-ENTRADA
11:00:16.644 [main] INFO  com.cloudframe.app.process.Bm8090m.respuestaSalida 5245 - In RESPUESTA-SALIDA
11:00:16.644 [main] INFO  com.cloudframe.app.process.Bm8090m.respuesta 5193 - In RESPUESTA SECTION
11:00:16.644 [main] INFO  com.cloudframe.app.process.Bm8090m.respuestaEntrada 5220 - In RESPUESTA-ENTRADA
11:00:16.644 [main] INFO  com.cloudframe.app.process.Bm8090m.respuestaSalida 5245 - In RESPUESTA-SALIDA
11:00:16.644 [main] INFO  com.cloudframe.app.process.Bm8090m.respuesta 5193 - In RESPUESTA SECTION
11:00:16.645 [main] INFO  com.cloudframe.app.process.Bm8090m.respuestaEntrada 5220 - In RESPUESTA-ENTRADA
11:00:16.645 [main] INFO  com.cloudframe.app.process.Bm8090m.respuestaSalida 5245 - In RESPUESTA-SALIDA
11:00:16.645 [main] INFO  com.cloudframe.app.process.Bm8090m.respuesta 5193 - In RESPUESTA SECTION
11:00:16.645 [main] INFO  com.cloudframe.app.process.Bm8090m.respuestaEntrada 5220 - In RESPUESTA-ENTRADA
11:00:16.645 [main] INFO  com.cloudframe.app.process.Bm8090m.respuestaSalida 5245 - In RESPUESTA-SALIDA
11:00:16.645 [main] INFO  com.cloudframe.app.process.Bm8090m.respuesta 5193 - In RESPUESTA SECTION
11:00:16.645 [main] INFO  com.cloudframe.app.process.Bm8090m.respuestaEntrada 5220 - In RESPUESTA-ENTRADA
11:00:16.645 [main] INFO  com.cloudframe.app.process.Bm8090m.respuestaSalida 5245 - In RESPUESTA-SALIDA
11:00:16.645 [main] INFO  com.cloudframe.app.process.Bm8090m.respuesta 5193 - In RESPUESTA SECTION
11:00:16.645 [main] INFO  com.cloudframe.app.process.Bm8090m.respuestaEntrada 5220 - In RESPUESTA-ENTRADA
11:00:16.646 [main] INFO  com.cloudframe.app.process.Bm8090m.respuestaSalida 5245 - In RESPUESTA-SALIDA
11:00:16.646 [main] INFO  com.cloudframe.app.process.Bm8090m.respuesta 5193 - In RESPUESTA SECTION
11:00:16.646 [main] INFO  com.cloudframe.app.process.Bm8090m.respuestaEntrada 5220 - In RESPUESTA-ENTRADA
11:00:16.646 [main] INFO  com.cloudframe.app.process.Bm8090m.respuestaSalida 5245 - In RESPUESTA-SALIDA
11:00:16.646 [main] INFO  com.cloudframe.app.process.Bm8090m.respuesta 5193 - In RESPUESTA SECTION
11:00:16.646 [main] INFO  com.cloudframe.app.process.Bm8090m.respuestaEntrada 5220 - In RESPUESTA-ENTRADA
11:00:16.646 [main] INFO  com.cloudframe.app.process.Bm8090m.respuestaSalida 5245 - In RESPUESTA-SALIDA
11:00:16.646 [main] INFO  com.cloudframe.app.process.Bm8090m.respuesta 5193 - In RESPUESTA SECTION
11:00:16.646 [main] INFO  com.cloudframe.app.process.Bm8090m.respuestaEntrada 5220 - In RESPUESTA-ENTRADA
11:00:16.647 [main] INFO  com.cloudframe.app.process.Bm8090m.respuestaSalida 5245 - In RESPUESTA-SALIDA
11:00:16.647 [main] INFO  com.cloudframe.app.process.Bm8090m.respuesta 5193 - In RESPUESTA SECTION
11:00:16.647 [main] INFO  com.cloudframe.app.process.Bm8090m.respuestaEntrada 5220 - In RESPUESTA-ENTRADA
11:00:16.647 [main] INFO  com.cloudframe.app.process.Bm8090m.respuestaSalida 5245 - In RESPUESTA-SALIDA
11:00:16.647 [main] INFO  com.cloudframe.app.process.Bm8090m.respuesta 5193 - In RESPUESTA SECTION
11:00:16.647 [main] INFO  com.cloudframe.app.process.Bm8090m.respuestaEntrada 5220 - In RESPUESTA-ENTRADA
11:00:16.647 [main] INFO  com.cloudframe.app.process.Bm8090m.respuestaSalida 5245 - In RESPUESTA-SALIDA
11:00:16.647 [main] INFO  com.cloudframe.app.process.Bm8090m.respuesta 5193 - In RESPUESTA SECTION
11:00:16.647 [main] INFO  com.cloudframe.app.process.Bm8090m.respuestaEntrada 5220 - In RESPUESTA-ENTRADA
11:00:16.648 [main] INFO  com.cloudframe.app.process.Bm8090m.respuestaSalida 5245 - In RESPUESTA-SALIDA
11:00:16.648 [main] INFO  com.cloudframe.app.process.Bm8090m.respuesta 5193 - In RESPUESTA SECTION
11:00:16.648 [main] INFO  com.cloudframe.app.process.Bm8090m.respuestaEntrada 5220 - In RESPUESTA-ENTRADA
11:00:16.648 [main] INFO  com.cloudframe.app.process.Bm8090m.respuestaSalida 5245 - In RESPUESTA-SALIDA
11:00:16.648 [main] INFO  com.cloudframe.app.process.Bm8090m.respuesta 5193 - In RESPUESTA SECTION
11:00:16.648 [main] INFO  com.cloudframe.app.process.Bm8090m.respuestaEntrada 5220 - In RESPUESTA-ENTRADA
11:00:16.648 [main] INFO  com.cloudframe.app.process.Bm8090m.respuestaSalida 5245 - In RESPUESTA-SALIDA
11:00:16.648 [main] INFO  com.cloudframe.app.process.Bm8090m.respuesta 5193 - In RESPUESTA SECTION
11:00:16.648 [main] INFO  com.cloudframe.app.process.Bm8090m.respuestaEntrada 5220 - In RESPUESTA-ENTRADA
11:00:16.648 [main] INFO  com.cloudframe.app.process.Bm8090m.respuestaSalida 5245 - In RESPUESTA-SALIDA
11:00:16.648 [main] INFO  com.cloudframe.app.process.Bm8090m.respuesta 5193 - In RESPUESTA SECTION
11:00:16.649 [main] INFO  com.cloudframe.app.process.Bm8090m.respuestaEntrada 5220 - In RESPUESTA-ENTRADA
11:00:16.650 [main] INFO  com.cloudframe.app.process.Bm8090m.respuestaSalida 5245 - In RESPUESTA-SALIDA
11:00:16.650 [main] INFO  com.cloudframe.app.process.Bm8090m.respuesta 5193 - In RESPUESTA SECTION
11:00:16.650 [main] INFO  com.cloudframe.app.process.Bm8090m.respuestaEntrada 5220 - In RESPUESTA-ENTRADA
11:00:16.650 [main] INFO  com.cloudframe.app.process.Bm8090m.respuestaSalida 5245 - In RESPUESTA-SALIDA
11:00:16.650 [main] INFO  com.cloudframe.app.process.Bm8090m.respuesta 5193 - In RESPUESTA SECTION
11:00:16.650 [main] INFO  com.cloudframe.app.process.Bm8090m.respuestaEntrada 5220 - In RESPUESTA-ENTRADA
11:00:16.650 [main] INFO  com.cloudframe.app.process.Bm8090m.respuestaSalida 5245 - In RESPUESTA-SALIDA
11:00:16.650 [main] INFO  com.cloudframe.app.process.Bm8090m.respuesta 5193 - In RESPUESTA SECTION
11:00:16.650 [main] INFO  com.cloudframe.app.process.Bm8090m.respuestaEntrada 5220 - In RESPUESTA-ENTRADA
11:00:16.650 [main] INFO  com.cloudframe.app.process.Bm8090m.respuestaSalida 5245 - In RESPUESTA-SALIDA
11:00:16.651 [main] INFO  com.cloudframe.app.process.Bm8090m.respuesta 5193 - In RESPUESTA SECTION
11:00:16.651 [main] INFO  com.cloudframe.app.process.Bm8090m.respuestaEntrada 5220 - In RESPUESTA-ENTRADA
11:00:16.651 [main] INFO  com.cloudframe.app.process.Bm8090m.respuestaSalida 5245 - In RESPUESTA-SALIDA
11:00:16.651 [main] INFO  com.cloudframe.app.process.Bm8090m.particion01 4978 - In PARTICION-01
11:00:16.651 [main] INFO  com.cloudframe.app.process.Bm8090m.particion02 5019 - In PARTICION-02
11:00:16.651 [main] INFO  com.cloudframe.app.process.Bm8090m.particionSalida 5085 - In PARTICION-SALIDA
11:00:16.651 [main] INFO  com.cloudframe.app.process.Bm8090m.final8000 5619 - In 8000-FINAL SECTION
