05:41:46.469 [main] INFO  o.s.boot.StartupInfoLogger.logStarting   50 - Starting CFApplication v0.0.1-SNAPSHOT using Java 17.0.14 with PID 3957583 (/home/jenkins/workspace/CFTestAutomation_Release/Testing/results/string/search3/SEARCH3/target/SEARCH3-0.0.1-SNAPSHOT.jar started by root in /home/jenkins/workspace/CFTestAutomation_Release/Testing/results/string/search3/SEARCH3)
05:41:46.473 [main] INFO  o.s.boot.SpringApplication.logStartupProfileInfo  654 - No active profile set, falling back to 1 default profile: "default"
05:41:47.870 [main] INFO  o.s.boot.StartupInfoLogger.logStarted   56 - Started CFApplication in 2.616 seconds (process running for 3.702)
05:41:47.892 [main] INFO  c.c.app.utility.CFConfiguration.cfDataConnectIOInfo  107 - CFDataConnectIO version : 5.0.0.21
05:41:48.018 [main] INFO  com.cloudframe.app.process.Search3.mainLine  166 - -------------------------------------------
05:41:48.019 [main] INFO  com.cloudframe.app.process.Search3.mainLine  170 -  ABOUT TO SEARCH TAGTYPE 3
05:41:48.020 [main] INFO  com.cloudframe.app.process.Search3.search  316 - SEARCHING FOR TAG TYPE = 3
05:41:48.020 [main] INFO  com.cloudframe.app.process.Search3.search  318 - 100-THERE-ARE-PDSES
05:41:48.020 [main] INFO  com.cloudframe.app.process.Search3.search  350 -  
05:41:48.021 [main] INFO  com.cloudframe.app.process.Search3.search  352 - 800-LAST-DE-TAG = 2
05:41:48.021 [main] INFO  com.cloudframe.app.process.Search3.search  354 - MATCHED VALUES WITH IP66601-USER-P INDEX      3 ** 30 ** 33 ** 36 ** 39 ** 42 ** A
05:41:48.021 [main] INFO  com.cloudframe.app.process.Search3.search  356 - ....... VALUES WITH IP66601-USER-T INDEX      1 ** 10 ** 11 ** 12 ** 13 ** 14 ** A
05:41:48.022 [main] INFO  com.cloudframe.app.process.Search3.search  358 - ....... VALUES WITH IP66601-USER-LEFT INDEX   1 ** 10 ** 11 ** 12 ** 13 ** 14 ** A
05:41:48.022 [main] INFO  com.cloudframe.app.process.Search3.search  360 - ....... VALUES WITH IP66601-USER-RIGHT INDEX  10 ** 100 ** 110 ** 120 ** 130 ** 140 ** A
05:41:48.022 [main] INFO  com.cloudframe.app.process.Search3.search  362 - ....... VALUES WITH IP66601-USER-MEDIAN INDEX 5 ** 50 ** 55 ** 60 ** 65 ** 70 ** A
05:41:48.023 [main] INFO  com.cloudframe.app.process.Search3.search  364 - ....... VALUES WITH IP66601-USER-START INDEX  6 ** 60 ** 66 ** 72 ** 78 ** 84 ** A
05:41:48.023 [main] INFO  com.cloudframe.app.process.Search3.search  366 - ....... VALUES WITH IP66601-USER-END INDEX    7 ** 70 ** 77 ** 84 ** 91 ** 98 ** A
05:41:48.023 [main] INFO  com.cloudframe.app.process.Search3.mainLine  179 - -------------------------------------------
05:41:48.024 [main] INFO  com.cloudframe.app.process.Search3.mainLine  183 -  ABOUT TO SEARCH TAGTYPE 7
05:41:48.024 [main] INFO  com.cloudframe.app.process.Search3.search  316 - SEARCHING FOR TAG TYPE = 7
05:41:48.024 [main] INFO  com.cloudframe.app.process.Search3.search  318 - 100-THERE-ARE-PDSES
05:41:48.025 [main] INFO  com.cloudframe.app.process.Search3.search  350 -  
05:41:48.025 [main] INFO  com.cloudframe.app.process.Search3.search  352 - 800-LAST-DE-TAG = 6
05:41:48.025 [main] INFO  com.cloudframe.app.process.Search3.search  354 - MATCHED VALUES WITH IP66601-USER-P INDEX      7 ** 70 ** 77 ** 84 ** 91 ** 98 ** A
05:41:48.025 [main] INFO  com.cloudframe.app.process.Search3.search  356 - ....... VALUES WITH IP66601-USER-T INDEX      1 ** 10 ** 11 ** 12 ** 13 ** 14 ** A
05:41:48.026 [main] INFO  com.cloudframe.app.process.Search3.search  358 - ....... VALUES WITH IP66601-USER-LEFT INDEX   1 ** 10 ** 11 ** 12 ** 13 ** 14 ** A
05:41:48.026 [main] INFO  com.cloudframe.app.process.Search3.search  360 - ....... VALUES WITH IP66601-USER-RIGHT INDEX  10 ** 100 ** 110 ** 120 ** 130 ** 140 ** A
05:41:48.026 [main] INFO  com.cloudframe.app.process.Search3.search  362 - ....... VALUES WITH IP66601-USER-MEDIAN INDEX 5 ** 50 ** 55 ** 60 ** 65 ** 70 ** A
05:41:48.027 [main] INFO  com.cloudframe.app.process.Search3.search  364 - ....... VALUES WITH IP66601-USER-START INDEX  6 ** 60 ** 66 ** 72 ** 78 ** 84 ** A
05:41:48.027 [main] INFO  com.cloudframe.app.process.Search3.search  366 - ....... VALUES WITH IP66601-USER-END INDEX    7 ** 70 ** 77 ** 84 ** 91 ** 98 ** A
05:41:48.027 [main] INFO  com.cloudframe.app.process.Search3.mainLine  192 - -------------------------------------------
05:41:48.027 [main] INFO  com.cloudframe.app.process.Search3.mainLine  196 -  ABOUT TO SEARCH TAGTYPE 2
05:41:48.028 [main] INFO  com.cloudframe.app.process.Search3.search  316 - SEARCHING FOR TAG TYPE = 2
05:41:48.028 [main] INFO  com.cloudframe.app.process.Search3.search  318 - 100-THERE-ARE-PDSES
05:41:48.028 [main] INFO  com.cloudframe.app.process.Search3.search  350 -  
05:41:48.028 [main] INFO  com.cloudframe.app.process.Search3.search  352 - 800-LAST-DE-TAG = 1
05:41:48.029 [main] INFO  com.cloudframe.app.process.Search3.search  354 - MATCHED VALUES WITH IP66601-USER-P INDEX      2 ** 20 ** 22 ** 24 ** 26 ** 28 ** A
05:41:48.029 [main] INFO  com.cloudframe.app.process.Search3.search  356 - ....... VALUES WITH IP66601-USER-T INDEX      1 ** 10 ** 11 ** 12 ** 13 ** 14 ** A
05:41:48.029 [main] INFO  com.cloudframe.app.process.Search3.search  358 - ....... VALUES WITH IP66601-USER-LEFT INDEX   1 ** 10 ** 11 ** 12 ** 13 ** 14 ** A
05:41:48.030 [main] INFO  com.cloudframe.app.process.Search3.search  360 - ....... VALUES WITH IP66601-USER-RIGHT INDEX  10 ** 100 ** 110 ** 120 ** 130 ** 140 ** A
05:41:48.030 [main] INFO  com.cloudframe.app.process.Search3.search  362 - ....... VALUES WITH IP66601-USER-MEDIAN INDEX 5 ** 50 ** 55 ** 60 ** 65 ** 70 ** A
05:41:48.030 [main] INFO  com.cloudframe.app.process.Search3.search  364 - ....... VALUES WITH IP66601-USER-START INDEX  6 ** 60 ** 66 ** 72 ** 78 ** 84 ** A
05:41:48.030 [main] INFO  com.cloudframe.app.process.Search3.search  366 - ....... VALUES WITH IP66601-USER-END INDEX    7 ** 70 ** 77 ** 84 ** 91 ** 98 ** A
05:41:48.031 [main] INFO  com.cloudframe.app.process.Search3.mainLine  205 - -------------------------------------------
05:41:48.031 [main] INFO  com.cloudframe.app.process.Search3.mainLine  209 -  ABOUT TO SEARCH TAGTYPE 4
05:41:48.031 [main] INFO  com.cloudframe.app.process.Search3.search0300  418 - SEARCHING FOR TAG TYPE = 4
05:41:48.032 [main] INFO  com.cloudframe.app.process.Search3.search0300  420 - 100-THERE-ARE-PDSES
05:41:48.032 [main] INFO  com.cloudframe.app.process.Search3.search0300  429 - TAG OCCURENCE IS > 33
05:41:48.033 [main] INFO  com.cloudframe.app.process.Search3.search0300  467 -  
05:41:48.033 [main] INFO  com.cloudframe.app.process.Search3.search0300  469 - 800-LAST-DE-TAG = 3
05:41:48.033 [main] INFO  com.cloudframe.app.process.Search3.search0300  471 - MATCHED VALUES WITH IP66601-USER-END INDEX    4 ** 40 ** 33 ** 48 ** 52 ** 56 ** A
05:41:48.034 [main] INFO  com.cloudframe.app.process.Search3.search0300  473 - ....... VALUES WITH IP66601-USER-T INDEX      1 ** 10 ** 11 ** 12 ** 13 ** 14 ** A
05:41:48.034 [main] INFO  com.cloudframe.app.process.Search3.search0300  475 - ....... VALUES WITH IP66601-USER-LEFT INDEX   1 ** 10 ** 11 ** 12 ** 13 ** 14 ** A
05:41:48.034 [main] INFO  com.cloudframe.app.process.Search3.search0300  477 - ....... VALUES WITH IP66601-USER-RIGHT INDEX  10 ** 100 ** 110 ** 120 ** 130 ** 140 ** A
05:41:48.035 [main] INFO  com.cloudframe.app.process.Search3.search0300  479 - ....... VALUES WITH IP66601-USER-MEDIAN INDEX 5 ** 50 ** 55 ** 60 ** 65 ** 70 ** A
05:41:48.035 [main] INFO  com.cloudframe.app.process.Search3.search0300  481 - ....... VALUES WITH IP66601-USER-START INDEX  6 ** 60 ** 66 ** 72 ** 78 ** 84 ** A
05:41:48.035 [main] INFO  com.cloudframe.app.process.Search3.search0300  483 - ....... VALUES WITH IP66601-USER-P INDEX      2 ** 20 ** 22 ** 24 ** 26 ** 28 ** A
05:41:48.035 [main] INFO  com.cloudframe.app.process.Search3.mainLine  218 - -------------------------------------------
05:41:48.036 [main] INFO  com.cloudframe.app.process.Search3.mainLine  222 -  ABOUT TO SEARCH TAGTYPE 2
05:41:48.036 [main] INFO  com.cloudframe.app.process.Search3.search0300  418 - SEARCHING FOR TAG TYPE = 2
05:41:48.036 [main] INFO  com.cloudframe.app.process.Search3.search0300  420 - 100-THERE-ARE-PDSES
05:41:48.036 [main] INFO  com.cloudframe.app.process.Search3.search0300  437 - TAG OCCURENCE IS <= 33
05:41:48.037 [main] INFO  com.cloudframe.app.process.Search3.search0300  467 -  
05:41:48.037 [main] INFO  com.cloudframe.app.process.Search3.search0300  469 - 800-LAST-DE-TAG = 1
05:41:48.038 [main] INFO  com.cloudframe.app.process.Search3.search0300  471 - MATCHED VALUES WITH IP66601-USER-END INDEX    2 ** 20 ** 33 ** 24 ** 26 ** 28 ** A
05:41:48.038 [main] INFO  com.cloudframe.app.process.Search3.search0300  473 - ....... VALUES WITH IP66601-USER-T INDEX      1 ** 10 ** 11 ** 12 ** 13 ** 14 ** A
05:41:48.039 [main] INFO  com.cloudframe.app.process.Search3.search0300  475 - ....... VALUES WITH IP66601-USER-LEFT INDEX   1 ** 10 ** 11 ** 12 ** 13 ** 14 ** A
05:41:48.039 [main] INFO  com.cloudframe.app.process.Search3.search0300  477 - ....... VALUES WITH IP66601-USER-RIGHT INDEX  10 ** 100 ** 110 ** 120 ** 130 ** 140 ** A
05:41:48.039 [main] INFO  com.cloudframe.app.process.Search3.search0300  479 - ....... VALUES WITH IP66601-USER-MEDIAN INDEX 5 ** 50 ** 55 ** 60 ** 65 ** 70 ** A
05:41:48.040 [main] INFO  com.cloudframe.app.process.Search3.search0300  481 - ....... VALUES WITH IP66601-USER-START INDEX  6 ** 60 ** 66 ** 72 ** 78 ** 84 ** A
05:41:48.040 [main] INFO  com.cloudframe.app.process.Search3.search0300  483 - ....... VALUES WITH IP66601-USER-P INDEX      2 ** 20 ** 33 ** 24 ** 26 ** 28 ** A
05:41:48.040 [main] INFO  com.cloudframe.app.process.Search3.mainLine  232 - -------------------------------------------
05:41:48.041 [main] INFO  com.cloudframe.app.process.Search3.mainLine  236 -  ABOUT TO SEARCH TAGTYPE 5
05:41:48.041 [main] INFO  com.cloudframe.app.process.Search3.search0400  548 - SEARCHING FOR TAG TYPE = 5
05:41:48.041 [main] INFO  com.cloudframe.app.process.Search3.search0400  550 - 100-THERE-ARE-PDSES
05:41:48.042 [main] INFO  com.cloudframe.app.process.Search3.search0400  580 - *1* REACHED WHEN
05:41:48.042 [main] INFO  com.cloudframe.app.process.Search3.search0400  586 - *2* REACHED IF
05:41:48.042 [main] INFO  com.cloudframe.app.process.Search3.search0400  589 - 500-ACC-FIN-NF-AMT = 222 ** DR
05:41:48.043 [main] INFO  com.cloudframe.app.process.Search3.search0400  637 - *1* REACHED WHEN
05:41:48.043 [main] INFO  com.cloudframe.app.process.Search3.search0400  652 - *3* REACHED ELSE
05:41:48.043 [main] INFO  com.cloudframe.app.process.Search3.search0400  657 - 500-ACC-FIN-NF-AMT = 226 ** DR
05:41:48.044 [main] INFO  com.cloudframe.app.process.Search3.search0400  668 - MOVING ZERO TO 500-ACC-FIN-NF-AMT
05:41:48.044 [main] INFO  com.cloudframe.app.process.Search3.search0400  674 - 500-ACC-FIN-NF-AMT = 00000000 ** CR
05:41:48.044 [main] INFO  com.cloudframe.app.process.Search3.search0400  681 - TAG OCCURENCE IS > 33
05:41:48.044 [main] INFO  com.cloudframe.app.process.Search3.search0400  719 -  
05:41:48.045 [main] INFO  com.cloudframe.app.process.Search3.search0400  721 - 800-LAST-DE-TAG = 4
05:41:48.045 [main] INFO  com.cloudframe.app.process.Search3.search0400  723 - MATCHED VALUES WITH IP66601-USER-MEDIAN INDEX 5 ** 50 ** 33 ** 60 ** 65 ** 70 ** A
05:41:48.045 [main] INFO  com.cloudframe.app.process.Search3.search0400  725 - ....... VALUES WITH IP66601-USER-T INDEX      1 ** 10 ** 11 ** 12 ** 13 ** 14 ** A
05:41:48.045 [main] INFO  com.cloudframe.app.process.Search3.search0400  727 - ....... VALUES WITH IP66601-USER-LEFT INDEX   1 ** 10 ** 11 ** 12 ** 13 ** 14 ** A
05:41:48.046 [main] INFO  com.cloudframe.app.process.Search3.search0400  729 - ....... VALUES WITH IP66601-USER-RIGHT INDEX  10 ** 100 ** 110 ** 120 ** 130 ** 140 ** A
05:41:48.046 [main] INFO  com.cloudframe.app.process.Search3.search0400  731 - ....... VALUES WITH IP66601-USER-MEDIAN INDEX 5 ** 50 ** 33 ** 60 ** 65 ** 70 ** A
05:41:48.046 [main] INFO  com.cloudframe.app.process.Search3.search0400  733 - ....... VALUES WITH IP66601-USER-START INDEX  6 ** 60 ** 66 ** 72 ** 78 ** 84 ** A
05:41:48.047 [main] INFO  com.cloudframe.app.process.Search3.search0400  735 - ....... VALUES WITH IP66601-USER-END INDEX    2 ** 20 ** 33 ** 24 ** 26 ** 28 ** A
05:41:48.047 [main] INFO  com.cloudframe.app.process.Search3.mainLine  245 - -------------------------------------------
05:41:48.047 [main] INFO  com.cloudframe.app.process.Search3.mainLine  247 -  SEARCH WITH COMPLEX WHEN CONDITION 
05:41:48.048 [main] INFO  com.cloudframe.app.process.Search3.search0500  845 - MATCHING ENTRY FOUND!!
05:41:48.048 [main] INFO  com.cloudframe.app.process.Search3.search0500  857 -  
05:41:48.048 [main] INFO  com.cloudframe.app.process.Search3.search0500  859 - *SUCCESS* ENTRY-FOUND-Y HAS BEEN FLAGGED
05:41:48.048 [main] INFO  com.cloudframe.app.process.Search3.search0500  861 -  
05:41:48.048 [main] INFO  com.cloudframe.app.process.Search3.search0500  873 - ....... VALUES WITH IP66601-USER-P INDEX      2 ** 20 ** 33 ** 24 ** 26 ** 28 ** A
05:41:48.049 [main] INFO  com.cloudframe.app.process.Search3.search0500  875 - ....... VALUES WITH IP66601-USER-T INDEX      1 ** 10 ** 11 ** 12 ** 13 ** 14 ** A
05:41:48.049 [main] INFO  com.cloudframe.app.process.Search3.search0500  877 - ....... VALUES WITH IP66601-USER-LEFT INDEX   1 ** 10 ** 11 ** 12 ** 13 ** 14 ** A
05:41:48.049 [main] INFO  com.cloudframe.app.process.Search3.search0500  879 - ....... VALUES WITH IP66601-USER-RIGHT INDEX  10 ** 100 ** 110 ** 120 ** 130 ** 140 ** A
05:41:48.049 [main] INFO  com.cloudframe.app.process.Search3.search0500  881 - ....... VALUES WITH IP66601-USER-MEDIAN INDEX 5 ** 50 ** 33 ** 60 ** 65 ** 70 ** A
05:41:48.050 [main] INFO  com.cloudframe.app.process.Search3.search0500  883 - ....... VALUES WITH IP66601-USER-START INDEX  6 ** 60 ** 66 ** 72 ** 78 ** 84 ** A
05:41:48.050 [main] INFO  com.cloudframe.app.process.Search3.search0500  885 - ....... VALUES WITH IP66601-USER-END INDEX    2 ** 20 ** 33 ** 24 ** 26 ** 28 ** A
05:41:48.059 [main] INFO  com.cloudframe.app.process.Search3.search0500  923 -  
05:41:48.060 [main] INFO  com.cloudframe.app.process.Search3.search0500  925 - *SUCCESS* ENTRY-NOT-FOUND-N HAS BEEN FLAGGED
05:41:48.060 [main] INFO  com.cloudframe.app.process.Search3.search0500  927 -  
05:41:48.060 [main] INFO  com.cloudframe.app.process.Search3.search0500  939 - ....... VALUES WITH IP66601-USER-P INDEX      2 ** 20 ** 33 ** 24 ** 26 ** 28 ** A
05:41:48.060 [main] INFO  com.cloudframe.app.process.Search3.search0500  946 - ....... VALUES WITH IP66601-USER-LEFT INDEX   1 ** 10 ** 11 ** 12 ** 13 ** 14 ** A
05:41:48.060 [main] INFO  com.cloudframe.app.process.Search3.search0500  948 - ....... VALUES WITH IP66601-USER-RIGHT INDEX  10 ** 100 ** 110 ** 120 ** 130 ** 140 ** A
05:41:48.061 [main] INFO  com.cloudframe.app.process.Search3.search0500  950 - ....... VALUES WITH IP66601-USER-MEDIAN INDEX 5 ** 50 ** 33 ** 60 ** 65 ** 70 ** A
05:41:48.061 [main] INFO  com.cloudframe.app.process.Search3.search0500  952 - ....... VALUES WITH IP66601-USER-START INDEX  6 ** 60 ** 66 ** 72 ** 78 ** 84 ** A
05:41:48.061 [main] INFO  com.cloudframe.app.process.Search3.search0500  954 - ....... VALUES WITH IP66601-USER-END INDEX    2 ** 20 ** 33 ** 24 ** 26 ** 28 ** A
05:41:48.061 [main] INFO  com.cloudframe.app.process.Search3.search0500  962 -   
05:41:48.064 [main] INFO  com.cloudframe.app.process.Search3.search0500 1003 - SEARCH VALUE AB59 FOUND
05:41:48.065 [main] INFO  com.cloudframe.app.process.Search3.search0500 1041 - SEARCH VALUE AB1 FOUND
05:41:48.065 [main] INFO  com.cloudframe.app.process.Search3.search0500 1079 - SEARCH VALUE AB100 FOUND
05:41:48.065 [main] INFO  com.cloudframe.app.process.Search3.search0500 1126 - SEARCH VALUE AB0 NOT FOUND
05:41:48.065 [main] INFO  com.cloudframe.app.process.Search3.search0500 1164 - SEARCH VALUE AB101 NOT FOUND
05:41:48.066 [main] INFO  com.cloudframe.app.process.Search3.search0500 1170 - DOING FULL TABLE SEARCH ..
05:41:48.066 [main] INFO  com.cloudframe.app.process.Search3.search0500 1188 - SEARCH VALUE AB101 NOT FOUND
