11:06:48.256 [main] INFO  o.s.boot.StartupInfoLogger.logStarting   50 - Starting CFApplication v0.0.1-SNAPSHOT using Java 17.0.14 with PID 1206482 (/home/jenkins/workspace/CFTestAutomation_Release/Testing/results/jcl/SORTVSAM/SORTVSAM/target/SORTVSAM-0.0.1-SNAPSHOT.jar started by root in /home/jenkins/workspace/CFTestAutomation_Release/Testing/results/jcl/SORTVSAM/SORTVSAM)
11:06:48.262 [main] INFO  o.s.boot.SpringApplication.logStartupProfileInfo  654 - No active profile set, falling back to 1 default profile: "default"
11:06:50.342 [main] INFO  c.c.a.dao.CFDataSourceConfiguration.dataSourceStatus  165 - CFDataSourceConfiguration initialization status...
11:06:50.343 [main] INFO  c.c.a.dao.CFDataSourceConfiguration.dataSourceStatus  172 - VSAM Datasource initialized. 
11:06:50.504 [main] INFO  o.s.boot.StartupInfoLogger.logStarted   56 - Started CFApplication in 2.964 seconds (process running for 3.537)
11:06:50.522 [main] INFO  c.c.app.utility.CFConfiguration.cfDataConnectIOInfo  107 - CFDataConnectIO version : 5.0.0.21
11:06:50.597 [main] INFO  c.c.a.u.d.plus.CFDcioConfiguration.cfDataConnectIOPlusInfo   28 - CFDataConnectIOPlus version : 5.0.0.21
11:06:50.633 [main] INFO  o.s.j.d.e.EmbeddedDatabaseFactory.initDatabase  189 - Starting embedded database: url='jdbc:h2:mem:testdb;DB_CLOSE_DELAY=-1;DB_CLOSE_ON_EXIT=false', username='sa'
11:06:51.562 [main] INFO  o.s.b.a.b.JobLauncherApplicationRunner.run  168 - Running default command line with: []
11:06:51.635 [main] INFO  o.s.b.c.l.s.SimpleJobLauncher$1.run  154 - Job: [FlowJob: [name=SORTVSAM]] launched with the following parameters: [{}]
11:06:51.720 [main] INFO  o.s.batch.core.job.SimpleStepHandler.handleStep  150 - Executing step: [delclusr]
11:06:51.905 [main] INFO  com.zaxxer.hikari.HikariDataSource.getConnection  109 - HikariPool-1 - Starting...
11:06:51.991 [main] INFO  com.zaxxer.hikari.pool.HikariPool.checkFailFast  554 - HikariPool-1 - Added connection conn17: url=jdbc:h2:file:./cf-vsam-db user=SA
11:06:51.996 [main] INFO  com.zaxxer.hikari.HikariDataSource.getConnection  122 - HikariPool-1 - Start completed.
11:06:52.040 [main] INFO  o.s.batch.core.step.AbstractStep.execute  295 - Step: [delclusr] executed in 318ms
11:06:52.063 [main] INFO  o.s.batch.core.job.SimpleStepHandler.handleStep  150 - Executing step: [defclusr]
11:06:52.126 [main] INFO  c.c.app.vsam.dao.VsamRepository.lambda$createTable$1  211 - Executing query : create table CLOUDFRM_IDCAMS_MONITOR(
primary_key binary(65) primary key not null,
alternate_index_1 binary(35),
alternate_index_2 binary(8),
alternate_index_3 binary(15),
RECORD_DATA blob not null); 
11:06:52.130 [main] INFO  c.c.app.vsam.dao.VsamRepository.lambda$createTable$1  211 - Executing query : create index CLOUDFRM_IDCAMS_MONITOR_alternate_index_1 on CLOUDFRM_IDCAMS_MONITOR( alternate_index_1 , primary_key ); 
11:06:52.132 [main] INFO  c.c.app.vsam.dao.VsamRepository.lambda$createTable$1  211 - Executing query : create index CLOUDFRM_IDCAMS_MONITOR_alternate_index_2 on CLOUDFRM_IDCAMS_MONITOR( alternate_index_2 , primary_key ); 
11:06:52.133 [main] INFO  c.c.app.vsam.dao.VsamRepository.lambda$createTable$1  211 - Executing query : create index CLOUDFRM_IDCAMS_MONITOR_alternate_index_3 on CLOUDFRM_IDCAMS_MONITOR( alternate_index_3 , primary_key ); 
11:06:52.149 [main] INFO  o.s.batch.core.step.AbstractStep.execute  295 - Step: [defclusr] executed in 84ms
11:06:52.166 [main] INFO  o.s.batch.core.job.SimpleStepHandler.handleStep  150 - Executing step: [qsam2vsamDecider]
11:06:52.192 [main] INFO  o.s.batch.core.step.AbstractStep.execute  295 - Step: [qsam2vsamDecider] executed in 24ms
11:06:52.214 [main] INFO  o.s.batch.core.job.SimpleStepHandler.handleStep  150 - Executing step: [SortvsamQsam2vsamSort]
11:06:52.784 [main] INFO  c.cloudframe.app.vsam.VsamJclParser.lambda$getNoOfWrittenRecordsInfo$1  125 - Total no of sorted records written in the cluster CLOUDFRM_IDCAMS_MONITOR : 1000
11:06:52.794 [main] INFO  o.s.batch.core.step.AbstractStep.execute  295 - Step: [SortvsamQsam2vsamSort] executed in 578ms
11:06:52.813 [main] INFO  o.s.batch.core.job.SimpleStepHandler.handleStep  150 - Executing step: [vsam2qsamDecider]
11:06:52.835 [main] INFO  o.s.batch.core.step.AbstractStep.execute  295 - Step: [vsam2qsamDecider] executed in 20ms
11:06:52.859 [main] INFO  o.s.batch.core.job.SimpleStepHandler.handleStep  150 - Executing step: [SortvsamVsam2qsamSort]
11:06:53.039 [main] INFO  c.c.app.tasks.SortvsamVsam2qsamSort.afterStep  126 - STEPNAME: SORTVSAMVSAM2QSAM Execution completed, number of RECORDS - IN: 0,  OUT: 1000
11:06:53.042 [main] INFO  o.s.batch.core.step.AbstractStep.execute  295 - Step: [SortvsamVsam2qsamSort] executed in 182ms
11:06:53.064 [main] INFO  o.s.batch.core.job.SimpleStepHandler.handleStep  150 - Executing step: [idcamsout]
11:06:53.084 [main] INFO  c.c.app.vsam.dao.VsamRepository.createTemplateForRead  446 - Using separate datasource for export cluster
11:06:53.089 [main] INFO  com.zaxxer.hikari.HikariDataSource.getConnection  109 - HikariPool-2 - Starting...
11:06:53.095 [main] INFO  com.zaxxer.hikari.pool.HikariPool.checkFailFast  554 - HikariPool-2 - Added connection conn87: url=jdbc:h2:file:./cf-vsam-db user=SA
11:06:53.097 [main] INFO  com.zaxxer.hikari.HikariDataSource.getConnection  122 - HikariPool-2 - Start completed.
11:06:53.207 [main] INFO  o.s.batch.core.step.AbstractStep.execute  295 - Step: [idcamsout] executed in 141ms
11:06:53.228 [main] INFO  o.s.batch.core.job.SimpleStepHandler.handleStep  150 - Executing step: [printSummary]
11:06:53.257 [main] INFO  com.cloudframe.app.CFStepHandler.printExecutionSummary  272 - JOB : SORTVSAM ENDED -  0000
11:06:53.258 [main] INFO  com.cloudframe.app.CFStepHandler.printExecutionSummary  276 - 

Stepwise Execution Summary :
+----------------------------------------------------------------+
| STEPNAME       | PROGRAM     | RC          | ELAPSED           |
|                |             |             | HH:MM:SS:ss       |
+----------------------------------------------------------------+
| DELCLUSR       | IDCAMS      | 00          | 00:00:00:318      |
+----------------------------------------------------------------+
| DEFCLUSR       | IDCAMS      | 00          | 00:00:00:084      |
+----------------------------------------------------------------+
| QSAM2VSAM      | SORT        | 00          | 00:00:00:617      |
+----------------------------------------------------------------+
| VSAM2QSAM      | SORT        | 00          | 00:00:00:220      |
+----------------------------------------------------------------+
| IDCAMSOUT      | IDCAMS      | 00          | 00:00:00:141      |
+----------------------------------------------------------------+
  
11:06:53.268 [main] INFO  o.s.batch.core.step.AbstractStep.execute  295 - Step: [printSummary] executed in 39ms
11:06:53.297 [main] INFO  o.s.b.c.l.s.SimpleJobLauncher$1.run  161 - Job: [FlowJob: [name=SORTVSAM]] completed with the following parameters: [{}] and the following status: [COMPLETED] in 1s618ms
11:06:53.309 [main] INFO  com.zaxxer.hikari.HikariDataSource.close  349 - HikariPool-1 - Shutdown initiated...
11:06:53.316 [main] INFO  com.zaxxer.hikari.HikariDataSource.close  351 - HikariPool-1 - Shutdown completed.
11:06:53.318 [main] INFO  o.s.j.d.e.EmbeddedDatabaseFactory.shutdownDatabase  220 - Shutting down embedded database: url='jdbc:h2:mem:testdb;DB_CLOSE_DELAY=-1;DB_CLOSE_ON_EXIT=false'
