SF326010-0001  EXTRACT Z-LOG RECORDS FROM MIP-LOG FILE          
SF326010-0002  COMPILE DATE = 2021-10-01  TIME= 09:56:15        
 
SF305120-0001  DECODE CLASS Z ASA LOG RECORD HEADERS            
SF305120-0002  COMPILE-DATE = 2021-10-01  TIME = 09:56:20       
 
SF305120  2014-09-12 MDES CLOG OE HEADER FIX                    
 
810-RH-TOTAL-LNTH 16
810-RH-TOTAL-LNTH 17
810-RH-TOTAL-LNTH 16
810-RH-TOTAL-LNTH 16
810-RH-TOTAL-LNTH 16
810-RH-TOTAL-LNTH 17
810-RH-TOTAL-LNTH 16
810-RH-TOTAL-LNTH 17
810-RH-TOTAL-LNTH 16
 
SF326010-8000 ***** INPUT AND OUTPUT FILE RECORD COUNTS ******
SF326010-8001  TOTAL MIP-LOG  FILE RECORDS READ   =             9
SF326010-8002  TOTAL Z-LOG BYPASSED (ZA,ZB,ZN)    =             0
SF326010-8003  TOTAL Z-LOG REPORT RECORDS WRITTEN =            24
 
SF326010-8999 ************** < END OF COUNTS > ***************
 
SF326010-9999 COMPLETED SUCCESSFULLY        
