07:59:58.370 [main] INFO  o.s.boot.StartupInfoLogger.logStarting   50 - Starting CFApplication v0.0.1-SNAPSHOT using Java 17.0.14 with PID 3434643 (/home/jenkins/workspace/CFTestAutomation_Release/Testing/results/jcl/USBICE01/USBICE01/target/USBICE01-0.0.1-SNAPSHOT.jar started by root in /home/jenkins/workspace/CFTestAutomation_Release/Testing/results/jcl/USBICE01/USBICE01)
07:59:58.382 [main] INFO  o.s.boot.SpringApplication.logStartupProfileInfo  654 - No active profile set, falling back to 1 default profile: "default"
08:00:02.213 [main] INFO  o.s.boot.StartupInfoLogger.logStarted   56 - Started CFApplication in 5.273 seconds (process running for 6.354)
08:00:02.232 [main] INFO  c.c.app.utility.CFConfiguration.cfDataConnectIOInfo  107 - CFDataConnectIO version : 5.0.0.21
08:00:02.288 [main] INFO  c.c.a.u.d.plus.CFDcioConfiguration.cfDataConnectIOPlusInfo   28 - CFDataConnectIOPlus version : 5.0.0.21
08:00:02.317 [main] INFO  o.s.j.d.e.EmbeddedDatabaseFactory.initDatabase  189 - Starting embedded database: url='jdbc:h2:mem:testdb;DB_CLOSE_DELAY=-1;DB_CLOSE_ON_EXIT=false', username='sa'
08:00:03.455 [main] INFO  o.s.b.a.b.JobLauncherApplicationRunner.run  168 - Running default command line with: []
08:00:03.570 [main] INFO  o.s.b.c.l.s.SimpleJobLauncher$1.run  154 - Job: [FlowJob: [name=USBICE01]] launched with the following parameters: [{}]
08:00:03.648 [main] INFO  o.s.batch.core.job.SimpleStepHandler.handleStep  150 - Executing step: [p010]
08:00:03.686 [main] INFO  o.s.batch.core.step.AbstractStep.execute  295 - Step: [p010] executed in 36ms
08:00:03.718 [main] INFO  o.s.batch.core.job.SimpleStepHandler.handleStep  150 - Executing step: [p020]
08:00:03.781 [main] INFO  o.s.batch.core.step.AbstractStep.execute  295 - Step: [p020] executed in 61ms
08:00:03.795 [main] INFO  o.s.batch.core.job.SimpleStepHandler.handleStep  150 - Executing step: [p030_01Decider]
08:00:03.822 [main] INFO  o.s.batch.core.step.AbstractStep.execute  295 - Step: [p030_01Decider] executed in 26ms
08:00:03.845 [main] INFO  o.s.batch.core.job.SimpleStepHandler.handleStep  150 - Executing step: [Usbice01P030_01Sort]
08:00:03.899 [main] INFO  c.c.app.tasks.Usbice01P030_01Sort.afterStep  143 - STEPNAME: USBICE01P030_01 Execution completed, number of RECORDS - IN: 0,  OUT: 6
08:00:03.903 [main] INFO  o.s.batch.core.step.AbstractStep.execute  295 - Step: [Usbice01P030_01Sort] executed in 57ms
08:00:03.922 [main] INFO  o.s.batch.core.job.SimpleStepHandler.handleStep  150 - Executing step: [p030_02Decider]
08:00:03.950 [main] INFO  o.s.batch.core.step.AbstractStep.execute  295 - Step: [p030_02Decider] executed in 26ms
08:00:03.972 [main] INFO  o.s.batch.core.job.SimpleStepHandler.handleStep  150 - Executing step: [Usbice01P030_02Sort]
08:00:04.031 [main] INFO  c.c.app.tasks.Usbice01P030_02Sort.afterStep  139 - STEPNAME: USBICE01P030_02 Execution completed, number of RECORDS - IN: 6,  OUT: 6
08:00:04.035 [main] INFO  o.s.batch.core.step.AbstractStep.execute  295 - Step: [Usbice01P030_02Sort] executed in 61ms
08:00:04.057 [main] INFO  o.s.batch.core.job.SimpleStepHandler.handleStep  150 - Executing step: [printSummary]
08:00:04.077 [main] INFO  com.cloudframe.app.CFStepHandler.printExecutionSummary  272 - JOB : USBICE01 ENDED -  0000
08:00:04.078 [main] INFO  com.cloudframe.app.CFStepHandler.printExecutionSummary  276 - 

Stepwise Execution Summary :
+---------------------------------------------------------------+
| STEPNAME     | PROGRAM      | RC          | ELAPSED           |
|              |              |             | HH:MM:SS:ss       |
+---------------------------------------------------------------+
| P010         | IEFBR14      | 00          | 00:00:00:036      |
+---------------------------------------------------------------+
| P020         | IDCAMS       | 00          | 00:00:00:061      |
+---------------------------------------------------------------+
| P030_01      | ICETOOL      | 00          | 00:00:00:099      |
+---------------------------------------------------------------+
| P030_02      | ICETOOL      | 00          | 00:00:00:102      |
+---------------------------------------------------------------+
  
08:00:04.088 [main] INFO  o.s.batch.core.step.AbstractStep.execute  295 - Step: [printSummary] executed in 30ms
08:00:04.104 [main] INFO  o.s.b.c.l.s.SimpleJobLauncher$1.run  161 - Job: [FlowJob: [name=USBICE01]] completed with the following parameters: [{}] and the following status: [COMPLETED] in 504ms
08:00:04.115 [main] INFO  o.s.j.d.e.EmbeddedDatabaseFactory.shutdownDatabase  220 - Shutting down embedded database: url='jdbc:h2:mem:testdb;DB_CLOSE_DELAY=-1;DB_CLOSE_ON_EXIT=false'
