16:31:38.672 [main] INFO  o.s.boot.StartupInfoLogger.logStarting   50 - Starting CFApplication v0.0.1-SNAPSHOT using Java 17.0.14 with PID 2469562 (/home/jenkins/workspace/CFTestAutomation_Release/Testing/results/jcl/SORT037/SORT037/target/SORT037-0.0.1-SNAPSHOT.jar started by root in /home/jenkins/workspace/CFTestAutomation_Release/Testing/results/jcl/SORT037/SORT037)
16:31:38.682 [main] INFO  o.s.boot.SpringApplication.logStartupProfileInfo  654 - No active profile set, falling back to 1 default profile: "default"
16:31:41.671 [main] INFO  o.s.boot.StartupInfoLogger.logStarted   56 - Started CFApplication in 4.275 seconds (process running for 5.33)
16:31:41.686 [main] INFO  c.c.app.utility.CFConfiguration.cfDataConnectIOInfo  107 - CFDataConnectIO version : 5.0.0.21
16:31:41.734 [main] INFO  c.c.a.u.d.plus.CFDcioConfiguration.cfDataConnectIOPlusInfo   28 - CFDataConnectIOPlus version : 5.0.0.21
16:31:41.756 [main] INFO  o.s.j.d.e.EmbeddedDatabaseFactory.initDatabase  189 - Starting embedded database: url='jdbc:h2:mem:testdb;DB_CLOSE_DELAY=-1;DB_CLOSE_ON_EXIT=false', username='sa'
16:31:42.714 [main] INFO  o.s.b.a.b.JobLauncherApplicationRunner.run  168 - Running default command line with: []
16:31:42.776 [main] INFO  o.s.b.c.l.s.SimpleJobLauncher$1.run  154 - Job: [FlowJob: [name=SORT037]] launched with the following parameters: [{}]
16:31:42.817 [main] INFO  o.s.batch.core.job.SimpleStepHandler.handleStep  150 - Executing step: [step020Decider]
16:31:42.899 [main] INFO  o.s.batch.core.step.AbstractStep.execute  295 - Step: [step020Decider] executed in 80ms
16:31:42.924 [main] INFO  o.s.batch.core.job.SimpleStepHandler.handleStep  150 - Executing step: [readSort037Step020SortInput]
16:31:43.427 [main] INFO  c.c.app.sort.SpringAsyncConfig.threadPoolTaskExecutor   73 - Thread pool created based on usableMemory 19087948892 requiredByteForEachThread 40000000 with core pool size 20 max pool size 40
16:31:43.556 [main] INFO  c.c.a.s.s.d.SortStrategyDeciderImpl.decideSortStrategy  117 - Calculated details for strategy decider fileSize 464 noOfRecords 8 fileSizeWithOverHead 928 keysSizeInBytes 528 fileSizeWithKeysAndRecords928
16:31:43.684 [main] INFO  c.c.a.s.s.d.SortStrategyDeciderImpl.getStrategy  221 - Strategy to be adopted is IN_MEMORY_KEY
16:31:43.685 [main] INFO  c.c.a.s.s.d.SortStrategyDeciderImpl.decideSortStrategy  150 - APPLYING INMEMORY KEY SORT STRATEGY
16:31:43.866 [main] INFO  c.c.a.s.s.d.SortStrategyDeciderImpl.decideSortStrategy  117 - Calculated details for strategy decider fileSize 464 noOfRecords 8 fileSizeWithOverHead 928 keysSizeInBytes 528 fileSizeWithKeysAndRecords928
16:31:43.977 [main] INFO  c.c.a.s.s.d.SortStrategyDeciderImpl.getStrategy  221 - Strategy to be adopted is IN_MEMORY_KEY
16:31:43.978 [main] INFO  c.c.a.s.s.d.SortStrategyDeciderImpl.decideSortStrategy  150 - APPLYING INMEMORY KEY SORT STRATEGY
16:31:43.989 [main] INFO  o.s.batch.core.step.AbstractStep.execute  295 - Step: [readSort037Step020SortInput] executed in 1s64ms
16:31:44.019 [main] INFO  o.s.batch.core.job.SimpleStepHandler.handleStep  150 - Executing step: [sortSort037Step020Process]
16:31:44.064 [main] INFO  o.s.batch.core.step.AbstractStep.execute  295 - Step: [sortSort037Step020Process] executed in 44ms
16:31:44.094 [main] INFO  o.s.batch.core.job.SimpleStepHandler.handleStep  150 - Executing step: [writeSort037Step020SortOutput]
16:31:44.146 [main] INFO  c.c.a.t.Sort037Step020OutputWriter.afterStep  237 - STEPNAME: SORT037STEP020 Execution completed, number of RECORDS - IN: 16,  OUT: 3
16:31:44.147 [main] INFO  c.c.a.t.Sort037Step020OutputWriter.afterStep  239 - STEPNAME: SORT037STEP020 Execution completed, number of RECORDS - IN: 16,  OUT: 6
16:31:44.154 [main] INFO  o.s.batch.core.step.AbstractStep.execute  295 - Step: [writeSort037Step020SortOutput] executed in 58ms
16:31:44.173 [main] INFO  o.s.batch.core.job.SimpleStepHandler.handleStep  150 - Executing step: [printSummary]
16:31:44.194 [main] INFO  com.cloudframe.app.CFStepHandler.printExecutionSummary  260 - JOB : SORT037 ENDED -  0000
16:31:44.195 [main] INFO  com.cloudframe.app.CFStepHandler.printExecutionSummary  264 - 

Stepwise Execution Summary :
+------------------------------------------------------------+
| STEPNAME     | PROGRAM   | RC          | ELAPSED           |
|              |           |             | HH:MM:SS:ss       |
+------------------------------------------------------------+
| STEP020      | SORT      | 00          | 00:00:01:322      |
+------------------------------------------------------------+
  
16:31:44.205 [main] INFO  o.s.batch.core.step.AbstractStep.execute  295 - Step: [printSummary] executed in 31ms
16:31:44.229 [main] INFO  o.s.b.c.l.s.SimpleJobLauncher$1.run  161 - Job: [FlowJob: [name=SORT037]] completed with the following parameters: [{}] and the following status: [COMPLETED] in 1s427ms
16:31:44.243 [main] INFO  o.s.j.d.e.EmbeddedDatabaseFactory.shutdownDatabase  220 - Shutting down embedded database: url='jdbc:h2:mem:testdb;DB_CLOSE_DELAY=-1;DB_CLOSE_ON_EXIT=false'
