07:08:12.472 [main] INFO  o.s.boot.StartupInfoLogger.logStarting   50 - Starting CFApplication v0.0.1-SNAPSHOT using Java 17.0.14 with PID 1323494 (/home/jenkins/workspace/CFTestAutomation_Release/Testing/results/jcl/MPS/MPS/target/MPS-0.0.1-SNAPSHOT.jar started by root in /home/jenkins/workspace/CFTestAutomation_Release/Testing/results/jcl/MPS/MPS)
07:08:12.480 [main] INFO  o.s.boot.SpringApplication.logStartupProfileInfo  654 - No active profile set, falling back to 1 default profile: "default"
07:08:17.936 [main] INFO  o.s.boot.StartupInfoLogger.logStarted   56 - Started CFApplication in 6.525 seconds (process running for 7.276)
07:08:17.958 [main] INFO  c.c.app.utility.CFConfiguration.cfDataConnectIOInfo  107 - CFDataConnectIO version : 5.0.0.21
07:08:18.019 [main] INFO  c.c.a.u.d.plus.CFDcioConfiguration.cfDataConnectIOPlusInfo   28 - CFDataConnectIOPlus version : 5.0.0.21
07:08:18.055 [main] INFO  o.s.j.d.e.EmbeddedDatabaseFactory.initDatabase  189 - Starting embedded database: url='jdbc:h2:mem:testdb;DB_CLOSE_DELAY=-1;DB_CLOSE_ON_EXIT=false', username='sa'
07:08:19.221 [main] INFO  o.s.b.a.b.JobLauncherApplicationRunner.run  168 - Running default command line with: []
07:08:19.302 [main] INFO  o.s.b.c.l.s.SimpleJobLauncher$1.run  154 - Job: [FlowJob: [name=MPS]] launched with the following parameters: [{}]
07:08:19.377 [main] INFO  o.s.batch.core.job.SimpleStepHandler.handleStep  150 - Executing step: [mps001Decider]
07:08:19.464 [main] INFO  o.s.batch.core.step.AbstractStep.execute  295 - Step: [mps001Decider] executed in 84ms
07:08:19.500 [main] INFO  o.s.batch.core.job.SimpleStepHandler.handleStep  150 - Executing step: [readMpsMps001SortInput]
07:08:20.402 [main] INFO  o.s.batch.core.step.AbstractStep.execute  295 - Step: [readMpsMps001SortInput] executed in 901ms
07:08:20.430 [main] INFO  o.s.batch.core.job.SimpleStepHandler.handleStep  150 - Executing step: [sortMpsMps001Process]
07:08:20.477 [main] INFO  o.s.batch.core.step.AbstractStep.execute  295 - Step: [sortMpsMps001Process] executed in 46ms
07:08:20.529 [main] INFO  o.s.batch.core.job.SimpleStepHandler.handleStep  150 - Executing step: [writeMpsMps001SortOutput]
07:08:21.915 [main] INFO  c.c.app.tasks.MpsMps001OutputWriter.afterStep   97 - STEPNAME: MPSMPS001 Execution completed, number of RECORDS - IN: 190878,  OUT: 190878
07:08:21.927 [main] INFO  o.s.batch.core.step.AbstractStep.execute  295 - Step: [writeMpsMps001SortOutput] executed in 1s396ms
07:08:21.947 [main] INFO  o.s.batch.core.job.SimpleStepHandler.handleStep  150 - Executing step: [step020Decider]
07:08:21.980 [main] INFO  o.s.batch.core.step.AbstractStep.execute  295 - Step: [step020Decider] executed in 32ms
07:08:22.002 [main] INFO  o.s.batch.core.job.SimpleStepHandler.handleStep  150 - Executing step: [readMpsStep020SortInput]
07:08:22.531 [main] INFO  o.s.batch.core.step.AbstractStep.execute  295 - Step: [readMpsStep020SortInput] executed in 528ms
07:08:22.544 [main] INFO  o.s.batch.core.job.SimpleStepHandler.handleStep  150 - Executing step: [sortMpsStep020Process]
07:08:22.563 [main] INFO  o.s.batch.core.step.AbstractStep.execute  295 - Step: [sortMpsStep020Process] executed in 18ms
07:08:22.581 [main] INFO  o.s.batch.core.job.SimpleStepHandler.handleStep  150 - Executing step: [writeMpsStep020SortOutput]
07:08:23.196 [main] INFO  c.c.app.tasks.MpsStep020OutputWriter.afterStep   93 - STEPNAME: MPSSTEP020 Execution completed, number of RECORDS - IN: 190878,  OUT: 190878
07:08:23.202 [main] INFO  o.s.batch.core.step.AbstractStep.execute  295 - Step: [writeMpsStep020SortOutput] executed in 620ms
07:08:23.218 [main] INFO  o.s.batch.core.job.SimpleStepHandler.handleStep  150 - Executing step: [mps002Decider]
07:08:23.239 [main] INFO  o.s.batch.core.step.AbstractStep.execute  295 - Step: [mps002Decider] executed in 19ms
07:08:23.254 [main] INFO  o.s.batch.core.job.SimpleStepHandler.handleStep  150 - Executing step: [readMpsMps002SortInput]
07:08:23.283 [main] INFO  o.s.batch.core.step.AbstractStep.execute  295 - Step: [readMpsMps002SortInput] executed in 27ms
07:08:23.306 [main] INFO  o.s.batch.core.job.SimpleStepHandler.handleStep  150 - Executing step: [sortMpsMps002Process]
07:08:23.331 [main] INFO  o.s.batch.core.step.AbstractStep.execute  295 - Step: [sortMpsMps002Process] executed in 23ms
07:08:23.345 [main] INFO  o.s.batch.core.job.SimpleStepHandler.handleStep  150 - Executing step: [writeMpsMps002SortOutput]
07:08:23.369 [main] INFO  c.c.app.tasks.MpsMps002OutputWriter.afterStep   91 - STEPNAME: MPSMPS002 Execution completed, number of RECORDS - IN: 20,  OUT: 20
07:08:23.374 [main] INFO  o.s.batch.core.step.AbstractStep.execute  295 - Step: [writeMpsMps002SortOutput] executed in 27ms
07:08:23.386 [main] INFO  o.s.batch.core.job.SimpleStepHandler.handleStep  150 - Executing step: [mps003Decider]
07:08:23.406 [main] INFO  o.s.batch.core.step.AbstractStep.execute  295 - Step: [mps003Decider] executed in 18ms
07:08:23.422 [main] INFO  o.s.batch.core.job.SimpleStepHandler.handleStep  150 - Executing step: [readMpsMps003SortInput]
07:08:23.460 [main] INFO  o.s.batch.core.step.AbstractStep.execute  295 - Step: [readMpsMps003SortInput] executed in 36ms
07:08:23.477 [main] INFO  o.s.batch.core.job.SimpleStepHandler.handleStep  150 - Executing step: [sortMpsMps003Process]
07:08:23.513 [main] INFO  o.s.batch.core.step.AbstractStep.execute  295 - Step: [sortMpsMps003Process] executed in 34ms
07:08:23.542 [main] INFO  o.s.batch.core.job.SimpleStepHandler.handleStep  150 - Executing step: [writeMpsMps003SortOutput]
07:08:23.928 [main] INFO  c.c.app.tasks.MpsMps003OutputWriter.afterStep  142 - STEPNAME: MPSMPS003 Execution completed, number of RECORDS - IN: 35,  OUT: 35
07:08:23.931 [main] INFO  o.s.batch.core.step.AbstractStep.execute  295 - Step: [writeMpsMps003SortOutput] executed in 388ms
07:08:23.949 [main] INFO  o.s.batch.core.job.SimpleStepHandler.handleStep  150 - Executing step: [mps004Decider]
07:08:23.981 [main] INFO  o.s.batch.core.step.AbstractStep.execute  295 - Step: [mps004Decider] executed in 32ms
07:08:23.993 [main] INFO  o.s.batch.core.job.SimpleStepHandler.handleStep  150 - Executing step: [readMpsMps004SortInput]
07:08:24.037 [main] INFO  o.s.batch.core.step.AbstractStep.execute  295 - Step: [readMpsMps004SortInput] executed in 43ms
07:08:24.050 [main] INFO  o.s.batch.core.job.SimpleStepHandler.handleStep  150 - Executing step: [sortMpsMps004Process]
07:08:24.066 [main] INFO  o.s.batch.core.step.AbstractStep.execute  295 - Step: [sortMpsMps004Process] executed in 14ms
07:08:24.081 [main] INFO  o.s.batch.core.job.SimpleStepHandler.handleStep  150 - Executing step: [writeMpsMps004SortOutput]
07:08:24.119 [main] INFO  c.c.app.tasks.MpsMps004OutputWriter.afterStep  150 - STEPNAME: MPSMPS004 Execution completed, number of RECORDS - IN: 92,  OUT: 90
07:08:24.121 [main] INFO  c.c.app.tasks.MpsMps004OutputWriter.afterStep  152 - STEPNAME: MPSMPS004 Execution completed, number of RECORDS - IN: 92,  OUT: 2
07:08:24.122 [main] INFO  c.c.app.tasks.MpsMps004OutputWriter.afterStep  154 - STEPNAME: MPSMPS004 Execution completed, number of RECORDS - IN: 92,  OUT: 91
07:08:24.124 [main] INFO  o.s.batch.core.step.AbstractStep.execute  295 - Step: [writeMpsMps004SortOutput] executed in 42ms
07:08:24.132 [main] INFO  o.s.batch.core.job.SimpleStepHandler.handleStep  150 - Executing step: [mps005Decider]
07:08:24.162 [main] INFO  o.s.batch.core.step.AbstractStep.execute  295 - Step: [mps005Decider] executed in 29ms
07:08:24.179 [main] INFO  o.s.batch.core.job.SimpleStepHandler.handleStep  150 - Executing step: [readMpsMps005SortInput]
07:08:24.231 [main] INFO  o.s.batch.core.step.AbstractStep.execute  295 - Step: [readMpsMps005SortInput] executed in 50ms
07:08:24.244 [main] INFO  o.s.batch.core.job.SimpleStepHandler.handleStep  150 - Executing step: [sortMpsMps005Process]
07:08:24.261 [main] INFO  o.s.batch.core.step.AbstractStep.execute  295 - Step: [sortMpsMps005Process] executed in 16ms
07:08:24.275 [main] INFO  o.s.batch.core.job.SimpleStepHandler.handleStep  150 - Executing step: [writeMpsMps005SortOutput]
07:08:24.358 [main] INFO  c.c.app.tasks.MpsMps005OutputWriter.afterStep  165 - STEPNAME: MPSMPS005 Execution completed, number of RECORDS - IN: 1234,  OUT: 1233
07:08:24.362 [main] INFO  c.c.app.tasks.MpsMps005OutputWriter.afterStep  167 - STEPNAME: MPSMPS005 Execution completed, number of RECORDS - IN: 1234,  OUT: 3
07:08:24.369 [main] INFO  o.s.batch.core.step.AbstractStep.execute  295 - Step: [writeMpsMps005SortOutput] executed in 94ms
07:08:24.388 [main] INFO  o.s.batch.core.job.SimpleStepHandler.handleStep  150 - Executing step: [mps006Decider]
07:08:24.427 [main] INFO  o.s.batch.core.step.AbstractStep.execute  295 - Step: [mps006Decider] executed in 38ms
07:08:24.442 [main] INFO  o.s.batch.core.job.SimpleStepHandler.handleStep  150 - Executing step: [readMpsMps006SortInput]
07:08:24.468 [main] INFO  o.s.batch.core.step.AbstractStep.execute  295 - Step: [readMpsMps006SortInput] executed in 25ms
07:08:24.481 [main] INFO  o.s.batch.core.job.SimpleStepHandler.handleStep  150 - Executing step: [sortMpsMps006Process]
07:08:24.497 [main] INFO  o.s.batch.core.step.AbstractStep.execute  295 - Step: [sortMpsMps006Process] executed in 14ms
07:08:24.511 [main] INFO  o.s.batch.core.job.SimpleStepHandler.handleStep  150 - Executing step: [writeMpsMps006SortOutput]
07:08:24.528 [main] INFO  c.c.app.tasks.MpsMps006OutputWriter.afterStep  131 - STEPNAME: MPSMPS006 Execution completed, number of RECORDS - IN: 20,  OUT: 1
07:08:24.549 [main] INFO  c.c.app.tasks.MpsMps006OutputWriter.afterStep  133 - STEPNAME: MPSMPS006 Execution completed, number of RECORDS - IN: 20,  OUT: 1
07:08:24.585 [main] INFO  c.c.app.tasks.MpsMps006OutputWriter.afterStep  135 - STEPNAME: MPSMPS006 Execution completed, number of RECORDS - IN: 20,  OUT: 10
07:08:24.588 [main] INFO  o.s.batch.core.step.AbstractStep.execute  295 - Step: [writeMpsMps006SortOutput] executed in 76ms
07:08:24.600 [main] INFO  o.s.batch.core.job.SimpleStepHandler.handleStep  150 - Executing step: [step020_2Decider]
07:08:24.617 [main] INFO  o.s.batch.core.step.AbstractStep.execute  295 - Step: [step020_2Decider] executed in 15ms
07:08:24.627 [main] INFO  o.s.batch.core.job.SimpleStepHandler.handleStep  150 - Executing step: [readMpsStep020_2SortInput]
07:08:24.647 [main] INFO  o.s.batch.core.step.AbstractStep.execute  295 - Step: [readMpsStep020_2SortInput] executed in 19ms
07:08:24.658 [main] INFO  o.s.batch.core.job.SimpleStepHandler.handleStep  150 - Executing step: [sortMpsStep020_2Process]
07:08:24.672 [main] INFO  o.s.batch.core.step.AbstractStep.execute  295 - Step: [sortMpsStep020_2Process] executed in 13ms
07:08:24.685 [main] INFO  o.s.batch.core.job.SimpleStepHandler.handleStep  150 - Executing step: [writeMpsStep020_2SortOutput]
07:08:24.699 [main] INFO  c.c.a.tasks.MpsStep020_2OutputWriter.afterStep   93 - STEPNAME: MPSSTEP020_2 Execution completed, number of RECORDS - IN: 18,  OUT: 18
07:08:24.716 [main] INFO  o.s.batch.core.step.AbstractStep.execute  295 - Step: [writeMpsStep020_2SortOutput] executed in 31ms
07:08:24.727 [main] INFO  o.s.batch.core.job.SimpleStepHandler.handleStep  150 - Executing step: [step040Decider]
07:08:24.752 [main] INFO  o.s.batch.core.step.AbstractStep.execute  295 - Step: [step040Decider] executed in 24ms
07:08:24.770 [main] INFO  o.s.batch.core.job.SimpleStepHandler.handleStep  150 - Executing step: [readMpsStep040SortInput]
07:08:24.802 [main] INFO  o.s.batch.core.step.AbstractStep.execute  295 - Step: [readMpsStep040SortInput] executed in 31ms
07:08:24.815 [main] INFO  o.s.batch.core.job.SimpleStepHandler.handleStep  150 - Executing step: [sortMpsStep040Process]
07:08:24.829 [main] INFO  o.s.batch.core.step.AbstractStep.execute  295 - Step: [sortMpsStep040Process] executed in 12ms
07:08:24.841 [main] INFO  o.s.batch.core.job.SimpleStepHandler.handleStep  150 - Executing step: [writeMpsStep040SortOutput]
07:08:24.858 [main] INFO  c.c.app.tasks.MpsStep040OutputWriter.afterStep  101 - STEPNAME: MPSSTEP040 Execution completed, number of RECORDS - IN: 19,  OUT: 19
07:08:24.861 [main] INFO  o.s.batch.core.step.AbstractStep.execute  295 - Step: [writeMpsStep040SortOutput] executed in 19ms
07:08:24.869 [main] INFO  o.s.batch.core.job.SimpleStepHandler.handleStep  150 - Executing step: [printSummary]
07:08:24.890 [main] INFO  com.cloudframe.app.CFStepHandler.printExecutionSummary  313 - JOB : MPS ENDED -  0000
07:08:24.891 [main] INFO  com.cloudframe.app.CFStepHandler.printExecutionSummary  317 - 

Stepwise Execution Summary :
+--------------------------------------------------------------+
| STEPNAME       | PROGRAM   | RC          | ELAPSED           |
|                |           |             | HH:MM:SS:ss       |
+--------------------------------------------------------------+
| MPS001         | SORT      | 00          | 00:00:02:532      |
+--------------------------------------------------------------+
| STEP020        | SORT      | 00          | 00:00:01:242      |
+--------------------------------------------------------------+
| MPS002         | SORT      | 00          | 00:00:00:146      |
+--------------------------------------------------------------+
| MPS003         | SORT      | 00          | 00:00:00:537      |
+--------------------------------------------------------------+
| MPS004         | SORT      | 00          | 00:00:00:166      |
+--------------------------------------------------------------+
| MPS005         | SORT      | 00          | 00:00:00:221      |
+--------------------------------------------------------------+
| MPS006         | SORT      | 00          | 00:00:00:137      |
+--------------------------------------------------------------+
| STEP020_2      | SORT      | 00          | 00:00:00:096      |
+--------------------------------------------------------------+
| STEP040        | SORT      | 00          | 00:00:00:127      |
+--------------------------------------------------------------+
  
07:08:24.911 [main] INFO  o.s.batch.core.step.AbstractStep.execute  295 - Step: [printSummary] executed in 41ms
07:08:24.926 [main] INFO  o.s.b.c.l.s.SimpleJobLauncher$1.run  161 - Job: [FlowJob: [name=MPS]] completed with the following parameters: [{}] and the following status: [COMPLETED] in 5s591ms
07:08:24.946 [main] INFO  o.s.j.d.e.EmbeddedDatabaseFactory.shutdownDatabase  220 - Shutting down embedded database: url='jdbc:h2:mem:testdb;DB_CLOSE_DELAY=-1;DB_CLOSE_ON_EXIT=false'
