11:05:04.498 [main] INFO  o.s.boot.StartupInfoLogger.logStarting   50 - Starting CFApplication v0.0.1-SNAPSHOT using Java 17.0.14 with PID 1198698 (/home/jenkins/workspace/CFTestAutomation_Release/Testing/results/xml/casecb01/CASECB01/target/CASECB01-0.0.1-SNAPSHOT.jar started by root in /home/jenkins/workspace/CFTestAutomation_Release/Testing/results/xml/casecb01/CASECB01)
11:05:04.503 [main] INFO  o.s.boot.SpringApplication.logStartupProfileInfo  654 - No active profile set, falling back to 1 default profile: "default"
11:05:05.641 [main] INFO  o.s.boot.StartupInfoLogger.logStarted   56 - Started CFApplication in 1.828 seconds (process running for 2.546)
11:05:05.659 [main] INFO  c.c.app.utility.CFConfiguration.cfDataConnectIOInfo  107 - CFDataConnectIO version : 5.0.0.21
11:05:05.767 [main] INFO  com.cloudframe.app.process.Casecb01.displayDealers  643 - Dealer..........: Mike Piazza                   
11:05:05.768 [main] INFO  com.cloudframe.app.process.Casecb01.displayDealers  647 - State...........: NY
11:05:05.769 [main] INFO  com.cloudframe.app.process.Casecb01.displayDealers  649 - Street Address..: 5 Center St.                  
11:05:05.769 [main] INFO  com.cloudframe.app.process.Casecb01.displayDealers  647 - State...........: PA
11:05:05.769 [main] INFO  com.cloudframe.app.process.Casecb01.displayDealers  649 - Street Address..: 106 Cherry Blossom La.        
11:05:05.769 [main] INFO  com.cloudframe.app.process.Casecb01.displayDealers  647 - State...........: NJ
11:05:05.770 [main] INFO  com.cloudframe.app.process.Casecb01.displayDealers  649 - Street Address..: 17 Hancock Dr.                
11:05:05.771 [main] INFO  com.cloudframe.app.process.Casecb01.displayManufacturers  697 -  
11:05:05.772 [main] INFO  com.cloudframe.app.process.Casecb01.displayManufacturers  699 - ----------------------------------------------
11:05:05.772 [main] INFO  com.cloudframe.app.process.Casecb01.displayManufacturers  701 -  
11:05:05.772 [main] INFO  com.cloudframe.app.process.Casecb01.displayManufacturers  703 - Manufacturer....: Moto Guzzi          
11:05:05.773 [main] INFO  com.cloudframe.app.process.Casecb01.displayManufacturers  705 - Country.........: Italy          
11:05:05.773 [main] INFO  com.cloudframe.app.process.Casecb01.displayManufacturers  707 - Level 1 Num.....:     1
11:05:05.773 [main] INFO  com.cloudframe.app.process.Casecb01.displayManufacturers  712 - Model Counter...:     2
11:05:05.774 [main] INFO  com.cloudframe.app.process.Casecb01.displayManufacturers  714 -  
11:05:05.774 [main] INFO  com.cloudframe.app.process.Casecb01.displayManufacturers  716 - Models ---------------------------------------
11:05:05.774 [main] INFO  com.cloudframe.app.process.Casecb01.displayModels  764 -  
11:05:05.775 [main] INFO  com.cloudframe.app.process.Casecb01.displayModels  766 - Model...........: Coppa Italia        
11:05:05.775 [main] INFO  com.cloudframe.app.process.Casecb01.displayModels  768 - Engine Size.....: 1100
11:05:05.775 [main] INFO  com.cloudframe.app.process.Casecb01.displayModels  770 - Level 2 Num.....:    11
11:05:05.776 [main] INFO  com.cloudframe.app.process.Casecb01.displayModels  775 - Color Counter...:     3
11:05:05.776 [main] INFO  com.cloudframe.app.process.Casecb01.displayModels  777 -  
11:05:05.776 [main] INFO  com.cloudframe.app.process.Casecb01.displayModels  779 - Colors ---------------------------------------
11:05:05.777 [main] INFO  com.cloudframe.app.process.Casecb01.displayColors  815 - Color...........: Red       
11:05:05.777 [main] INFO  com.cloudframe.app.process.Casecb01.displayColors  815 - Color...........: Green     
11:05:05.777 [main] INFO  com.cloudframe.app.process.Casecb01.displayColors  815 - Color...........: White     
11:05:05.777 [main] INFO  com.cloudframe.app.process.Casecb01.displayModels  786 -  
11:05:05.778 [main] INFO  com.cloudframe.app.process.Casecb01.displayModels  788 - Accessories ----------------------------------
11:05:05.778 [main] INFO  com.cloudframe.app.process.Casecb01.displayAccessories  837 - Accessory.......: Leather Jackets               
11:05:05.778 [main] INFO  com.cloudframe.app.process.Casecb01.displayAccessories  837 - Accessory.......: Titanium Exhaust              
11:05:05.778 [main] INFO  com.cloudframe.app.process.Casecb01.displayAccessories  837 - Accessory.......: Auto Oil Filters              
11:05:05.779 [main] INFO  com.cloudframe.app.process.Casecb01.displayAccessories  837 - Accessory.......: Filter Retainer               
11:05:05.779 [main] INFO  com.cloudframe.app.process.Casecb01.displayModels  764 -  
11:05:05.779 [main] INFO  com.cloudframe.app.process.Casecb01.displayModels  766 - Model...........: Griso               
11:05:05.780 [main] INFO  com.cloudframe.app.process.Casecb01.displayModels  768 - Engine Size.....: 1100
11:05:05.780 [main] INFO  com.cloudframe.app.process.Casecb01.displayModels  770 - Level 2 Num.....:    12
11:05:05.780 [main] INFO  com.cloudframe.app.process.Casecb01.displayModels  775 - Color Counter...:     3
11:05:05.781 [main] INFO  com.cloudframe.app.process.Casecb01.displayModels  777 -  
11:05:05.781 [main] INFO  com.cloudframe.app.process.Casecb01.displayModels  779 - Colors ---------------------------------------
11:05:05.781 [main] INFO  com.cloudframe.app.process.Casecb01.displayColors  815 - Color...........: Black     
11:05:05.781 [main] INFO  com.cloudframe.app.process.Casecb01.displayColors  815 - Color...........: Yellow    
11:05:05.782 [main] INFO  com.cloudframe.app.process.Casecb01.displayColors  815 - Color...........: Red       
11:05:05.782 [main] INFO  com.cloudframe.app.process.Casecb01.displayColors  815 - Color...........: Britsh Gr.
11:05:05.782 [main] INFO  com.cloudframe.app.process.Casecb01.displayModels  786 -  
11:05:05.782 [main] INFO  com.cloudframe.app.process.Casecb01.displayModels  788 - Accessories ----------------------------------
11:05:05.782 [main] INFO  com.cloudframe.app.process.Casecb01.displayAccessories  837 - Accessory.......: Leather Seat                  
11:05:05.783 [main] INFO  com.cloudframe.app.process.Casecb01.displayAccessories  837 - Accessory.......: Engine Guards                 
11:05:05.783 [main] INFO  com.cloudframe.app.process.Casecb01.displayManufacturers  697 -  
11:05:05.783 [main] INFO  com.cloudframe.app.process.Casecb01.displayManufacturers  699 - ----------------------------------------------
11:05:05.784 [main] INFO  com.cloudframe.app.process.Casecb01.displayManufacturers  701 -  
11:05:05.784 [main] INFO  com.cloudframe.app.process.Casecb01.displayManufacturers  703 - Manufacturer....: Ducati              
11:05:05.784 [main] INFO  com.cloudframe.app.process.Casecb01.displayManufacturers  705 - Country.........: Italy          
11:05:05.784 [main] INFO  com.cloudframe.app.process.Casecb01.displayManufacturers  707 - Level 1 Num.....:     2
11:05:05.785 [main] INFO  com.cloudframe.app.process.Casecb01.displayManufacturers  712 - Model Counter...:     2
11:05:05.785 [main] INFO  com.cloudframe.app.process.Casecb01.displayManufacturers  714 -  
11:05:05.785 [main] INFO  com.cloudframe.app.process.Casecb01.displayManufacturers  716 - Models ---------------------------------------
11:05:05.786 [main] INFO  com.cloudframe.app.process.Casecb01.displayModels  764 -  
11:05:05.786 [main] INFO  com.cloudframe.app.process.Casecb01.displayModels  766 - Model...........: 1198 RR             
11:05:05.786 [main] INFO  com.cloudframe.app.process.Casecb01.displayModels  768 - Engine Size.....: 1200
11:05:05.786 [main] INFO  com.cloudframe.app.process.Casecb01.displayModels  770 - Level 2 Num.....:    21
11:05:05.787 [main] INFO  com.cloudframe.app.process.Casecb01.displayModels  775 - Color Counter...:     3
11:05:05.787 [main] INFO  com.cloudframe.app.process.Casecb01.displayModels  777 -  
11:05:05.788 [main] INFO  com.cloudframe.app.process.Casecb01.displayModels  779 - Colors ---------------------------------------
11:05:05.788 [main] INFO  com.cloudframe.app.process.Casecb01.displayColors  815 - Color...........: Red       
11:05:05.788 [main] INFO  com.cloudframe.app.process.Casecb01.displayColors  815 - Color...........: Black     
11:05:05.789 [main] INFO  com.cloudframe.app.process.Casecb01.displayColors  815 - Color...........: White     
11:05:05.789 [main] INFO  com.cloudframe.app.process.Casecb01.displayColors  815 - Color...........: Yellow    
11:05:05.789 [main] INFO  com.cloudframe.app.process.Casecb01.displayModels  786 -  
11:05:05.789 [main] INFO  com.cloudframe.app.process.Casecb01.displayModels  788 - Accessories ----------------------------------
11:05:05.790 [main] INFO  com.cloudframe.app.process.Casecb01.displayAccessories  837 - Accessory.......: Tail Eliminator               
11:05:05.790 [main] INFO  com.cloudframe.app.process.Casecb01.displayAccessories  837 - Accessory.......: Carbon Fiber Wheels           
11:05:05.790 [main] INFO  com.cloudframe.app.process.Casecb01.displayAccessories  837 - Accessory.......: Failure                       
11:05:05.791 [main] INFO  com.cloudframe.app.process.Casecb01.displayModels  764 -  
11:05:05.791 [main] INFO  com.cloudframe.app.process.Casecb01.displayModels  766 - Model...........: Multi Strada        
11:05:05.791 [main] INFO  com.cloudframe.app.process.Casecb01.displayModels  768 - Engine Size.....: 1100
11:05:05.791 [main] INFO  com.cloudframe.app.process.Casecb01.displayModels  770 - Level 2 Num.....:    22
11:05:05.792 [main] INFO  com.cloudframe.app.process.Casecb01.displayModels  775 - Color Counter...:     2
11:05:05.792 [main] INFO  com.cloudframe.app.process.Casecb01.displayModels  777 -  
11:05:05.792 [main] INFO  com.cloudframe.app.process.Casecb01.displayModels  779 - Colors ---------------------------------------
11:05:05.792 [main] INFO  com.cloudframe.app.process.Casecb01.displayColors  815 - Color...........: Red       
11:05:05.792 [main] INFO  com.cloudframe.app.process.Casecb01.displayColors  815 - Color...........: Black     
11:05:05.793 [main] INFO  com.cloudframe.app.process.Casecb01.displayModels  786 -  
11:05:05.793 [main] INFO  com.cloudframe.app.process.Casecb01.displayModels  788 - Accessories ----------------------------------
11:05:05.793 [main] INFO  com.cloudframe.app.process.Casecb01.displayAccessories  837 - Accessory.......: Fail                          
11:05:05.794 [main] INFO  com.cloudframe.app.process.Casecb01.displayModels  764 -  
11:05:05.794 [main] INFO  com.cloudframe.app.process.Casecb01.displayModels  766 - Model...........: HyperMotard         
11:05:05.794 [main] INFO  com.cloudframe.app.process.Casecb01.displayModels  768 - Engine Size.....: 1100
11:05:05.794 [main] INFO  com.cloudframe.app.process.Casecb01.displayModels  770 - Level 2 Num.....:    23
11:05:05.795 [main] INFO  com.cloudframe.app.process.Casecb01.displayModels  775 - Color Counter...:     2
11:05:05.795 [main] INFO  com.cloudframe.app.process.Casecb01.displayModels  777 -  
11:05:05.795 [main] INFO  com.cloudframe.app.process.Casecb01.displayModels  779 - Colors ---------------------------------------
11:05:05.795 [main] INFO  com.cloudframe.app.process.Casecb01.displayColors  815 - Color...........: Red       
11:05:05.796 [main] INFO  com.cloudframe.app.process.Casecb01.displayColors  815 - Color...........: Black     
11:05:05.796 [main] INFO  com.cloudframe.app.process.Casecb01.displayModels  786 -  
11:05:05.796 [main] INFO  com.cloudframe.app.process.Casecb01.displayModels  788 - Accessories ----------------------------------
11:05:05.796 [main] INFO  com.cloudframe.app.process.Casecb01.displayAccessories  837 - Accessory.......: Grip Guards                   
11:05:05.797 [main] INFO  com.cloudframe.app.process.Casecb01.displayManufacturers  697 -  
11:05:05.797 [main] INFO  com.cloudframe.app.process.Casecb01.displayManufacturers  699 - ----------------------------------------------
11:05:05.797 [main] INFO  com.cloudframe.app.process.Casecb01.displayManufacturers  701 -  
11:05:05.797 [main] INFO  com.cloudframe.app.process.Casecb01.displayManufacturers  703 - Manufacturer....: Kawasaki            
11:05:05.797 [main] INFO  com.cloudframe.app.process.Casecb01.displayManufacturers  705 - Country.........: Japan          
11:05:05.798 [main] INFO  com.cloudframe.app.process.Casecb01.displayManufacturers  707 - Level 1 Num.....:     3
11:05:05.798 [main] INFO  com.cloudframe.app.process.Casecb01.displayManufacturers  712 - Model Counter...:     2
11:05:05.798 [main] INFO  com.cloudframe.app.process.Casecb01.displayManufacturers  714 -  
11:05:05.798 [main] INFO  com.cloudframe.app.process.Casecb01.displayManufacturers  716 - Models ---------------------------------------
11:05:05.799 [main] INFO  com.cloudframe.app.process.Casecb01.displayModels  764 -  
11:05:05.799 [main] INFO  com.cloudframe.app.process.Casecb01.displayModels  766 - Model...........: ZX10R               
11:05:05.799 [main] INFO  com.cloudframe.app.process.Casecb01.displayModels  768 - Engine Size.....: 998
11:05:05.800 [main] INFO  com.cloudframe.app.process.Casecb01.displayModels  770 - Level 2 Num.....:    31
11:05:05.800 [main] INFO  com.cloudframe.app.process.Casecb01.displayModels  775 - Color Counter...:     2
11:05:05.800 [main] INFO  com.cloudframe.app.process.Casecb01.displayModels  777 -  
11:05:05.800 [main] INFO  com.cloudframe.app.process.Casecb01.displayModels  779 - Colors ---------------------------------------
11:05:05.800 [main] INFO  com.cloudframe.app.process.Casecb01.displayColors  815 - Color...........: Green     
11:05:05.801 [main] INFO  com.cloudframe.app.process.Casecb01.displayColors  815 - Color...........: Black     
11:05:05.801 [main] INFO  com.cloudframe.app.process.Casecb01.displayModels  786 -  
11:05:05.801 [main] INFO  com.cloudframe.app.process.Casecb01.displayModels  788 - Accessories ----------------------------------
11:05:05.801 [main] INFO  com.cloudframe.app.process.Casecb01.displayAccessories  837 - Accessory.......: Green Helmet                  
11:05:05.802 [main] INFO  com.cloudframe.app.process.Casecb01.displayModels  764 -  
11:05:05.802 [main] INFO  com.cloudframe.app.process.Casecb01.displayModels  766 - Model...........: ZX6R                
11:05:05.802 [main] INFO  com.cloudframe.app.process.Casecb01.displayModels  768 - Engine Size.....: 600
11:05:05.802 [main] INFO  com.cloudframe.app.process.Casecb01.displayModels  770 - Level 2 Num.....:    32
11:05:05.803 [main] INFO  com.cloudframe.app.process.Casecb01.displayModels  775 - Color Counter...:     2
11:05:05.803 [main] INFO  com.cloudframe.app.process.Casecb01.displayModels  777 -  
11:05:05.804 [main] INFO  com.cloudframe.app.process.Casecb01.displayModels  779 - Colors ---------------------------------------
11:05:05.804 [main] INFO  com.cloudframe.app.process.Casecb01.displayColors  815 - Color...........: Green     
11:05:05.804 [main] INFO  com.cloudframe.app.process.Casecb01.displayColors  815 - Color...........: Black     
11:05:05.804 [main] INFO  com.cloudframe.app.process.Casecb01.displayModels  786 -  
11:05:05.804 [main] INFO  com.cloudframe.app.process.Casecb01.displayModels  788 - Accessories ----------------------------------
11:05:05.805 [main] INFO  com.cloudframe.app.process.Casecb01.displayAccessories  837 - Accessory.......: Green Helmet                  
11:05:05.805 [main] INFO  com.cloudframe.app.process.Casecb01.displayAccessories  837 - Accessory.......: Failed                        
11:05:05.805 [main] INFO  com.cloudframe.app.process.Casecb01.displayDealers  643 - Dealer..........: Hamilton Bikes                
11:05:05.805 [main] INFO  com.cloudframe.app.process.Casecb01.displayDealers  647 - State...........: NJ
11:05:05.806 [main] INFO  com.cloudframe.app.process.Casecb01.displayDealers  649 - Street Address..: 21 Kincaid St.                
11:05:05.814 [main] INFO  com.cloudframe.app.process.Casecb01.mainParagraph  151 - <WSC-XMLPC103-LINKAGE><Input-Request><getInventory><InventoryRequested><RequestDate>2010-03-01</RequestDate><Dealers><DealerName>Mike Piazza</DealerName><Locations><State>NY</State><StreetAddress>5 Center St.</StreetAddress></Locations><Locations><State>PA</State><StreetAddress>106 Cherry Blossom La.</StreetAddress></Locations><Locations><State>NJ</State><StreetAddress>17 Hancock Dr.</StreetAddress></Locations><MakeCounter>3</MakeCounter><Manufacturers><Manufacturer>Moto Guzzi</Manufacturer><Country>Italy</Country><ModelCounter>2</ModelCounter><ModelsIn><ModelName>Coppa Italia</ModelName><EngineSizeCC>1100</EngineSizeCC><ColorCounter>3</ColorCounter><AvailableColors><Color>Red</Color><Color>Green</Color><Color>White</Color><Color> </Color><Color> </Color></AvailableColors><Accessory>Leather Jackets</Accessory><Accessory>Titanium Exhaust</Accessory><Accessory>Auto Oil Filters</Accessory><Accessory>Filter Retainer</Accessory><Accessory> </Accessory><Level-2-Num-In>11.0000</Level-2-Num-In></ModelsIn><ModelsIn><ModelName>Griso</ModelName><EngineSizeCC>1100</EngineSizeCC><ColorCounter>3</ColorCounter><AvailableColors><Color>Black</Color><Color>Yellow</Color><Color>Red</Color><Color>Britsh Gr.</Color><Color> </Color></AvailableColors><Accessory>Leather Seat</Accessory><Accessory>Engine Guards</Accessory><Accessory> </Accessory><Accessory> </Accessory><Accessory> </Accessory><Level-2-Num-In>12.0000</Level-2-Num-In></ModelsIn><ModelsIn><ModelName> </ModelName><EngineSizeCC>0</EngineSizeCC><ColorCounter>0</ColorCounter><AvailableColors><Color> </Color><Color> </Color><Color> </Color><Color> </Color><Color> </Color></AvailableColors><Accessory> </Accessory><Accessory> </Accessory><Accessory> </Accessory><Accessory> </Accessory><Accessory> </Accessory><Level-2-Num-In>0.0000</Level-2-Num-In></ModelsIn><ModelsIn><ModelName> </ModelName><EngineSizeCC>0</EngineSizeCC><ColorCounter>0</ColorCounter><AvailableColors><Color> </Color><Color> </Color><Color> </Color><Color> </Color><Color> </Color></AvailableColors><Accessory> </Accessory><Accessory> </Accessory><Accessory> </Accessory><Accessory> </Accessory><Accessory> </Accessory><Level-2-Num-In>0.0000</Level-2-Num-In></ModelsIn><ModelsIn><ModelName> </ModelName><EngineSizeCC>0</EngineSizeCC><ColorCounter>0</ColorCounter><AvailableColors><Color> </Color><Color> </Color><Color> </Color><Color> </Color><Color> </Color></AvailableColors><Accessory> </Accessory><Accessory> </Accessory><Accessory> </Accessory><Accessory> </Accessory><Accessory> </Accessory><Level-2-Num-In>0.0000</Level-2-Num-In></ModelsIn><Level-1-Num-In>1.0000</Level-1-Num-In></Manufacturers><Manufacturers><Manufacturer>Ducati</Manufacturer><Country>Italy</Country><ModelCounter>2</ModelCounter><ModelsIn><ModelName>1198 RR</ModelName><EngineSizeCC>1200</EngineSizeCC><ColorCounter>3</ColorCounter><AvailableColors><Color>Red</Color><Color>Black</Color><Color>White</Color><Color>Yellow</Color><Color> </Color></AvailableColors><Accessory>Tail Eliminator</Accessory><Accessory>Carbon Fiber Wheels</Accessory><Accessory>Failure</Accessory><Accessory> </Accessory><Accessory> </Accessory><Level-2-Num-In>21.0000</Level-2-Num-In></ModelsIn><ModelsIn><ModelName>Multi Strada</ModelName><EngineSizeCC>1100</EngineSizeCC><ColorCounter>2</ColorCounter><AvailableColors><Color>Red</Color><Color>Black</Color><Color> </Color><Color> </Color><Color> </Color></AvailableColors><Accessory>Fail</Accessory><Accessory> </Accessory><Accessory> </Accessory><Accessory> </Accessory><Accessory> </Accessory><Level-2-Num-In>22.0000</Level-2-Num-In></ModelsIn><ModelsIn><ModelName>HyperMotard</ModelName><EngineSizeCC>1100</EngineSizeCC><ColorCounter>2</ColorCounter><AvailableColors><Color>Red</Color><Color>Black</Color><Color> </Color><Color> </Color><Color> </Color></AvailableColors><Accessory>Grip Guards</Accessory><Accessory> </Accessory><Accessory> </Accessory><Accessory> </Accessory><Accessory> </Accessory><Level-2-Num-In>23.0000</Level-2-Num-In></ModelsIn><ModelsIn><ModelName> </ModelName><EngineSizeCC>0</EngineSizeCC><ColorCounter>0</ColorCounter><AvailableColors><Color> </Color><Color> </Color><Color> </Color><Color> </Color><Color> </Color></AvailableColors><Accessory> </Accessory><Accessory> </Accessory><Accessory> </Accessory><Accessory> </Accessory><Accessory> </Accessory><Level-2-Num-In>0.0000</Level-2-Num-In></ModelsIn><ModelsIn><ModelName> </ModelName><EngineSizeCC>0</EngineSizeCC><ColorCounter>0</ColorCounter><AvailableColors><Color> </Color><Color> </Color><Color> </Color><Color> </Color><Color> </Color></AvailableColors><Accessory> </Accessory><Accessory> </Accessory><Accessory> </Accessory><Accessory> </Accessory><Accessory> </Accessory><Level-2-Num-In>0.0000</Level-2-Num-In></ModelsIn><Level-1-Num-In>2.0000</Level-1-Num-In></Manufacturers><Manufacturers><Manufacturer>Kawasaki</Manufacturer><Country>Japan</Country><ModelCounter>2</ModelCounter><ModelsIn><ModelName>ZX10R</ModelName><EngineSizeCC>998</EngineSizeCC><ColorCounter>2</ColorCounter><AvailableColors><Color>Green</Color><Color>Black</Color><Color> </Color><Color> </Color><Color> </Color></AvailableColors><Accessory>Green Helmet</Accessory><Accessory> </Accessory><Accessory> </Accessory><Accessory> </Accessory><Accessory> </Accessory><Level-2-Num-In>31.0000</Level-2-Num-In></ModelsIn><ModelsIn><ModelName>ZX6R</ModelName><EngineSizeCC>600</EngineSizeCC><ColorCounter>2</ColorCounter><AvailableColors><Color>Green</Color><Color>Black</Color><Color> </Color><Color> </Color><Color> </Color></AvailableColors><Accessory>Green Helmet</Accessory><Accessory>Failed</Accessory><Accessory> </Accessory><Accessory> </Accessory><Accessory> </Accessory><Level-2-Num-In>32.0000</Level-2-Num-In></ModelsIn><ModelsIn><ModelName> </ModelName><EngineSizeCC>0</EngineSizeCC><ColorCounter>0</ColorCounter><AvailableColors><Color> </Color><Color> </Color><Color> </Color><Color> </Color><Color> </Color></AvailableColors><Accessory> </Accessory><Accessory> </Accessory><Accessory> </Accessory><Accessory> </Accessory><Accessory> </Accessory><Level-2-Num-In>0.0000</Level-2-Num-In></ModelsIn><ModelsIn><ModelName> </ModelName><EngineSizeCC>0</EngineSizeCC><ColorCounter>0</ColorCounter><AvailableColors><Color> </Color><Color> </Color><Color> </Color><Color> </Color><Color> </Color></AvailableColors><Accessory> </Accessory><Accessory> </Accessory><Accessory> </Accessory><Accessory> </Accessory><Accessory> </Accessory><Level-2-Num-In>0.0000</Level-2-Num-In></ModelsIn><ModelsIn><ModelName> </ModelName><EngineSizeCC>0</EngineSizeCC><ColorCounter>0</ColorCounter><AvailableColors><Color> </Color><Color> </Color><Color> </Color><Color> </Color><Color> </Color></AvailableColors><Accessory> </Accessory><Accessory> </Accessory><Accessory> </Accessory><Accessory> </Accessory><Accessory> </Accessory><Level-2-Num-In>0.0000</Level-2-Num-In></ModelsIn><Level-1-Num-In>3.0000</Level-1-Num-In></Manufacturers><Manufacturers><Manufacturer> </Manufacturer><Country> </Country><ModelCounter>0</ModelCounter><ModelsIn><ModelName> </ModelName><EngineSizeCC>0</EngineSizeCC><ColorCounter>0</ColorCounter><AvailableColors><Color> </Color><Color> </Color><Color> </Color><Color> </Color><Color> </Color></AvailableColors><Accessory> </Accessory><Accessory> </Accessory><Accessory> </Accessory><Accessory> </Accessory><Accessory> </Accessory><Level-2-Num-In>0.0000</Level-2-Num-In></ModelsIn><ModelsIn><ModelName> </ModelName><EngineSizeCC>0</EngineSizeCC><ColorCounter>0</ColorCounter><AvailableColors><Color> </Color><Color> </Color><Color> </Color><Color> </Color><Color> </Color></AvailableColors><Accessory> </Accessory><Accessory> </Accessory><Accessory> </Accessory><Accessory> </Accessory><Accessory> </Accessory><Level-2-Num-In>0.0000</Level-2-Num-In></ModelsIn><ModelsIn><ModelName> </ModelName><EngineSizeCC>0</EngineSizeCC><ColorCounter>0</ColorCounter><AvailableColors><Color> </Color><Color> </Color><Color> </Color><Color> </Color><Color> </Color></AvailableColors><Accessory> </Accessory><Accessory> </Accessory><Accessory> </Accessory><Accessory> </Accessory><Accessory> </Accessory><Level-2-Num-In>0.0000</Level-2-Num-In></ModelsIn><ModelsIn><ModelName> </ModelName><EngineSizeCC>0</EngineSizeCC><ColorCounter>0</ColorCounter><AvailableColors><Color> </Color><Color> </Color><Color> </Color><Color> </Color><Color> </Color></AvailableColors><Accessory> </Accessory><Accessory> </Accessory><Accessory> </Accessory><Accessory> </Accessory><Accessory> </Accessory><Level-2-Num-In>0.0000</Level-2-Num-In></ModelsIn><ModelsIn><ModelName> </ModelName><EngineSizeCC>0</EngineSizeCC><ColorCounter>0</ColorCounter><AvailableColors><Color> </Color><Color> </Color><Color> </Color><Color> </Color><Color> </Color></AvailableColors><Accessory> </Accessory><Accessory> </Accessory><Accessory> </Accessory><Accessory> </Accessory><Accessory> </Accessory><Level-2-Num-In>0.0000</Level-2-Num-In></ModelsIn><Level-1-Num-In>0.0000</Level-1-Num-In></Manufacturers></Dealers><Dealers><DealerName>Hamilton Bikes</DealerName><Locations><State>NJ</State><StreetAddress>21 Kincaid St.</StreetAddress></Locations><Locations><State> </State><StreetAddress> </StreetAddress></Locations><Locations><State> </State><StreetAddress> </StreetAddress></Locations><MakeCounter>0</MakeCounter><Manufacturers><Manufacturer>Triumph</Manufacturer><Country>England</Country><ModelCounter>3</ModelCounter><ModelsIn><ModelName>Thruxton</ModelName><EngineSizeCC>880</EngineSizeCC><ColorCounter>4</ColorCounter><AvailableColors><Color>Red</Color><Color>Black</Color><Color>Blue</Color><Color>White</Color><Color> </Color></AvailableColors><Accessory>Fly Screen</Accessory><Accessory>Arrow Exhaust</Accessory><Accessory> </Accessory><Accessory> </Accessory><Accessory> </Accessory><Level-2-Num-In>41.0000</Level-2-Num-In></ModelsIn><ModelsIn><ModelName>Bonneville</ModelName><EngineSizeCC>880</EngineSizeCC><ColorCounter>3</ColorCounter><AvailableColors><Color>Blue</Color><Color>Black</Color><Color>White</Color><Color> </Color><Color> </Color></AvailableColors><Accessory>Nolan Helmets</Accessory><Accessory>Denim Jackets</Accessory><Accessory>Tow Chain</Accessory><Accessory> </Accessory><Accessory> </Accessory><Level-2-Num-In>42.0000</Level-2-Num-In></ModelsIn><ModelsIn><ModelName>Speed Triple</ModelName><EngineSizeCC>1200</EngineSizeCC><ColorCounter>3</ColorCounter><AvailableColors><Color>Blue</Color><Color>Black</Color><Color>White</Color><Color> </Color><Color> </Color></AvailableColors><Accessory> </Accessory><Accessory> </Accessory><Accessory> </Accessory><Accessory> </Accessory><Accessory> </Accessory><Level-2-Num-In>43.0000</Level-2-Num-In></ModelsIn><ModelsIn><ModelName> </ModelName><EngineSizeCC>0</EngineSizeCC><ColorCounter>0</ColorCounter><AvailableColors><Color> </Color><Color> </Color><Color> </Color><Color> </Color><Color> </Color></AvailableColors><Accessory> </Accessory><Accessory> </Accessory><Accessory> </Accessory><Accessory> </Accessory><Accessory> </Accessory><Level-2-Num-In>0.0000</Level-2-Num-In></ModelsIn><ModelsIn><ModelName> </ModelName><EngineSizeCC>0</EngineSizeCC><ColorCounter>0</ColorCounter><AvailableColors><Color> </Color><Color> </Color><Color> </Color><Color> </Color><Color> </Color></AvailableColors><Accessory> </Accessory><Accessory> </Accessory><Accessory> </Accessory><Accessory> </Accessory><Accessory> </Accessory><Level-2-Num-In>0.0000</Level-2-Num-In></ModelsIn><Level-1-Num-In>4.0000</Level-1-Num-In></Manufacturers><Manufacturers><Manufacturer>Norton</Manufacturer><Country>England</Country><ModelCounter>1</ModelCounter><ModelsIn><ModelName>Comando</ModelName><EngineSizeCC>900</EngineSizeCC><ColorCounter>2</ColorCounter><AvailableColors><Color>Red</Color><Color>Black</Color><Color> </Color><Color> </Color><Color> </Color></AvailableColors><Accessory>Ti Footpegs</Accessory><Accessory>Staintune Exhaust</Accessory><Accessory>Dual Seat and Pegs</Accessory><Accessory>Replace This</Accessory><Accessory>And This</Accessory><Level-2-Num-In>51.0000</Level-2-Num-In></ModelsIn><ModelsIn><ModelName> </ModelName><EngineSizeCC>0</EngineSizeCC><ColorCounter>0</ColorCounter><AvailableColors><Color> </Color><Color> </Color><Color> </Color><Color> </Color><Color> </Color></AvailableColors><Accessory> </Accessory><Accessory> </Accessory><Accessory> </Accessory><Accessory> </Accessory><Accessory> </Accessory><Level-2-Num-In>0.0000</Level-2-Num-In></ModelsIn><ModelsIn><ModelName> </ModelName><EngineSizeCC>0</EngineSizeCC><ColorCounter>0</ColorCounter><AvailableColors><Color> </Color><Color> </Color><Color> </Color><Color> </Color><Color> </Color></AvailableColors><Accessory> </Accessory><Accessory> </Accessory><Accessory> </Accessory><Accessory> </Accessory><Accessory> </Accessory><Level-2-Num-In>0.0000</Level-2-Num-In></ModelsIn><ModelsIn><ModelName> </ModelName><EngineSizeCC>0</EngineSizeCC><ColorCounter>0</ColorCounter><AvailableColors><Color> </Color><Color> </Color><Color> </Color><Color> </Color><Color> </Color></AvailableColors><Accessory> </Accessory><Accessory> </Accessory><Accessory> </Accessory><Accessory> </Accessory><Accessory> </Accessory><Level-2-Num-In>0.0000</Level-2-Num-In></ModelsIn><ModelsIn><ModelName> </ModelName><EngineSizeCC>0</EngineSizeCC><ColorCounter>0</ColorCounter><AvailableColors><Color> </Color><Color> </Color><Color> </Color><Color> </Color><Color> </Color></AvailableColors><Accessory> </Accessory><Accessory> </Accessory><Accessory> </Accessory><Accessory> </Accessory><Accessory> </Accessory><Level-2-Num-In>0.0000</Level-2-Num-In></ModelsIn><Level-1-Num-In>5.0000</Level-1-Num-In></Manufacturers><Manufacturers><Manufacturer> </Manufacturer><Country> </Country><ModelCounter>0</ModelCounter><ModelsIn><ModelName> </ModelName><EngineSizeCC>0</EngineSizeCC><ColorCounter>0</ColorCounter><AvailableColors><Color> </Color><Color> </Color><Color> </Color><Color> </Color><Color> </Color></AvailableColors><Accessory> </Accessory><Accessory> </Accessory><Accessory> </Accessory><Accessory> </Accessory><Accessory> </Accessory><Level-2-Num-In>0.0000</Level-2-Num-In></ModelsIn><ModelsIn><ModelName> </ModelName><EngineSizeCC>0</EngineSizeCC><ColorCounter>0</ColorCounter><AvailableColors><Color> </Color><Color> </Color><Color> </Color><Color> </Color><Color> </Color></AvailableColors><Accessory> </Accessory><Accessory> </Accessory><Accessory> </Accessory><Accessory> </Accessory><Accessory> </Accessory><Level-2-Num-In>0.0000</Level-2-Num-In></ModelsIn><ModelsIn><ModelName> </ModelName><EngineSizeCC>0</EngineSizeCC><ColorCounter>0</ColorCounter><AvailableColors><Color> </Color><Color> </Color><Color> </Color><Color> </Color><Color> </Color></AvailableColors><Accessory> </Accessory><Accessory> </Accessory><Accessory> </Accessory><Accessory> </Accessory><Accessory> </Accessory><Level-2-Num-In>0.0000</Level-2-Num-In></ModelsIn><ModelsIn><ModelName> </ModelName><EngineSizeCC>0</EngineSizeCC><ColorCounter>0</ColorCounter><AvailableColors><Color> </Color><Color> </Color><Color> </Color><Color> </Color><Color> </Color></AvailableColors><Accessory> </Accessory><Accessory> </Accessory><Accessory> </Accessory><Accessory> </Accessory><Accessory> </Accessory><Level-2-Num-In>0.0000</Level-2-Num-In></ModelsIn><ModelsIn><ModelName> </ModelName><EngineSizeCC>0</EngineSizeCC><ColorCounter>0</ColorCounter><AvailableColors><Color> </Color><Color> </Color><Color> </Color><Color> </Color><Color> </Color></AvailableColors><Accessory> </Accessory><Accessory> </Accessory><Accessory> </Accessory><Accessory> </Accessory><Accessory> </Accessory><Level-2-Num-In>0.0000</Level-2-Num-In></ModelsIn><Level-1-Num-In>0.0000</Level-1-Num-In></Manufacturers><Manufacturers><Manufacturer> </Manufacturer><Country> </Country><ModelCounter>0</ModelCounter><ModelsIn><ModelName> </ModelName><EngineSizeCC>0</EngineSizeCC><ColorCounter>0</ColorCounter><AvailableColors><Color> </Color><Color> </Color><Color> </Color><Color> </Color><Color> </Color></AvailableColors><Accessory> </Accessory><Accessory> </Accessory><Accessory> </Accessory><Accessory> </Accessory><Accessory> </Accessory><Level-2-Num-In>0.0000</Level-2-Num-In></ModelsIn><ModelsIn><ModelName> </ModelName><EngineSizeCC>0</EngineSizeCC><ColorCounter>0</ColorCounter><AvailableColors><Color> </Color><Color> </Color><Color> </Color><Color> </Color><Color> </Color></AvailableColors><Accessory> </Accessory><Accessory> </Accessory><Accessory> </Accessory><Accessory> </Accessory><Accessory> </Accessory><Level-2-Num-In>0.0000</Level-2-Num-In></ModelsIn><ModelsIn><ModelName> </ModelName><EngineSizeCC>0</EngineSizeCC><ColorCounter>0</ColorCounter><AvailableColors><Color> </Color><Color> </Color><Color> </Color><Color> </Color><Color> </Color></AvailableColors><Accessory> </Accessory><Accessory> </Accessory><Accessory> </Accessory><Accessory> </Accessory><Accessory> </Accessory><Level-2-Num-In>0.0000</Level-2-Num-In></ModelsIn><ModelsIn><ModelName> </ModelName><EngineSizeCC>0</EngineSizeCC><ColorCounter>0</ColorCounter><AvailableColors><Color> </Color><Color> </Color><Color> </Color><Color> </Color><Color> </Color></AvailableColors><Accessory> </Accessory><Accessory> </Accessory><Accessory> </Accessory><Accessory> </Accessory><Accessory> </Accessory><Level-2-Num-In>0.0000</Level-2-Num-In></ModelsIn><ModelsIn><ModelName> </ModelName><EngineSizeCC>0</EngineSizeCC><ColorCounter>0</ColorCounter><AvailableColors><Color> </Color><Color> </Color><Color> </Color><Color> </Color><Color> </Color></AvailableColors><Accessory> </Accessory><Accessory> </Accessory><Accessory> </Accessory><Accessory> </Accessory><Accessory> </Accessory><Level-2-Num-In>0.0000</Level-2-Num-In></ModelsIn><Level-1-Num-In>0.0000</Level-1-Num-In></Manufacturers></Dealers><Dealers><DealerName> </DealerName><Locations><State> </State><StreetAddress> </StreetAddress></Locations><Locations><State> </State><StreetAddress> </StreetAddress></Locations><Locations><State> </State><StreetAddress> </StreetAddress></Locations><MakeCounter>0</MakeCounter><Manufacturers><Manufacturer> </Manufacturer><Country> </Country><ModelCounter>0</ModelCounter><ModelsIn><ModelName> </ModelName><EngineSizeCC>0</EngineSizeCC><ColorCounter>0</ColorCounter><AvailableColors><Color> </Color><Color> </Color><Color> </Color><Color> </Color><Color> </Color></AvailableColors><Accessory> </Accessory><Accessory> </Accessory><Accessory> </Accessory><Accessory> </Accessory><Accessory> </Accessory><Level-2-Num-In>0.0000</Level-2-Num-In></ModelsIn><ModelsIn><ModelName> </ModelName><EngineSizeCC>0</EngineSizeCC><ColorCounter>0</ColorCounter><AvailableColors><Color> </Color><Color> </Color><Color> </Color><Color> </Color><Color> </Color></AvailableColors><Accessory> </Accessory><Accessory> </Accessory><Accessory> </Accessory><Accessory> </Accessory><Accessory> </Accessory><Level-2-Num-In>0.0000</Level-2-Num-In></ModelsIn><ModelsIn><ModelName> </ModelName><EngineSizeCC>0</EngineSizeCC><ColorCounter>0</ColorCounter><AvailableColors><Color> </Color><Color> </Color><Color> </Color><Color> </Color><Color> </Color></AvailableColors><Accessory> </Accessory><Accessory> </Accessory><Accessory> </Accessory><Accessory> </Accessory><Accessory> </Accessory><Level-2-Num-In>0.0000</Level-2-Num-In></ModelsIn><ModelsIn><ModelName> </ModelName><EngineSizeCC>0</EngineSizeCC><ColorCounter>0</ColorCounter><AvailableColors><Color> </Color><Color> </Color><Color> </Color><Color> </Color><Color> </Color></AvailableColors><Accessory> </Accessory><Accessory> </Accessory><Accessory> </Accessory><Accessory> </Accessory><Accessory> </Accessory><Level-2-Num-In>0.0000</Level-2-Num-In></ModelsIn><ModelsIn><ModelName> </ModelName><EngineSizeCC>0</EngineSizeCC><ColorCounter>0</ColorCounter><AvailableColors><Color> </Color><Color> </Color><Color> </Color><Color> </Color><Color> </Color></AvailableColors><Accessory> </Accessory><Accessory> </Accessory><Accessory> </Accessory><Accessory> </Accessory><Accessory> </Accessory><Level-2-Num-In>0.0000</Level-2-Num-In></ModelsIn><Level-1-Num-In>0.0000</Level-1-Num-In></Manufacturers><Manufacturers><Manufacturer> </Manufacturer><Country> </Country><ModelCounter>0</ModelCounter><ModelsIn><ModelName> </ModelName><EngineSizeCC>0</EngineSizeCC><ColorCounter>0</ColorCounter><AvailableColors><Color> </Color><Color> </Color><Color> </Color><Color> </Color><Color> </Color></AvailableColors><Accessory> </Accessory><Accessory> </Accessory><Accessory> </Accessory><Accessory> </Accessory><Accessory> </Accessory><Level-2-Num-In>0.0000</Level-2-Num-In></ModelsIn><ModelsIn><ModelName> </ModelName><EngineSizeCC>0</EngineSizeCC><ColorCounter>0</ColorCounter><AvailableColors><Color> </Color><Color> </Color><Color> </Color><Color> </Color><Color> </Color></AvailableColors><Accessory> </Accessory><Accessory> </Accessory><Accessory> </Accessory><Accessory> </Accessory><Accessory> </Accessory><Level-2-Num-In>0.0000</Level-2-Num-In></ModelsIn><ModelsIn><ModelName> </ModelName><EngineSizeCC>0</EngineSizeCC><ColorCounter>0</ColorCounter><AvailableColors><Color> </Color><Color> </Color><Color> </Color><Color> </Color><Color> </Color></AvailableColors><Accessory> </Accessory><Accessory> </Accessory><Accessory> </Accessory><Accessory> </Accessory><Accessory> </Accessory><Level-2-Num-In>0.0000</Level-2-Num-In></ModelsIn><ModelsIn><ModelName> </ModelName><EngineSizeCC>0</EngineSizeCC><ColorCounter>0</ColorCounter><AvailableColors><Color> </Color><Color> </Color><Color> </Color><Color> </Color><Color> </Color></AvailableColors><Accessory> </Accessory><Accessory> </Accessory><Accessory> </Accessory><Accessory> </Accessory><Accessory> </Accessory><Level-2-Num-In>0.0000</Level-2-Num-In></ModelsIn><ModelsIn><ModelName> </ModelName><EngineSizeCC>0</EngineSizeCC><ColorCounter>0</ColorCounter><AvailableColors><Color> </Color><Color> </Color><Color> </Color><Color> </Color><Color> </Color></AvailableColors><Accessory> </Accessory><Accessory> </Accessory><Accessory> </Accessory><Accessory> </Accessory><Accessory> </Accessory><Level-2-Num-In>0.0000</Level-2-Num-In></ModelsIn><Level-1-Num-In>0.0000</Level-1-Num-In></Manufacturers><Manufacturers><Manufacturer> </Manufacturer><Country> </Country><ModelCounter>0</ModelCounter><ModelsIn><ModelName> </ModelName><EngineSizeCC>0</EngineSizeCC><ColorCounter>0</ColorCounter><AvailableColors><Color> </Color><Color> </Color><Color> </Color><Color> </Color><Color> </Color></AvailableColors><Accessory> </Accessory><Accessory> </Accessory><Accessory> </Accessory><Accessory> </Accessory><Accessory> </Accessory><Level-2-Num-In>0.0000</Level-2-Num-In></ModelsIn><ModelsIn><ModelName> </ModelName><EngineSizeCC>0</EngineSizeCC><ColorCounter>0</ColorCounter><AvailableColors><Color> </Color><Color> </Color><Color> </Color><Color> </Color><Color> </Color></AvailableColors><Accessory> </Accessory><Accessory> </Accessory><Accessory> </Accessory><Accessory> </Accessory><Accessory> </Accessory><Level-2-Num-In>0.0000</Level-2-Num-In></ModelsIn><ModelsIn><ModelName> </ModelName><EngineSizeCC>0</EngineSizeCC><ColorCounter>0</ColorCounter><AvailableColors><Color> </Color><Color> </Color><Color> </Color><Color> </Color><Color> </Color></AvailableColors><Accessory> </Accessory><Accessory> </Accessory><Accessory> </Accessory><Accessory> </Accessory><Accessory> </Accessory><Level-2-Num-In>0.0000</Level-2-Num-In></ModelsIn><ModelsIn><ModelName> </ModelName><EngineSizeCC>0</EngineSizeCC><ColorCounter>0</ColorCounter><AvailableColors><Color> </Color><Color> </Color><Color> </Color><Color> </Color><Color> </Color></AvailableColors><Accessory> </Accessory><Accessory> </Accessory><Accessory> </Accessory><Accessory> </Accessory><Accessory> </Accessory><Level-2-Num-In>0.0000</Level-2-Num-In></ModelsIn><ModelsIn><ModelName> </ModelName><EngineSizeCC>0</EngineSizeCC><ColorCounter>0</ColorCounter><AvailableColors><Color> </Color><Color> </Color><Color> </Color><Color> </Color><Color> </Color></AvailableColors><Accessory> </Accessory><Accessory> </Accessory><Accessory> </Accessory><Accessory> </Accessory><Accessory> </Accessory><Level-2-Num-In>0.0000</Level-2-Num-In></ModelsIn><Level-1-Num-In>0.0000</Level-1-Num-In></Manufacturers><Manufacturers><Manufacturer> </Manufacturer><Country> </Country><ModelCounter>0</ModelCounter><ModelsIn><ModelName> </ModelName><EngineSizeCC>0</EngineSizeCC><ColorCounter>0</ColorCounter><AvailableColors><Color> </Color><Color> </Color><Color> </Color><Color> </Color><Color> </Color></AvailableColors><Accessory> </Accessory><Accessory> </Accessory><Accessory> </Accessory><Accessory> </Accessory><Accessory> </Accessory><Level-2-Num-In>0.0000</Level-2-Num-In></ModelsIn><ModelsIn><ModelName> </ModelName><EngineSizeCC>0</EngineSizeCC><ColorCounter>0</ColorCounter><AvailableColors><Color> </Color><Color> </Color><Color> </Color><Color> </Color><Color> </Color></AvailableColors><Accessory> </Accessory><Accessory> </Accessory><Accessory> </Accessory><Accessory> </Accessory><Accessory> </Accessory><Level-2-Num-In>0.0000</Level-2-Num-In></ModelsIn><ModelsIn><ModelName> </ModelName><EngineSizeCC>0</EngineSizeCC><ColorCounter>0</ColorCounter><AvailableColors><Color> </Color><Color> </Color><Color> </Color><Color> </Color><Color> </Color></AvailableColors><Accessory> </Accessory><Accessory> </Accessory><Accessory> </Accessory><Accessory> </Accessory><Accessory> </Accessory><Level-2-Num-In>0.0000</Level-2-Num-In></ModelsIn><ModelsIn><ModelName> </ModelName><EngineSizeCC>0</EngineSizeCC><ColorCounter>0</ColorCounter><AvailableColors><Color> </Color><Color> </Color><Color> </Color><Color> </Color><Color> </Color></AvailableColors><Accessory> </Accessory><Accessory> </Accessory><Accessory> </Accessory><Accessory> </Accessory><Accessory> </Accessory><Level-2-Num-In>0.0000</Level-2-Num-In></ModelsIn><ModelsIn><ModelName> </ModelName><EngineSizeCC>0</EngineSizeCC><ColorCounter>0</ColorCounter><AvailableColors><Color> </Color><Color> </Color><Color> </Color><Color> </Color><Color> </Color></AvailableColors><Accessory> </Accessory><Accessory> </Accessory><Accessory> </Accessory><Accessory> </Accessory><Accessory> </Accessory><Level-2-Num-In>0.0000</Level-2-Num-In></ModelsIn><Level-1-Num-In>0.0000</Level-1-Num-In></Manufacturers></Dealers><RequestTime>12:00:01</RequestTime></InventoryRequested></getInventory></Input-Request></WSC-XMLPC103-LINKAGE>                                                                                                                                                                                                                                                                                                                                                                                                                                                                                                                                                                                                                                                                                                                                                                                                                                                                                                                                                                                                                                                                                                                                                                                                                                                                                                                                                                                                                                                                                                                                                                                                                                                                                                                                                                                                                                                                                                                                                                                                                                                                                                                                                                                                                                                                                                                                                                                                                                                                                                                                                                                                                                                                                                                                                                                                                                                                                                                                                                                                                                                                                                                                                                                                                                                                                                                                                                                                                                                                                                                                                                                                                                                                                                                                                                                                                                                                                       
