16:36:55.155 [main] INFO  o.s.boot.StartupInfoLogger.logStarting   50 - Starting CFApplication v0.0.1-SNAPSHOT using Java 17.0.14 with PID 2491540 (/home/jenkins/workspace/CFTestAutomation_Release/Testing/results/jcl/SORT038/SORT038/target/SORT038-0.0.1-SNAPSHOT.jar started by root in /home/jenkins/workspace/CFTestAutomation_Release/Testing/results/jcl/SORT038/SORT038)
16:36:55.165 [main] INFO  o.s.boot.SpringApplication.logStartupProfileInfo  654 - No active profile set, falling back to 1 default profile: "default"
16:36:57.522 [main] INFO  o.s.boot.StartupInfoLogger.logStarted   56 - Started CFApplication in 3.553 seconds (process running for 4.571)
16:36:57.536 [main] INFO  c.c.app.utility.CFConfiguration.cfDataConnectIOInfo  107 - CFDataConnectIO version : 5.0.0.21
16:36:57.578 [main] INFO  c.c.a.u.d.plus.CFDcioConfiguration.cfDataConnectIOPlusInfo   28 - CFDataConnectIOPlus version : 5.0.0.21
16:36:57.598 [main] INFO  o.s.j.d.e.EmbeddedDatabaseFactory.initDatabase  189 - Starting embedded database: url='jdbc:h2:mem:testdb;DB_CLOSE_DELAY=-1;DB_CLOSE_ON_EXIT=false', username='sa'
16:36:58.676 [main] INFO  o.s.b.a.b.JobLauncherApplicationRunner.run  168 - Running default command line with: []
16:36:58.735 [main] INFO  o.s.b.c.l.s.SimpleJobLauncher$1.run  154 - Job: [FlowJob: [name=SORT038]] launched with the following parameters: [{}]
16:36:58.782 [main] INFO  o.s.batch.core.job.SimpleStepHandler.handleStep  150 - Executing step: [step010Decider]
16:36:58.818 [main] INFO  o.s.batch.core.step.AbstractStep.execute  295 - Step: [step010Decider] executed in 34ms
16:36:58.833 [main] INFO  o.s.batch.core.job.SimpleStepHandler.handleStep  150 - Executing step: [readSort038Step010SortInput]
16:36:58.886 [main] INFO  o.s.batch.core.step.AbstractStep.execute  295 - Step: [readSort038Step010SortInput] executed in 52ms
16:36:58.903 [main] INFO  o.s.batch.core.job.SimpleStepHandler.handleStep  150 - Executing step: [sortSort038Step010Process]
16:36:58.933 [main] INFO  o.s.batch.core.step.AbstractStep.execute  295 - Step: [sortSort038Step010Process] executed in 28ms
16:36:58.951 [main] INFO  o.s.batch.core.job.SimpleStepHandler.handleStep  150 - Executing step: [writeSort038Step010SortOutput]
16:36:58.985 [main] INFO  c.c.a.t.Sort038Step010OutputWriter.afterStep   91 - STEPNAME: SORT038STEP010 Execution completed, number of RECORDS - IN: 5,  OUT: 5
16:36:58.994 [main] INFO  o.s.batch.core.step.AbstractStep.execute  295 - Step: [writeSort038Step010SortOutput] executed in 41ms
16:36:59.010 [main] INFO  o.s.batch.core.job.SimpleStepHandler.handleStep  150 - Executing step: [step020Decider]
16:36:59.035 [main] INFO  o.s.batch.core.step.AbstractStep.execute  295 - Step: [step020Decider] executed in 24ms
16:36:59.050 [main] INFO  o.s.batch.core.job.SimpleStepHandler.handleStep  150 - Executing step: [readSort038Step020SortInput]
16:36:59.088 [main] INFO  o.s.batch.core.step.AbstractStep.execute  295 - Step: [readSort038Step020SortInput] executed in 36ms
16:36:59.104 [main] INFO  o.s.batch.core.job.SimpleStepHandler.handleStep  150 - Executing step: [sortSort038Step020Process]
16:36:59.132 [main] INFO  o.s.batch.core.step.AbstractStep.execute  295 - Step: [sortSort038Step020Process] executed in 26ms
16:36:59.148 [main] INFO  o.s.batch.core.job.SimpleStepHandler.handleStep  150 - Executing step: [writeSort038Step020SortOutput]
16:36:59.172 [main] INFO  c.c.a.t.Sort038Step020OutputWriter.afterStep   91 - STEPNAME: SORT038STEP020 Execution completed, number of RECORDS - IN: 5,  OUT: 5
16:36:59.175 [main] INFO  o.s.batch.core.step.AbstractStep.execute  295 - Step: [writeSort038Step020SortOutput] executed in 26ms
16:36:59.187 [main] INFO  o.s.batch.core.job.SimpleStepHandler.handleStep  150 - Executing step: [printSummary]
16:36:59.200 [main] INFO  com.cloudframe.app.CFStepHandler.printExecutionSummary  263 - JOB : SORT038 ENDED -  0000
16:36:59.201 [main] INFO  com.cloudframe.app.CFStepHandler.printExecutionSummary  267 - 

Stepwise Execution Summary :
+------------------------------------------------------------+
| STEPNAME     | PROGRAM   | RC          | ELAPSED           |
|              |           |             | HH:MM:SS:ss       |
+------------------------------------------------------------+
| STEP010      | SORT      | 00          | 00:00:00:198      |
+------------------------------------------------------------+
| STEP020      | SORT      | 00          | 00:00:00:158      |
+------------------------------------------------------------+
  
16:36:59.206 [main] INFO  o.s.batch.core.step.AbstractStep.execute  295 - Step: [printSummary] executed in 17ms
16:36:59.219 [main] INFO  o.s.b.c.l.s.SimpleJobLauncher$1.run  161 - Job: [FlowJob: [name=SORT038]] completed with the following parameters: [{}] and the following status: [COMPLETED] in 460ms
16:36:59.228 [main] INFO  o.s.j.d.e.EmbeddedDatabaseFactory.shutdownDatabase  220 - Shutting down embedded database: url='jdbc:h2:mem:testdb;DB_CLOSE_DELAY=-1;DB_CLOSE_ON_EXIT=false'
