05:30:03.460 [main] INFO  o.s.boot.StartupInfoLogger.logStarting   50 - Starting CFApplication v0.0.1-SNAPSHOT using Java 17.0.14 with PID 3909281 (/home/jenkins/workspace/CFTestAutomation_Release/Testing/results/jcl/SORTZDCOMP/SORTZDCOMP/target/SORTZDCOMP-0.0.1-SNAPSHOT.jar started by root in /home/jenkins/workspace/CFTestAutomation_Release/Testing/results/jcl/SORTZDCOMP/SORTZDCOMP)
05:30:03.470 [main] INFO  o.s.boot.SpringApplication.logStartupProfileInfo  654 - No active profile set, falling back to 1 default profile: "default"
05:30:06.066 [main] INFO  o.s.boot.StartupInfoLogger.logStarted   56 - Started CFApplication in 3.976 seconds (process running for 4.95)
05:30:06.100 [main] INFO  c.c.app.utility.CFConfiguration.cfDataConnectIOInfo  107 - CFDataConnectIO version : 5.0.0.21
05:30:06.166 [main] INFO  c.c.a.u.d.plus.CFDcioConfiguration.cfDataConnectIOPlusInfo   28 - CFDataConnectIOPlus version : 5.0.0.21
05:30:06.196 [main] INFO  o.s.j.d.e.EmbeddedDatabaseFactory.initDatabase  189 - Starting embedded database: url='jdbc:h2:mem:testdb;DB_CLOSE_DELAY=-1;DB_CLOSE_ON_EXIT=false', username='sa'
05:30:06.919 [main] INFO  o.s.b.a.b.JobLauncherApplicationRunner.run  168 - Running default command line with: []
05:30:06.993 [main] INFO  o.s.b.c.l.s.SimpleJobLauncher$1.run  154 - Job: [FlowJob: [name=SORTZDCOMP]] launched with the following parameters: [{}]
05:30:07.060 [main] INFO  o.s.batch.core.job.SimpleStepHandler.handleStep  150 - Executing step: [prip7001_step030Decider]
05:30:07.135 [main] INFO  o.s.batch.core.step.AbstractStep.execute  295 - Step: [prip7001_step030Decider] executed in 71ms
05:30:07.161 [main] INFO  o.s.batch.core.job.SimpleStepHandler.handleStep  150 - Executing step: [SortzdcompPrip7001_step030Sort]
05:30:08.035 [main] INFO  c.c.a.t.SortzdcompPrip7001_step030Sort.afterStep  128 - STEPNAME: SORTZDCOMPPRIP7001_STEP030 Execution completed, number of RECORDS - IN: 36295,  OUT: 999
05:30:08.058 [main] INFO  o.s.batch.core.step.AbstractStep.execute  295 - Step: [SortzdcompPrip7001_step030Sort] executed in 895ms
05:30:08.080 [main] INFO  o.s.batch.core.job.SimpleStepHandler.handleStep  150 - Executing step: [printSummary]
05:30:08.099 [main] INFO  com.cloudframe.app.CFStepHandler.printExecutionSummary  255 - JOB : SORTZDCOMP ENDED -  0000
05:30:08.100 [main] INFO  com.cloudframe.app.CFStepHandler.printExecutionSummary  259 - 

Stepwise Execution Summary :
+---------------------------------------------------------------------+
| STEPNAME              | PROGRAM   | RC          | ELAPSED           |
|                       |           |             | HH:MM:SS:ss       |
+---------------------------------------------------------------------+
| PRIP7001_STEP030      | SORT      | 00          | 00:00:00:968      |
+---------------------------------------------------------------------+
  
05:30:08.109 [main] INFO  o.s.batch.core.step.AbstractStep.execute  295 - Step: [printSummary] executed in 27ms
05:30:08.131 [main] INFO  o.s.b.c.l.s.SimpleJobLauncher$1.run  161 - Job: [FlowJob: [name=SORTZDCOMP]] completed with the following parameters: [{}] and the following status: [COMPLETED] in 1s105ms
05:30:08.144 [main] INFO  o.s.j.d.e.EmbeddedDatabaseFactory.shutdownDatabase  220 - Shutting down embedded database: url='jdbc:h2:mem:testdb;DB_CLOSE_DELAY=-1;DB_CLOSE_ON_EXIT=false'
