16:42:13.172 [main] INFO  o.s.boot.StartupInfoLogger.logStarting   50 - Starting CFApplication v0.0.1-SNAPSHOT using Java 17.0.14 with PID 2515431 (/home/jenkins/workspace/CFTestAutomation_Release/Testing/results/jcl/LISTCAT2/LISTCAT2/target/LISTCAT2-0.0.1-SNAPSHOT.jar started by root in /home/jenkins/workspace/CFTestAutomation_Release/Testing/results/jcl/LISTCAT2/LISTCAT2)
16:42:13.181 [main] INFO  o.s.boot.SpringApplication.logStartupProfileInfo  654 - No active profile set, falling back to 1 default profile: "default"
16:42:15.695 [main] INFO  o.s.boot.StartupInfoLogger.logStarted   56 - Started CFApplication in 3.861 seconds (process running for 5.2)
16:42:15.720 [main] INFO  c.c.app.utility.CFConfiguration.cfDataConnectIOInfo  107 - CFDataConnectIO version : 5.0.0.21
16:42:15.787 [main] INFO  c.c.a.u.d.plus.CFDcioConfiguration.cfDataConnectIOPlusInfo   28 - CFDataConnectIOPlus version : 5.0.0.21
16:42:15.821 [main] INFO  o.s.j.d.e.EmbeddedDatabaseFactory.initDatabase  189 - Starting embedded database: url='jdbc:h2:mem:testdb;DB_CLOSE_DELAY=-1;DB_CLOSE_ON_EXIT=false', username='sa'
16:42:17.090 [main] INFO  o.s.b.a.b.JobLauncherApplicationRunner.run  168 - Running default command line with: []
16:42:17.174 [main] INFO  o.s.b.c.l.s.SimpleJobLauncher$1.run  154 - Job: [SimpleJob: [name=LISTCAT2]] launched with the following parameters: [{}]
16:42:17.256 [main] INFO  o.s.batch.core.job.SimpleStepHandler.handleStep  150 - Executing step: [stepname]
16:42:17.311 [main] INFO  o.s.batch.core.step.AbstractStep.execute  295 - Step: [stepname] executed in 53ms
16:42:17.339 [main] INFO  o.s.batch.core.job.SimpleStepHandler.handleStep  150 - Executing step: [printSummary]
16:42:17.370 [main] INFO  com.cloudframe.app.CFStepHandler.printExecutionSummary  247 - JOB : LISTCAT2 ENDED -  0004
16:42:17.371 [main] INFO  com.cloudframe.app.CFStepHandler.printExecutionSummary  251 - 

Stepwise Execution Summary :
+---------------------------------------------------------------+
| STEPNAME      | PROGRAM     | RC          | ELAPSED           |
|               |             |             | HH:MM:SS:ss       |
+---------------------------------------------------------------+
| STEPNAME      | IDCAMS      | 04          | 00:00:00:053      |
+---------------------------------------------------------------+
  
16:42:17.384 [main] INFO  o.s.batch.core.step.AbstractStep.execute  295 - Step: [printSummary] executed in 44ms
16:42:17.421 [main] INFO  o.s.b.c.l.s.SimpleJobLauncher$1.run  161 - Job: [SimpleJob: [name=LISTCAT2]] completed with the following parameters: [{}] and the following status: [COMPLETED] in 195ms
16:42:17.436 [main] INFO  o.s.j.d.e.EmbeddedDatabaseFactory.shutdownDatabase  220 - Shutting down embedded database: url='jdbc:h2:mem:testdb;DB_CLOSE_DELAY=-1;DB_CLOSE_ON_EXIT=false'
