23:28:21.034 [main] INFO  o.s.boot.StartupInfoLogger.logStarting   50 - Starting CFApplication v0.0.1-SNAPSHOT using Java 17.0.14 with PID 1869363 (/home/jenkins/workspace/CFTestAutomation_Release/Testing/results/sgr/EVALPGM/EVALPGM/target/EVALPGM-0.0.1-SNAPSHOT.jar started by root in /home/jenkins/workspace/CFTestAutomation_Release/Testing/results/sgr/EVALPGM/EVALPGM)
23:28:21.038 [main] INFO  o.s.boot.SpringApplication.logStartupProfileInfo  654 - No active profile set, falling back to 1 default profile: "default"
23:28:23.292 [main] INFO  o.s.boot.StartupInfoLogger.logStarted   56 - Started CFApplication in 3.201 seconds (process running for 3.924)
23:28:23.317 [main] INFO  c.c.app.utility.CFConfiguration.cfDataConnectIOInfo  107 - CFDataConnectIO version : 5.0.0.21
23:28:23.432 [main] INFO  com.cloudframe.app.process.Evalpgm.testOut  143 - TESTING INP-COUNTD=0 OUT-COUNTD=0
23:28:23.433 [main] INFO  com.cloudframe.app.process.Evalpgm.testOut  148 - 0 ALSO 0
23:28:23.433 [main] INFO  com.cloudframe.app.process.Evalpgm.testOut  143 - TESTING INP-COUNTD=0 OUT-COUNTD=1
23:28:23.433 [main] INFO  com.cloudframe.app.process.Evalpgm.testOut  152 - 0 ALSO ANY
23:28:23.433 [main] INFO  com.cloudframe.app.process.Evalpgm.displayPara  221 - IN DISPLAY PARA...
23:28:23.434 [main] INFO  com.cloudframe.app.process.Evalpgm.testOut  143 - TESTING INP-COUNTD=0 OUT-COUNTD=2
23:28:23.434 [main] INFO  com.cloudframe.app.process.Evalpgm.testOut  152 - 0 ALSO ANY
23:28:23.434 [main] INFO  com.cloudframe.app.process.Evalpgm.displayPara  221 - IN DISPLAY PARA...
23:28:23.434 [main] INFO  com.cloudframe.app.process.Evalpgm.testOut  143 - TESTING INP-COUNTD=0 OUT-COUNTD=3
23:28:23.434 [main] INFO  com.cloudframe.app.process.Evalpgm.testOut  152 - 0 ALSO ANY
23:28:23.434 [main] INFO  com.cloudframe.app.process.Evalpgm.displayPara  221 - IN DISPLAY PARA...
23:28:23.435 [main] INFO  com.cloudframe.app.process.Evalpgm.testOut  143 - TESTING INP-COUNTD=1 OUT-COUNTD=0
23:28:23.435 [main] INFO  com.cloudframe.app.process.Evalpgm.testOut  156 - ANY ALSO 0
23:28:23.435 [main] INFO  com.cloudframe.app.process.Evalpgm.testOut  202 - IN THIRD ELSE PART
23:28:23.435 [main] INFO  com.cloudframe.app.process.Evalpgm.testOut  143 - TESTING INP-COUNTD=1 OUT-COUNTD=1
23:28:23.435 [main] INFO  com.cloudframe.app.process.Evalpgm.testOut  160 - ANY ALSO ANY
23:28:23.435 [main] INFO  com.cloudframe.app.process.Evalpgm.testOut  143 - TESTING INP-COUNTD=1 OUT-COUNTD=2
23:28:23.435 [main] INFO  com.cloudframe.app.process.Evalpgm.testOut  160 - ANY ALSO ANY
23:28:23.436 [main] INFO  com.cloudframe.app.process.Evalpgm.displayPara  221 - IN DISPLAY PARA...
23:28:23.436 [main] INFO  com.cloudframe.app.process.Evalpgm.testOut  143 - TESTING INP-COUNTD=1 OUT-COUNTD=3
23:28:23.436 [main] INFO  com.cloudframe.app.process.Evalpgm.testOut  160 - ANY ALSO ANY
23:28:23.436 [main] INFO  com.cloudframe.app.process.Evalpgm.displayPara  221 - IN DISPLAY PARA...
23:28:23.436 [main] INFO  com.cloudframe.app.process.Evalpgm.testOut  143 - TESTING INP-COUNTD=2 OUT-COUNTD=0
23:28:23.437 [main] INFO  com.cloudframe.app.process.Evalpgm.testOut  156 - ANY ALSO 0
23:28:23.438 [main] INFO  com.cloudframe.app.process.Evalpgm.testOut  202 - IN THIRD ELSE PART
23:28:23.438 [main] INFO  com.cloudframe.app.process.Evalpgm.testOut  143 - TESTING INP-COUNTD=2 OUT-COUNTD=1
23:28:23.438 [main] INFO  com.cloudframe.app.process.Evalpgm.testOut  160 - ANY ALSO ANY
23:28:23.438 [main] INFO  com.cloudframe.app.process.Evalpgm.testOut  202 - IN THIRD ELSE PART
23:28:23.438 [main] INFO  com.cloudframe.app.process.Evalpgm.testOut  143 - TESTING INP-COUNTD=2 OUT-COUNTD=2
23:28:23.438 [main] INFO  com.cloudframe.app.process.Evalpgm.testOut  160 - ANY ALSO ANY
23:28:23.438 [main] INFO  com.cloudframe.app.process.Evalpgm.testOut  143 - TESTING INP-COUNTD=2 OUT-COUNTD=3
23:28:23.439 [main] INFO  com.cloudframe.app.process.Evalpgm.testOut  160 - ANY ALSO ANY
23:28:23.439 [main] INFO  com.cloudframe.app.process.Evalpgm.displayPara  221 - IN DISPLAY PARA...
23:28:23.439 [main] INFO  com.cloudframe.app.process.Evalpgm.testOut  143 - TESTING INP-COUNTD=3 OUT-COUNTD=0
23:28:23.439 [main] INFO  com.cloudframe.app.process.Evalpgm.testOut  156 - ANY ALSO 0
23:28:23.439 [main] INFO  com.cloudframe.app.process.Evalpgm.testOut  188 - IN FIRST ELSE PART
23:28:23.439 [main] INFO  com.cloudframe.app.process.Evalpgm.testOut  194 - IN SECOND ELSE PART
23:28:23.440 [main] INFO  com.cloudframe.app.process.Evalpgm.testOut  143 - TESTING INP-COUNTD=3 OUT-COUNTD=1
23:28:23.440 [main] INFO  com.cloudframe.app.process.Evalpgm.testOut  160 - ANY ALSO ANY
23:28:23.440 [main] INFO  com.cloudframe.app.process.Evalpgm.testOut  188 - IN FIRST ELSE PART
23:28:23.440 [main] INFO  com.cloudframe.app.process.Evalpgm.testOut  194 - IN SECOND ELSE PART
23:28:23.440 [main] INFO  com.cloudframe.app.process.Evalpgm.testOut  143 - TESTING INP-COUNTD=3 OUT-COUNTD=2
23:28:23.440 [main] INFO  com.cloudframe.app.process.Evalpgm.testOut  160 - ANY ALSO ANY
23:28:23.440 [main] INFO  com.cloudframe.app.process.Evalpgm.testOut  188 - IN FIRST ELSE PART
23:28:23.441 [main] INFO  com.cloudframe.app.process.Evalpgm.testOut  143 - TESTING INP-COUNTD=3 OUT-COUNTD=3
23:28:23.441 [main] INFO  com.cloudframe.app.process.Evalpgm.testOut  160 - ANY ALSO ANY
