16:41:53.644 [main] INFO  o.s.boot.StartupInfoLogger.logStarting   50 - Starting CFApplication v0.0.1-SNAPSHOT using Java 17.0.14 with PID 2513947 (/home/jenkins/workspace/CFTestAutomation_Release/Testing/results/jcl/DSNTIAUL/DSNTIAUL/target/DSNTIAUL-0.0.1-SNAPSHOT.jar started by root in /home/jenkins/workspace/CFTestAutomation_Release/Testing/results/jcl/DSNTIAUL/DSNTIAUL)
16:41:53.655 [main] INFO  o.s.boot.SpringApplication.logStartupProfileInfo  654 - No active profile set, falling back to 1 default profile: "default"
16:41:55.942 [main] INFO  c.c.a.dao.CFDataSourceConfiguration.dataSourceStatus  165 - CFDataSourceConfiguration initialization status...
16:41:55.943 [main] INFO  c.c.a.dao.CFDataSourceConfiguration.dataSourceStatus  172 - Databse Datasource initialized.
16:41:56.081 [main] INFO  o.s.boot.StartupInfoLogger.logStarted   56 - Started CFApplication in 3.795 seconds (process running for 4.835)
16:41:56.092 [main] INFO  c.c.app.utility.CFConfiguration.cfDataConnectIOInfo  107 - CFDataConnectIO version : 5.0.0.21
16:41:56.135 [main] INFO  c.c.a.u.d.plus.CFDcioConfiguration.cfDataConnectIOPlusInfo   28 - CFDataConnectIOPlus version : 5.0.0.21
16:41:56.166 [main] INFO  o.s.j.d.e.EmbeddedDatabaseFactory.initDatabase  189 - Starting embedded database: url='jdbc:h2:mem:testdb;DB_CLOSE_DELAY=-1;DB_CLOSE_ON_EXIT=false', username='sa'
16:41:57.022 [main] INFO  com.zaxxer.hikari.HikariDataSource.getConnection  109 - HikariPool-1 - Starting...
16:41:57.486 [main] INFO  com.zaxxer.hikari.pool.HikariPool.checkFailFast  554 - HikariPool-1 - Added connection com.ibm.db2.jcc.t4.b@11381415
16:41:57.492 [main] INFO  com.zaxxer.hikari.HikariDataSource.getConnection  122 - HikariPool-1 - Start completed.
16:41:57.911 [main] INFO  o.s.b.a.b.JobLauncherApplicationRunner.run  168 - Running default command line with: []
16:41:57.982 [main] INFO  o.s.b.c.l.s.SimpleJobLauncher$1.run  154 - Job: [SimpleJob: [name=DSNTIAUL]] launched with the following parameters: [{}]
16:41:58.046 [main] INFO  o.s.batch.core.job.SimpleStepHandler.handleStep  150 - Executing step: [dd1]
16:41:58.087 [main] INFO  o.s.batch.core.step.AbstractStep.execute  295 - Step: [dd1] executed in 38ms
16:41:58.110 [main] INFO  o.s.batch.core.job.SimpleStepHandler.handleStep  150 - Executing step: [unld0]
16:41:58.681 [main] INFO  o.s.batch.core.step.AbstractStep.execute  295 - Step: [unld0] executed in 570ms
16:41:58.704 [main] INFO  o.s.batch.core.job.SimpleStepHandler.handleStep  150 - Executing step: [printSummary]
16:41:58.728 [main] INFO  com.cloudframe.app.CFStepHandler.printExecutionSummary  259 - JOB : DSNTIAUL ENDED -  0000
16:41:58.729 [main] INFO  com.cloudframe.app.CFStepHandler.printExecutionSummary  263 - 

Stepwise Execution Summary :
+--------------------------------------------------------------+
| STEPNAME   | PROGRAM       | RC          | ELAPSED           |
|            |               |             | HH:MM:SS:ss       |
+--------------------------------------------------------------+
| DD1        | IEFBR14       | 00          | 00:00:00:038      |
+--------------------------------------------------------------+
| UNLD0      | DSNTIAUL      | 00          | 00:00:00:570      |
+--------------------------------------------------------------+
  
16:41:58.756 [main] INFO  o.s.batch.core.step.AbstractStep.execute  295 - Step: [printSummary] executed in 50ms
16:41:58.782 [main] INFO  o.s.b.c.l.s.SimpleJobLauncher$1.run  161 - Job: [SimpleJob: [name=DSNTIAUL]] completed with the following parameters: [{}] and the following status: [COMPLETED] in 760ms
16:41:58.795 [main] INFO  com.zaxxer.hikari.HikariDataSource.close  349 - HikariPool-1 - Shutdown initiated...
16:41:58.802 [main] INFO  com.zaxxer.hikari.HikariDataSource.close  351 - HikariPool-1 - Shutdown completed.
16:41:58.804 [main] INFO  o.s.j.d.e.EmbeddedDatabaseFactory.shutdownDatabase  220 - Shutting down embedded database: url='jdbc:h2:mem:testdb;DB_CLOSE_DELAY=-1;DB_CLOSE_ON_EXIT=false'
