16:38:13.988 [main] INFO  o.s.boot.StartupInfoLogger.logStarting   50 - Starting CFApplication v0.0.1-SNAPSHOT using Java 17.0.14 with PID 2496776 (/home/jenkins/workspace/CFTestAutomation_Release/Testing/results/jcl/LFIX531/LFIX531/target/LFIX531-0.0.1-SNAPSHOT.jar started by root in /home/jenkins/workspace/CFTestAutomation_Release/Testing/results/jcl/LFIX531/LFIX531)
16:38:13.995 [main] INFO  o.s.boot.SpringApplication.logStartupProfileInfo  654 - No active profile set, falling back to 1 default profile: "default"
16:38:17.294 [main] INFO  o.s.boot.StartupInfoLogger.logStarted   56 - Started CFApplication in 4.558 seconds (process running for 5.214)
16:38:17.324 [main] INFO  c.c.app.utility.CFConfiguration.cfDataConnectIOInfo  107 - CFDataConnectIO version : 5.0.0.21
16:38:17.435 [main] INFO  c.c.a.u.d.plus.CFDcioConfiguration.cfDataConnectIOPlusInfo   28 - CFDataConnectIOPlus version : 5.0.0.21
16:38:17.488 [main] INFO  o.s.j.d.e.EmbeddedDatabaseFactory.initDatabase  189 - Starting embedded database: url='jdbc:h2:mem:testdb;DB_CLOSE_DELAY=-1;DB_CLOSE_ON_EXIT=false', username='sa'
16:38:18.967 [main] INFO  o.s.b.a.b.JobLauncherApplicationRunner.run  168 - Running default command line with: []
16:38:19.069 [main] INFO  o.s.b.c.l.s.SimpleJobLauncher$1.run  154 - Job: [FlowJob: [name=LFIX531]] launched with the following parameters: [{}]
16:38:19.178 [main] INFO  o.s.batch.core.job.SimpleStepHandler.handleStep  150 - Executing step: [s010_p0309Decider]
16:38:19.335 [main] INFO  o.s.batch.core.step.AbstractStep.execute  295 - Step: [s010_p0309Decider] executed in 154ms
16:38:19.400 [main] INFO  o.s.batch.core.job.SimpleStepHandler.handleStep  150 - Executing step: [readLfix531S010_p0309SortInput]
16:38:20.066 [main] INFO  o.s.batch.core.step.AbstractStep.execute  295 - Step: [readLfix531S010_p0309SortInput] executed in 664ms
16:38:20.117 [main] INFO  o.s.batch.core.job.SimpleStepHandler.handleStep  150 - Executing step: [sortLfix531S010_p0309Process]
16:38:20.181 [main] INFO  o.s.batch.core.step.AbstractStep.execute  295 - Step: [sortLfix531S010_p0309Process] executed in 63ms
16:38:20.213 [main] INFO  o.s.batch.core.job.SimpleStepHandler.handleStep  150 - Executing step: [writeLfix531S010_p0309SortOutput]
16:38:20.585 [main] INFO  c.c.a.t.Lfix531S010_p0309OutputWriter.afterStep  148 - STEPNAME: LFIX531S010_P0309 Execution completed, number of RECORDS - IN: 32115,  OUT: 32115
16:38:20.590 [main] INFO  o.s.batch.core.step.AbstractStep.execute  295 - Step: [writeLfix531S010_p0309SortOutput] executed in 375ms
16:38:20.607 [main] INFO  o.s.batch.core.job.SimpleStepHandler.handleStep  150 - Executing step: [printSummary]
16:38:20.631 [main] INFO  com.cloudframe.app.CFStepHandler.printExecutionSummary  261 - JOB : LFIX531 ENDED -  0000
16:38:20.632 [main] INFO  com.cloudframe.app.CFStepHandler.printExecutionSummary  265 - 

Stepwise Execution Summary :
+---------------------------------------------------------------+
| STEPNAME        | PROGRAM   | RC          | ELAPSED           |
|                 |           |             | HH:MM:SS:ss       |
+---------------------------------------------------------------+
| S010_P0309      | SORT      | 00          | 00:00:01:400      |
+---------------------------------------------------------------+
  
16:38:20.640 [main] INFO  o.s.batch.core.step.AbstractStep.execute  295 - Step: [printSummary] executed in 32ms
16:38:20.661 [main] INFO  o.s.b.c.l.s.SimpleJobLauncher$1.run  161 - Job: [FlowJob: [name=LFIX531]] completed with the following parameters: [{}] and the following status: [COMPLETED] in 1s542ms
16:38:20.672 [main] INFO  o.s.j.d.e.EmbeddedDatabaseFactory.shutdownDatabase  220 - Shutting down embedded database: url='jdbc:h2:mem:testdb;DB_CLOSE_DELAY=-1;DB_CLOSE_ON_EXIT=false'
