10:02:35.304 [main] INFO  o.s.boot.StartupInfoLogger.logStarting   50 - Starting CFApplication v0.0.1-SNAPSHOT using Java 17.0.14 with PID 1580795 (/home/jenkins/workspace/CFTestAutomation_Release/Testing/results/jcl/IDCPRN06/IDCPRN06/target/IDCPRN06-0.0.1-SNAPSHOT.jar started by root in /home/jenkins/workspace/CFTestAutomation_Release/Testing/results/jcl/IDCPRN06/IDCPRN06)
10:02:35.317 [main] INFO  o.s.boot.SpringApplication.logStartupProfileInfo  654 - No active profile set, falling back to 1 default profile: "default"
10:02:37.998 [main] INFO  o.s.boot.StartupInfoLogger.logStarted   56 - Started CFApplication in 4.567 seconds (process running for 5.626)
10:02:38.013 [main] INFO  c.c.app.utility.CFConfiguration.cfDataConnectIOInfo  107 - CFDataConnectIO version : 5.0.0.21
10:02:38.058 [main] INFO  c.c.a.u.d.plus.CFDcioConfiguration.cfDataConnectIOPlusInfo   28 - CFDataConnectIOPlus version : 5.0.0.21
10:02:38.081 [main] INFO  o.s.j.d.e.EmbeddedDatabaseFactory.initDatabase  189 - Starting embedded database: url='jdbc:h2:mem:testdb;DB_CLOSE_DELAY=-1;DB_CLOSE_ON_EXIT=false', username='sa'
10:02:38.797 [main] INFO  o.s.b.a.b.JobLauncherApplicationRunner.run  168 - Running default command line with: []
10:02:38.844 [main] INFO  o.s.b.c.l.s.SimpleJobLauncher$1.run  154 - Job: [SimpleJob: [name=IDCPRN06]] launched with the following parameters: [{}]
10:02:38.885 [main] INFO  o.s.batch.core.job.SimpleStepHandler.handleStep  150 - Executing step: [print01]
10:02:38.921 [main] INFO  o.s.batch.core.step.AbstractStep.execute  295 - Step: [print01] executed in 34ms
10:02:38.931 [main] INFO  o.s.batch.core.job.SimpleStepHandler.handleStep  150 - Executing step: [printSummary]
10:02:38.943 [main] INFO  com.cloudframe.app.CFStepHandler.printExecutionSummary  247 - JOB : IDCPRN06 ENDED -  0000
10:02:38.944 [main] INFO  com.cloudframe.app.CFStepHandler.printExecutionSummary  251 - 

Stepwise Execution Summary :
+--------------------------------------------------------------+
| STEPNAME     | PROGRAM     | RC          | ELAPSED           |
|              |             |             | HH:MM:SS:ss       |
+--------------------------------------------------------------+
| PRINT01      | IDCAMS      | 00          | 00:00:00:034      |
+--------------------------------------------------------------+
  
10:02:38.950 [main] INFO  o.s.batch.core.step.AbstractStep.execute  295 - Step: [printSummary] executed in 17ms
10:02:38.964 [main] INFO  o.s.b.c.l.s.SimpleJobLauncher$1.run  161 - Job: [SimpleJob: [name=IDCPRN06]] completed with the following parameters: [{}] and the following status: [COMPLETED] in 98ms
10:02:38.971 [main] INFO  o.s.j.d.e.EmbeddedDatabaseFactory.shutdownDatabase  220 - Shutting down embedded database: url='jdbc:h2:mem:testdb;DB_CLOSE_DELAY=-1;DB_CLOSE_ON_EXIT=false'
