23:32:13.885 [main] INFO  o.s.boot.StartupInfoLogger.logStarting   50 - Starting CFApplication v0.0.1-SNAPSHOT using Java 17.0.14 with PID 1886221 (/home/jenkins/workspace/CFTestAutomation_Release/Testing/results/comput/sh025/SH025/target/SH025-0.0.1-SNAPSHOT.jar started by root in /home/jenkins/workspace/CFTestAutomation_Release/Testing/results/comput/sh025/SH025)
23:32:13.900 [main] INFO  o.s.boot.SpringApplication.logStartupProfileInfo  654 - No active profile set, falling back to 1 default profile: "default"
23:32:15.893 [main] INFO  o.s.boot.StartupInfoLogger.logStarted   56 - Started CFApplication in 3.811 seconds (process running for 5.024)
23:32:15.908 [main] INFO  c.c.app.utility.CFConfiguration.cfDataConnectIOInfo  107 - CFDataConnectIO version : 5.0.0.21
23:32:16.049 [main] INFO  com.cloudframe.app.process.Sh025.mainSplit0  111 -      19715.8974
23:32:16.050 [main] INFO  com.cloudframe.app.process.Sh025.mainSplit0  117 -      31018.6271
23:32:16.051 [main] INFO  com.cloudframe.app.process.Sh025.mainSplit0  129 -      19799.8641
23:32:16.052 [main] INFO  com.cloudframe.app.process.Sh025.mainSplit0  135 -      31283.5873
23:32:16.053 [main] INFO  com.cloudframe.app.process.Sh025.mainSplit0  145 -     190851
23:32:16.053 [main] INFO  com.cloudframe.app.process.Sh025.mainSplit0  148 -     190851
23:32:16.054 [main] INFO  com.cloudframe.app.process.Sh025.mainSplit0  158 -     190851
23:32:16.055 [main] INFO  com.cloudframe.app.process.Sh025.mainSplit0  161 -     190852
23:32:16.056 [main] INFO  com.cloudframe.app.process.Sh025.mainSplit0  170 -     179393
23:32:16.057 [main] INFO  com.cloudframe.app.process.Sh025.mainSplit0  173 -     179393
23:32:16.059 [main] INFO  com.cloudframe.app.process.Sh025.mainSplit0  182 -     190851.0
23:32:16.060 [main] INFO  com.cloudframe.app.process.Sh025.mainSplit0  185 -     190851.0
23:32:16.061 [main] INFO  com.cloudframe.app.process.Sh025.mainSplit0  195 -     190851.6
23:32:16.062 [main] INFO  com.cloudframe.app.process.Sh025.mainSplit0  198 -     190851.7
23:32:16.063 [main] INFO  com.cloudframe.app.process.Sh025.mainSplit0  207 -     179393.4
23:32:16.064 [main] INFO  com.cloudframe.app.process.Sh025.mainSplit1  225 -     179393.4
