12:08:51.411 [main] INFO  o.s.boot.StartupInfoLogger.logStarting   50 - Starting CFApplication v0.0.1-SNAPSHOT using Java 17.0.14 with PID 1271381 (/home/jenkins/workspace/CFTestAutomation_Release/Testing/results/jcl/USB7QSAM/USB7QSAM/target/USB7QSAM-0.0.1-SNAPSHOT.jar started by root in /home/jenkins/workspace/CFTestAutomation_Release/Testing/results/jcl/USB7QSAM/USB7QSAM)
12:08:51.418 [main] INFO  o.s.boot.SpringApplication.logStartupProfileInfo  654 - No active profile set, falling back to 1 default profile: "default"
12:08:53.854 [main] INFO  o.s.boot.StartupInfoLogger.logStarted   56 - Started CFApplication in 3.326 seconds (process running for 3.978)
12:08:53.881 [main] INFO  c.c.app.utility.CFConfiguration.cfDataConnectIOInfo  107 - CFDataConnectIO version : 5.0.0.21
12:08:53.981 [main] INFO  c.c.a.u.d.plus.CFDcioConfiguration.cfDataConnectIOPlusInfo   28 - CFDataConnectIOPlus version : 5.0.0.21
12:08:54.035 [main] INFO  o.s.j.d.e.EmbeddedDatabaseFactory.initDatabase  189 - Starting embedded database: url='jdbc:h2:mem:testdb;DB_CLOSE_DELAY=-1;DB_CLOSE_ON_EXIT=false', username='sa'
12:08:55.135 [main] INFO  o.s.b.a.b.JobLauncherApplicationRunner.run  168 - Running default command line with: []
12:08:55.217 [main] INFO  o.s.b.c.l.s.SimpleJobLauncher$1.run  154 - Job: [SimpleJob: [name=USB7QSAM]] launched with the following parameters: [{}]
12:08:55.289 [main] INFO  o.s.batch.core.job.SimpleStepHandler.handleStep  150 - Executing step: [step01]
12:08:55.387 [main] INFO  o.s.batch.core.step.AbstractStep.execute  295 - Step: [step01] executed in 96ms
12:08:55.408 [main] INFO  o.s.batch.core.job.SimpleStepHandler.handleStep  150 - Executing step: [printSummary]
12:08:55.442 [main] INFO  com.cloudframe.app.CFStepHandler.printExecutionSummary  254 - JOB : USB7QSAM ENDED -  0000
12:08:55.444 [main] INFO  com.cloudframe.app.CFStepHandler.printExecutionSummary  258 - 

Stepwise Execution Summary :
+-------------------------------------------------------------+
| STEPNAME    | PROGRAM     | RC          | ELAPSED           |
|             |             |             | HH:MM:SS:ss       |
+-------------------------------------------------------------+
| STEP01      | IDCAMS      | 00          | 00:00:00:096      |
+-------------------------------------------------------------+
  
12:08:55.458 [main] INFO  o.s.batch.core.step.AbstractStep.execute  295 - Step: [printSummary] executed in 48ms
12:08:55.492 [main] INFO  o.s.b.c.l.s.SimpleJobLauncher$1.run  161 - Job: [SimpleJob: [name=USB7QSAM]] completed with the following parameters: [{}] and the following status: [COMPLETED] in 237ms
12:08:55.507 [main] INFO  o.s.j.d.e.EmbeddedDatabaseFactory.shutdownDatabase  220 - Shutting down embedded database: url='jdbc:h2:mem:testdb;DB_CLOSE_DELAY=-1;DB_CLOSE_ON_EXIT=false'
