05:40:47.449 [main] INFO  o.s.boot.StartupInfoLogger.logStarting 50 - Starting CFApplication v0.0.1-SNAPSHOT using Java 17.0.14 with PID 3954329 (/home/jenkins/workspace/CFTestAutomation_Release/Testing/results/sgr/EVALUAT0/EVALUAT0/target/EVALUAT0-0.0.1-SNAPSHOT.jar started by root in /home/jenkins/workspace/CFTestAutomation_Release/Testing/results/sgr/EVALUAT0/EVALUAT0)
05:40:47.453 [main] INFO  o.s.boot.SpringApplication.logStartupProfileInfo 654 - No active profile set, falling back to 1 default profile: "default"
05:40:49.015 [main] INFO  o.s.boot.StartupInfoLogger.logStarted 56 - Started CFApplication in 2.266 seconds (process running for 3.151)
05:40:49.028 [main] INFO  c.c.app.utility.CFConfiguration.cfDataConnectIOInfo 107 - CFDataConnectIO version : 5.0.0.21
05:40:49.090 [main] INFO  com.cloudframe.app.process.Evaluat0.checkNums 292 - Condition 1 fired
05:40:49.091 [main] INFO  com.cloudframe.app.process.Evaluat0.checkNums 292 - Condition 1 fired
05:40:49.091 [main] INFO  com.cloudframe.app.process.Evaluat0.checkNums 296 - Condition 2 fired
05:40:49.091 [main] INFO  com.cloudframe.app.process.Evaluat0.checkNums 300 - Condition 3 fired
05:40:49.092 [main] INFO  com.cloudframe.app.process.Evaluat0.checkNums 304 - Condition 4 fired
05:40:49.092 [main] INFO  com.cloudframe.app.process.Evaluat0.checkNums 308 - Condition 5 fired
05:40:49.092 [main] INFO  com.cloudframe.app.process.Evaluat0.mainRoutine 133 - ---AGE 88---OTHER---------------------
05:40:49.093 [main] INFO  com.cloudframe.app.process.Evaluat0.evaluate 344 -  REST OF US 
05:40:49.093 [main] INFO  com.cloudframe.app.process.Evaluat0.evaluate 351 - EVALUATED MALE 
05:40:49.093 [main] INFO  com.cloudframe.app.process.Evaluat0.evaluate 371 - SENIOR CITIZEN    
05:40:49.093 [main] INFO  com.cloudframe.app.process.Evaluat0.evaluate 382 - * REST OF US 
05:40:49.093 [main] INFO  com.cloudframe.app.process.Evaluat0.mainRoutine 140 - ---AGE 50---BABY BOOMER---------------
05:40:49.093 [main] INFO  com.cloudframe.app.process.Evaluat0.evaluate 336 -  BABY BOOMERS 
05:40:49.094 [main] INFO  com.cloudframe.app.process.Evaluat0.evaluate 351 - EVALUATED MALE 
05:40:49.094 [main] INFO  com.cloudframe.app.process.Evaluat0.evaluate 367 - LESS THAN 20 - 60 
05:40:49.094 [main] INFO  com.cloudframe.app.process.Evaluat0.evaluate 378 - * ALL BABY BOOMERS 
05:40:49.094 [main] INFO  com.cloudframe.app.process.Evaluat0.mainRoutine 149 - ---GENDER FEMALE-BABY BOOMER GIRLS ---
05:40:49.094 [main] INFO  com.cloudframe.app.process.Evaluat0.evaluate 340 -  BABY BOOMERS GIRLS 
05:40:49.094 [main] INFO  com.cloudframe.app.process.Evaluat0.evaluate 355 - EVALUATED FEMALE 
05:40:49.095 [main] INFO  com.cloudframe.app.process.Evaluat0.evaluate 367 - LESS THAN 20 - 60 
05:40:49.095 [main] INFO  com.cloudframe.app.process.Evaluat0.evaluate 378 - * ALL BABY BOOMERS 
05:40:49.095 [main] INFO  com.cloudframe.app.process.Evaluat0.mainRoutine 216 - WS-RGSTR-CD = BR
05:40:49.095 [main] INFO  com.cloudframe.app.process.Evaluat0.mainRoutine 257 - EXCHANGE-CD       = CBOE      
05:40:49.095 [main] INFO  com.cloudframe.app.process.Evaluat0.mainRoutine 259 - MSD-EXCHANGE-CODE = E
