08:26:40.256 [main] INFO  o.s.boot.StartupInfoLogger.logStarting   50 - Starting CFApplication v0.0.1-SNAPSHOT using Java 17.0.14 with PID 4152273 (/home/jenkins/workspace/CFTestAutomation_Release/Testing/results/jcl/DELVSAM2/DELVSAM2/target/DELVSAM2-0.0.1-SNAPSHOT.jar started by root in /home/jenkins/workspace/CFTestAutomation_Release/Testing/results/jcl/DELVSAM2/DELVSAM2)
08:26:40.269 [main] INFO  o.s.boot.SpringApplication.logStartupProfileInfo  654 - No active profile set, falling back to 1 default profile: "default"
08:26:43.523 [main] INFO  c.c.a.dao.CFDataSourceConfiguration.dataSourceStatus  165 - CFDataSourceConfiguration initialization status...
08:26:43.524 [main] INFO  c.c.a.dao.CFDataSourceConfiguration.dataSourceStatus  172 - VSAM Datasource initialized. 
08:26:43.761 [main] INFO  o.s.boot.StartupInfoLogger.logStarted   56 - Started CFApplication in 5.24 seconds (process running for 6.974)
08:26:43.784 [main] INFO  c.c.app.utility.CFConfiguration.cfDataConnectIOInfo  107 - CFDataConnectIO version : 5.0.0.21
08:26:43.895 [main] INFO  c.c.a.u.d.plus.CFDcioConfiguration.cfDataConnectIOPlusInfo   28 - CFDataConnectIOPlus version : 5.0.0.21
08:26:43.949 [main] INFO  o.s.j.d.e.EmbeddedDatabaseFactory.initDatabase  189 - Starting embedded database: url='jdbc:h2:mem:testdb;DB_CLOSE_DELAY=-1;DB_CLOSE_ON_EXIT=false', username='sa'
08:26:45.035 [main] INFO  o.s.b.a.b.JobLauncherApplicationRunner.run  168 - Running default command line with: []
08:26:45.095 [main] INFO  o.s.b.c.l.s.SimpleJobLauncher$1.run  154 - Job: [SimpleJob: [name=DELVSAM2]] launched with the following parameters: [{}]
08:26:45.158 [main] INFO  o.s.batch.core.job.SimpleStepHandler.handleStep  150 - Executing step: [delvsam]
08:26:45.290 [main] INFO  com.zaxxer.hikari.HikariDataSource.getConnection  109 - HikariPool-1 - Starting...
08:26:45.359 [main] INFO  com.zaxxer.hikari.pool.HikariPool.checkFailFast  554 - HikariPool-1 - Added connection conn16: url=jdbc:h2:file:./cf-vsam-db user=SA
08:26:45.364 [main] INFO  com.zaxxer.hikari.HikariDataSource.getConnection  122 - HikariPool-1 - Start completed.
08:26:45.397 [main] INFO  o.s.batch.core.step.AbstractStep.execute  295 - Step: [delvsam] executed in 237ms
08:26:45.419 [main] INFO  o.s.batch.core.job.SimpleStepHandler.handleStep  150 - Executing step: [defvsam]
08:26:45.455 [main] INFO  c.c.app.vsam.dao.VsamRepository.lambda$createTable$1  211 - Executing query : create table CLOUDFRM_IDCAMS_PRINT_VSAMKSDS(
primary_key binary(65) primary key not null,
RECORD_DATA blob not null); 
08:26:45.469 [main] INFO  o.s.batch.core.step.AbstractStep.execute  295 - Step: [defvsam] executed in 49ms
08:26:45.487 [main] INFO  o.s.batch.core.job.SimpleStepHandler.handleStep  150 - Executing step: [repvsam]
08:26:46.179 [main] INFO  o.s.batch.core.step.AbstractStep.execute  295 - Step: [repvsam] executed in 690ms
08:26:46.204 [main] INFO  o.s.batch.core.job.SimpleStepHandler.handleStep  150 - Executing step: [vsamout]
08:26:46.226 [main] INFO  c.c.app.vsam.dao.VsamRepository.createTemplateForRead  446 - Using separate datasource for export cluster
08:26:46.230 [main] INFO  com.zaxxer.hikari.HikariDataSource.getConnection  109 - HikariPool-2 - Starting...
08:26:46.261 [main] INFO  com.zaxxer.hikari.pool.HikariPool.checkFailFast  554 - HikariPool-2 - Added connection conn53: url=jdbc:h2:file:./cf-vsam-db user=SA
08:26:46.264 [main] INFO  com.zaxxer.hikari.HikariDataSource.getConnection  122 - HikariPool-2 - Start completed.
08:26:46.483 [main] INFO  o.s.batch.core.step.AbstractStep.execute  295 - Step: [vsamout] executed in 277ms
08:26:46.497 [main] INFO  o.s.batch.core.job.SimpleStepHandler.handleStep  150 - Executing step: [printSummary]
08:26:46.525 [main] INFO  com.cloudframe.app.CFStepHandler.printExecutionSummary  264 - JOB : DELVSAM2 ENDED -  0000
08:26:46.526 [main] INFO  com.cloudframe.app.CFStepHandler.printExecutionSummary  268 - 

Stepwise Execution Summary :
+--------------------------------------------------------------+
| STEPNAME     | PROGRAM     | RC          | ELAPSED           |
|              |             |             | HH:MM:SS:ss       |
+--------------------------------------------------------------+
| DELVSAM      | IDCAMS      | 00          | 00:00:00:237      |
+--------------------------------------------------------------+
| DEFVSAM      | IDCAMS      | 00          | 00:00:00:049      |
+--------------------------------------------------------------+
| REPVSAM      | IDCAMS      | 00          | 00:00:00:690      |
+--------------------------------------------------------------+
| VSAMOUT      | IDCAMS      | 00          | 00:00:00:277      |
+--------------------------------------------------------------+
  
08:26:46.537 [main] INFO  o.s.batch.core.step.AbstractStep.execute  295 - Step: [printSummary] executed in 39ms
08:26:46.556 [main] INFO  o.s.b.c.l.s.SimpleJobLauncher$1.run  161 - Job: [SimpleJob: [name=DELVSAM2]] completed with the following parameters: [{}] and the following status: [COMPLETED] in 1s425ms
08:26:46.567 [main] INFO  com.zaxxer.hikari.HikariDataSource.close  349 - HikariPool-1 - Shutdown initiated...
08:26:46.575 [main] INFO  com.zaxxer.hikari.HikariDataSource.close  351 - HikariPool-1 - Shutdown completed.
08:26:46.579 [main] INFO  o.s.j.d.e.EmbeddedDatabaseFactory.shutdownDatabase  220 - Shutting down embedded database: url='jdbc:h2:mem:testdb;DB_CLOSE_DELAY=-1;DB_CLOSE_ON_EXIT=false'
