12:08:06.487 [main] INFO  o.s.boot.StartupInfoLogger.logStarting   50 - Starting CFApplication v0.0.1-SNAPSHOT using Java 17.0.14 with PID 1267829 (/home/jenkins/workspace/CFTestAutomation_Release/Testing/results/jcl/LFIX454/LFIX454/target/LFIX454-0.0.1-SNAPSHOT.jar started by root in /home/jenkins/workspace/CFTestAutomation_Release/Testing/results/jcl/LFIX454/LFIX454)
12:08:06.496 [main] INFO  o.s.boot.SpringApplication.logStartupProfileInfo  654 - No active profile set, falling back to 1 default profile: "default"
12:08:08.717 [main] INFO  o.s.boot.StartupInfoLogger.logStarted   56 - Started CFApplication in 3.273 seconds (process running for 4.219)
12:08:08.746 [main] INFO  c.c.app.utility.CFConfiguration.cfDataConnectIOInfo  107 - CFDataConnectIO version : 5.0.0.21
12:08:08.826 [main] INFO  c.c.a.u.d.plus.CFDcioConfiguration.cfDataConnectIOPlusInfo   28 - CFDataConnectIOPlus version : 5.0.0.21
12:08:08.867 [main] INFO  o.s.j.d.e.EmbeddedDatabaseFactory.initDatabase  189 - Starting embedded database: url='jdbc:h2:mem:testdb;DB_CLOSE_DELAY=-1;DB_CLOSE_ON_EXIT=false', username='sa'
12:08:09.703 [main] INFO  o.s.b.a.b.JobLauncherApplicationRunner.run  168 - Running default command line with: []
12:08:09.777 [main] INFO  o.s.b.c.l.s.SimpleJobLauncher$1.run  154 - Job: [SimpleJob: [name=LFIX454]] launched with the following parameters: [{}]
12:08:09.832 [main] INFO  o.s.batch.core.job.SimpleStepHandler.handleStep  150 - Executing step: [s030_p070]
12:08:10.270 [main] INFO  o.s.batch.core.step.AbstractStep.execute  295 - Step: [s030_p070] executed in 436ms
12:08:10.291 [main] INFO  o.s.batch.core.job.SimpleStepHandler.handleStep  150 - Executing step: [printSummary]
12:08:10.312 [main] INFO  com.cloudframe.app.CFStepHandler.printExecutionSummary  266 - JOB : LFIX454 ENDED -  0000
12:08:10.313 [main] INFO  com.cloudframe.app.CFStepHandler.printExecutionSummary  270 - 

Stepwise Execution Summary :
+----------------------------------------------------------------+
| STEPNAME       | PROGRAM     | RC          | ELAPSED           |
|                |             |             | HH:MM:SS:ss       |
+----------------------------------------------------------------+
| S030_P070      | IDCAMS      | 00          | 00:00:00:436      |
+----------------------------------------------------------------+
  
12:08:10.326 [main] INFO  o.s.batch.core.step.AbstractStep.execute  295 - Step: [printSummary] executed in 33ms
12:08:10.347 [main] INFO  o.s.b.c.l.s.SimpleJobLauncher$1.run  161 - Job: [SimpleJob: [name=LFIX454]] completed with the following parameters: [{}] and the following status: [COMPLETED] in 539ms
12:08:10.361 [main] INFO  o.s.j.d.e.EmbeddedDatabaseFactory.shutdownDatabase  220 - Shutting down embedded database: url='jdbc:h2:mem:testdb;DB_CLOSE_DELAY=-1;DB_CLOSE_ON_EXIT=false'
