16:34:44.372 [main] INFO  o.s.boot.StartupInfoLogger.logStarting   50 - Starting CFApplication v0.0.1-SNAPSHOT using Java 17.0.14 with PID 2483346 (/home/jenkins/workspace/CFTestAutomation_Release/Testing/results/jcl/LISTCAT1/LISTCAT1/target/LISTCAT1-0.0.1-SNAPSHOT.jar started by root in /home/jenkins/workspace/CFTestAutomation_Release/Testing/results/jcl/LISTCAT1/LISTCAT1)
16:34:44.378 [main] INFO  o.s.boot.SpringApplication.logStartupProfileInfo  654 - No active profile set, falling back to 1 default profile: "default"
16:34:45.759 [main] INFO  o.s.boot.StartupInfoLogger.logStarted   56 - Started CFApplication in 2.281 seconds (process running for 2.924)
16:34:45.774 [main] INFO  c.c.app.utility.CFConfiguration.cfDataConnectIOInfo  107 - CFDataConnectIO version : 5.0.0.21
16:34:45.812 [main] INFO  c.c.a.u.d.plus.CFDcioConfiguration.cfDataConnectIOPlusInfo   28 - CFDataConnectIOPlus version : 5.0.0.21
16:34:45.831 [main] INFO  o.s.j.d.e.EmbeddedDatabaseFactory.initDatabase  189 - Starting embedded database: url='jdbc:h2:mem:testdb;DB_CLOSE_DELAY=-1;DB_CLOSE_ON_EXIT=false', username='sa'
16:34:46.603 [main] INFO  o.s.b.a.b.JobLauncherApplicationRunner.run  168 - Running default command line with: []
16:34:46.653 [main] INFO  o.s.b.c.l.s.SimpleJobLauncher$1.run  154 - Job: [SimpleJob: [name=LISTCAT1]] launched with the following parameters: [{}]
16:34:46.693 [main] INFO  o.s.batch.core.job.SimpleStepHandler.handleStep  150 - Executing step: [stepname]
16:34:46.746 [main] INFO  o.s.batch.core.step.AbstractStep.execute  295 - Step: [stepname] executed in 51ms
16:34:46.761 [main] INFO  o.s.batch.core.job.SimpleStepHandler.handleStep  150 - Executing step: [printSummary]
16:34:46.773 [main] INFO  com.cloudframe.app.CFStepHandler.printExecutionSummary  247 - JOB : LISTCAT1 ENDED -  0000
16:34:46.774 [main] INFO  com.cloudframe.app.CFStepHandler.printExecutionSummary  251 - 

Stepwise Execution Summary :
+---------------------------------------------------------------+
| STEPNAME      | PROGRAM     | RC          | ELAPSED           |
|               |             |             | HH:MM:SS:ss       |
+---------------------------------------------------------------+
| STEPNAME      | IDCAMS      | 00          | 00:00:00:051      |
+---------------------------------------------------------------+
  
16:34:46.781 [main] INFO  o.s.batch.core.step.AbstractStep.execute  295 - Step: [printSummary] executed in 19ms
16:34:46.806 [main] INFO  o.s.b.c.l.s.SimpleJobLauncher$1.run  161 - Job: [SimpleJob: [name=LISTCAT1]] completed with the following parameters: [{}] and the following status: [COMPLETED] in 121ms
16:34:46.813 [main] INFO  o.s.j.d.e.EmbeddedDatabaseFactory.shutdownDatabase  220 - Shutting down embedded database: url='jdbc:h2:mem:testdb;DB_CLOSE_DELAY=-1;DB_CLOSE_ON_EXIT=false'
