10:13:17.897 [main] INFO  o.s.boot.StartupInfoLogger.logStarting   50 - Starting CFApplication v0.0.1-SNAPSHOT using Java 17.0.14 with PID 1628259 (/home/jenkins/workspace/CFTestAutomation_Release/Testing/results/qsam/qsamWithReadWriteRW01/QA000248/target/QA000248-0.0.1-SNAPSHOT.jar started by root in /home/jenkins/workspace/CFTestAutomation_Release/Testing/results/qsam/qsamWithReadWriteRW01/QA000248)
10:13:17.902 [main] INFO  o.s.boot.SpringApplication.logStartupProfileInfo  654 - No active profile set, falling back to 1 default profile: "default"
10:13:20.043 [main] INFO  o.s.boot.StartupInfoLogger.logStarted   56 - Started CFApplication in 2.872 seconds (process running for 3.63)
10:13:20.066 [main] INFO  c.c.app.utility.CFConfiguration.cfDataConnectIOInfo  107 - CFDataConnectIO version : 5.0.0.21
10:13:20.133 [main] INFO  c.c.a.u.d.plus.CFDcioConfiguration.cfDataConnectIOPlusInfo   28 - CFDataConnectIOPlus version : 5.0.0.21
10:13:20.170 [main] INFO  o.s.j.d.e.EmbeddedDatabaseFactory.initDatabase  189 - Starting embedded database: url='jdbc:h2:mem:testdb;DB_CLOSE_DELAY=-1;DB_CLOSE_ON_EXIT=false', username='sa'
10:13:20.839 [main] INFO  o.s.b.a.b.JobLauncherApplicationRunner.run  168 - Running default command line with: []
10:13:20.887 [main] INFO  o.s.b.c.l.s.SimpleJobLauncher$1.run  154 - Job: [SimpleJob: [name=QA000248]] launched with the following parameters: [{}]
10:13:20.941 [main] INFO  o.s.batch.core.job.SimpleStepHandler.handleStep  150 - Executing step: [delete]
10:13:20.972 [main] INFO  o.s.batch.core.step.AbstractStep.execute  295 - Step: [delete] executed in 29ms
10:13:20.987 [main] INFO  o.s.batch.core.job.SimpleStepHandler.handleStep  150 - Executing step: [alloc]
10:13:21.001 [main] INFO  o.s.batch.core.step.AbstractStep.execute  295 - Step: [alloc] executed in 13ms
10:13:21.014 [main] INFO  o.s.batch.core.job.SimpleStepHandler.handleStep  150 - Executing step: [step01]
10:13:21.052 [main] INFO  com.cloudframe.app.process.Qsamrw01.executeInitialization  119 - *  1 * 1000-EXECUTE-INITIALIZATION.
10:13:21.053 [main] INFO  com.cloudframe.app.process.Qsamrw01.executeInitialization  123 - *  2 * 88-IT-IS-THE-FIRST-TIME -> TRUE
10:13:21.053 [main] INFO  com.cloudframe.app.process.Qsamrw01.displayExecuteMsg  150 - *  3 * 1000-EXECUTE-INITIALIZATION.
10:13:21.056 [main] INFO  com.cloudframe.app.process.Qsamrw01.displayExecuteMsg  164 - *  4 * READ SYS103-FILE-ID-HISTORY-FILE --> EOF
10:13:21.057 [main] INFO  com.cloudframe.app.process.Qsamrw01.processMessage  206 - *  7 * 2000-PROCESS-MESSAGE.
10:13:21.057 [main] INFO  com.cloudframe.app.process.Qsamrw01.processMessage  228 - *  8 * UPDATING SYS103-FILE-ID-HISTORY-FILE
10:13:21.057 [main] INFO  com.cloudframe.app.process.Qsamrw01.processMessage  230 - *  9 * WS-HISTORY-REC(1:100) = 
10:13:21.057 [main] INFO  com.cloudframe.app.process.Qsamrw01.processMessage  232 -    |-> HISTORY RECORD ->   AAAAAAAAAAAAAAAAAAAABBBBBBBBBBBBBBBBBBBBCCCCCCCCCCCCCCCCCCCC                    
10:13:21.057 [main] INFO  com.cloudframe.app.process.Qsamrw01.terminateRoutineForPgm  250 - * 10 * 9520-TERMINATE-ROUTINE-FOR-PGM.
10:13:21.058 [main] INFO  com.cloudframe.app.process.Qsamrw01.writeFileIdHist  272 - * 11 * 9521-WRITE-FILE-ID-HIST.
10:13:21.058 [main] INFO  com.cloudframe.app.process.Qsamrw01.writeFileIdHist  276 - * 12 * FILE OUTPUT MODE .. WRITE 
10:13:21.065 [main] INFO  o.s.batch.core.step.AbstractStep.execute  295 - Step: [step01] executed in 50ms
10:13:21.075 [main] INFO  o.s.batch.core.job.SimpleStepHandler.handleStep  150 - Executing step: [step02]
10:13:21.085 [main] INFO  com.cloudframe.app.process.Qsamrw01.executeInitialization  119 - *  1 * 1000-EXECUTE-INITIALIZATION.
10:13:21.085 [main] INFO  com.cloudframe.app.process.Qsamrw01.executeInitialization  123 - *  2 * 88-IT-IS-THE-FIRST-TIME -> TRUE
10:13:21.085 [main] INFO  com.cloudframe.app.process.Qsamrw01.displayExecuteMsg  150 - *  3 * 1000-EXECUTE-INITIALIZATION.
10:13:21.086 [main] INFO  com.cloudframe.app.process.Qsamrw01.displayExecuteMsg  176 - *  5 * READ SYS103-FILE-ID-HISTORY-FILE --> NOT AT END
10:13:21.086 [main] INFO  com.cloudframe.app.process.Qsamrw01.displayExecuteMsg  178 - *  6 * WS-HISTORY-REC(1:100) = 
10:13:21.086 [main] INFO  com.cloudframe.app.process.Qsamrw01.displayExecuteMsg  180 -    |-> HISTORY RECORD ->   AAAAAAAAAAAAAAAAAAAABBBBBBBBBBBBBBBBBBBBCCCCCCCCCCCCCCCCCCCC                    
10:13:21.087 [main] INFO  com.cloudframe.app.process.Qsamrw01.processMessage  206 - *  7 * 2000-PROCESS-MESSAGE.
10:13:21.087 [main] INFO  com.cloudframe.app.process.Qsamrw01.processMessage  228 - *  8 * UPDATING SYS103-FILE-ID-HISTORY-FILE
10:13:21.087 [main] INFO  com.cloudframe.app.process.Qsamrw01.processMessage  230 - *  9 * WS-HISTORY-REC(1:100) = 
10:13:21.087 [main] INFO  com.cloudframe.app.process.Qsamrw01.processMessage  232 -    |-> HISTORY RECORD ->   XXXXXXXXXXXXXXXXXXXXYYYYYYYYYYYYYYYYYYYYZZZZZZZZZZZZZZZZZZZZ                    
10:13:21.087 [main] INFO  com.cloudframe.app.process.Qsamrw01.terminateRoutineForPgm  250 - * 10 * 9520-TERMINATE-ROUTINE-FOR-PGM.
10:13:21.088 [main] INFO  com.cloudframe.app.process.Qsamrw01.writeFileIdHist  272 - * 11 * 9521-WRITE-FILE-ID-HIST.
10:13:21.088 [main] INFO  com.cloudframe.app.process.Qsamrw01.writeFileIdHist  284 - * 13 * FILE IO MODE .. REWRITE 
10:13:21.093 [main] INFO  o.s.batch.core.step.AbstractStep.execute  295 - Step: [step02] executed in 17ms
10:13:21.104 [main] INFO  o.s.batch.core.job.SimpleStepHandler.handleStep  150 - Executing step: [printSummary]
10:13:21.121 [main] INFO  com.cloudframe.app.CFStepHandler.printExecutionSummary  274 - JOB : QA000248 ENDED -  0000
10:13:21.122 [main] INFO  com.cloudframe.app.CFStepHandler.printExecutionSummary  278 - 

Stepwise Execution Summary :
+---------------------------------------------------------------+
| STEPNAME    | PROGRAM       | RC          | ELAPSED           |
|             |               |             | HH:MM:SS:ss       |
+---------------------------------------------------------------+
| DELETE      | IEFBR14       | 00          | 00:00:00:029      |
+---------------------------------------------------------------+
| ALLOC       | IEFBR14       | 00          | 00:00:00:013      |
+---------------------------------------------------------------+
| STEP01      | QSAMRW01      | 00          | 00:00:00:050      |
+---------------------------------------------------------------+
| STEP02      | QSAMRW01      | 00          | 00:00:00:017      |
+---------------------------------------------------------------+
  
10:13:21.128 [main] INFO  o.s.batch.core.step.AbstractStep.execute  295 - Step: [printSummary] executed in 22ms
10:13:21.139 [main] INFO  o.s.b.c.l.s.SimpleJobLauncher$1.run  161 - Job: [SimpleJob: [name=QA000248]] completed with the following parameters: [{}] and the following status: [COMPLETED] in 227ms
10:13:21.146 [main] INFO  o.s.j.d.e.EmbeddedDatabaseFactory.shutdownDatabase  220 - Shutting down embedded database: url='jdbc:h2:mem:testdb;DB_CLOSE_DELAY=-1;DB_CLOSE_ON_EXIT=false'
