16:38:36.647 [main] INFO  o.s.boot.StartupInfoLogger.logStarting   50 - Starting CFApplication v0.0.1-SNAPSHOT using Java 17.0.14 with PID 2498835 (/home/jenkins/workspace/CFTestAutomation_Release/Testing/results/jcl/DSNUTILB1/DSNUTILB1/target/DSNUTILB1-0.0.1-SNAPSHOT.jar started by root in /home/jenkins/workspace/CFTestAutomation_Release/Testing/results/jcl/DSNUTILB1/DSNUTILB1)
16:38:36.659 [main] INFO  o.s.boot.SpringApplication.logStartupProfileInfo  654 - No active profile set, falling back to 1 default profile: "default"
16:38:39.193 [main] INFO  c.c.a.dao.CFDataSourceConfiguration.dataSourceStatus  165 - CFDataSourceConfiguration initialization status...
16:38:39.194 [main] INFO  c.c.a.dao.CFDataSourceConfiguration.dataSourceStatus  172 - Databse Datasource initialized.
16:38:39.414 [main] INFO  o.s.boot.StartupInfoLogger.logStarted   56 - Started CFApplication in 3.786 seconds (process running for 4.488)
16:38:39.428 [main] INFO  c.c.app.utility.CFConfiguration.cfDataConnectIOInfo  107 - CFDataConnectIO version : 5.0.0.21
16:38:39.487 [main] INFO  c.c.a.u.d.plus.CFDcioConfiguration.cfDataConnectIOPlusInfo   28 - CFDataConnectIOPlus version : 5.0.0.21
16:38:39.518 [main] INFO  o.s.j.d.e.EmbeddedDatabaseFactory.initDatabase  189 - Starting embedded database: url='jdbc:h2:mem:testdb;DB_CLOSE_DELAY=-1;DB_CLOSE_ON_EXIT=false', username='sa'
16:38:40.703 [main] INFO  com.zaxxer.hikari.HikariDataSource.getConnection  109 - HikariPool-1 - Starting...
16:38:41.185 [main] INFO  com.zaxxer.hikari.pool.HikariPool.checkFailFast  554 - HikariPool-1 - Added connection com.ibm.db2.jcc.t4.b@4293e066
16:38:41.189 [main] INFO  com.zaxxer.hikari.HikariDataSource.getConnection  122 - HikariPool-1 - Start completed.
16:38:41.684 [main] INFO  o.s.b.a.b.JobLauncherApplicationRunner.run  168 - Running default command line with: []
16:38:41.758 [main] INFO  o.s.b.c.l.s.SimpleJobLauncher$1.run  154 - Job: [SimpleJob: [name=DSNUTILB1]] launched with the following parameters: [{}]
16:38:41.822 [main] INFO  o.s.batch.core.job.SimpleStepHandler.handleStep  150 - Executing step: [step010]
16:38:41.854 [main] INFO  c.cloudframe.app.utility.Db2SqlUtil.executeQuery  339 -  ***INPUT STATEMENT: DROP TABLE CLOUDDEV.ALLDTYP1
16:38:41.919 [main] INFO  c.cloudframe.app.utility.Db2SqlUtil.processQuery  325 - DB2 SQL Error: SQLCODE=-204, SQLSTATE=42704, SQLERRMC=CLOUDDEV.ALLDTYP1, DRIVER=4.21.29
16:38:41.920 [main] INFO  c.cloudframe.app.utility.Db2SqlUtil.executeQuery  339 -  ***INPUT STATEMENT: COMMIT WORK
16:38:41.928 [main] INFO  c.cloudframe.app.utility.Db2SqlUtil.executeQuery  345 -  SUCCESSFULLY COMMIT OF 0 ROW(S)
16:38:41.929 [main] INFO  c.cloudframe.app.utility.Db2SqlUtil.executeQuery  339 -  ***INPUT STATEMENT: CREATE TABLE CLOUDDEV.ALLDTYP1(DTYP_ID INTEGER not null, DTYP_SMALLINT SMALLINT,DTYP_INT INTEGER,DTYP_BIGINT BIGINT, DTYP_CHAR CHAR(8),DTYP_DATE DATE,DTYP_TIME TIME, DTYP_TMSTMP TIMESTAMP(6),DTYP_DECIMAL DECIMAL(10, 2), DTYP_VARCHAR VARCHAR(255)) IN DBCLOUD.TSCLDDEV
16:38:42.294 [main] INFO  c.cloudframe.app.utility.Db2SqlUtil.executeQuery  345 -  SUCCESSFULLY CREATE OF 0 ROW(S)
16:38:42.314 [main] INFO  o.s.batch.core.step.AbstractStep.execute  295 - Step: [step010] executed in 490ms
16:38:42.339 [main] INFO  o.s.batch.core.job.SimpleStepHandler.handleStep  150 - Executing step: [clp_dsnuproc]
16:38:42.438 [main] INFO  c.cloudframe.app.utility.Db2SqlUtil.processLoadForEBCDICData  891 - Batch operation started. Please wait for a while
16:38:42.908 [main] INFO  c.cloudframe.app.utility.Db2SqlUtil.processLoadForEBCDICData  899 - Total 134 rows impacted
16:38:42.909 [main] INFO  c.cloudframe.app.utility.Db2SqlUtil.processLoadForEBCDICData  901 - Batch operation completed.
16:38:42.927 [main] INFO  o.s.batch.core.step.AbstractStep.execute  295 - Step: [clp_dsnuproc] executed in 585ms
16:38:42.957 [main] INFO  o.s.batch.core.job.SimpleStepHandler.handleStep  150 - Executing step: [step011]
16:38:42.974 [main] INFO  c.cloudframe.app.utility.Db2SqlUtil.executeQuery  339 -  ***INPUT STATEMENT: DROP TABLE CLOUDDEV.ALLDTYP1
16:38:44.065 [main] INFO  c.cloudframe.app.utility.Db2SqlUtil.executeQuery  345 -  SUCCESSFULLY DROP OF 0 ROW(S)
16:38:44.072 [main] INFO  o.s.batch.core.step.AbstractStep.execute  295 - Step: [step011] executed in 1s113ms
16:38:44.083 [main] INFO  o.s.batch.core.job.SimpleStepHandler.handleStep  150 - Executing step: [printSummary]
16:38:44.097 [main] INFO  com.cloudframe.app.CFStepHandler.printExecutionSummary  253 - JOB : DSNUTILB1 ENDED -  0000
16:38:44.098 [main] INFO  com.cloudframe.app.CFStepHandler.printExecutionSummary  257 - 

Stepwise Execution Summary :
+---------------------------------------------------------------------+
| STEPNAME          | PROGRAM       | RC          | ELAPSED           |
|                   |               |             | HH:MM:SS:ss       |
+---------------------------------------------------------------------+
| STEP010           | DSNTEP2       | 00          | 00:00:00:490      |
+---------------------------------------------------------------------+
| CLP_DSNUPROC      | DSNUTILB      | 00          | 00:00:00:585      |
+---------------------------------------------------------------------+
| STEP011           | DSNTEP2       | 00          | 00:00:01:113      |
+---------------------------------------------------------------------+
  
16:38:44.104 [main] INFO  o.s.batch.core.step.AbstractStep.execute  295 - Step: [printSummary] executed in 20ms
16:38:44.119 [main] INFO  o.s.b.c.l.s.SimpleJobLauncher$1.run  161 - Job: [SimpleJob: [name=DSNUTILB1]] completed with the following parameters: [{}] and the following status: [COMPLETED] in 2s333ms
16:38:44.127 [main] INFO  com.zaxxer.hikari.HikariDataSource.close  349 - HikariPool-1 - Shutdown initiated...
16:38:44.132 [main] INFO  com.zaxxer.hikari.HikariDataSource.close  351 - HikariPool-1 - Shutdown completed.
16:38:44.133 [main] INFO  o.s.j.d.e.EmbeddedDatabaseFactory.shutdownDatabase  220 - Shutting down embedded database: url='jdbc:h2:mem:testdb;DB_CLOSE_DELAY=-1;DB_CLOSE_ON_EXIT=false'
