08:26:17.302 [main] INFO  o.s.boot.StartupInfoLogger.logStarting   50 - Starting CFApplication v0.0.1-SNAPSHOT using Java 17.0.14 with PID 4150940 (/home/jenkins/workspace/CFTestAutomation_Release/Testing/results/jcl/GDGHFIX336/GDGHFIX336/target/GDGHFIX336-0.0.1-SNAPSHOT.jar started by root in /home/jenkins/workspace/CFTestAutomation_Release/Testing/results/jcl/GDGHFIX336/GDGHFIX336)
08:26:17.313 [main] INFO  o.s.boot.SpringApplication.logStartupProfileInfo  654 - No active profile set, falling back to 1 default profile: "default"
08:26:20.074 [main] INFO  o.s.boot.StartupInfoLogger.logStarted   56 - Started CFApplication in 4.634 seconds (process running for 6.269)
08:26:20.097 [main] INFO  c.c.app.utility.CFConfiguration.cfDataConnectIOInfo  107 - CFDataConnectIO version : 5.0.0.21
08:26:20.170 [main] INFO  c.c.a.u.d.plus.CFDcioConfiguration.cfDataConnectIOPlusInfo   28 - CFDataConnectIOPlus version : 5.0.0.21
08:26:20.206 [main] INFO  o.s.j.d.e.EmbeddedDatabaseFactory.initDatabase  189 - Starting embedded database: url='jdbc:h2:mem:testdb;DB_CLOSE_DELAY=-1;DB_CLOSE_ON_EXIT=false', username='sa'
08:26:20.967 [main] INFO  o.s.b.a.b.JobLauncherApplicationRunner.run  168 - Running default command line with: []
08:26:21.030 [main] INFO  o.s.b.c.l.s.SimpleJobLauncher$1.run  154 - Job: [FlowJob: [name=GDGHFIX336]] launched with the following parameters: [{}]
08:26:21.089 [main] INFO  o.s.batch.core.job.SimpleStepHandler.handleStep  150 - Executing step: [step001Decider]
08:26:21.154 [main] INFO  o.s.batch.core.step.AbstractStep.execute  295 - Step: [step001Decider] executed in 63ms
08:26:21.179 [main] INFO  o.s.batch.core.job.SimpleStepHandler.handleStep  150 - Executing step: [readGdghfix336Step001SortInput]
08:26:21.273 [main] INFO  o.s.batch.core.step.AbstractStep.execute  295 - Step: [readGdghfix336Step001SortInput] executed in 92ms
08:26:21.300 [main] INFO  o.s.batch.core.job.SimpleStepHandler.handleStep  150 - Executing step: [sortGdghfix336Step001Process]
08:26:21.342 [main] INFO  o.s.batch.core.step.AbstractStep.execute  295 - Step: [sortGdghfix336Step001Process] executed in 41ms
08:26:21.367 [main] INFO  o.s.batch.core.job.SimpleStepHandler.handleStep  150 - Executing step: [writeGdghfix336Step001SortOutput]
08:26:21.414 [main] INFO  c.c.a.t.Gdghfix336Step001OutputWriter.afterStep  105 - STEPNAME: GDGHFIX336STEP001 Execution completed, number of RECORDS - IN: 23,  OUT: 23
08:26:21.429 [main] INFO  o.s.batch.core.step.AbstractStep.execute  295 - Step: [writeGdghfix336Step001SortOutput] executed in 61ms
08:26:21.448 [main] INFO  o.s.batch.core.job.SimpleStepHandler.handleStep  150 - Executing step: [step002]
08:26:21.482 [main] INFO  o.s.batch.core.step.AbstractStep.execute  295 - Step: [step002] executed in 33ms
08:26:21.498 [main] INFO  o.s.batch.core.job.SimpleStepHandler.handleStep  150 - Executing step: [printSummary]
08:26:21.513 [main] INFO  com.cloudframe.app.CFStepHandler.printExecutionSummary  263 - JOB : GDGHFIX336 ENDED -  0000
08:26:21.514 [main] INFO  com.cloudframe.app.CFStepHandler.printExecutionSummary  267 - 

Stepwise Execution Summary :
+----------------------------------------------------------------+
| STEPNAME     | PROGRAM       | RC          | ELAPSED           |
|              |               |             | HH:MM:SS:ss       |
+----------------------------------------------------------------+
| STEP001      | SORT          | 00          | 00:00:00:319      |
+----------------------------------------------------------------+
| STEP002      | IEBGENER      | 00          | 00:00:00:033      |
+----------------------------------------------------------------+
  
08:26:21.520 [main] INFO  o.s.batch.core.step.AbstractStep.execute  295 - Step: [printSummary] executed in 21ms
08:26:21.533 [main] INFO  o.s.b.c.l.s.SimpleJobLauncher$1.run  161 - Job: [FlowJob: [name=GDGHFIX336]] completed with the following parameters: [{}] and the following status: [COMPLETED] in 477ms
08:26:21.542 [main] INFO  o.s.j.d.e.EmbeddedDatabaseFactory.shutdownDatabase  220 - Shutting down embedded database: url='jdbc:h2:mem:testdb;DB_CLOSE_DELAY=-1;DB_CLOSE_ON_EXIT=false'
