05:45:25.127 [main] INFO  o.s.boot.StartupInfoLogger.logStarting   50 - Starting CFApplication v0.0.1-SNAPSHOT using Java 17.0.14 with PID 3966417 (/home/jenkins/workspace/CFTestAutomation_Release/Testing/results/xml/xmlpars2/XMLPARS2/target/XMLPARS2-0.0.1-SNAPSHOT.jar started by root in /home/jenkins/workspace/CFTestAutomation_Release/Testing/results/xml/xmlpars2/XMLPARS2)
05:45:25.132 [main] INFO  o.s.boot.SpringApplication.logStartupProfileInfo  654 - No active profile set, falling back to 1 default profile: "default"
05:45:26.233 [main] INFO  o.s.boot.StartupInfoLogger.logStarted   56 - Started CFApplication in 2.0 seconds (process running for 2.882)
05:45:26.244 [main] INFO  c.c.app.utility.CFConfiguration.cfDataConnectIOInfo  107 - CFDataConnectIO version : 5.0.0.21
05:45:26.302 [main] INFO  com.cloudframe.app.process.Xmlpars2.mainline   82 - *----------------------------------*
05:45:26.325 [main] INFO  com.cloudframe.app.process.Xmlpars2.parseXml  138 - Element Name.....: EDR_CPF
05:45:26.325 [main] INFO  com.cloudframe.app.process.Xmlpars2.parseXml  138 - Element Name.....: CLIENT_ID
05:45:26.326 [main] INFO  com.cloudframe.app.process.Xmlpars2.parseXml  146 - Element Content..: VISION
05:45:26.326 [main] INFO  com.cloudframe.app.process.Xmlpars2.parseXml  154 - End of Element...: CLIENT_ID
05:45:26.326 [main] INFO  com.cloudframe.app.process.Xmlpars2.parseXml  156 - *----------------------------------*
05:45:26.326 [main] INFO  com.cloudframe.app.process.Xmlpars2.parseXml  138 - Element Name.....: TR_COUNT
05:45:26.326 [main] INFO  com.cloudframe.app.process.Xmlpars2.parseXml  146 - Element Content..: 1
05:45:26.327 [main] INFO  com.cloudframe.app.process.Xmlpars2.parseXml  154 - End of Element...: TR_COUNT
05:45:26.327 [main] INFO  com.cloudframe.app.process.Xmlpars2.parseXml  156 - *----------------------------------*
05:45:26.327 [main] INFO  com.cloudframe.app.process.Xmlpars2.parseXml  138 - Element Name.....: BILLING_SYSTEM_ID
05:45:26.327 [main] INFO  com.cloudframe.app.process.Xmlpars2.parseXml  146 - Element Content..: 2
05:45:26.327 [main] INFO  com.cloudframe.app.process.Xmlpars2.parseXml  154 - End of Element...: BILLING_SYSTEM_ID
05:45:26.327 [main] INFO  com.cloudframe.app.process.Xmlpars2.parseXml  156 - *----------------------------------*
05:45:26.328 [main] INFO  com.cloudframe.app.process.Xmlpars2.parseXml  138 - Element Name.....: TRAN_ID
05:45:26.328 [main] INFO  com.cloudframe.app.process.Xmlpars2.parseXml  146 - Element Content..: 20180130052423461412
05:45:26.328 [main] INFO  com.cloudframe.app.process.Xmlpars2.parseXml  154 - End of Element...: TRAN_ID
05:45:26.328 [main] INFO  com.cloudframe.app.process.Xmlpars2.parseXml  156 - *----------------------------------*
05:45:26.328 [main] INFO  com.cloudframe.app.process.Xmlpars2.parseXml  138 - Element Name.....: REFRESH
05:45:26.328 [main] INFO  com.cloudframe.app.process.Xmlpars2.parseXml  138 - Element Name.....: TR_POPKEY
05:45:26.329 [main] INFO  com.cloudframe.app.process.Xmlpars2.parseXml  138 - Element Name.....: TR_TYPE
05:45:26.329 [main] INFO  com.cloudframe.app.process.Xmlpars2.parseXml  146 - Element Content..: REFRESH
05:45:26.329 [main] INFO  com.cloudframe.app.process.Xmlpars2.parseXml  154 - End of Element...: TR_TYPE
05:45:26.329 [main] INFO  com.cloudframe.app.process.Xmlpars2.parseXml  156 - *----------------------------------*
05:45:26.329 [main] INFO  com.cloudframe.app.process.Xmlpars2.parseXml  138 - Element Name.....: TR_TIME
05:45:26.330 [main] INFO  com.cloudframe.app.process.Xmlpars2.parseXml  146 - Element Content..: 2018-01-30-05.24.15.503368
05:45:26.330 [main] INFO  com.cloudframe.app.process.Xmlpars2.parseXml  154 - End of Element...: TR_TIME
05:45:26.330 [main] INFO  com.cloudframe.app.process.Xmlpars2.parseXml  156 - *----------------------------------*
05:45:26.330 [main] INFO  com.cloudframe.app.process.Xmlpars2.parseXml  138 - Element Name.....: TR_FULFILLMENT_TIME
05:45:26.330 [main] INFO  com.cloudframe.app.process.Xmlpars2.parseXml  146 - Element Content..: 2018-01-30-05.24.15.503368
05:45:26.330 [main] INFO  com.cloudframe.app.process.Xmlpars2.parseXml  154 - End of Element...: TR_FULFILLMENT_TIME
05:45:26.330 [main] INFO  com.cloudframe.app.process.Xmlpars2.parseXml  156 - *----------------------------------*
05:45:26.331 [main] INFO  com.cloudframe.app.process.Xmlpars2.parseXml  138 - Element Name.....: TR_MDN
05:45:26.331 [main] INFO  com.cloudframe.app.process.Xmlpars2.parseXml  146 - Element Content..: 7024193433
05:45:26.331 [main] INFO  com.cloudframe.app.process.Xmlpars2.parseXml  154 - End of Element...: TR_MDN
05:45:26.331 [main] INFO  com.cloudframe.app.process.Xmlpars2.parseXml  156 - *----------------------------------*
05:45:26.331 [main] INFO  com.cloudframe.app.process.Xmlpars2.parseXml  138 - Element Name.....: TR_ACCOUNT_NUMBER
05:45:26.331 [main] INFO  com.cloudframe.app.process.Xmlpars2.parseXml  146 - Element Content..: 0
05:45:26.332 [main] INFO  com.cloudframe.app.process.Xmlpars2.parseXml  154 - End of Element...: TR_ACCOUNT_NUMBER
05:45:26.332 [main] INFO  com.cloudframe.app.process.Xmlpars2.parseXml  156 - *----------------------------------*
05:45:26.332 [main] INFO  com.cloudframe.app.process.Xmlpars2.parseXml  138 - Element Name.....: TR_CUSTOMER_ID
05:45:26.332 [main] INFO  com.cloudframe.app.process.Xmlpars2.parseXml  146 - Element Content..: 203082888
05:45:26.332 [main] INFO  com.cloudframe.app.process.Xmlpars2.parseXml  154 - End of Element...: TR_CUSTOMER_ID
05:45:26.332 [main] INFO  com.cloudframe.app.process.Xmlpars2.parseXml  156 - *----------------------------------*
05:45:26.333 [main] INFO  com.cloudframe.app.process.Xmlpars2.parseXml  154 - End of Element...: TR_POPKEY
05:45:26.333 [main] INFO  com.cloudframe.app.process.Xmlpars2.parseXml  156 - *----------------------------------*
05:45:26.333 [main] INFO  com.cloudframe.app.process.Xmlpars2.parseXml  154 - End of Element...: REFRESH
05:45:26.333 [main] INFO  com.cloudframe.app.process.Xmlpars2.parseXml  156 - *----------------------------------*
05:45:26.333 [main] INFO  com.cloudframe.app.process.Xmlpars2.parseXml  154 - End of Element...: EDR_CPF
05:45:26.333 [main] INFO  com.cloudframe.app.process.Xmlpars2.parseXml  156 - *----------------------------------*
05:45:26.334 [main] INFO  com.cloudframe.app.process.Xmlpars2.mainline   95 -  
05:45:26.334 [main] INFO  com.cloudframe.app.process.Xmlpars2.mainline   97 - XML Response:
05:45:26.334 [main] INFO  com.cloudframe.app.process.Xmlpars2.mainline   99 -  
