08:38:12.512 [main] INFO  o.s.boot.StartupInfoLogger.logStarting   50 - Starting CFApplication v0.0.1-SNAPSHOT using Java 17.0.14 with PID 2744 (/home/jenkins/workspace/CFTestAutomation_Release/Testing/results/db2/DLCRNTOF/DLCRNTOF/target/DLCRNTOF-0.0.1-SNAPSHOT.jar started by root in /home/jenkins/workspace/CFTestAutomation_Release/Testing/results/db2/DLCRNTOF/DLCRNTOF)
08:38:12.517 [main] INFO  o.s.boot.SpringApplication.logStartupProfileInfo  654 - No active profile set, falling back to 1 default profile: "default"
08:38:14.067 [main] INFO  c.c.a.dao.CFDataSourceConfiguration.dataSourceStatus  165 - CFDataSourceConfiguration initialization status...
08:38:14.069 [main] INFO  c.c.a.dao.CFDataSourceConfiguration.dataSourceStatus  172 - Databse Datasource initialized.
08:38:14.331 [main] INFO  o.s.boot.StartupInfoLogger.logStarted   56 - Started CFApplication in 2.877 seconds (process running for 3.828)
08:38:14.347 [main] INFO  c.c.app.utility.CFConfiguration.cfDataConnectIOInfo  107 - CFDataConnectIO version : 5.0.0.21
08:38:14.657 [main] INFO  com.zaxxer.hikari.HikariDataSource.getConnection  109 - HikariPool-1 - Starting...
08:38:14.910 [main] INFO  com.zaxxer.hikari.pool.HikariPool.checkFailFast  554 - HikariPool-1 - Added connection com.ibm.db2.jcc.t4.b@363c4251
08:38:14.912 [main] INFO  com.zaxxer.hikari.HikariDataSource.getConnection  122 - HikariPool-1 - Start completed.
08:38:15.112 [main] INFO  com.cloudframe.app.process.Dlcrntof.mainline  125 - Count of Securities BEFORE Delete
08:38:15.135 [main] INFO  com.cloudframe.app.process.Dlcrntof.printTbdelsecRowcnt  468 - # OF SECURITIES =  601
08:38:15.422 [main] INFO  com.cloudframe.app.process.Dlcrntof.deleteTbdelsecRows  293 - Intermediate COMMIT...
08:38:15.639 [main] INFO  com.cloudframe.app.process.Dlcrntof.deleteTbdelsecRows  293 - Intermediate COMMIT...
08:38:15.852 [main] INFO  com.cloudframe.app.process.Dlcrntof.deleteTbdelsecRows  293 - Intermediate COMMIT...
08:38:16.071 [main] INFO  com.cloudframe.app.process.Dlcrntof.deleteTbdelsecRows  293 - Intermediate COMMIT...
08:38:16.282 [main] INFO  com.cloudframe.app.process.Dlcrntof.deleteTbdelsecRows  293 - Intermediate COMMIT...
08:38:16.497 [main] INFO  com.cloudframe.app.process.Dlcrntof.deleteTbdelsecRows  293 - Intermediate COMMIT...
08:38:16.504 [main] INFO  com.cloudframe.app.process.Dlcrntof.deleteTbdelsecRows  360 - Final COMMIT...
08:38:16.512 [main] INFO  com.cloudframe.app.process.Dlcrntof.printDeletedIsin  407 - Following Securities Deleted.
08:38:16.513 [main] INFO  com.cloudframe.app.process.Dlcrntof.printDeletedIsin  409 - -----------------------------
08:38:16.514 [main] INFO  com.cloudframe.app.process.Dlcrntof.printDeletedIsin  413 -    AT0000606306
08:38:16.514 [main] INFO  com.cloudframe.app.process.Dlcrntof.printDeletedIsin  413 -    AT0000612601
08:38:16.515 [main] INFO  com.cloudframe.app.process.Dlcrntof.printDeletedIsin  413 -    AT0000642806
08:38:16.515 [main] INFO  com.cloudframe.app.process.Dlcrntof.printDeletedIsin  413 -    AT0000652011
08:38:16.516 [main] INFO  com.cloudframe.app.process.Dlcrntof.printDeletedIsin  413 -    AT0000720008
08:38:16.516 [main] INFO  com.cloudframe.app.process.Dlcrntof.printDeletedIsin  413 -    AT0000730007
08:38:16.516 [main] INFO  com.cloudframe.app.process.Dlcrntof.printDeletedIsin  413 -    AT0000743059
08:38:16.517 [main] INFO  com.cloudframe.app.process.Dlcrntof.printDeletedIsin  413 -    AT0000746409
08:38:16.517 [main] INFO  com.cloudframe.app.process.Dlcrntof.printDeletedIsin  413 -    AT0000831706
08:38:16.518 [main] INFO  com.cloudframe.app.process.Dlcrntof.printDeletedIsin  413 -    AT0000908504
08:38:16.518 [main] INFO  com.cloudframe.app.process.Dlcrntof.printDeletedIsin  413 -    AT0000937503
08:38:16.518 [main] INFO  com.cloudframe.app.process.Dlcrntof.printDeletedIsin  413 -    BE0003470755
08:38:16.519 [main] INFO  com.cloudframe.app.process.Dlcrntof.printDeletedIsin  413 -    BE0003562700
08:38:16.519 [main] INFO  com.cloudframe.app.process.Dlcrntof.printDeletedIsin  413 -    BE0003565737
08:38:16.520 [main] INFO  com.cloudframe.app.process.Dlcrntof.printDeletedIsin  413 -    BE0003593044
08:38:16.520 [main] INFO  com.cloudframe.app.process.Dlcrntof.printDeletedIsin  413 -    BE0003678894
08:38:16.521 [main] INFO  com.cloudframe.app.process.Dlcrntof.printDeletedIsin  413 -    BE0003717312
08:38:16.521 [main] INFO  com.cloudframe.app.process.Dlcrntof.printDeletedIsin  413 -    BE0003735496
08:38:16.522 [main] INFO  com.cloudframe.app.process.Dlcrntof.printDeletedIsin  413 -    BE0003739530
08:38:16.522 [main] INFO  com.cloudframe.app.process.Dlcrntof.printDeletedIsin  413 -    BE0003764785
08:38:16.522 [main] INFO  com.cloudframe.app.process.Dlcrntof.printDeletedIsin  413 -    BE0003775898
08:38:16.523 [main] INFO  com.cloudframe.app.process.Dlcrntof.printDeletedIsin  413 -    BE0003780948
08:38:16.523 [main] INFO  com.cloudframe.app.process.Dlcrntof.printDeletedIsin  413 -    BE0003793107
08:38:16.524 [main] INFO  com.cloudframe.app.process.Dlcrntof.printDeletedIsin  413 -    BE0003796134
08:38:16.524 [main] INFO  com.cloudframe.app.process.Dlcrntof.printDeletedIsin  413 -    BE0003797140
08:38:16.524 [main] INFO  com.cloudframe.app.process.Dlcrntof.printDeletedIsin  413 -    BE0003801181
08:38:16.525 [main] INFO  com.cloudframe.app.process.Dlcrntof.printDeletedIsin  413 -    BE0003810273
08:38:16.526 [main] INFO  com.cloudframe.app.process.Dlcrntof.printDeletedIsin  413 -    BE0003845626
08:38:16.526 [main] INFO  com.cloudframe.app.process.Dlcrntof.printDeletedIsin  413 -    BE0003884047
08:38:16.527 [main] INFO  com.cloudframe.app.process.Dlcrntof.printDeletedIsin  413 -    BMG196F11004
08:38:16.527 [main] INFO  com.cloudframe.app.process.Dlcrntof.printDeletedIsin  413 -    BMG7945E1057
08:38:16.527 [main] INFO  com.cloudframe.app.process.Dlcrntof.printDeletedIsin  413 -    CH0000587979
08:38:16.528 [main] INFO  com.cloudframe.app.process.Dlcrntof.printDeletedIsin  413 -    CH0002497458
08:38:16.528 [main] INFO  com.cloudframe.app.process.Dlcrntof.printDeletedIsin  413 -    CH0008038389
08:38:16.529 [main] INFO  com.cloudframe.app.process.Dlcrntof.printDeletedIsin  413 -    CH0008742519
08:38:16.529 [main] INFO  com.cloudframe.app.process.Dlcrntof.printDeletedIsin  413 -    CH0010532478
08:38:16.529 [main] INFO  com.cloudframe.app.process.Dlcrntof.printDeletedIsin  413 -    CH0010570759
08:38:16.530 [main] INFO  com.cloudframe.app.process.Dlcrntof.printDeletedIsin  413 -    CH0010645932
08:38:16.530 [main] INFO  com.cloudframe.app.process.Dlcrntof.printDeletedIsin  413 -    CH0011037469
08:38:16.531 [main] INFO  com.cloudframe.app.process.Dlcrntof.printDeletedIsin  413 -    CH0011075394
08:38:16.531 [main] INFO  com.cloudframe.app.process.Dlcrntof.printDeletedIsin  413 -    CH0012005267
08:38:16.531 [main] INFO  com.cloudframe.app.process.Dlcrntof.printDeletedIsin  413 -    CH0012032048
08:38:16.532 [main] INFO  com.cloudframe.app.process.Dlcrntof.printDeletedIsin  413 -    CH0012138530
08:38:16.532 [main] INFO  com.cloudframe.app.process.Dlcrntof.printDeletedIsin  413 -    CH0012138605
08:38:16.533 [main] INFO  com.cloudframe.app.process.Dlcrntof.printDeletedIsin  413 -    CH0012142631
08:38:16.534 [main] INFO  com.cloudframe.app.process.Dlcrntof.printDeletedIsin  413 -    CH0012214059
08:38:16.534 [main] INFO  com.cloudframe.app.process.Dlcrntof.printDeletedIsin  413 -    CH0012221716
08:38:16.534 [main] INFO  com.cloudframe.app.process.Dlcrntof.printDeletedIsin  413 -    CH0012255151
08:38:16.535 [main] INFO  com.cloudframe.app.process.Dlcrntof.printDeletedIsin  413 -    CH0012271687
08:38:16.535 [main] INFO  com.cloudframe.app.process.Dlcrntof.printDeletedIsin  413 -    CH0012280076
08:38:16.536 [main] INFO  com.cloudframe.app.process.Dlcrntof.printDeletedIsin  413 -    CH0012332372
08:38:16.536 [main] INFO  com.cloudframe.app.process.Dlcrntof.printDeletedIsin  413 -    CH0012410517
08:38:16.537 [main] INFO  com.cloudframe.app.process.Dlcrntof.printDeletedIsin  413 -    CH0012549785
08:38:16.537 [main] INFO  com.cloudframe.app.process.Dlcrntof.printDeletedIsin  413 -    CH0013841017
08:38:16.537 [main] INFO  com.cloudframe.app.process.Dlcrntof.printDeletedIsin  413 -    CH0014786500
08:38:16.538 [main] INFO  com.cloudframe.app.process.Dlcrntof.printDeletedIsin  413 -    CH0014852781
08:38:16.538 [main] INFO  com.cloudframe.app.process.Dlcrntof.printDeletedIsin  413 -    CH0015536466
08:38:16.539 [main] INFO  com.cloudframe.app.process.Dlcrntof.printDeletedIsin  413 -    CH0018294154
08:38:16.539 [main] INFO  com.cloudframe.app.process.Dlcrntof.printDeletedIsin  413 -    CH0021607004
08:38:16.539 [main] INFO  com.cloudframe.app.process.Dlcrntof.printDeletedIsin  413 -    CH0021783391
08:38:16.540 [main] INFO  com.cloudframe.app.process.Dlcrntof.printDeletedIsin  413 -    CH0024608827
08:38:16.540 [main] INFO  com.cloudframe.app.process.Dlcrntof.printDeletedIsin  413 -    CH0024638196
08:38:16.540 [main] INFO  com.cloudframe.app.process.Dlcrntof.printDeletedIsin  413 -    CH0024899483
08:38:16.541 [main] INFO  com.cloudframe.app.process.Dlcrntof.printDeletedIsin  413 -    CH0025238863
08:38:16.541 [main] INFO  com.cloudframe.app.process.Dlcrntof.printDeletedIsin  413 -    CH0025751329
08:38:16.541 [main] INFO  com.cloudframe.app.process.Dlcrntof.printDeletedIsin  413 -    CH0027752242
08:38:16.542 [main] INFO  com.cloudframe.app.process.Dlcrntof.printDeletedIsin  413 -    CH0030170408
08:38:16.542 [main] INFO  com.cloudframe.app.process.Dlcrntof.printDeletedIsin  413 -    CH0034389707
08:38:16.543 [main] INFO  com.cloudframe.app.process.Dlcrntof.printDeletedIsin  413 -    CH0037851646
08:38:16.543 [main] INFO  com.cloudframe.app.process.Dlcrntof.printDeletedIsin  413 -    CH0038388911
08:38:16.543 [main] INFO  com.cloudframe.app.process.Dlcrntof.printDeletedIsin  413 -    CH0038389992
08:38:16.544 [main] INFO  com.cloudframe.app.process.Dlcrntof.printDeletedIsin  413 -    CH0038863350
08:38:16.544 [main] INFO  com.cloudframe.app.process.Dlcrntof.printDeletedIsin  413 -    CH0043238366
08:38:16.544 [main] INFO  com.cloudframe.app.process.Dlcrntof.printDeletedIsin  413 -    CH0045039655
08:38:16.545 [main] INFO  com.cloudframe.app.process.Dlcrntof.printDeletedIsin  413 -    CH0102484968
08:38:16.545 [main] INFO  com.cloudframe.app.process.Dlcrntof.printDeletedIsin  413 -    CH0102659627
08:38:16.546 [main] INFO  com.cloudframe.app.process.Dlcrntof.printDeletedIsin  413 -    CY0100470919
08:38:16.546 [main] INFO  com.cloudframe.app.process.Dlcrntof.printDeletedIsin  413 -    DE000A0CAYB2
08:38:16.546 [main] INFO  com.cloudframe.app.process.Dlcrntof.printDeletedIsin  413 -    DE000A0D9PT0
08:38:16.547 [main] INFO  com.cloudframe.app.process.Dlcrntof.printDeletedIsin  413 -    DE000A0N4P43
08:38:16.547 [main] INFO  com.cloudframe.app.process.Dlcrntof.printDeletedIsin  413 -    DE000A0WMPJ6
08:38:16.547 [main] INFO  com.cloudframe.app.process.Dlcrntof.printDeletedIsin  413 -    DE000BAY0017
08:38:16.548 [main] INFO  com.cloudframe.app.process.Dlcrntof.printDeletedIsin  413 -    DE000CLS1001
08:38:16.548 [main] INFO  com.cloudframe.app.process.Dlcrntof.printDeletedIsin  413 -    DE000ENAG999
08:38:16.548 [main] INFO  com.cloudframe.app.process.Dlcrntof.printDeletedIsin  413 -    DE000PAH0038
08:38:16.549 [main] INFO  com.cloudframe.app.process.Dlcrntof.printDeletedIsin  413 -    DE000SYM9999
08:38:16.549 [main] INFO  com.cloudframe.app.process.Dlcrntof.printDeletedIsin  413 -    DE000WCH8881
08:38:16.549 [main] INFO  com.cloudframe.app.process.Dlcrntof.printDeletedIsin  413 -    DE0003304002
08:38:16.550 [main] INFO  com.cloudframe.app.process.Dlcrntof.printDeletedIsin  413 -    DE0005003404
08:38:16.550 [main] INFO  com.cloudframe.app.process.Dlcrntof.printDeletedIsin  413 -    DE0005089031
08:38:16.550 [main] INFO  com.cloudframe.app.process.Dlcrntof.printDeletedIsin  413 -    DE0005108401
08:38:16.551 [main] INFO  com.cloudframe.app.process.Dlcrntof.printDeletedIsin  413 -    DE0005140008
08:38:16.551 [main] INFO  com.cloudframe.app.process.Dlcrntof.printDeletedIsin  413 -    DE0005151005
08:38:16.552 [main] INFO  com.cloudframe.app.process.Dlcrntof.printDeletedIsin  413 -    DE0005190003
08:38:16.552 [main] INFO  com.cloudframe.app.process.Dlcrntof.printDeletedIsin  413 -    DE0005200000
08:38:16.553 [main] INFO  com.cloudframe.app.process.Dlcrntof.printDeletedIsin  413 -    DE0005470405
08:38:16.553 [main] INFO  com.cloudframe.app.process.Dlcrntof.printDeletedIsin  413 -    DE0005552004
08:38:16.553 [main] INFO  com.cloudframe.app.process.Dlcrntof.printDeletedIsin  413 -    DE0005557508
08:38:16.554 [main] INFO  com.cloudframe.app.process.Dlcrntof.printDeletedIsin  413 -    DE0005558662
08:38:16.554 [main] INFO  com.cloudframe.app.process.Dlcrntof.printDeletedIsin  413 -    DE0005773303
08:38:16.554 [main] INFO  com.cloudframe.app.process.Dlcrntof.printDeletedIsin  413 -    DE0005785638
08:38:16.555 [main] INFO  com.cloudframe.app.process.Dlcrntof.printDeletedIsin  413 -    DE0005785802
08:38:16.555 [main] INFO  com.cloudframe.app.process.Dlcrntof.printDeletedIsin  413 -    DE0005810055
08:38:16.555 [main] INFO  com.cloudframe.app.process.Dlcrntof.printDeletedIsin  413 -    DE0005909006
08:38:16.556 [main] INFO  com.cloudframe.app.process.Dlcrntof.printDeletedIsin  413 -    DE0005937007
08:38:16.556 [main] INFO  com.cloudframe.app.process.Dlcrntof.printDeletedIsin  413 -    DE0006047004
08:38:16.557 [main] INFO  com.cloudframe.app.process.Dlcrntof.printDeletedIsin  413 -    DE0006048432
08:38:16.558 [main] INFO  com.cloudframe.app.process.Dlcrntof.printDeletedIsin  413 -    DE0006070006
08:38:16.558 [main] INFO  com.cloudframe.app.process.Dlcrntof.printDeletedIsin  413 -    DE0006202005
08:38:16.559 [main] INFO  com.cloudframe.app.process.Dlcrntof.printDeletedIsin  413 -    DE0006231004
08:38:16.559 [main] INFO  com.cloudframe.app.process.Dlcrntof.printDeletedIsin  413 -    DE0006483001
08:38:16.560 [main] INFO  com.cloudframe.app.process.Dlcrntof.printDeletedIsin  413 -    DE0006599905
08:38:16.560 [main] INFO  com.cloudframe.app.process.Dlcrntof.printDeletedIsin  413 -    DE0006602006
08:38:16.560 [main] INFO  com.cloudframe.app.process.Dlcrntof.printDeletedIsin  413 -    DE0006766504
08:38:16.561 [main] INFO  com.cloudframe.app.process.Dlcrntof.printDeletedIsin  413 -    DE0006969603
08:38:16.561 [main] INFO  com.cloudframe.app.process.Dlcrntof.printDeletedIsin  413 -    DE0007030009
08:38:16.561 [main] INFO  com.cloudframe.app.process.Dlcrntof.printDeletedIsin  413 -    DE0007037129
08:38:16.562 [main] INFO  com.cloudframe.app.process.Dlcrntof.printDeletedIsin  413 -    DE0007042301
08:38:16.562 [main] INFO  com.cloudframe.app.process.Dlcrntof.printDeletedIsin  413 -    DE0007100000
08:38:16.562 [main] INFO  com.cloudframe.app.process.Dlcrntof.printDeletedIsin  413 -    DE0007162000
08:38:16.563 [main] INFO  com.cloudframe.app.process.Dlcrntof.printDeletedIsin  413 -    DE0007164600
08:38:16.563 [main] INFO  com.cloudframe.app.process.Dlcrntof.printDeletedIsin  413 -    DE0007235301
08:38:16.563 [main] INFO  com.cloudframe.app.process.Dlcrntof.printDeletedIsin  413 -    DE0007236101
08:38:16.564 [main] INFO  com.cloudframe.app.process.Dlcrntof.printDeletedIsin  413 -    DE0007251803
08:38:16.564 [main] INFO  com.cloudframe.app.process.Dlcrntof.printDeletedIsin  413 -    DE0007257503
08:38:16.564 [main] INFO  com.cloudframe.app.process.Dlcrntof.printDeletedIsin  413 -    DE0007297004
08:38:16.564 [main] INFO  com.cloudframe.app.process.Dlcrntof.printDeletedIsin  413 -    DE0007500001
08:38:16.565 [main] INFO  com.cloudframe.app.process.Dlcrntof.printDeletedIsin  413 -    DE0007664005
08:38:16.565 [main] INFO  com.cloudframe.app.process.Dlcrntof.printDeletedIsin  413 -    DE0008001009
08:38:16.565 [main] INFO  com.cloudframe.app.process.Dlcrntof.printDeletedIsin  413 -    DE0008032004
08:38:16.566 [main] INFO  com.cloudframe.app.process.Dlcrntof.printDeletedIsin  413 -    DE0008232125
08:38:16.566 [main] INFO  com.cloudframe.app.process.Dlcrntof.printDeletedIsin  413 -    DE0008402215
08:38:16.566 [main] INFO  com.cloudframe.app.process.Dlcrntof.printDeletedIsin  413 -    DE0008404005
08:38:16.566 [main] INFO  com.cloudframe.app.process.Dlcrntof.printDeletedIsin  413 -    DE0008430026
08:38:16.567 [main] INFO  com.cloudframe.app.process.Dlcrntof.printDeletedIsin  413 -    DK0010181759
08:38:16.567 [main] INFO  com.cloudframe.app.process.Dlcrntof.printDeletedIsin  413 -    DK0010207497
08:38:16.567 [main] INFO  com.cloudframe.app.process.Dlcrntof.printDeletedIsin  413 -    DK0010234467
08:38:16.567 [main] INFO  com.cloudframe.app.process.Dlcrntof.printDeletedIsin  413 -    DK0010244508
08:38:16.568 [main] INFO  com.cloudframe.app.process.Dlcrntof.printDeletedIsin  413 -    DK0010259530
08:38:16.568 [main] INFO  com.cloudframe.app.process.Dlcrntof.printDeletedIsin  413 -    DK0010268440
08:38:16.568 [main] INFO  com.cloudframe.app.process.Dlcrntof.printDeletedIsin  413 -    DK0010268606
08:38:16.569 [main] INFO  com.cloudframe.app.process.Dlcrntof.printDeletedIsin  413 -    DK0010272129
08:38:16.569 [main] INFO  com.cloudframe.app.process.Dlcrntof.printDeletedIsin  413 -    DK0010272202
08:38:16.569 [main] INFO  com.cloudframe.app.process.Dlcrntof.printDeletedIsin  413 -    DK0010274414
08:38:16.570 [main] INFO  com.cloudframe.app.process.Dlcrntof.printDeletedIsin  413 -    DK0010287234
08:38:16.570 [main] INFO  com.cloudframe.app.process.Dlcrntof.printDeletedIsin  413 -    DK0010307958
08:38:16.570 [main] INFO  com.cloudframe.app.process.Dlcrntof.printDeletedIsin  413 -    DK0010309657
08:38:16.570 [main] INFO  com.cloudframe.app.process.Dlcrntof.printDeletedIsin  413 -    DK0010311471
08:38:16.571 [main] INFO  com.cloudframe.app.process.Dlcrntof.printDeletedIsin  413 -    DK0060013274
08:38:16.571 [main] INFO  com.cloudframe.app.process.Dlcrntof.printDeletedIsin  413 -    DK0060079531
08:38:16.571 [main] INFO  com.cloudframe.app.process.Dlcrntof.printDeletedIsin  413 -    DK0060102614
08:38:16.572 [main] INFO  com.cloudframe.app.process.Dlcrntof.printDeletedIsin  413 -    ES0111845014
08:38:16.572 [main] INFO  com.cloudframe.app.process.Dlcrntof.printDeletedIsin  413 -    ES0112501012
08:38:16.572 [main] INFO  com.cloudframe.app.process.Dlcrntof.printDeletedIsin  413 -    ES0113211835
08:38:16.572 [main] INFO  com.cloudframe.app.process.Dlcrntof.printDeletedIsin  413 -    ES0113679I37
08:38:16.573 [main] INFO  com.cloudframe.app.process.Dlcrntof.printDeletedIsin  413 -    ES0113790531
08:38:16.573 [main] INFO  com.cloudframe.app.process.Dlcrntof.printDeletedIsin  413 -    ES0113860A34
08:38:16.573 [main] INFO  com.cloudframe.app.process.Dlcrntof.printDeletedIsin  413 -    ES0113900J37
08:38:16.574 [main] INFO  com.cloudframe.app.process.Dlcrntof.printDeletedIsin  413 -    ES0113980F34
08:38:16.574 [main] INFO  com.cloudframe.app.process.Dlcrntof.printDeletedIsin  413 -    ES0115056139
08:38:16.574 [main] INFO  com.cloudframe.app.process.Dlcrntof.printDeletedIsin  413 -    ES0116870314
08:38:16.574 [main] INFO  com.cloudframe.app.process.Dlcrntof.printDeletedIsin  413 -    ES0117160111
08:38:16.575 [main] INFO  com.cloudframe.app.process.Dlcrntof.printDeletedIsin  413 -    ES0118594417
08:38:16.575 [main] INFO  com.cloudframe.app.process.Dlcrntof.printDeletedIsin  413 -    ES0118900010
08:38:16.575 [main] INFO  com.cloudframe.app.process.Dlcrntof.printDeletedIsin  413 -    ES0122060314
08:38:16.576 [main] INFO  com.cloudframe.app.process.Dlcrntof.printDeletedIsin  413 -    ES0124244E34
08:38:16.576 [main] INFO  com.cloudframe.app.process.Dlcrntof.printDeletedIsin  413 -    ES0125220311
08:38:16.576 [main] INFO  com.cloudframe.app.process.Dlcrntof.printDeletedIsin  413 -    ES0127797019
08:38:16.576 [main] INFO  com.cloudframe.app.process.Dlcrntof.printDeletedIsin  413 -    ES0130670112
08:38:16.577 [main] INFO  com.cloudframe.app.process.Dlcrntof.printDeletedIsin  413 -    ES0130960018
08:38:16.577 [main] INFO  com.cloudframe.app.process.Dlcrntof.printDeletedIsin  413 -    ES0132105018
08:38:16.577 [main] INFO  com.cloudframe.app.process.Dlcrntof.printDeletedIsin  413 -    ES0140609019
08:38:16.578 [main] INFO  com.cloudframe.app.process.Dlcrntof.printDeletedIsin  413 -    ES0143416115
08:38:16.578 [main] INFO  com.cloudframe.app.process.Dlcrntof.printDeletedIsin  413 -    ES0144580Y14
08:38:16.579 [main] INFO  com.cloudframe.app.process.Dlcrntof.printDeletedIsin  413 -    ES0147200036
08:38:16.579 [main] INFO  com.cloudframe.app.process.Dlcrntof.printDeletedIsin  413 -    ES0147645016
08:38:16.580 [main] INFO  com.cloudframe.app.process.Dlcrntof.printDeletedIsin  413 -    ES0148396015
08:38:16.580 [main] INFO  com.cloudframe.app.process.Dlcrntof.printDeletedIsin  413 -    ES0167050915
08:38:16.580 [main] INFO  com.cloudframe.app.process.Dlcrntof.printDeletedIsin  413 -    ES0171996012
08:38:16.581 [main] INFO  com.cloudframe.app.process.Dlcrntof.printDeletedIsin  413 -    ES0173093115
08:38:16.581 [main] INFO  com.cloudframe.app.process.Dlcrntof.printDeletedIsin  413 -    ES0173516115
08:38:16.581 [main] INFO  com.cloudframe.app.process.Dlcrntof.printDeletedIsin  413 -    ES0178430E18
08:38:16.581 [main] INFO  com.cloudframe.app.process.Dlcrntof.printDeletedIsin  413 -    ES0182870214
08:38:16.582 [main] INFO  com.cloudframe.app.process.Dlcrntof.printDeletedIsin  413 -    ES0184933812
08:38:16.582 [main] INFO  com.cloudframe.app.process.Dlcrntof.printDeletedIsin  413 -    FI0009000202
08:38:16.582 [main] INFO  com.cloudframe.app.process.Dlcrntof.printDeletedIsin  413 -    FI0009000681
08:38:16.583 [main] INFO  com.cloudframe.app.process.Dlcrntof.printDeletedIsin  413 -    FI0009002422
08:38:16.583 [main] INFO  com.cloudframe.app.process.Dlcrntof.printDeletedIsin  413 -    FI0009003222
08:38:16.583 [main] INFO  com.cloudframe.app.process.Dlcrntof.printDeletedIsin  413 -    FI0009003305
08:38:16.584 [main] INFO  com.cloudframe.app.process.Dlcrntof.printDeletedIsin  413 -    FI0009003552
08:38:16.584 [main] INFO  com.cloudframe.app.process.Dlcrntof.printDeletedIsin  413 -    FI0009003727
08:38:16.584 [main] INFO  com.cloudframe.app.process.Dlcrntof.printDeletedIsin  413 -    FI0009005318
08:38:16.584 [main] INFO  com.cloudframe.app.process.Dlcrntof.printDeletedIsin  413 -    FI0009005870
08:38:16.585 [main] INFO  com.cloudframe.app.process.Dlcrntof.printDeletedIsin  413 -    FI0009005961
08:38:16.585 [main] INFO  com.cloudframe.app.process.Dlcrntof.printDeletedIsin  413 -    FI0009005987
08:38:16.586 [main] INFO  com.cloudframe.app.process.Dlcrntof.printDeletedIsin  413 -    FI0009007132
08:38:16.586 [main] INFO  com.cloudframe.app.process.Dlcrntof.printDeletedIsin  413 -    FI0009007694
08:38:16.586 [main] INFO  com.cloudframe.app.process.Dlcrntof.printDeletedIsin  413 -    FI0009007835
08:38:16.586 [main] INFO  com.cloudframe.app.process.Dlcrntof.printDeletedIsin  413 -    FI0009007884
08:38:16.587 [main] INFO  com.cloudframe.app.process.Dlcrntof.printDeletedIsin  413 -    FI0009013296
08:38:16.587 [main] INFO  com.cloudframe.app.process.Dlcrntof.printDeletedIsin  413 -    FI0009013403
08:38:16.587 [main] INFO  com.cloudframe.app.process.Dlcrntof.printDeletedIsin  413 -    FI0009014377
08:38:16.587 [main] INFO  com.cloudframe.app.process.Dlcrntof.printDeletedIsin  413 -    FI0009800643
08:38:16.588 [main] INFO  com.cloudframe.app.process.Dlcrntof.printDeletedIsin  413 -    FR0000031122
08:38:16.588 [main] INFO  com.cloudframe.app.process.Dlcrntof.printDeletedIsin  413 -    FR0000035081
08:38:16.588 [main] INFO  com.cloudframe.app.process.Dlcrntof.printDeletedIsin  413 -    FR0000044448
08:38:16.588 [main] INFO  com.cloudframe.app.process.Dlcrntof.printDeletedIsin  413 -    FR0000045072
08:38:16.589 [main] INFO  com.cloudframe.app.process.Dlcrntof.printDeletedIsin  413 -    FR0000051070
08:38:16.589 [main] INFO  com.cloudframe.app.process.Dlcrntof.printDeletedIsin  413 -    FR0000051732
08:38:16.589 [main] INFO  com.cloudframe.app.process.Dlcrntof.printDeletedIsin  413 -    FR0000051807
08:38:16.589 [main] INFO  com.cloudframe.app.process.Dlcrntof.printDeletedIsin  413 -    FR0000052292
08:38:16.590 [main] INFO  com.cloudframe.app.process.Dlcrntof.printDeletedIsin  413 -    FR0000053225
08:38:16.590 [main] INFO  com.cloudframe.app.process.Dlcrntof.printDeletedIsin  413 -    FR0000054470
08:38:16.590 [main] INFO  com.cloudframe.app.process.Dlcrntof.printDeletedIsin  413 -    FR0000054900
08:38:16.590 [main] INFO  com.cloudframe.app.process.Dlcrntof.printDeletedIsin  413 -    FR0000064578
08:38:16.591 [main] INFO  com.cloudframe.app.process.Dlcrntof.printDeletedIsin  413 -    FR0000073272
08:38:16.591 [main] INFO  com.cloudframe.app.process.Dlcrntof.printDeletedIsin  413 -    FR0000077919
08:38:16.591 [main] INFO  com.cloudframe.app.process.Dlcrntof.printDeletedIsin  413 -    FR0000120073
08:38:16.591 [main] INFO  com.cloudframe.app.process.Dlcrntof.printDeletedIsin  413 -    FR0000120164
08:38:16.592 [main] INFO  com.cloudframe.app.process.Dlcrntof.printDeletedIsin  413 -    FR0000120172
08:38:16.592 [main] INFO  com.cloudframe.app.process.Dlcrntof.printDeletedIsin  413 -    FR0000120222
08:38:16.592 [main] INFO  com.cloudframe.app.process.Dlcrntof.printDeletedIsin  413 -    FR0000120271
08:38:16.593 [main] INFO  com.cloudframe.app.process.Dlcrntof.printDeletedIsin  413 -    FR0000120321
08:38:16.593 [main] INFO  com.cloudframe.app.process.Dlcrntof.printDeletedIsin  413 -    FR0000120354
08:38:16.593 [main] INFO  com.cloudframe.app.process.Dlcrntof.printDeletedIsin  413 -    FR0000120404
08:38:16.593 [main] INFO  com.cloudframe.app.process.Dlcrntof.printDeletedIsin  413 -    FR0000120503
08:38:16.594 [main] INFO  com.cloudframe.app.process.Dlcrntof.printDeletedIsin  413 -    FR0000120537
08:38:16.594 [main] INFO  com.cloudframe.app.process.Dlcrntof.printDeletedIsin  413 -    FR0000120560
08:38:16.594 [main] INFO  com.cloudframe.app.process.Dlcrntof.printDeletedIsin  413 -    FR0000120578
08:38:16.594 [main] INFO  com.cloudframe.app.process.Dlcrntof.printDeletedIsin  413 -    FR0000120628
08:38:16.595 [main] INFO  com.cloudframe.app.process.Dlcrntof.printDeletedIsin  413 -    FR0000120644
08:38:16.595 [main] INFO  com.cloudframe.app.process.Dlcrntof.printDeletedIsin  413 -    FR0000120685
08:38:16.595 [main] INFO  com.cloudframe.app.process.Dlcrntof.printDeletedIsin  413 -    FR0000120693
08:38:16.596 [main] INFO  com.cloudframe.app.process.Dlcrntof.printDeletedIsin  413 -    FR0000120859
08:38:16.596 [main] INFO  com.cloudframe.app.process.Dlcrntof.printDeletedIsin  413 -    FR0000120966
08:38:16.596 [main] INFO  com.cloudframe.app.process.Dlcrntof.printDeletedIsin  413 -    FR0000121014
08:38:16.597 [main] INFO  com.cloudframe.app.process.Dlcrntof.printDeletedIsin  413 -    FR0000121121
08:38:16.597 [main] INFO  com.cloudframe.app.process.Dlcrntof.printDeletedIsin  413 -    FR0000121204
08:38:16.597 [main] INFO  com.cloudframe.app.process.Dlcrntof.printDeletedIsin  413 -    FR0000121220
08:38:16.598 [main] INFO  com.cloudframe.app.process.Dlcrntof.printDeletedIsin  413 -    FR0000121261
08:38:16.598 [main] INFO  com.cloudframe.app.process.Dlcrntof.printDeletedIsin  413 -    FR0000121329
08:38:16.598 [main] INFO  com.cloudframe.app.process.Dlcrntof.printDeletedIsin  413 -    FR0000121485
08:38:16.598 [main] INFO  com.cloudframe.app.process.Dlcrntof.printDeletedIsin  413 -    FR0000121501
08:38:16.599 [main] INFO  com.cloudframe.app.process.Dlcrntof.printDeletedIsin  413 -    FR0000121667
08:38:16.599 [main] INFO  com.cloudframe.app.process.Dlcrntof.printDeletedIsin  413 -    FR0000121964
08:38:16.599 [main] INFO  com.cloudframe.app.process.Dlcrntof.printDeletedIsin  413 -    FR0000121972
08:38:16.599 [main] INFO  com.cloudframe.app.process.Dlcrntof.printDeletedIsin  413 -    FR0000124141
08:38:16.600 [main] INFO  com.cloudframe.app.process.Dlcrntof.printDeletedIsin  413 -    FR0000124711
08:38:16.600 [main] INFO  com.cloudframe.app.process.Dlcrntof.printDeletedIsin  413 -    FR0000125007
08:38:16.617 [main] INFO  com.cloudframe.app.process.Dlcrntof.printDeletedIsin  413 -    FR0000125338
08:38:16.620 [main] INFO  com.cloudframe.app.process.Dlcrntof.printDeletedIsin  413 -    FR0000125486
08:38:16.620 [main] INFO  com.cloudframe.app.process.Dlcrntof.printDeletedIsin  413 -    FR0000125585
08:38:16.620 [main] INFO  com.cloudframe.app.process.Dlcrntof.printDeletedIsin  413 -    FR0000125684
08:38:16.620 [main] INFO  com.cloudframe.app.process.Dlcrntof.printDeletedIsin  413 -    FR0000127771
08:38:16.621 [main] INFO  com.cloudframe.app.process.Dlcrntof.printDeletedIsin  413 -    FR0000130007
08:38:16.621 [main] INFO  com.cloudframe.app.process.Dlcrntof.printDeletedIsin  413 -    FR0000130213
08:38:16.621 [main] INFO  com.cloudframe.app.process.Dlcrntof.printDeletedIsin  413 -    FR0000130338
08:38:16.622 [main] INFO  com.cloudframe.app.process.Dlcrntof.printDeletedIsin  413 -    FR0000130403
08:38:16.622 [main] INFO  com.cloudframe.app.process.Dlcrntof.printDeletedIsin  413 -    FR0000130452
08:38:16.622 [main] INFO  com.cloudframe.app.process.Dlcrntof.printDeletedIsin  413 -    FR0000130577
08:38:16.623 [main] INFO  com.cloudframe.app.process.Dlcrntof.printDeletedIsin  413 -    FR0000130650
08:38:16.623 [main] INFO  com.cloudframe.app.process.Dlcrntof.printDeletedIsin  413 -    FR0000130809
08:38:16.623 [main] INFO  com.cloudframe.app.process.Dlcrntof.printDeletedIsin  413 -    FR0000131104
08:38:16.623 [main] INFO  com.cloudframe.app.process.Dlcrntof.printDeletedIsin  413 -    FR0000131708
08:38:16.624 [main] INFO  com.cloudframe.app.process.Dlcrntof.printDeletedIsin  413 -    FR0000131757
08:38:16.624 [main] INFO  com.cloudframe.app.process.Dlcrntof.printDeletedIsin  413 -    FR0000131906
08:38:16.624 [main] INFO  com.cloudframe.app.process.Dlcrntof.printDeletedIsin  413 -    FR0000133308
08:38:16.624 [main] INFO  com.cloudframe.app.process.Dlcrntof.printDeletedIsin  413 -    FR0004035913
08:38:16.624 [main] INFO  com.cloudframe.app.process.Dlcrntof.printDeletedIsin  413 -    FR0004548873
08:38:16.625 [main] INFO  com.cloudframe.app.process.Dlcrntof.printDeletedIsin  413 -    FR0006174348
08:38:16.625 [main] INFO  com.cloudframe.app.process.Dlcrntof.printDeletedIsin  413 -    FR0010040865
08:38:16.625 [main] INFO  com.cloudframe.app.process.Dlcrntof.printDeletedIsin  413 -    FR0010096354
08:38:16.625 [main] INFO  com.cloudframe.app.process.Dlcrntof.printDeletedIsin  413 -    FR0010096479
08:38:16.626 [main] INFO  com.cloudframe.app.process.Dlcrntof.printDeletedIsin  413 -    FR0010208488
08:38:16.626 [main] INFO  com.cloudframe.app.process.Dlcrntof.printDeletedIsin  413 -    FR0010220475
08:38:16.626 [main] INFO  com.cloudframe.app.process.Dlcrntof.printDeletedIsin  413 -    FR0010221234
08:38:16.626 [main] INFO  com.cloudframe.app.process.Dlcrntof.printDeletedIsin  413 -    FR0010242511
08:38:16.626 [main] INFO  com.cloudframe.app.process.Dlcrntof.printDeletedIsin  413 -    FR0010307819
08:38:16.627 [main] INFO  com.cloudframe.app.process.Dlcrntof.printDeletedIsin  413 -    FR0010313833
08:38:16.627 [main] INFO  com.cloudframe.app.process.Dlcrntof.printDeletedIsin  413 -    FR0010340141
08:38:16.627 [main] INFO  com.cloudframe.app.process.Dlcrntof.printDeletedIsin  413 -    FR0010411983
08:38:16.628 [main] INFO  com.cloudframe.app.process.Dlcrntof.printDeletedIsin  413 -    FR0010533075
08:38:16.628 [main] INFO  com.cloudframe.app.process.Dlcrntof.printDeletedIsin  413 -    FR0010613471
08:38:16.628 [main] INFO  com.cloudframe.app.process.Dlcrntof.printDeletedIsin  413 -    GB00B0HZPV38
08:38:16.628 [main] INFO  com.cloudframe.app.process.Dlcrntof.printDeletedIsin  413 -    GB00B0HZP136
08:38:16.628 [main] INFO  com.cloudframe.app.process.Dlcrntof.printDeletedIsin  413 -    GB00B0H2K534
08:38:16.629 [main] INFO  com.cloudframe.app.process.Dlcrntof.printDeletedIsin  413 -    GB00B0SWJX34
08:38:16.629 [main] INFO  com.cloudframe.app.process.Dlcrntof.printDeletedIsin  413 -    GB00B0WMWD03
08:38:16.629 [main] INFO  com.cloudframe.app.process.Dlcrntof.printDeletedIsin  413 -    GB00B0ZSH635
08:38:16.630 [main] INFO  com.cloudframe.app.process.Dlcrntof.printDeletedIsin  413 -    GB00B01C3S32
08:38:16.630 [main] INFO  com.cloudframe.app.process.Dlcrntof.printDeletedIsin  413 -    GB00B01FLG62
08:38:16.630 [main] INFO  com.cloudframe.app.process.Dlcrntof.printDeletedIsin  413 -    GB00B019KW72
08:38:16.630 [main] INFO  com.cloudframe.app.process.Dlcrntof.printDeletedIsin  413 -    GB00B02J6398
08:38:16.631 [main] INFO  com.cloudframe.app.process.Dlcrntof.printDeletedIsin  413 -    GB00B02L3W35
08:38:16.631 [main] INFO  com.cloudframe.app.process.Dlcrntof.printDeletedIsin  413 -    GB00B03MLX29
08:38:16.631 [main] INFO  com.cloudframe.app.process.Dlcrntof.printDeletedIsin  413 -    GB00B033F229
08:38:16.631 [main] INFO  com.cloudframe.app.process.Dlcrntof.printDeletedIsin  413 -    GB00B06QFB75
08:38:16.632 [main] INFO  com.cloudframe.app.process.Dlcrntof.printDeletedIsin  413 -    GB00B07KD360
08:38:16.632 [main] INFO  com.cloudframe.app.process.Dlcrntof.printDeletedIsin  413 -    GB00B0744B38
08:38:16.632 [main] INFO  com.cloudframe.app.process.Dlcrntof.printDeletedIsin  413 -    GB00B08SNH34
08:38:16.632 [main] INFO  com.cloudframe.app.process.Dlcrntof.printDeletedIsin  413 -    GB00B082RF11
08:38:16.633 [main] INFO  com.cloudframe.app.process.Dlcrntof.printDeletedIsin  413 -    GB00B09LSH68
08:38:16.633 [main] INFO  com.cloudframe.app.process.Dlcrntof.printDeletedIsin  413 -    GB00B1CRLC47
08:38:16.633 [main] INFO  com.cloudframe.app.process.Dlcrntof.printDeletedIsin  413 -    GB00B1FH8J72
08:38:16.633 [main] INFO  com.cloudframe.app.process.Dlcrntof.printDeletedIsin  413 -    GB00B1FP6H53
08:38:16.634 [main] INFO  com.cloudframe.app.process.Dlcrntof.printDeletedIsin  413 -    GB00B1KJJ408
08:38:16.634 [main] INFO  com.cloudframe.app.process.Dlcrntof.printDeletedIsin  413 -    GB00B1L8B624
08:38:16.634 [main] INFO  com.cloudframe.app.process.Dlcrntof.printDeletedIsin  413 -    GB00B1VJ6Q03
08:38:16.635 [main] INFO  com.cloudframe.app.process.Dlcrntof.printDeletedIsin  413 -    GB00B1VNSX38
08:38:16.635 [main] INFO  com.cloudframe.app.process.Dlcrntof.printDeletedIsin  413 -    GB00B1VYCH82
08:38:16.635 [main] INFO  com.cloudframe.app.process.Dlcrntof.printDeletedIsin  413 -    GB00B1WQCS47
08:38:16.635 [main] INFO  com.cloudframe.app.process.Dlcrntof.printDeletedIsin  413 -    GB00B1WY2338
08:38:16.635 [main] INFO  com.cloudframe.app.process.Dlcrntof.printDeletedIsin  413 -    GB00B1XZS820
08:38:16.636 [main] INFO  com.cloudframe.app.process.Dlcrntof.printDeletedIsin  413 -    GB00B1YW4409
08:38:16.636 [main] INFO  com.cloudframe.app.process.Dlcrntof.printDeletedIsin  413 -    GB00B1Z4ST84
08:38:16.636 [main] INFO  com.cloudframe.app.process.Dlcrntof.printDeletedIsin  413 -    GB00B1Z7RQ77
08:38:16.636 [main] INFO  com.cloudframe.app.process.Dlcrntof.printDeletedIsin  413 -    GB00B10QTX02
08:38:16.637 [main] INFO  com.cloudframe.app.process.Dlcrntof.printDeletedIsin  413 -    GB00B10RZP78
08:38:16.637 [main] INFO  com.cloudframe.app.process.Dlcrntof.printDeletedIsin  413 -    GB00B126KH97
08:38:16.637 [main] INFO  com.cloudframe.app.process.Dlcrntof.printDeletedIsin  413 -    GB00B132NW22
08:38:16.637 [main] INFO  com.cloudframe.app.process.Dlcrntof.printDeletedIsin  413 -    GB00B16GWD56
08:38:16.638 [main] INFO  com.cloudframe.app.process.Dlcrntof.printDeletedIsin  413 -    GB00B16KPT44
08:38:16.638 [main] INFO  com.cloudframe.app.process.Dlcrntof.printDeletedIsin  413 -    GB00B17BBQ50
08:38:16.638 [main] INFO  com.cloudframe.app.process.Dlcrntof.printDeletedIsin  413 -    GB00B18V8630
08:38:16.638 [main] INFO  com.cloudframe.app.process.Dlcrntof.printDeletedIsin  413 -    GB00B19DVX61
08:38:16.638 [main] INFO  com.cloudframe.app.process.Dlcrntof.printDeletedIsin  413 -    GB00B19NKB76
08:38:16.639 [main] INFO  com.cloudframe.app.process.Dlcrntof.printDeletedIsin  413 -    GB00B19NLV48
08:38:16.639 [main] INFO  com.cloudframe.app.process.Dlcrntof.printDeletedIsin  413 -    GB00B2B0DG97
08:38:16.639 [main] INFO  com.cloudframe.app.process.Dlcrntof.printDeletedIsin  413 -    GB00B2PF6M70
08:38:16.640 [main] INFO  com.cloudframe.app.process.Dlcrntof.printDeletedIsin  413 -    GB00B2QPKJ12
08:38:16.640 [main] INFO  com.cloudframe.app.process.Dlcrntof.printDeletedIsin  413 -    GB00B23K0M20
08:38:16.640 [main] INFO  com.cloudframe.app.process.Dlcrntof.printDeletedIsin  413 -    GB00B24CGK77
08:38:16.640 [main] INFO  com.cloudframe.app.process.Dlcrntof.printDeletedIsin  413 -    GB00B28KQ186
08:38:16.641 [main] INFO  com.cloudframe.app.process.Dlcrntof.printDeletedIsin  413 -    GB00B29BCK10
08:38:16.641 [main] INFO  com.cloudframe.app.process.Dlcrntof.printDeletedIsin  413 -    GB00B2988H17
08:38:16.641 [main] INFO  com.cloudframe.app.process.Dlcrntof.printDeletedIsin  413 -    GB00B3DGH821
08:38:16.641 [main] INFO  com.cloudframe.app.process.Dlcrntof.printDeletedIsin  413 -    GB00B3WK5475
08:38:16.641 [main] INFO  com.cloudframe.app.process.Dlcrntof.printDeletedIsin  413 -    GB00B39J2M42
08:38:16.642 [main] INFO  com.cloudframe.app.process.Dlcrntof.printDeletedIsin  413 -    GB00B5ZN1N88
08:38:16.642 [main] INFO  com.cloudframe.app.process.Dlcrntof.printDeletedIsin  413 -    GB00B5ZN3P43
08:38:16.642 [main] INFO  com.cloudframe.app.process.Dlcrntof.printDeletedIsin  413 -    GB00B59MW615
08:38:16.643 [main] INFO  com.cloudframe.app.process.Dlcrntof.printDeletedIsin  413 -    GB0000031285
08:38:16.643 [main] INFO  com.cloudframe.app.process.Dlcrntof.printDeletedIsin  413 -    GB0000282623
08:38:16.643 [main] INFO  com.cloudframe.app.process.Dlcrntof.printDeletedIsin  413 -    GB0000394469
08:38:16.644 [main] INFO  com.cloudframe.app.process.Dlcrntof.printDeletedIsin  413 -    GB0000456144
08:38:16.644 [main] INFO  com.cloudframe.app.process.Dlcrntof.printDeletedIsin  413 -    GB0000472455
08:38:16.644 [main] INFO  com.cloudframe.app.process.Dlcrntof.printDeletedIsin  413 -    GB0000566504
08:38:16.644 [main] INFO  com.cloudframe.app.process.Dlcrntof.printDeletedIsin  413 -    GB0000595859
08:38:16.645 [main] INFO  com.cloudframe.app.process.Dlcrntof.printDeletedIsin  413 -    GB0000811801
08:38:16.645 [main] INFO  com.cloudframe.app.process.Dlcrntof.printDeletedIsin  413 -    GB0000904986
08:38:16.645 [main] INFO  com.cloudframe.app.process.Dlcrntof.printDeletedIsin  413 -    GB0000961622
08:38:16.645 [main] INFO  com.cloudframe.app.process.Dlcrntof.printDeletedIsin  413 -    GB0001290575
08:38:16.645 [main] INFO  com.cloudframe.app.process.Dlcrntof.printDeletedIsin  413 -    GB0001367019
08:38:16.646 [main] INFO  com.cloudframe.app.process.Dlcrntof.printDeletedIsin  413 -    GB0001411924
08:38:16.646 [main] INFO  com.cloudframe.app.process.Dlcrntof.printDeletedIsin  413 -    GB0001478998
08:38:16.646 [main] INFO  com.cloudframe.app.process.Dlcrntof.printDeletedIsin  413 -    GB0001500809
08:38:16.646 [main] INFO  com.cloudframe.app.process.Dlcrntof.printDeletedIsin  413 -    GB0001625572
08:38:16.646 [main] INFO  com.cloudframe.app.process.Dlcrntof.printDeletedIsin  413 -    GB0001904621
08:38:16.647 [main] INFO  com.cloudframe.app.process.Dlcrntof.printDeletedIsin  413 -    GB0002162385
08:38:16.647 [main] INFO  com.cloudframe.app.process.Dlcrntof.printDeletedIsin  413 -    GB0002303468
08:38:16.647 [main] INFO  com.cloudframe.app.process.Dlcrntof.printDeletedIsin  413 -    GB0002335270
08:38:16.647 [main] INFO  com.cloudframe.app.process.Dlcrntof.printDeletedIsin  413 -    GB0002374006
08:38:16.647 [main] INFO  com.cloudframe.app.process.Dlcrntof.printDeletedIsin  413 -    GB0002405495
08:38:16.648 [main] INFO  com.cloudframe.app.process.Dlcrntof.printDeletedIsin  413 -    GB0002634946
08:38:16.649 [main] INFO  com.cloudframe.app.process.Dlcrntof.printDeletedIsin  413 -    GB0002652740
08:38:16.649 [main] INFO  com.cloudframe.app.process.Dlcrntof.printDeletedIsin  413 -    GB0002875804
08:38:16.649 [main] INFO  com.cloudframe.app.process.Dlcrntof.printDeletedIsin  413 -    GB0003452173
08:38:16.649 [main] INFO  com.cloudframe.app.process.Dlcrntof.printDeletedIsin  413 -    GB0003857850
08:38:16.650 [main] INFO  com.cloudframe.app.process.Dlcrntof.printDeletedIsin  413 -    GB0004052071
08:38:16.650 [main] INFO  com.cloudframe.app.process.Dlcrntof.printDeletedIsin  413 -    GB0004065016
08:38:16.650 [main] INFO  com.cloudframe.app.process.Dlcrntof.printDeletedIsin  413 -    GB0004082847
08:38:16.650 [main] INFO  com.cloudframe.app.process.Dlcrntof.printDeletedIsin  413 -    GB0004161021
08:38:16.650 [main] INFO  com.cloudframe.app.process.Dlcrntof.printDeletedIsin  413 -    GB0004250451
08:38:16.651 [main] INFO  com.cloudframe.app.process.Dlcrntof.printDeletedIsin  413 -    GB0004544929
08:38:16.651 [main] INFO  com.cloudframe.app.process.Dlcrntof.printDeletedIsin  413 -    GB0004564430
08:38:16.651 [main] INFO  com.cloudframe.app.process.Dlcrntof.printDeletedIsin  413 -    GB0004579636
08:38:16.651 [main] INFO  com.cloudframe.app.process.Dlcrntof.printDeletedIsin  413 -    GB0004657408
08:38:16.652 [main] INFO  com.cloudframe.app.process.Dlcrntof.printDeletedIsin  413 -    GB0004764071
08:38:16.652 [main] INFO  com.cloudframe.app.process.Dlcrntof.printDeletedIsin  413 -    GB0004835483
08:38:16.652 [main] INFO  com.cloudframe.app.process.Dlcrntof.printDeletedIsin  413 -    GB0005203376
08:38:16.652 [main] INFO  com.cloudframe.app.process.Dlcrntof.printDeletedIsin  413 -    GB0005227086
08:38:16.652 [main] INFO  com.cloudframe.app.process.Dlcrntof.printDeletedIsin  413 -    GB0005331532
08:38:16.653 [main] INFO  com.cloudframe.app.process.Dlcrntof.printDeletedIsin  413 -    GB0005405286
08:38:16.653 [main] INFO  com.cloudframe.app.process.Dlcrntof.printDeletedIsin  413 -    GB0005603997
08:38:16.653 [main] INFO  com.cloudframe.app.process.Dlcrntof.printDeletedIsin  413 -    GB0005758098
08:38:16.653 [main] INFO  com.cloudframe.app.process.Dlcrntof.printDeletedIsin  413 -    GB0006043169
08:38:16.653 [main] INFO  com.cloudframe.app.process.Dlcrntof.printDeletedIsin  413 -    GB0006320161
08:38:16.654 [main] INFO  com.cloudframe.app.process.Dlcrntof.printDeletedIsin  413 -    GB0006616899
08:38:16.654 [main] INFO  com.cloudframe.app.process.Dlcrntof.printDeletedIsin  413 -    GB0006731235
08:38:16.654 [main] INFO  com.cloudframe.app.process.Dlcrntof.printDeletedIsin  413 -    GB0006776081
08:38:16.654 [main] INFO  com.cloudframe.app.process.Dlcrntof.printDeletedIsin  413 -    GB0006825383
08:38:16.654 [main] INFO  com.cloudframe.app.process.Dlcrntof.printDeletedIsin  413 -    GB0006834344
08:38:16.654 [main] INFO  com.cloudframe.app.process.Dlcrntof.printDeletedIsin  413 -    GB0007099541
08:38:16.655 [main] INFO  com.cloudframe.app.process.Dlcrntof.printDeletedIsin  413 -    GB0007188757
08:38:16.655 [main] INFO  com.cloudframe.app.process.Dlcrntof.printDeletedIsin  413 -    GB0007365546
08:38:16.655 [main] INFO  com.cloudframe.app.process.Dlcrntof.printDeletedIsin  413 -    GB0007389926
08:38:16.655 [main] INFO  com.cloudframe.app.process.Dlcrntof.printDeletedIsin  413 -    GB0007506958
08:38:16.655 [main] INFO  com.cloudframe.app.process.Dlcrntof.printDeletedIsin  413 -    GB0007547838
08:38:16.655 [main] INFO  com.cloudframe.app.process.Dlcrntof.printDeletedIsin  413 -    GB0007668071
08:38:16.656 [main] INFO  com.cloudframe.app.process.Dlcrntof.printDeletedIsin  413 -    GB0007739609
08:38:16.656 [main] INFO  com.cloudframe.app.process.Dlcrntof.printDeletedIsin  413 -    GB0007908733
08:38:16.656 [main] INFO  com.cloudframe.app.process.Dlcrntof.printDeletedIsin  413 -    GB0007973794
08:38:16.656 [main] INFO  com.cloudframe.app.process.Dlcrntof.printDeletedIsin  413 -    GB0007980591
08:38:16.656 [main] INFO  com.cloudframe.app.process.Dlcrntof.printDeletedIsin  413 -    GB0007981128
08:38:16.657 [main] INFO  com.cloudframe.app.process.Dlcrntof.printDeletedIsin  413 -    GB0008021650
08:38:16.657 [main] INFO  com.cloudframe.app.process.Dlcrntof.printDeletedIsin  413 -    GB0008025412
08:38:16.657 [main] INFO  com.cloudframe.app.process.Dlcrntof.printDeletedIsin  413 -    GB0008706128
08:38:16.657 [main] INFO  com.cloudframe.app.process.Dlcrntof.printDeletedIsin  413 -    GB0008754136
08:38:16.657 [main] INFO  com.cloudframe.app.process.Dlcrntof.printDeletedIsin  413 -    GB0008762899
08:38:16.657 [main] INFO  com.cloudframe.app.process.Dlcrntof.printDeletedIsin  413 -    GB0008782301
08:38:16.658 [main] INFO  com.cloudframe.app.process.Dlcrntof.printDeletedIsin  413 -    GB0008787029
08:38:16.658 [main] INFO  com.cloudframe.app.process.Dlcrntof.printDeletedIsin  413 -    GB0008847096
08:38:16.658 [main] INFO  com.cloudframe.app.process.Dlcrntof.printDeletedIsin  413 -    GB0008962655
08:38:16.658 [main] INFO  com.cloudframe.app.process.Dlcrntof.printDeletedIsin  413 -    GB0009123323
08:38:16.658 [main] INFO  com.cloudframe.app.process.Dlcrntof.printDeletedIsin  413 -    GB0009223206
08:38:16.658 [main] INFO  com.cloudframe.app.process.Dlcrntof.printDeletedIsin  413 -    GB0009252882
08:38:16.659 [main] INFO  com.cloudframe.app.process.Dlcrntof.printDeletedIsin  413 -    GB0009457366
08:38:16.659 [main] INFO  com.cloudframe.app.process.Dlcrntof.printDeletedIsin  413 -    GB0009465807
08:38:16.659 [main] INFO  com.cloudframe.app.process.Dlcrntof.printDeletedIsin  413 -    GB0009657569
08:38:16.659 [main] INFO  com.cloudframe.app.process.Dlcrntof.printDeletedIsin  413 -    GB0009697037
08:38:16.659 [main] INFO  com.cloudframe.app.process.Dlcrntof.printDeletedIsin  413 -    GB0009895292
08:38:16.659 [main] INFO  com.cloudframe.app.process.Dlcrntof.printDeletedIsin  413 -    GB0030232317
08:38:16.660 [main] INFO  com.cloudframe.app.process.Dlcrntof.printDeletedIsin  413 -    GB0030646508
08:38:16.660 [main] INFO  com.cloudframe.app.process.Dlcrntof.printDeletedIsin  413 -    GB0030913577
08:38:16.660 [main] INFO  com.cloudframe.app.process.Dlcrntof.printDeletedIsin  413 -    GB0031192486
08:38:16.660 [main] INFO  com.cloudframe.app.process.Dlcrntof.printDeletedIsin  413 -    GB0031215220
08:38:16.660 [main] INFO  com.cloudframe.app.process.Dlcrntof.printDeletedIsin  413 -    GB0031274896
08:38:16.660 [main] INFO  com.cloudframe.app.process.Dlcrntof.printDeletedIsin  413 -    GB0031348658
08:38:16.661 [main] INFO  com.cloudframe.app.process.Dlcrntof.printDeletedIsin  413 -    GB0031411001
08:38:16.661 [main] INFO  com.cloudframe.app.process.Dlcrntof.printDeletedIsin  413 -    GB0031544546
08:38:16.661 [main] INFO  com.cloudframe.app.process.Dlcrntof.printDeletedIsin  413 -    GB0031575839
08:38:16.661 [main] INFO  com.cloudframe.app.process.Dlcrntof.printDeletedIsin  413 -    GB0031638363
08:38:16.661 [main] INFO  com.cloudframe.app.process.Dlcrntof.printDeletedIsin  413 -    GB0031698896
08:38:16.661 [main] INFO  com.cloudframe.app.process.Dlcrntof.printDeletedIsin  413 -    GB0031729733
08:38:16.662 [main] INFO  com.cloudframe.app.process.Dlcrntof.printDeletedIsin  413 -    GB0031743007
08:38:16.662 [main] INFO  com.cloudframe.app.process.Dlcrntof.printDeletedIsin  413 -    GB0031809436
08:38:16.662 [main] INFO  com.cloudframe.app.process.Dlcrntof.printDeletedIsin  413 -    GB0032089863
08:38:16.662 [main] INFO  com.cloudframe.app.process.Dlcrntof.printDeletedIsin  413 -    GB0032836487
08:38:16.662 [main] INFO  com.cloudframe.app.process.Dlcrntof.printDeletedIsin  413 -    GB0033029744
08:38:16.662 [main] INFO  com.cloudframe.app.process.Dlcrntof.printDeletedIsin  413 -    GB0033040113
08:38:16.663 [main] INFO  com.cloudframe.app.process.Dlcrntof.printDeletedIsin  413 -    GB0033195214
08:38:16.663 [main] INFO  com.cloudframe.app.process.Dlcrntof.printDeletedIsin  413 -    GB0033252056
08:38:16.663 [main] INFO  com.cloudframe.app.process.Dlcrntof.printDeletedIsin  413 -    GB0033277061
08:38:16.663 [main] INFO  com.cloudframe.app.process.Dlcrntof.printDeletedIsin  413 -    GB0033560011
08:38:16.663 [main] INFO  com.cloudframe.app.process.Dlcrntof.printDeletedIsin  413 -    GB0033872168
08:38:16.663 [main] INFO  com.cloudframe.app.process.Dlcrntof.printDeletedIsin  413 -    GB0033986497
08:38:16.664 [main] INFO  com.cloudframe.app.process.Dlcrntof.printDeletedIsin  413 -    GB0034321165
08:38:16.664 [main] INFO  com.cloudframe.app.process.Dlcrntof.printDeletedIsin  413 -    GB0055007982
08:38:16.664 [main] INFO  com.cloudframe.app.process.Dlcrntof.printDeletedIsin  413 -    GRS003013000
08:38:16.664 [main] INFO  com.cloudframe.app.process.Dlcrntof.printDeletedIsin  413 -    GRS004013009
08:38:16.664 [main] INFO  com.cloudframe.app.process.Dlcrntof.printDeletedIsin  413 -    GRS014013007
08:38:16.664 [main] INFO  com.cloudframe.app.process.Dlcrntof.printDeletedIsin  413 -    GRS015013006
08:38:16.665 [main] INFO  com.cloudframe.app.process.Dlcrntof.printDeletedIsin  413 -    GRS074083007
08:38:16.665 [main] INFO  com.cloudframe.app.process.Dlcrntof.printDeletedIsin  413 -    GRS104003009
08:38:16.665 [main] INFO  com.cloudframe.app.process.Dlcrntof.printDeletedIsin  413 -    GRS260333000
08:38:16.665 [main] INFO  com.cloudframe.app.process.Dlcrntof.printDeletedIsin  413 -    GRS314003005
08:38:16.665 [main] INFO  com.cloudframe.app.process.Dlcrntof.printDeletedIsin  413 -    GRS323013003
08:38:16.665 [main] INFO  com.cloudframe.app.process.Dlcrntof.printDeletedIsin  413 -    GRS419003009
08:38:16.666 [main] INFO  com.cloudframe.app.process.Dlcrntof.printDeletedIsin  413 -    GRS434003000
08:38:16.666 [main] INFO  com.cloudframe.app.process.Dlcrntof.printDeletedIsin  413 -    IE00B1GKF381
08:38:16.666 [main] INFO  com.cloudframe.app.process.Dlcrntof.printDeletedIsin  413 -    IE00B59NXW72
08:38:16.666 [main] INFO  com.cloudframe.app.process.Dlcrntof.printDeletedIsin  413 -    IE0000197834
08:38:16.666 [main] INFO  com.cloudframe.app.process.Dlcrntof.printDeletedIsin  413 -    IE0000590798
08:38:16.666 [main] INFO  com.cloudframe.app.process.Dlcrntof.printDeletedIsin  413 -    IE0001827041
08:38:16.666 [main] INFO  com.cloudframe.app.process.Dlcrntof.printDeletedIsin  413 -    IE0002424939
08:38:16.667 [main] INFO  com.cloudframe.app.process.Dlcrntof.printDeletedIsin  413 -    IE0003072950
08:38:16.667 [main] INFO  com.cloudframe.app.process.Dlcrntof.printDeletedIsin  413 -    IE0004906560
08:38:16.667 [main] INFO  com.cloudframe.app.process.Dlcrntof.printDeletedIsin  413 -    IE0030606259
08:38:16.667 [main] INFO  com.cloudframe.app.process.Dlcrntof.printDeletedIsin  413 -    IT0000062072
08:38:16.667 [main] INFO  com.cloudframe.app.process.Dlcrntof.printDeletedIsin  413 -    IT0000062957
08:38:16.667 [main] INFO  com.cloudframe.app.process.Dlcrntof.printDeletedIsin  413 -    IT0000064482
08:38:16.668 [main] INFO  com.cloudframe.app.process.Dlcrntof.printDeletedIsin  413 -    IT0000064516
08:38:16.668 [main] INFO  com.cloudframe.app.process.Dlcrntof.printDeletedIsin  413 -    IT0000064854
08:38:16.668 [main] INFO  com.cloudframe.app.process.Dlcrntof.printDeletedIsin  413 -    IT0000066123
08:38:16.668 [main] INFO  com.cloudframe.app.process.Dlcrntof.printDeletedIsin  413 -    IT0000068525
08:38:16.668 [main] INFO  com.cloudframe.app.process.Dlcrntof.printDeletedIsin  413 -    IT0000072618
08:38:16.668 [main] INFO  com.cloudframe.app.process.Dlcrntof.printDeletedIsin  413 -    IT0000072725
08:38:16.669 [main] INFO  com.cloudframe.app.process.Dlcrntof.printDeletedIsin  413 -    IT0000784154
08:38:16.669 [main] INFO  com.cloudframe.app.process.Dlcrntof.printDeletedIsin  413 -    IT0000784196
08:38:16.669 [main] INFO  com.cloudframe.app.process.Dlcrntof.printDeletedIsin  413 -    IT0001063210
08:38:16.669 [main] INFO  com.cloudframe.app.process.Dlcrntof.printDeletedIsin  413 -    IT0001233417
08:38:16.669 [main] INFO  com.cloudframe.app.process.Dlcrntof.printDeletedIsin  413 -    IT0001334587
08:38:16.669 [main] INFO  com.cloudframe.app.process.Dlcrntof.printDeletedIsin  413 -    IT0001347308
08:38:16.670 [main] INFO  com.cloudframe.app.process.Dlcrntof.printDeletedIsin  413 -    IT0001463071
08:38:16.670 [main] INFO  com.cloudframe.app.process.Dlcrntof.printDeletedIsin  413 -    IT0001479374
08:38:16.670 [main] INFO  com.cloudframe.app.process.Dlcrntof.printDeletedIsin  413 -    IT0001976403
08:38:16.670 [main] INFO  com.cloudframe.app.process.Dlcrntof.printDeletedIsin  413 -    IT0003128367
08:38:16.670 [main] INFO  com.cloudframe.app.process.Dlcrntof.printDeletedIsin  413 -    IT0003132476
08:38:16.670 [main] INFO  com.cloudframe.app.process.Dlcrntof.printDeletedIsin  413 -    IT0003153415
08:38:16.670 [main] INFO  com.cloudframe.app.process.Dlcrntof.printDeletedIsin  413 -    IT0003211601
08:38:16.671 [main] INFO  com.cloudframe.app.process.Dlcrntof.printDeletedIsin  413 -    IT0003242622
08:38:16.671 [main] INFO  com.cloudframe.app.process.Dlcrntof.printDeletedIsin  413 -    IT0003261697
08:38:16.671 [main] INFO  com.cloudframe.app.process.Dlcrntof.printDeletedIsin  413 -    IT0003487029
08:38:16.671 [main] INFO  com.cloudframe.app.process.Dlcrntof.printDeletedIsin  413 -    IT0003497168
08:38:16.671 [main] INFO  com.cloudframe.app.process.Dlcrntof.printDeletedIsin  413 -    IT0003506190
08:38:16.671 [main] INFO  com.cloudframe.app.process.Dlcrntof.printDeletedIsin  413 -    IT0003826473
08:38:16.672 [main] INFO  com.cloudframe.app.process.Dlcrntof.printDeletedIsin  413 -    IT0003856405
08:38:16.672 [main] INFO  com.cloudframe.app.process.Dlcrntof.printDeletedIsin  413 -    IT0003990402
08:38:16.672 [main] INFO  com.cloudframe.app.process.Dlcrntof.printDeletedIsin  413 -    IT0004176001
08:38:16.672 [main] INFO  com.cloudframe.app.process.Dlcrntof.printDeletedIsin  413 -    IT0004231566
08:38:16.672 [main] INFO  com.cloudframe.app.process.Dlcrntof.printDeletedIsin  413 -    JE00B2QKY057
08:38:16.672 [main] INFO  com.cloudframe.app.process.Dlcrntof.printDeletedIsin  413 -    JE00B2R84W06
08:38:16.673 [main] INFO  com.cloudframe.app.process.Dlcrntof.printDeletedIsin  413 -    JE00B3CM9527
08:38:16.673 [main] INFO  com.cloudframe.app.process.Dlcrntof.printDeletedIsin  413 -    JE00B3CX4509
08:38:16.673 [main] INFO  com.cloudframe.app.process.Dlcrntof.printDeletedIsin  413 -    JE00B3DCF752
08:38:16.673 [main] INFO  com.cloudframe.app.process.Dlcrntof.printDeletedIsin  413 -    JE00B3DMTY01
08:38:16.673 [main] INFO  com.cloudframe.app.process.Dlcrntof.printDeletedIsin  413 -    JE00B3WJHK45
08:38:16.673 [main] INFO  com.cloudframe.app.process.Dlcrntof.printDeletedIsin  413 -    LU0075646355
08:38:16.674 [main] INFO  com.cloudframe.app.process.Dlcrntof.printDeletedIsin  413 -    LU0088087324
08:38:16.674 [main] INFO  com.cloudframe.app.process.Dlcrntof.printDeletedIsin  413 -    LU0156801721
08:38:16.674 [main] INFO  com.cloudframe.app.process.Dlcrntof.printDeletedIsin  413 -    LU0323134006
08:38:16.674 [main] INFO  com.cloudframe.app.process.Dlcrntof.printDeletedIsin  413 -    NL0000008977
08:38:16.674 [main] INFO  com.cloudframe.app.process.Dlcrntof.printDeletedIsin  413 -    NL0000009066
08:38:16.674 [main] INFO  com.cloudframe.app.process.Dlcrntof.printDeletedIsin  413 -    NL0000009082
08:38:16.675 [main] INFO  com.cloudframe.app.process.Dlcrntof.printDeletedIsin  413 -    NL0000009132
08:38:16.675 [main] INFO  com.cloudframe.app.process.Dlcrntof.printDeletedIsin  413 -    NL0000009165
08:38:16.675 [main] INFO  com.cloudframe.app.process.Dlcrntof.printDeletedIsin  413 -    NL0000009355
08:38:16.675 [main] INFO  com.cloudframe.app.process.Dlcrntof.printDeletedIsin  413 -    NL0000009538
08:38:16.675 [main] INFO  com.cloudframe.app.process.Dlcrntof.printDeletedIsin  413 -    NL0000009827
08:38:16.675 [main] INFO  com.cloudframe.app.process.Dlcrntof.printDeletedIsin  413 -    NL0000226223
08:38:16.676 [main] INFO  com.cloudframe.app.process.Dlcrntof.printDeletedIsin  413 -    NL0000235190
08:38:16.676 [main] INFO  com.cloudframe.app.process.Dlcrntof.printDeletedIsin  413 -    NL0000240000
08:38:16.676 [main] INFO  com.cloudframe.app.process.Dlcrntof.printDeletedIsin  413 -    NL0000288967
08:38:16.676 [main] INFO  com.cloudframe.app.process.Dlcrntof.printDeletedIsin  413 -    NL0000289213
08:38:16.676 [main] INFO  com.cloudframe.app.process.Dlcrntof.printDeletedIsin  413 -    NL0000303600
08:38:16.676 [main] INFO  com.cloudframe.app.process.Dlcrntof.printDeletedIsin  413 -    NL0000303709
08:38:16.677 [main] INFO  com.cloudframe.app.process.Dlcrntof.printDeletedIsin  413 -    NL0000337319
08:38:16.677 [main] INFO  com.cloudframe.app.process.Dlcrntof.printDeletedIsin  413 -    NL0000352565
08:38:16.677 [main] INFO  com.cloudframe.app.process.Dlcrntof.printDeletedIsin  413 -    NL0000358562
08:38:16.677 [main] INFO  com.cloudframe.app.process.Dlcrntof.printDeletedIsin  413 -    NL0000360618
08:38:16.677 [main] INFO  com.cloudframe.app.process.Dlcrntof.printDeletedIsin  413 -    NL0000375400
08:38:16.677 [main] INFO  com.cloudframe.app.process.Dlcrntof.printDeletedIsin  413 -    NL0000379121
08:38:16.678 [main] INFO  com.cloudframe.app.process.Dlcrntof.printDeletedIsin  413 -    NL0000393007
08:38:16.678 [main] INFO  com.cloudframe.app.process.Dlcrntof.printDeletedIsin  413 -    NL0000395903
08:38:16.678 [main] INFO  com.cloudframe.app.process.Dlcrntof.printDeletedIsin  413 -    NL0000400653
08:38:16.678 [main] INFO  com.cloudframe.app.process.Dlcrntof.printDeletedIsin  413 -    NL0000852549
08:38:16.678 [main] INFO  com.cloudframe.app.process.Dlcrntof.printDeletedIsin  413 -    NL0000852580
08:38:16.678 [main] INFO  com.cloudframe.app.process.Dlcrntof.printDeletedIsin  413 -    NL0006033250
08:38:16.679 [main] INFO  com.cloudframe.app.process.Dlcrntof.printDeletedIsin  413 -    NL0006034001
08:38:16.679 [main] INFO  com.cloudframe.app.process.Dlcrntof.printDeletedIsin  413 -    NL0006055329
08:38:16.679 [main] INFO  com.cloudframe.app.process.Dlcrntof.printDeletedIsin  413 -    NL0006144495
08:38:16.679 [main] INFO  com.cloudframe.app.process.Dlcrntof.printDeletedIsin  413 -    NL0009311406
08:38:16.679 [main] INFO  com.cloudframe.app.process.Dlcrntof.printDeletedIsin  413 -    NO0003053605
08:38:16.679 [main] INFO  com.cloudframe.app.process.Dlcrntof.printDeletedIsin  413 -    NO0003054108
08:38:16.680 [main] INFO  com.cloudframe.app.process.Dlcrntof.printDeletedIsin  413 -    NO0003078800
08:38:16.680 [main] INFO  com.cloudframe.app.process.Dlcrntof.printDeletedIsin  413 -    NO0003733800
08:38:16.680 [main] INFO  com.cloudframe.app.process.Dlcrntof.printDeletedIsin  413 -    NO0005052605
08:38:16.680 [main] INFO  com.cloudframe.app.process.Dlcrntof.printDeletedIsin  413 -    NO0010031479
08:38:16.680 [main] INFO  com.cloudframe.app.process.Dlcrntof.printDeletedIsin  413 -    NO0010063308
08:38:16.680 [main] INFO  com.cloudframe.app.process.Dlcrntof.printDeletedIsin  413 -    NO0010096985
08:38:16.681 [main] INFO  com.cloudframe.app.process.Dlcrntof.printDeletedIsin  413 -    NO0010112675
08:38:16.681 [main] INFO  com.cloudframe.app.process.Dlcrntof.printDeletedIsin  413 -    NO0010199151
08:38:16.681 [main] INFO  com.cloudframe.app.process.Dlcrntof.printDeletedIsin  413 -    NO0010208051
08:38:16.681 [main] INFO  com.cloudframe.app.process.Dlcrntof.printDeletedIsin  413 -    NO0010215684
08:38:16.681 [main] INFO  com.cloudframe.app.process.Dlcrntof.printDeletedIsin  413 -    PTBCP0AM0007
08:38:16.681 [main] INFO  com.cloudframe.app.process.Dlcrntof.printDeletedIsin  413 -    PTBES0AM0007
08:38:16.682 [main] INFO  com.cloudframe.app.process.Dlcrntof.printDeletedIsin  413 -    PTBRI0AM0000
08:38:16.682 [main] INFO  com.cloudframe.app.process.Dlcrntof.printDeletedIsin  413 -    PTCPR0AM0003
08:38:16.682 [main] INFO  com.cloudframe.app.process.Dlcrntof.printDeletedIsin  413 -    PTEDP0AM0009
08:38:16.682 [main] INFO  com.cloudframe.app.process.Dlcrntof.printDeletedIsin  413 -    PTGAL0AM0009
08:38:16.682 [main] INFO  com.cloudframe.app.process.Dlcrntof.printDeletedIsin  413 -    PTJMT0AE0001
08:38:16.682 [main] INFO  com.cloudframe.app.process.Dlcrntof.printDeletedIsin  413 -    PTPTC0AM0009
08:38:16.683 [main] INFO  com.cloudframe.app.process.Dlcrntof.printDeletedIsin  413 -    PTZON0AM0006
08:38:16.683 [main] INFO  com.cloudframe.app.process.Dlcrntof.printDeletedIsin  413 -    SE0000101032
08:38:16.683 [main] INFO  com.cloudframe.app.process.Dlcrntof.printDeletedIsin  413 -    SE0000103699
08:38:16.683 [main] INFO  com.cloudframe.app.process.Dlcrntof.printDeletedIsin  413 -    SE0000103814
08:38:16.683 [main] INFO  com.cloudframe.app.process.Dlcrntof.printDeletedIsin  413 -    SE0000106270
08:38:16.683 [main] INFO  com.cloudframe.app.process.Dlcrntof.printDeletedIsin  413 -    SE0000107419
08:38:16.684 [main] INFO  com.cloudframe.app.process.Dlcrntof.printDeletedIsin  413 -    SE0000108227
08:38:16.684 [main] INFO  com.cloudframe.app.process.Dlcrntof.printDeletedIsin  413 -    SE0000108656
08:38:16.684 [main] INFO  com.cloudframe.app.process.Dlcrntof.printDeletedIsin  413 -    SE0000109290
08:38:16.684 [main] INFO  com.cloudframe.app.process.Dlcrntof.printDeletedIsin  413 -    SE0000111940
08:38:16.684 [main] INFO  com.cloudframe.app.process.Dlcrntof.printDeletedIsin  413 -    SE0000112724
08:38:16.685 [main] INFO  com.cloudframe.app.process.Dlcrntof.printDeletedIsin  413 -    SE0000113250
08:38:16.685 [main] INFO  com.cloudframe.app.process.Dlcrntof.printDeletedIsin  413 -    SE0000115446
08:38:16.685 [main] INFO  com.cloudframe.app.process.Dlcrntof.printDeletedIsin  413 -    SE0000148884
08:38:16.685 [main] INFO  com.cloudframe.app.process.Dlcrntof.printDeletedIsin  413 -    SE0000163594
08:38:16.685 [main] INFO  com.cloudframe.app.process.Dlcrntof.printDeletedIsin  413 -    SE0000163628
08:38:16.685 [main] INFO  com.cloudframe.app.process.Dlcrntof.printDeletedIsin  413 -    SE0000164626
08:38:16.685 [main] INFO  com.cloudframe.app.process.Dlcrntof.printDeletedIsin  413 -    SE0000171100
08:38:16.686 [main] INFO  com.cloudframe.app.process.Dlcrntof.printDeletedIsin  413 -    SE0000190126
08:38:16.686 [main] INFO  com.cloudframe.app.process.Dlcrntof.printDeletedIsin  413 -    SE0000193120
08:38:16.686 [main] INFO  com.cloudframe.app.process.Dlcrntof.printDeletedIsin  413 -    SE0000202624
08:38:16.686 [main] INFO  com.cloudframe.app.process.Dlcrntof.printDeletedIsin  413 -    SE0000221723
08:38:16.686 [main] INFO  com.cloudframe.app.process.Dlcrntof.printDeletedIsin  413 -    SE0000242455
08:38:16.686 [main] INFO  com.cloudframe.app.process.Dlcrntof.printDeletedIsin  413 -    SE0000255648
08:38:16.687 [main] INFO  com.cloudframe.app.process.Dlcrntof.printDeletedIsin  413 -    SE0000308280
08:38:16.687 [main] INFO  com.cloudframe.app.process.Dlcrntof.printDeletedIsin  413 -    SE0000310336
08:38:16.687 [main] INFO  com.cloudframe.app.process.Dlcrntof.printDeletedIsin  413 -    SE0000314312
08:38:16.687 [main] INFO  com.cloudframe.app.process.Dlcrntof.printDeletedIsin  413 -    SE0000379190
08:38:16.687 [main] INFO  com.cloudframe.app.process.Dlcrntof.printDeletedIsin  413 -    SE0000412371
08:38:16.687 [main] INFO  com.cloudframe.app.process.Dlcrntof.printDeletedIsin  413 -    SE0000427361
08:38:16.688 [main] INFO  com.cloudframe.app.process.Dlcrntof.printDeletedIsin  413 -    SE0000667891
08:38:16.688 [main] INFO  com.cloudframe.app.process.Dlcrntof.printDeletedIsin  413 -    SE0000667925
08:38:16.688 [main] INFO  com.cloudframe.app.process.Dlcrntof.printDeletedIsin  413 -    SE0000695876
08:38:16.688 [main] INFO  com.cloudframe.app.process.Dlcrntof.printDeletedIsin  413 -    SE0000825820
08:38:16.688 [main] INFO  com.cloudframe.app.process.Dlcrntof.printDeletedIsin  413 -    SE0000869646
08:38:16.688 [main] INFO  com.cloudframe.app.process.Dlcrntof.printDeletedIsin  413 -    SE0001174889
08:38:16.689 [main] INFO  com.cloudframe.app.process.Dlcrntof.printDeletedIsin  413 -    SE0001662230
08:38:16.689 [main] INFO  com.cloudframe.app.process.Dlcrntof.printDeletedIsin  413 -    US87162M4096
08:38:16.689 [main] INFO  com.cloudframe.app.process.Dlcrntof.printDeletedIsin  416 -  
08:38:16.689 [main] INFO  com.cloudframe.app.process.Dlcrntof.mainline  152 - Count of Securities AFTER  Delete
08:38:16.697 [main] INFO  com.cloudframe.app.process.Dlcrntof.printTbdelsecRowcnt  468 - # OF SECURITIES =    1
08:38:16.758 [SpringContextShutdownHook] INFO  com.zaxxer.hikari.HikariDataSource.close  349 - HikariPool-1 - Shutdown initiated...
08:38:16.768 [SpringContextShutdownHook] INFO  com.zaxxer.hikari.HikariDataSource.close  351 - HikariPool-1 - Shutdown completed.
