08:35:41.925 [main] INFO  o.s.boot.StartupInfoLogger.logStarting   50 - Starting CFApplication v0.0.1-SNAPSHOT using Java 17.0.14 with PID 4187779 (/home/jenkins/workspace/CFTestAutomation_Release/Testing/results/jcl/IEBGEN01/IEBGEN01/target/IEBGEN01-0.0.1-SNAPSHOT.jar started by root in /home/jenkins/workspace/CFTestAutomation_Release/Testing/results/jcl/IEBGEN01/IEBGEN01)
08:35:41.931 [main] INFO  o.s.boot.SpringApplication.logStartupProfileInfo  654 - No active profile set, falling back to 1 default profile: "default"
08:35:44.280 [main] INFO  o.s.boot.StartupInfoLogger.logStarted   56 - Started CFApplication in 3.767 seconds (process running for 5.395)
08:35:44.303 [main] INFO  c.c.app.utility.CFConfiguration.cfDataConnectIOInfo  107 - CFDataConnectIO version : 5.0.0.21
08:35:44.376 [main] INFO  c.c.a.u.d.plus.CFDcioConfiguration.cfDataConnectIOPlusInfo   28 - CFDataConnectIOPlus version : 5.0.0.21
08:35:44.416 [main] INFO  o.s.j.d.e.EmbeddedDatabaseFactory.initDatabase  189 - Starting embedded database: url='jdbc:h2:mem:testdb;DB_CLOSE_DELAY=-1;DB_CLOSE_ON_EXIT=false', username='sa'
08:35:45.363 [main] INFO  o.s.b.a.b.JobLauncherApplicationRunner.run  168 - Running default command line with: []
08:35:45.462 [main] INFO  o.s.b.c.l.s.SimpleJobLauncher$1.run  154 - Job: [SimpleJob: [name=IEBGEN01]] launched with the following parameters: [{}]
08:35:45.539 [main] INFO  o.s.batch.core.job.SimpleStepHandler.handleStep  150 - Executing step: [step001]
08:35:45.609 [main] INFO  o.s.batch.core.step.AbstractStep.execute  295 - Step: [step001] executed in 68ms
08:35:45.650 [main] INFO  o.s.batch.core.job.SimpleStepHandler.handleStep  150 - Executing step: [printSummary]
08:35:45.677 [main] INFO  com.cloudframe.app.CFStepHandler.printExecutionSummary  256 - JOB : IEBGEN01 ENDED -  0000
08:35:45.678 [main] INFO  com.cloudframe.app.CFStepHandler.printExecutionSummary  260 - 

Stepwise Execution Summary :
+----------------------------------------------------------------+
| STEPNAME     | PROGRAM       | RC          | ELAPSED           |
|              |               |             | HH:MM:SS:ss       |
+----------------------------------------------------------------+
| STEP001      | IEBGENER      | 00          | 00:00:00:068      |
+----------------------------------------------------------------+
  
08:35:45.690 [main] INFO  o.s.batch.core.step.AbstractStep.execute  295 - Step: [printSummary] executed in 37ms
08:35:45.715 [main] INFO  o.s.b.c.l.s.SimpleJobLauncher$1.run  161 - Job: [SimpleJob: [name=IEBGEN01]] completed with the following parameters: [{}] and the following status: [COMPLETED] in 211ms
08:35:45.731 [main] INFO  o.s.j.d.e.EmbeddedDatabaseFactory.shutdownDatabase  220 - Shutting down embedded database: url='jdbc:h2:mem:testdb;DB_CLOSE_DELAY=-1;DB_CLOSE_ON_EXIT=false'
