10:57:56.652 [main] INFO  o.s.boot.StartupInfoLogger.logStarting   50 - Starting CFApplication v0.0.1-SNAPSHOT using Java 17.0.14 with PID 1167565 (/home/jenkins/workspace/CFTestAutomation_Release/Testing/results/jcl/SUP1447/SUP1447/target/SUP1447-0.0.1-SNAPSHOT.jar started by root in /home/jenkins/workspace/CFTestAutomation_Release/Testing/results/jcl/SUP1447/SUP1447)
10:57:56.665 [main] INFO  o.s.boot.SpringApplication.logStartupProfileInfo  654 - No active profile set, falling back to 1 default profile: "default"
10:58:01.108 [main] INFO  o.s.boot.StartupInfoLogger.logStarted   56 - Started CFApplication in 6.539 seconds (process running for 7.748)
10:58:01.134 [main] INFO  c.c.app.utility.CFConfiguration.cfDataConnectIOInfo  107 - CFDataConnectIO version : 5.0.0.21
10:58:01.201 [main] INFO  c.c.a.u.d.plus.CFDcioConfiguration.cfDataConnectIOPlusInfo   28 - CFDataConnectIOPlus version : 5.0.0.21
10:58:01.240 [main] INFO  o.s.j.d.e.EmbeddedDatabaseFactory.initDatabase  189 - Starting embedded database: url='jdbc:h2:mem:testdb;DB_CLOSE_DELAY=-1;DB_CLOSE_ON_EXIT=false', username='sa'
10:58:02.295 [main] INFO  o.s.b.a.b.JobLauncherApplicationRunner.run  168 - Running default command line with: []
10:58:02.379 [main] INFO  o.s.b.c.l.s.SimpleJobLauncher$1.run  154 - Job: [FlowJob: [name=SUP1447]] launched with the following parameters: [{}]
10:58:02.455 [main] INFO  o.s.batch.core.job.SimpleStepHandler.handleStep  150 - Executing step: [step015Decider]
10:58:02.509 [main] INFO  o.s.batch.core.step.AbstractStep.execute  295 - Step: [step015Decider] executed in 52ms
10:58:02.535 [main] INFO  o.s.batch.core.job.SimpleStepHandler.handleStep  150 - Executing step: [Sup1447Step015Sort]
10:58:02.605 [main] INFO  c.c.app.tasks.Sup1447Step015Sort.afterStep  165 - STEPNAME: SUP1447STEP015 Execution completed, number of RECORDS - IN: 0,  OUT: 6
10:58:02.610 [main] INFO  o.s.batch.core.step.AbstractStep.execute  295 - Step: [Sup1447Step015Sort] executed in 74ms
10:58:02.630 [main] INFO  o.s.batch.core.job.SimpleStepHandler.handleStep  150 - Executing step: [printSummary]
10:58:02.652 [main] INFO  com.cloudframe.app.CFStepHandler.printExecutionSummary  255 - JOB : SUP1447 ENDED -  0000
10:58:02.653 [main] INFO  com.cloudframe.app.CFStepHandler.printExecutionSummary  259 - 

Stepwise Execution Summary :
+------------------------------------------------------------+
| STEPNAME     | PROGRAM   | RC          | ELAPSED           |
|              |           |             | HH:MM:SS:ss       |
+------------------------------------------------------------+
| STEP015      | SORT      | 00          | 00:00:00:144      |
+------------------------------------------------------------+
  
10:58:02.667 [main] INFO  o.s.batch.core.step.AbstractStep.execute  295 - Step: [printSummary] executed in 35ms
10:58:02.692 [main] INFO  o.s.b.c.l.s.SimpleJobLauncher$1.run  161 - Job: [FlowJob: [name=SUP1447]] completed with the following parameters: [{}] and the following status: [COMPLETED] in 278ms
10:58:02.706 [main] INFO  o.s.j.d.e.EmbeddedDatabaseFactory.shutdownDatabase  220 - Shutting down embedded database: url='jdbc:h2:mem:testdb;DB_CLOSE_DELAY=-1;DB_CLOSE_ON_EXIT=false'
