16:29:41.464 [main] INFO  o.s.boot.StartupInfoLogger.logStarting   50 - Starting CFApplication v0.0.1-SNAPSHOT using Java 17.0.14 with PID 2461528 (/home/jenkins/workspace/CFTestAutomation_Release/Testing/results/jcl/DELVSAM1/DELVSAM1/target/DELVSAM1-0.0.1-SNAPSHOT.jar started by root in /home/jenkins/workspace/CFTestAutomation_Release/Testing/results/jcl/DELVSAM1/DELVSAM1)
16:29:41.473 [main] INFO  o.s.boot.SpringApplication.logStartupProfileInfo  654 - No active profile set, falling back to 1 default profile: "default"
16:29:43.809 [main] INFO  c.c.a.dao.CFDataSourceConfiguration.dataSourceStatus  165 - CFDataSourceConfiguration initialization status...
16:29:43.810 [main] INFO  c.c.a.dao.CFDataSourceConfiguration.dataSourceStatus  172 - VSAM Datasource initialized. 
16:29:44.039 [main] INFO  o.s.boot.StartupInfoLogger.logStarted   56 - Started CFApplication in 3.783 seconds (process running for 5.015)
16:29:44.055 [main] INFO  c.c.app.utility.CFConfiguration.cfDataConnectIOInfo  107 - CFDataConnectIO version : 5.0.0.21
16:29:44.124 [main] INFO  c.c.a.u.d.plus.CFDcioConfiguration.cfDataConnectIOPlusInfo   28 - CFDataConnectIOPlus version : 5.0.0.21
16:29:44.162 [main] INFO  o.s.j.d.e.EmbeddedDatabaseFactory.initDatabase  189 - Starting embedded database: url='jdbc:h2:mem:testdb;DB_CLOSE_DELAY=-1;DB_CLOSE_ON_EXIT=false', username='sa'
16:29:45.532 [main] INFO  o.s.b.a.b.JobLauncherApplicationRunner.run  168 - Running default command line with: []
16:29:45.670 [main] INFO  o.s.b.c.l.s.SimpleJobLauncher$1.run  154 - Job: [SimpleJob: [name=DELVSAM1]] launched with the following parameters: [{}]
16:29:45.776 [main] INFO  o.s.batch.core.job.SimpleStepHandler.handleStep  150 - Executing step: [delvsam]
16:29:46.029 [main] INFO  com.zaxxer.hikari.HikariDataSource.getConnection  109 - HikariPool-1 - Starting...
16:29:46.131 [main] INFO  com.zaxxer.hikari.pool.HikariPool.checkFailFast  554 - HikariPool-1 - Added connection conn16: url=jdbc:h2:file:./cf-vsam-db user=SA
16:29:46.137 [main] INFO  com.zaxxer.hikari.HikariDataSource.getConnection  122 - HikariPool-1 - Start completed.
16:29:46.189 [main] INFO  o.s.batch.core.step.AbstractStep.execute  295 - Step: [delvsam] executed in 410ms
16:29:46.214 [main] INFO  o.s.batch.core.job.SimpleStepHandler.handleStep  150 - Executing step: [defvsam]
16:29:46.267 [main] INFO  c.c.app.vsam.dao.VsamRepository.lambda$createTable$1  211 - Executing query : create table CLOUDFRM_IDCAMS_PRINT_VSAMKSDS(
primary_key binary(65) primary key not null,
RECORD_DATA blob not null); 
16:29:46.283 [main] INFO  o.s.batch.core.step.AbstractStep.execute  295 - Step: [defvsam] executed in 67ms
16:29:46.306 [main] INFO  o.s.batch.core.job.SimpleStepHandler.handleStep  150 - Executing step: [repvsam]
16:29:47.102 [main] INFO  o.s.batch.core.step.AbstractStep.execute  295 - Step: [repvsam] executed in 795ms
16:29:47.133 [main] INFO  o.s.batch.core.job.SimpleStepHandler.handleStep  150 - Executing step: [vsamout]
16:29:47.170 [main] INFO  c.c.app.vsam.dao.VsamRepository.createTemplateForRead  446 - Using separate datasource for export cluster
16:29:47.176 [main] INFO  com.zaxxer.hikari.HikariDataSource.getConnection  109 - HikariPool-2 - Starting...
16:29:47.180 [main] INFO  com.zaxxer.hikari.pool.HikariPool.checkFailFast  554 - HikariPool-2 - Added connection conn53: url=jdbc:h2:file:./cf-vsam-db user=SA
16:29:47.181 [main] INFO  com.zaxxer.hikari.HikariDataSource.getConnection  122 - HikariPool-2 - Start completed.
16:29:47.383 [main] INFO  o.s.batch.core.step.AbstractStep.execute  295 - Step: [vsamout] executed in 248ms
16:29:47.398 [main] INFO  o.s.batch.core.job.SimpleStepHandler.handleStep  150 - Executing step: [printSummary]
16:29:47.418 [main] INFO  com.cloudframe.app.CFStepHandler.printExecutionSummary  264 - JOB : DELVSAM1 ENDED -  0000
16:29:47.419 [main] INFO  com.cloudframe.app.CFStepHandler.printExecutionSummary  268 - 

Stepwise Execution Summary :
+--------------------------------------------------------------+
| STEPNAME     | PROGRAM     | RC          | ELAPSED           |
|              |             |             | HH:MM:SS:ss       |
+--------------------------------------------------------------+
| DELVSAM      | IDCAMS      | 00          | 00:00:00:410      |
+--------------------------------------------------------------+
| DEFVSAM      | IDCAMS      | 00          | 00:00:00:067      |
+--------------------------------------------------------------+
| REPVSAM      | IDCAMS      | 00          | 00:00:00:795      |
+--------------------------------------------------------------+
| VSAMOUT      | IDCAMS      | 00          | 00:00:00:248      |
+--------------------------------------------------------------+
  
16:29:47.427 [main] INFO  o.s.batch.core.step.AbstractStep.execute  295 - Step: [printSummary] executed in 28ms
16:29:47.450 [main] INFO  o.s.b.c.l.s.SimpleJobLauncher$1.run  161 - Job: [SimpleJob: [name=DELVSAM1]] completed with the following parameters: [{}] and the following status: [COMPLETED] in 1s730ms
16:29:47.467 [main] INFO  com.zaxxer.hikari.HikariDataSource.close  349 - HikariPool-1 - Shutdown initiated...
16:29:47.473 [main] INFO  com.zaxxer.hikari.HikariDataSource.close  351 - HikariPool-1 - Shutdown completed.
16:29:47.474 [main] INFO  o.s.j.d.e.EmbeddedDatabaseFactory.shutdownDatabase  220 - Shutting down embedded database: url='jdbc:h2:mem:testdb;DB_CLOSE_DELAY=-1;DB_CLOSE_ON_EXIT=false'
