06:55:00.283 [main] INFO  o.s.boot.StartupInfoLogger.logStarting   50 - Starting CFApplication v0.0.1-SNAPSHOT using Java 17.0.14 with PID 3260054 (/home/jenkins/workspace/CFTestAutomation_Release/Testing/results/jcl/USB6QSAM/USB6QSAM/target/USB6QSAM-0.0.1-SNAPSHOT.jar started by root in /home/jenkins/workspace/CFTestAutomation_Release/Testing/results/jcl/USB6QSAM/USB6QSAM)
06:55:00.295 [main] INFO  o.s.boot.SpringApplication.logStartupProfileInfo  654 - No active profile set, falling back to 1 default profile: "default"
06:55:02.706 [main] INFO  o.s.boot.StartupInfoLogger.logStarted   56 - Started CFApplication in 4.164 seconds (process running for 5.164)
06:55:02.729 [main] INFO  c.c.app.utility.CFConfiguration.cfDataConnectIOInfo  107 - CFDataConnectIO version : 5.0.0.21
06:55:02.801 [main] INFO  c.c.a.u.d.plus.CFDcioConfiguration.cfDataConnectIOPlusInfo   28 - CFDataConnectIOPlus version : 5.0.0.21
06:55:02.836 [main] INFO  o.s.j.d.e.EmbeddedDatabaseFactory.initDatabase  189 - Starting embedded database: url='jdbc:h2:mem:testdb;DB_CLOSE_DELAY=-1;DB_CLOSE_ON_EXIT=false', username='sa'
06:55:03.589 [main] INFO  o.s.b.a.b.JobLauncherApplicationRunner.run  168 - Running default command line with: []
06:55:03.637 [main] INFO  o.s.b.c.l.s.SimpleJobLauncher$1.run  154 - Job: [SimpleJob: [name=USB6QSAM]] launched with the following parameters: [{}]
06:55:03.682 [main] INFO  o.s.batch.core.job.SimpleStepHandler.handleStep  150 - Executing step: [step01]
06:55:03.726 [main] INFO  o.s.batch.core.step.AbstractStep.execute  295 - Step: [step01] executed in 42ms
06:55:03.742 [main] INFO  o.s.batch.core.job.SimpleStepHandler.handleStep  150 - Executing step: [printSummary]
06:55:03.758 [main] INFO  com.cloudframe.app.CFStepHandler.printExecutionSummary  258 - JOB : USB6QSAM ENDED -  0000
06:55:03.759 [main] INFO  com.cloudframe.app.CFStepHandler.printExecutionSummary  262 - 

Stepwise Execution Summary :
+-------------------------------------------------------------+
| STEPNAME    | PROGRAM     | RC          | ELAPSED           |
|             |             |             | HH:MM:SS:ss       |
+-------------------------------------------------------------+
| STEP01      | IDCAMS      | 00          | 00:00:00:042      |
+-------------------------------------------------------------+
  
06:55:03.767 [main] INFO  o.s.batch.core.step.AbstractStep.execute  295 - Step: [printSummary] executed in 23ms
06:55:03.783 [main] INFO  o.s.b.c.l.s.SimpleJobLauncher$1.run  161 - Job: [SimpleJob: [name=USB6QSAM]] completed with the following parameters: [{}] and the following status: [COMPLETED] in 122ms
06:55:03.792 [main] INFO  o.s.j.d.e.EmbeddedDatabaseFactory.shutdownDatabase  220 - Shutting down embedded database: url='jdbc:h2:mem:testdb;DB_CLOSE_DELAY=-1;DB_CLOSE_ON_EXIT=false'
