07:26:05.621 [main] INFO  o.s.boot.StartupInfoLogger.logStarting   50 - Starting CFApplication v0.0.1-SNAPSHOT using Java 17.0.14 with PID 4099322 (/home/jenkins/workspace/CFTestAutomation_Release/Testing/results/jcl/IEBCOPY2/IEBCOPY2/target/IEBCOPY2-0.0.1-SNAPSHOT.jar started by root in /home/jenkins/workspace/CFTestAutomation_Release/Testing/results/jcl/IEBCOPY2/IEBCOPY2)
07:26:05.629 [main] INFO  o.s.boot.SpringApplication.logStartupProfileInfo  654 - No active profile set, falling back to 1 default profile: "default"
07:26:08.698 [main] INFO  o.s.boot.StartupInfoLogger.logStarted   56 - Started CFApplication in 4.122 seconds (process running for 4.996)
07:26:08.742 [main] INFO  c.c.app.utility.CFConfiguration.cfDataConnectIOInfo  107 - CFDataConnectIO version : 5.0.0.21
07:26:08.863 [main] INFO  c.c.a.u.d.plus.CFDcioConfiguration.cfDataConnectIOPlusInfo   28 - CFDataConnectIOPlus version : 5.0.0.21
07:26:08.927 [main] INFO  o.s.j.d.e.EmbeddedDatabaseFactory.initDatabase  189 - Starting embedded database: url='jdbc:h2:mem:testdb;DB_CLOSE_DELAY=-1;DB_CLOSE_ON_EXIT=false', username='sa'
07:26:09.779 [main] INFO  o.s.b.a.b.JobLauncherApplicationRunner.run  168 - Running default command line with: []
07:26:09.854 [main] INFO  o.s.b.c.l.s.SimpleJobLauncher$1.run  154 - Job: [SimpleJob: [name=IEBCOPY2]] launched with the following parameters: [{}]
07:26:09.916 [main] INFO  o.s.batch.core.job.SimpleStepHandler.handleStep  150 - Executing step: [compress]
07:26:09.962 [main] INFO  o.s.batch.core.step.AbstractStep.execute  295 - Step: [compress] executed in 43ms
07:26:09.979 [main] INFO  o.s.batch.core.job.SimpleStepHandler.handleStep  150 - Executing step: [printSummary]
07:26:09.999 [main] INFO  com.cloudframe.app.CFStepHandler.printExecutionSummary  247 - JOB : IEBCOPY2 ENDED -  0000
07:26:10.000 [main] INFO  com.cloudframe.app.CFStepHandler.printExecutionSummary  251 - 

Stepwise Execution Summary :
+----------------------------------------------------------------+
| STEPNAME      | PROGRAM      | RC          | ELAPSED           |
|               |              |             | HH:MM:SS:ss       |
+----------------------------------------------------------------+
| COMPRESS      | IEBCOPY      | 00          | 00:00:00:043      |
+----------------------------------------------------------------+
  
07:26:10.009 [main] INFO  o.s.batch.core.step.AbstractStep.execute  295 - Step: [printSummary] executed in 28ms
07:26:10.029 [main] INFO  o.s.b.c.l.s.SimpleJobLauncher$1.run  161 - Job: [SimpleJob: [name=IEBCOPY2]] completed with the following parameters: [{}] and the following status: [COMPLETED] in 142ms
07:26:10.039 [main] INFO  o.s.j.d.e.EmbeddedDatabaseFactory.shutdownDatabase  220 - Shutting down embedded database: url='jdbc:h2:mem:testdb;DB_CLOSE_DELAY=-1;DB_CLOSE_ON_EXIT=false'
