23:22:19.948 [main] INFO  o.s.boot.StartupInfoLogger.logStarting   50 - Starting CFApplication v0.0.1-SNAPSHOT using Java 17.0.14 with PID 1844032 (/home/jenkins/workspace/CFTestAutomation_Release/Testing/results/jcl/USBSORT/USBSORT/target/USBSORT-0.0.1-SNAPSHOT.jar started by root in /home/jenkins/workspace/CFTestAutomation_Release/Testing/results/jcl/USBSORT/USBSORT)
23:22:19.957 [main] INFO  o.s.boot.SpringApplication.logStartupProfileInfo  654 - No active profile set, falling back to 1 default profile: "default"
23:22:23.491 [main] INFO  o.s.boot.StartupInfoLogger.logStarted   56 - Started CFApplication in 4.362 seconds (process running for 5.015)
23:22:23.513 [main] INFO  c.c.app.utility.CFConfiguration.cfDataConnectIOInfo  107 - CFDataConnectIO version : 5.0.0.21
23:22:23.577 [main] INFO  c.c.a.u.d.plus.CFDcioConfiguration.cfDataConnectIOPlusInfo   28 - CFDataConnectIOPlus version : 5.0.0.21
23:22:23.613 [main] INFO  o.s.j.d.e.EmbeddedDatabaseFactory.initDatabase  189 - Starting embedded database: url='jdbc:h2:mem:testdb;DB_CLOSE_DELAY=-1;DB_CLOSE_ON_EXIT=false', username='sa'
23:22:24.389 [main] INFO  o.s.b.a.b.JobLauncherApplicationRunner.run  168 - Running default command line with: []
23:22:24.443 [main] INFO  o.s.b.c.l.s.SimpleJobLauncher$1.run  154 - Job: [FlowJob: [name=USBSORT]] launched with the following parameters: [{}]
23:22:24.488 [main] INFO  o.s.batch.core.job.SimpleStepHandler.handleStep  150 - Executing step: [sort002Decider]
23:22:24.541 [main] INFO  o.s.batch.core.step.AbstractStep.execute  295 - Step: [sort002Decider] executed in 51ms
23:22:24.560 [main] INFO  o.s.batch.core.job.SimpleStepHandler.handleStep  150 - Executing step: [readUsbsortSort002SortInput]
23:22:24.627 [main] INFO  o.s.batch.core.step.AbstractStep.execute  295 - Step: [readUsbsortSort002SortInput] executed in 65ms
23:22:24.640 [main] INFO  o.s.batch.core.job.SimpleStepHandler.handleStep  150 - Executing step: [sortUsbsortSort002Process]
23:22:24.670 [main] INFO  o.s.batch.core.step.AbstractStep.execute  295 - Step: [sortUsbsortSort002Process] executed in 26ms
23:22:24.685 [main] INFO  o.s.batch.core.job.SimpleStepHandler.handleStep  150 - Executing step: [writeUsbsortSort002SortOutput]
23:22:24.716 [main] INFO  c.c.a.t.UsbsortSort002OutputWriter.afterStep  104 - STEPNAME: USBSORTSORT002 Execution completed, number of RECORDS - IN: 10,  OUT: 10
23:22:24.719 [main] INFO  o.s.batch.core.step.AbstractStep.execute  295 - Step: [writeUsbsortSort002SortOutput] executed in 33ms
23:22:24.732 [main] INFO  o.s.batch.core.job.SimpleStepHandler.handleStep  150 - Executing step: [sort003Decider]
23:22:24.753 [main] INFO  o.s.batch.core.step.AbstractStep.execute  295 - Step: [sort003Decider] executed in 20ms
23:22:24.767 [main] INFO  o.s.batch.core.job.SimpleStepHandler.handleStep  150 - Executing step: [readUsbsortSort003SortInput]
23:22:24.863 [main] INFO  o.s.batch.core.step.AbstractStep.execute  295 - Step: [readUsbsortSort003SortInput] executed in 95ms
23:22:24.875 [main] INFO  o.s.batch.core.job.SimpleStepHandler.handleStep  150 - Executing step: [sortUsbsortSort003Process]
23:22:24.901 [main] INFO  o.s.batch.core.step.AbstractStep.execute  295 - Step: [sortUsbsortSort003Process] executed in 26ms
23:22:24.911 [main] INFO  o.s.batch.core.job.SimpleStepHandler.handleStep  150 - Executing step: [writeUsbsortSort003SortOutput]
23:22:24.962 [main] INFO  c.c.a.t.UsbsortSort003OutputWriter.afterStep   89 - STEPNAME: USBSORTSORT003 Execution completed, number of RECORDS - IN: 4499,  OUT: 1000
23:22:24.965 [main] INFO  o.s.batch.core.step.AbstractStep.execute  295 - Step: [writeUsbsortSort003SortOutput] executed in 53ms
23:22:24.973 [main] INFO  o.s.batch.core.job.SimpleStepHandler.handleStep  150 - Executing step: [sort004Decider]
23:22:24.986 [main] INFO  o.s.batch.core.step.AbstractStep.execute  295 - Step: [sort004Decider] executed in 13ms
23:22:24.995 [main] INFO  o.s.batch.core.job.SimpleStepHandler.handleStep  150 - Executing step: [readUsbsortSort004SortInput]
23:22:25.019 [main] INFO  o.s.batch.core.step.AbstractStep.execute  295 - Step: [readUsbsortSort004SortInput] executed in 23ms
23:22:25.029 [main] INFO  o.s.batch.core.job.SimpleStepHandler.handleStep  150 - Executing step: [sortUsbsortSort004Process]
23:22:25.042 [main] INFO  o.s.batch.core.step.AbstractStep.execute  295 - Step: [sortUsbsortSort004Process] executed in 12ms
23:22:25.053 [main] INFO  o.s.batch.core.job.SimpleStepHandler.handleStep  150 - Executing step: [writeUsbsortSort004SortOutput]
23:22:25.067 [main] INFO  c.c.a.t.UsbsortSort004OutputWriter.afterStep   91 - STEPNAME: USBSORTSORT004 Execution completed, number of RECORDS - IN: 93,  OUT: 7
23:22:25.070 [main] INFO  o.s.batch.core.step.AbstractStep.execute  295 - Step: [writeUsbsortSort004SortOutput] executed in 16ms
23:22:25.078 [main] INFO  o.s.batch.core.job.SimpleStepHandler.handleStep  150 - Executing step: [printSummary]
23:22:25.089 [main] INFO  com.cloudframe.app.CFStepHandler.printExecutionSummary  269 - JOB : USBSORT ENDED -  0000
23:22:25.090 [main] INFO  com.cloudframe.app.CFStepHandler.printExecutionSummary  273 - 

Stepwise Execution Summary :
+------------------------------------------------------------+
| STEPNAME     | PROGRAM   | RC          | ELAPSED           |
|              |           |             | HH:MM:SS:ss       |
+------------------------------------------------------------+
| SORT002      | SORT      | 00          | 00:00:00:224      |
+------------------------------------------------------------+
| SORT003      | SORT      | 00          | 00:00:00:227      |
+------------------------------------------------------------+
| SORT004      | SORT      | 00          | 00:00:00:092      |
+------------------------------------------------------------+
  
23:22:25.094 [main] INFO  o.s.batch.core.step.AbstractStep.execute  295 - Step: [printSummary] executed in 15ms
23:22:25.104 [main] INFO  o.s.b.c.l.s.SimpleJobLauncher$1.run  161 - Job: [FlowJob: [name=USBSORT]] completed with the following parameters: [{}] and the following status: [COMPLETED] in 641ms
23:22:25.111 [main] INFO  o.s.j.d.e.EmbeddedDatabaseFactory.shutdownDatabase  220 - Shutting down embedded database: url='jdbc:h2:mem:testdb;DB_CLOSE_DELAY=-1;DB_CLOSE_ON_EXIT=false'
