08:37:02.085 [main] INFO  o.s.boot.StartupInfoLogger.logStarting   50 - Starting CFApplication v0.0.1-SNAPSHOT using Java 17.0.14 with PID 4193164 (/home/jenkins/workspace/CFTestAutomation_Release/Testing/results/numeric/edit1/EDIT1/target/EDIT1-0.0.1-SNAPSHOT.jar started by root in /home/jenkins/workspace/CFTestAutomation_Release/Testing/results/numeric/edit1/EDIT1)
08:37:02.089 [main] INFO  o.s.boot.SpringApplication.logStartupProfileInfo  654 - No active profile set, falling back to 1 default profile: "default"
08:37:03.235 [main] INFO  o.s.boot.StartupInfoLogger.logStarted   56 - Started CFApplication in 2.011 seconds (process running for 2.635)
08:37:03.261 [main] INFO  c.c.app.utility.CFConfiguration.cfDataConnectIOInfo  107 - CFDataConnectIO version : 5.0.0.21
08:37:03.403 [main] INFO  com.cloudframe.app.process.Edit1.process   76 -   1.$,$$$,999.99   -1234567.56 ACTUAL > $234,567.56<
08:37:03.405 [main] INFO  com.cloudframe.app.process.Edit1.process   81 -   2.+,+++,999.99   -1234567.789 ACTUAL > -234,567.78<
08:37:03.406 [main] INFO  com.cloudframe.app.process.Edit1.process   86 -   3.*,***.**+      -1234.45 ACTUAL >1,234.45-<
08:37:03.407 [main] INFO  com.cloudframe.app.process.Edit1.process   91 -   4.*,***.*+       -1234.45 ACTUAL >1,234.4-<
08:37:03.407 [main] INFO  com.cloudframe.app.process.Edit1.process   96 -   5.--,-9.99       -234.56 ACTUAL >-3,4.56<
08:37:03.408 [main] INFO  com.cloudframe.app.process.Edit1.process  101 -   6.-,-9.99        -234.56 ACTUAL > -34.56<
08:37:03.409 [main] INFO  com.cloudframe.app.process.Edit1.process  106 -   7."999.99" "1.234"             "001.23" 
08:37:03.410 [main] INFO  com.cloudframe.app.process.Edit1.process  111 -   8."999.99" "12.34"             "012.34" 
08:37:03.411 [main] INFO  com.cloudframe.app.process.Edit1.process  116 -   9."999.99" "123.45"            "123.45" 
08:37:03.412 [main] INFO  com.cloudframe.app.process.Edit1.process  121 -  10."999.99" "1234.5"            "234.50" 
08:37:03.415 [main] INFO  com.cloudframe.app.process.Edit1.process  126 -  11."+999.99E+99" "12345"      "+123.45E+02" 
08:37:03.416 [main] INFO  com.cloudframe.app.process.Edit1.process  131 -  12."999.99+" "+6555.556"        "555.55+" 
08:37:03.416 [main] INFO  com.cloudframe.app.process.Edit1.process  136 -  13."+9999.99" "-6555.555"       "-6555.55" 
08:37:03.417 [main] INFO  com.cloudframe.app.process.Edit1.process  141 -  14."9999.99" "+1234.56"         "1234.56" 
08:37:03.418 [main] INFO  com.cloudframe.app.process.Edit1.process  146 -  15."$999.99" "-123.45"          "$123.45" 
08:37:03.419 [main] INFO  com.cloudframe.app.process.Edit1.process  151 -  16."-$999.99" "-123.456"        "-$123.45" 
08:37:03.420 [main] INFO  com.cloudframe.app.process.Edit1.process  156 -  17."-$999.99" "+123.456"        " $123.45" 
08:37:03.421 [main] INFO  com.cloudframe.app.process.Edit1.process  161 -  18."$9999.99CR" "+123.45"       "$0123.45  " 
08:37:03.422 [main] INFO  com.cloudframe.app.process.Edit1.process  166 -  19."$9999.99CR" "-123.45"       "$0123.45CR" 
08:37:03.422 [main] INFO  com.cloudframe.app.process.Edit1.process  171 -  20."$$$$.99 .123"                "   $.12" 
08:37:03.423 [main] INFO  com.cloudframe.app.process.Edit1.process  176 -  21."$$$9.99 .12"                 "  $0.12" 
08:37:03.424 [main] INFO  com.cloudframe.app.process.Edit1.process  181 -  22."$,$$$,999.99 -1234.56"       "   $1,234.56" 
08:37:03.425 [main] INFO  com.cloudframe.app.process.Edit1.process  186 -  23."+,+++,999.99 -123456.789"    " -123,456.78" 
08:37:03.426 [main] INFO  com.cloudframe.app.process.Edit1.process  191 -  24."$$,$$$,$$$.99CR" "-1234567"   "$1,234,567.00CR"
08:37:03.427 [main] INFO  com.cloudframe.app.process.Edit1.process  196 -  25."++,+++,+++.+++" "000.00"      "              "
08:37:03.428 [main] INFO  com.cloudframe.app.process.Edit1.process1  241 -  26."****.**" "0000.00"            "****.**"
08:37:03.428 [main] INFO  com.cloudframe.app.process.Edit1.process1  246 -  27."ZZZZ.ZZ" "0000.00"            "       "
08:37:03.429 [main] INFO  com.cloudframe.app.process.Edit1.process1  251 -  28."ZZZZ.99" "0000.00"            "    .00"
08:37:03.430 [main] INFO  com.cloudframe.app.process.Edit1.process1  256 -  29."****.99" "0000.00"            "****.00"
08:37:03.431 [main] INFO  com.cloudframe.app.process.Edit1.process1  261 -  30."ZZ99.99" "0000.00"            "  00.00"
08:37:03.432 [main] INFO  com.cloudframe.app.process.Edit1.process1  266 -  31."Z,ZZZ.ZZ+" "+123.456"         "  123.45+"
08:37:03.433 [main] INFO  com.cloudframe.app.process.Edit1.process1  271 -  32."*,***.**+" "-123.45"          "**123.45-"
08:37:03.434 [main] INFO  com.cloudframe.app.process.Edit1.process1  276 -  33."**,***,***.**+" "+12345678.9"  "12,345,678.90+"
08:37:03.434 [main] INFO  com.cloudframe.app.process.Edit1.process1  281 -  34."$Z,ZZZ,ZZZ.ZZCR" "+12345.67"   "$   12,345.67  "
08:37:03.435 [main] INFO  com.cloudframe.app.process.Edit1.process1  286 -  35."$B*,***,***.**BBDB" "-12345.67""$ ***12,345.67  DB"
08:37:03.436 [main] INFO  com.cloudframe.app.process.Edit1.process1  291 -  36."ZZZZZ9.99-" "4917.842600000001" "  4917.84 "
08:37:03.437 [main] INFO  com.cloudframe.app.process.Edit1.process1  296 -  37."ZZ,ZZ9.99-" "4917.842600000001" " 4,917.84 "
08:37:03.438 [main] INFO  com.cloudframe.app.process.Edit1.process1  301 -  38."--------------9.99999" "-888.88" "           -888.88000"
08:37:03.439 [main] INFO  com.cloudframe.app.process.Edit1.process1  306 -  39."--------------9.99999" "-98765432101234" "-98765432101234.00000"
08:37:03.440 [main] INFO  com.cloudframe.app.process.Edit1.process1  311 -  40."--------------9.99999" "-9.8765432101234E13""-98765432101234.00000"
08:37:03.441 [main] INFO  com.cloudframe.app.process.Edit1.process1  315 -  41."+$9,99.99E+99" "-12345.67" ** INVALID ** 
08:37:03.442 [main] INFO  com.cloudframe.app.process.Edit1.process1  320 -  42."+999.99E+99" ".1234567"       "+123.46E-03"
08:37:03.443 [main] INFO  com.cloudframe.app.process.Edit1.process1  324 -  43."+999.99E+9999" ".1234567"  ** INVALID ** 
08:37:03.443 [main] INFO  com.cloudframe.app.process.Edit1.process1  328 -  44."+999E+99" ".123"789        ** INVALID **
08:37:03.444 [main] INFO  com.cloudframe.app.process.Edit1.process1  332 -  45."+***E+99" ".123"789        ** INVALID **
08:37:03.445 [main] INFO  com.cloudframe.app.process.Edit1.process1  337 -  46."$Z,ZZZ,ZZZ.ZZCR" "+12.67"     "$       12.67  "
