16:42:32.958 [main] INFO  o.s.boot.StartupInfoLogger.logStarting   50 - Starting CFApplication v0.0.1-SNAPSHOT using Java 17.0.14 with PID 2516805 (/home/jenkins/workspace/CFTestAutomation_Release/Testing/results/jcl/IDCPRN10/IDCPRN10/target/IDCPRN10-0.0.1-SNAPSHOT.jar started by root in /home/jenkins/workspace/CFTestAutomation_Release/Testing/results/jcl/IDCPRN10/IDCPRN10)
16:42:32.975 [main] INFO  o.s.boot.SpringApplication.logStartupProfileInfo  654 - No active profile set, falling back to 1 default profile: "default"
16:42:36.764 [main] INFO  o.s.boot.StartupInfoLogger.logStarted   56 - Started CFApplication in 6.134 seconds (process running for 7.843)
16:42:36.792 [main] INFO  c.c.app.utility.CFConfiguration.cfDataConnectIOInfo  107 - CFDataConnectIO version : 5.0.0.21
16:42:36.876 [main] INFO  c.c.a.u.d.plus.CFDcioConfiguration.cfDataConnectIOPlusInfo   28 - CFDataConnectIOPlus version : 5.0.0.21
16:42:36.958 [main] INFO  o.s.j.d.e.EmbeddedDatabaseFactory.initDatabase  189 - Starting embedded database: url='jdbc:h2:mem:testdb;DB_CLOSE_DELAY=-1;DB_CLOSE_ON_EXIT=false', username='sa'
16:42:38.539 [main] INFO  o.s.b.a.b.JobLauncherApplicationRunner.run  168 - Running default command line with: []
16:42:38.638 [main] INFO  o.s.b.c.l.s.SimpleJobLauncher$1.run  154 - Job: [SimpleJob: [name=IDCPRN10]] launched with the following parameters: [{}]
16:42:38.716 [main] INFO  o.s.batch.core.job.SimpleStepHandler.handleStep  150 - Executing step: [print01]
16:42:38.773 [main] INFO  o.s.batch.core.step.AbstractStep.execute  295 - Step: [print01] executed in 54ms
16:42:38.799 [main] INFO  o.s.batch.core.job.SimpleStepHandler.handleStep  150 - Executing step: [printSummary]
16:42:38.824 [main] INFO  com.cloudframe.app.CFStepHandler.printExecutionSummary  247 - JOB : IDCPRN10 ENDED -  0000
16:42:38.825 [main] INFO  com.cloudframe.app.CFStepHandler.printExecutionSummary  251 - 

Stepwise Execution Summary :
+--------------------------------------------------------------+
| STEPNAME     | PROGRAM     | RC          | ELAPSED           |
|              |             |             | HH:MM:SS:ss       |
+--------------------------------------------------------------+
| PRINT01      | IDCAMS      | 00          | 00:00:00:054      |
+--------------------------------------------------------------+
  
16:42:38.838 [main] INFO  o.s.batch.core.step.AbstractStep.execute  295 - Step: [printSummary] executed in 38ms
16:42:38.877 [main] INFO  o.s.b.c.l.s.SimpleJobLauncher$1.run  161 - Job: [SimpleJob: [name=IDCPRN10]] completed with the following parameters: [{}] and the following status: [COMPLETED] in 186ms
16:42:38.890 [main] INFO  o.s.j.d.e.EmbeddedDatabaseFactory.shutdownDatabase  220 - Shutting down embedded database: url='jdbc:h2:mem:testdb;DB_CLOSE_DELAY=-1;DB_CLOSE_ON_EXIT=false'
