08:28:33.544 [main] INFO  o.s.boot.StartupInfoLogger.logStarting 50 - Starting CFApplication v0.0.1-SNAPSHOT using Java 17.0.14 with PID 4159782 (/home/jenkins/workspace/CFTestAutomation_Release/Testing/results/jcl/IDCPRN01/IDCPRN01/target/IDCPRN01-0.0.1-SNAPSHOT.jar started by root in /home/jenkins/workspace/CFTestAutomation_Release/Testing/results/jcl/IDCPRN01/IDCPRN01)
08:28:33.553 [main] INFO  o.s.boot.SpringApplication.logStartupProfileInfo 654 - No active profile set, falling back to 1 default profile: "default"
08:28:36.697 [main] INFO  o.s.boot.StartupInfoLogger.logStarted 56 - Started CFApplication in 4.306 seconds (process running for 5.168)
08:28:36.716 [main] INFO  c.c.app.utility.CFConfiguration.cfDataConnectIOInfo 107 - CFDataConnectIO version : 5.0.0.21
08:28:36.765 [main] INFO  c.c.a.u.d.plus.CFDcioConfiguration.cfDataConnectIOPlusInfo 28 - CFDataConnectIOPlus version : 5.0.0.21
08:28:36.792 [main] INFO  o.s.j.d.e.EmbeddedDatabaseFactory.initDatabase 189 - Starting embedded database: url='jdbc:h2:mem:testdb;DB_CLOSE_DELAY=-1;DB_CLOSE_ON_EXIT=false', username='sa'
08:28:37.922 [main] INFO  o.s.b.a.b.JobLauncherApplicationRunner.run 168 - Running default command line with: []
08:28:38.010 [main] INFO  o.s.b.c.l.s.SimpleJobLauncher$1.run 154 - Job: [SimpleJob: [name=IDCPRN01]] launched with the following parameters: [{}]
08:28:38.106 [main] INFO  o.s.batch.core.job.SimpleStepHandler.handleStep 150 - Executing step: [print01]
08:28:38.591 [main] INFO  o.s.batch.core.step.AbstractStep.execute 295 - Step: [print01] executed in 483ms
08:28:38.610 [main] INFO  o.s.batch.core.job.SimpleStepHandler.handleStep 150 - Executing step: [printSummary]
08:28:38.631 [main] INFO  com.cloudframe.app.CFStepHandler.printExecutionSummary 247 - JOB : IDCPRN01 ENDED -  0000
08:28:38.632 [main] INFO  com.cloudframe.app.CFStepHandler.printExecutionSummary 251 - 

Stepwise Execution Summary :
+--------------------------------------------------------------+
| STEPNAME     | PROGRAM     | RC          | ELAPSED           |
|              |             |             | HH:MM:SS:ss       |
+--------------------------------------------------------------+
| PRINT01      | IDCAMS      | 00          | 00:00:00:483      |
+--------------------------------------------------------------+
  
08:28:38.640 [main] INFO  o.s.batch.core.step.AbstractStep.execute 295 - Step: [printSummary] executed in 28ms
08:28:38.661 [main] INFO  o.s.b.c.l.s.SimpleJobLauncher$1.run 161 - Job: [SimpleJob: [name=IDCPRN01]] completed with the following parameters: [{}] and the following status: [COMPLETED] in 613ms
08:28:38.672 [main] INFO  o.s.j.d.e.EmbeddedDatabaseFactory.shutdownDatabase 220 - Shutting down embedded database: url='jdbc:h2:mem:testdb;DB_CLOSE_DELAY=-1;DB_CLOSE_ON_EXIT=false'
