11:07:05.937 [main] INFO  o.s.boot.StartupInfoLogger.logStarting   50 - Starting CFApplication v0.0.1-SNAPSHOT using Java 17.0.14 with PID 1211285 (/home/jenkins/workspace/CFTestAutomation_Release/Testing/results/jcl/USB4QSAM/USB4QSAM/target/USB4QSAM-0.0.1-SNAPSHOT.jar started by root in /home/jenkins/workspace/CFTestAutomation_Release/Testing/results/jcl/USB4QSAM/USB4QSAM)
11:07:05.943 [main] INFO  o.s.boot.SpringApplication.logStartupProfileInfo  654 - No active profile set, falling back to 1 default profile: "default"
11:07:07.979 [main] INFO  o.s.boot.StartupInfoLogger.logStarted   56 - Started CFApplication in 2.856 seconds (process running for 3.547)
11:07:07.996 [main] INFO  c.c.app.utility.CFConfiguration.cfDataConnectIOInfo  107 - CFDataConnectIO version : 5.0.0.21
11:07:08.059 [main] INFO  c.c.a.u.d.plus.CFDcioConfiguration.cfDataConnectIOPlusInfo   28 - CFDataConnectIOPlus version : 5.0.0.21
11:07:08.096 [main] INFO  o.s.j.d.e.EmbeddedDatabaseFactory.initDatabase  189 - Starting embedded database: url='jdbc:h2:mem:testdb;DB_CLOSE_DELAY=-1;DB_CLOSE_ON_EXIT=false', username='sa'
11:07:08.798 [main] INFO  o.s.b.a.b.JobLauncherApplicationRunner.run  168 - Running default command line with: []
11:07:08.845 [main] INFO  o.s.b.c.l.s.SimpleJobLauncher$1.run  154 - Job: [SimpleJob: [name=USB4QSAM]] launched with the following parameters: [{}]
11:07:08.886 [main] INFO  o.s.batch.core.job.SimpleStepHandler.handleStep  150 - Executing step: [step01]
11:07:08.902 [main] WARN  c.c.app.utility.JclUtilsImpl.handleFiles  310 - File CLOUDFRM.IDCAMS.USB4QSAM.OUTPUT is not available 
11:07:08.902 [main] ERROR c.c.app.utility.JclUtilsImpl.handleDispPostion  123 - Error on handling disposition for STEP01.IDCAMS.Outdd - null 
11:07:08.923 [main] INFO  o.s.batch.core.step.AbstractStep.execute  295 - Step: [step01] executed in 36ms
11:07:08.935 [main] INFO  o.s.batch.core.job.SimpleStepHandler.handleStep  150 - Executing step: [printSummary]
11:07:08.947 [main] INFO  com.cloudframe.app.CFStepHandler.printExecutionSummary  254 - JOB : USB4QSAM ENDED -  0000
11:07:08.948 [main] INFO  com.cloudframe.app.CFStepHandler.printExecutionSummary  258 - 

Stepwise Execution Summary :
+-------------------------------------------------------------+
| STEPNAME    | PROGRAM     | RC          | ELAPSED           |
|             |             |             | HH:MM:SS:ss       |
+-------------------------------------------------------------+
| STEP01      | IDCAMS      | 00          | 00:00:00:036      |
+-------------------------------------------------------------+
  
11:07:08.954 [main] INFO  o.s.batch.core.step.AbstractStep.execute  295 - Step: [printSummary] executed in 18ms
11:07:08.970 [main] INFO  o.s.b.c.l.s.SimpleJobLauncher$1.run  161 - Job: [SimpleJob: [name=USB4QSAM]] completed with the following parameters: [{}] and the following status: [COMPLETED] in 101ms
11:07:08.979 [main] INFO  o.s.j.d.e.EmbeddedDatabaseFactory.shutdownDatabase  220 - Shutting down embedded database: url='jdbc:h2:mem:testdb;DB_CLOSE_DELAY=-1;DB_CLOSE_ON_EXIT=false'
