05:28:54.563 [main] INFO  o.s.boot.StartupInfoLogger.logStarting   50 - Starting CFApplication v0.0.1-SNAPSHOT using Java 17.0.14 with PID 3904623 (/home/jenkins/workspace/CFTestAutomation_Release/Testing/results/initialize/INIT4/INIT4/target/INIT4-0.0.1-SNAPSHOT.jar started by root in /home/jenkins/workspace/CFTestAutomation_Release/Testing/results/initialize/INIT4/INIT4)
05:28:54.572 [main] INFO  o.s.boot.SpringApplication.logStartupProfileInfo  654 - No active profile set, falling back to 1 default profile: "default"
05:28:56.339 [main] INFO  o.s.boot.StartupInfoLogger.logStarted   56 - Started CFApplication in 3.161 seconds (process running for 4.195)
05:28:56.367 [main] INFO  c.c.app.utility.CFConfiguration.cfDataConnectIOInfo  107 - CFDataConnectIO version : 5.0.0.21
05:28:56.496 [main] INFO  com.cloudframe.app.process.Init4.mainline  114 - >>>> PRINTING WS-DATA-TABLE BEFORE INITIALIZE
05:28:56.497 [main] INFO  com.cloudframe.app.process.Init4.mainline  116 -  
05:28:56.498 [main] INFO  com.cloudframe.app.process.Init4.print  170 - WS-CHAR     (1) = AAAAAAAAAA
05:28:56.499 [main] INFO  com.cloudframe.app.process.Init4.print  172 - WS-DISP-NUM (1) = 1
05:28:56.500 [main] INFO  com.cloudframe.app.process.Init4.print  174 - WS-SMALLINT (1) = 1
05:28:56.500 [main] INFO  com.cloudframe.app.process.Init4.print  170 - WS-CHAR     (2) = BBBBBBBBBB
05:28:56.500 [main] INFO  com.cloudframe.app.process.Init4.print  172 - WS-DISP-NUM (2) = 2
05:28:56.501 [main] INFO  com.cloudframe.app.process.Init4.print  174 - WS-SMALLINT (2) = 2
05:28:56.501 [main] INFO  com.cloudframe.app.process.Init4.print  170 - WS-CHAR     (3) = CCCCCCCCCC
05:28:56.502 [main] INFO  com.cloudframe.app.process.Init4.print  172 - WS-DISP-NUM (3) = 3
05:28:56.502 [main] INFO  com.cloudframe.app.process.Init4.print  174 - WS-SMALLINT (3) = 3
05:28:56.503 [main] INFO  com.cloudframe.app.process.Init4.print  170 - WS-CHAR     (4) = DDDDDDDDDD
05:28:56.503 [main] INFO  com.cloudframe.app.process.Init4.print  172 - WS-DISP-NUM (4) = 4
05:28:56.504 [main] INFO  com.cloudframe.app.process.Init4.print  174 - WS-SMALLINT (4) = 4
05:28:56.504 [main] INFO  com.cloudframe.app.process.Init4.print  170 - WS-CHAR     (5) = EEEEEEEEEE
05:28:56.504 [main] INFO  com.cloudframe.app.process.Init4.print  172 - WS-DISP-NUM (5) = 5
05:28:56.505 [main] INFO  com.cloudframe.app.process.Init4.print  174 - WS-SMALLINT (5) = 5
05:28:56.509 [main] INFO  com.cloudframe.app.process.Init4.mainline  129 - >>>> PRINTING WS-DATA-TABLE AFTER  INITIALIZE
05:28:56.509 [main] INFO  com.cloudframe.app.process.Init4.mainline  131 -  
05:28:56.510 [main] INFO  com.cloudframe.app.process.Init4.print  170 - WS-CHAR     (1) =           
05:28:56.510 [main] INFO  com.cloudframe.app.process.Init4.print  172 - WS-DISP-NUM (1) = 0
05:28:56.511 [main] INFO  com.cloudframe.app.process.Init4.print  174 - WS-SMALLINT (1) = 0
05:28:56.511 [main] INFO  com.cloudframe.app.process.Init4.print  170 - WS-CHAR     (2) =           
05:28:56.511 [main] INFO  com.cloudframe.app.process.Init4.print  172 - WS-DISP-NUM (2) = 0
05:28:56.512 [main] INFO  com.cloudframe.app.process.Init4.print  174 - WS-SMALLINT (2) = 0
05:28:56.512 [main] INFO  com.cloudframe.app.process.Init4.print  170 - WS-CHAR     (3) =           
05:28:56.512 [main] INFO  com.cloudframe.app.process.Init4.print  172 - WS-DISP-NUM (3) = 0
05:28:56.513 [main] INFO  com.cloudframe.app.process.Init4.print  174 - WS-SMALLINT (3) = 0
05:28:56.513 [main] INFO  com.cloudframe.app.process.Init4.print  170 - WS-CHAR     (4) =           
05:28:56.513 [main] INFO  com.cloudframe.app.process.Init4.print  172 - WS-DISP-NUM (4) = 0
05:28:56.514 [main] INFO  com.cloudframe.app.process.Init4.print  174 - WS-SMALLINT (4) = 0
05:28:56.514 [main] INFO  com.cloudframe.app.process.Init4.print  170 - WS-CHAR     (5) =           
05:28:56.514 [main] INFO  com.cloudframe.app.process.Init4.print  172 - WS-DISP-NUM (5) = 0
05:28:56.515 [main] INFO  com.cloudframe.app.process.Init4.print  174 - WS-SMALLINT (5) = 0
