07:12:29.208 [main] INFO  o.s.boot.StartupInfoLogger.logStarting   50 - Starting CFApplication v0.0.1-SNAPSHOT using Java 17.0.14 with PID 4027479 (/home/jenkins/workspace/CFTestAutomation_Release/Testing/results/search/MCSEARCH/MCSEARCH/target/MCSEARCH-0.0.1-SNAPSHOT.jar started by root in /home/jenkins/workspace/CFTestAutomation_Release/Testing/results/search/MCSEARCH/MCSEARCH)
07:12:29.215 [main] INFO  o.s.boot.SpringApplication.logStartupProfileInfo  654 - No active profile set, falling back to 1 default profile: "default"
07:12:31.999 [main] INFO  o.s.boot.StartupInfoLogger.logStarted   56 - Started CFApplication in 4.593 seconds (process running for 6.189)
07:12:32.037 [main] INFO  c.c.app.utility.CFConfiguration.cfDataConnectIOInfo  107 - CFDataConnectIO version : 5.0.0.21
07:12:32.374 [main] INFO  com.cloudframe.app.process.Mcsearch.mainlineSplit0  110 - IN MCSEARCH
07:12:32.382 [main] INFO  com.cloudframe.app.process.Mcsearch.mainlineSplit0  117 - CALLING IP224620 TO ADD 0100000100000002
07:12:32.388 [main] INFO  com.cloudframe.app.process.Ip224620.enterNewCombination  290 - 0100000100000002 NOT FOUND IN TABLE **  ADDED AT POSITION 1
07:12:32.388 [main] INFO  com.cloudframe.app.process.Mcsearch.mainlineSplit0  124 - 0100000100000002 ** ADD SUCCESS **
07:12:32.389 [main] INFO  com.cloudframe.app.process.Mcsearch.mainlineSplit0  139 - CALLING IP224620 TO ADD 0100100200000002
07:12:32.392 [main] INFO  com.cloudframe.app.process.Ip224620.enterNewCombination  290 - 0100100200000002 NOT FOUND IN TABLE **  ADDED AT POSITION 2
07:12:32.392 [main] INFO  com.cloudframe.app.process.Mcsearch.mainlineSplit0  146 - 0100100200000002 ** ADD SUCCESS **
07:12:32.392 [main] INFO  com.cloudframe.app.process.Mcsearch.mainlineSplit0  163 - CALLING IP224620 TO ADD 9800000100000002
07:12:32.393 [main] INFO  com.cloudframe.app.process.Ip224620.enterNewCombination  290 - 9800000100000002 NOT FOUND IN TABLE **  ADDED AT POSITION 3
07:12:32.397 [main] INFO  com.cloudframe.app.process.Mcsearch.mainlineSplit0  170 - 9800000100000002 ** ADD SUCCESS **
07:12:32.398 [main] INFO  com.cloudframe.app.process.Mcsearch.mainlineSplit0  187 - CALLING IP224620 TO ADD 0100000100000006
07:12:32.398 [main] INFO  com.cloudframe.app.process.Ip224620.enterNewCombination  290 - 0100000100000006 NOT FOUND IN TABLE **  ADDED AT POSITION 1
07:12:32.399 [main] INFO  com.cloudframe.app.process.Mcsearch.mainlineSplit0  194 - 0100000100000006 ** ADD SUCCESS **
07:12:32.399 [main] INFO  com.cloudframe.app.process.Mcsearch.mainlineSplit0  205 -  
07:12:32.399 [main] INFO  com.cloudframe.app.process.Mcsearch.mainlineSplit0  207 - SEARCH WITHOUT OCCURS DEPENDING ON
07:12:32.400 [main] INFO  com.cloudframe.app.process.Mcsearch.mainlineSplit0  209 -  
07:12:32.400 [main] INFO  com.cloudframe.app.process.Mcsearch.mainlineSplit0  218 - CALLING IP224621 TO ADD 0100000100000002
07:12:32.401 [main] INFO  com.cloudframe.app.process.Ip224621.enterNewCombination  272 - 0100000100000002 NOT FOUND IN TABLE **  ADDED AT POSITION 1
07:12:32.405 [main] INFO  com.cloudframe.app.process.Mcsearch.mainlineSplit0  225 - 0100000100000002 ** ADD SUCCESS **
07:12:32.405 [main] INFO  com.cloudframe.app.process.Mcsearch.mainlineSplit0  240 - CALLING IP224621 TO ADD 0100100200000002
07:12:32.406 [main] INFO  com.cloudframe.app.process.Ip224621.enterNewCombination  272 - 0100100200000002 NOT FOUND IN TABLE **  ADDED AT POSITION 2
07:12:32.407 [main] INFO  com.cloudframe.app.process.Mcsearch.mainlineSplit0  247 - 0100100200000002 ** ADD SUCCESS **
07:12:32.409 [main] INFO  com.cloudframe.app.process.Mcsearch.mainlineSplit0  264 - CALLING IP224621 TO ADD 9800000100000002
07:12:32.410 [main] INFO  com.cloudframe.app.process.Ip224621.enterNewCombination  272 - 9800000100000002 NOT FOUND IN TABLE **  ADDED AT POSITION 3
07:12:32.411 [main] INFO  com.cloudframe.app.process.Mcsearch.mainlineSplit0  271 - 9800000100000002 ** ADD SUCCESS **
07:12:32.414 [main] INFO  com.cloudframe.app.process.Mcsearch.mainlineSplit0  288 - CALLING IP224621 TO ADD 0100000100000006
07:12:32.415 [main] INFO  com.cloudframe.app.process.Ip224621.searchCombination  213 - ** EXCEPTION ** SHOULDNT REACH THIS
07:12:32.415 [main] INFO  com.cloudframe.app.process.Mcsearch.mainlineSplit0  300 - 0100000100000006 ** ADD FAILURE ** RC = 1
07:12:32.416 [main] INFO  com.cloudframe.app.process.Mcsearch.mainlineSplit0  312 - CALLING IP224621 TO ADD 0200000100000006
07:12:32.416 [main] INFO  com.cloudframe.app.process.Ip224621.enterNewCombination  272 - 0200000100000006 NOT FOUND IN TABLE **  ADDED AT POSITION 4
07:12:32.417 [main] INFO  com.cloudframe.app.process.Mcsearch.mainlineSplit0  324 - 0200000100000006 ** ADD FAILURE ** RC = 1
07:12:32.417 [main] INFO  com.cloudframe.app.process.Mcsearch.mainlineSplit0  336 - CALLING IP224621 TO ADD 0300000100000006
07:12:32.419 [main] INFO  com.cloudframe.app.process.Ip224621.enterNewCombination  272 - 0300000100000006 NOT FOUND IN TABLE **  ADDED AT POSITION 5
07:12:32.421 [main] INFO  com.cloudframe.app.process.Mcsearch.mainlineSplit0  348 - 0300000100000006 ** ADD FAILURE ** RC = 1
07:12:32.424 [main] INFO  com.cloudframe.app.process.Mcsearch.mainlineSplit0  360 - CALLING IP224621 TO ADD 0400000100000006
07:12:32.425 [main] INFO  com.cloudframe.app.process.Ip224621.enterNewCombination  272 - 0400000100000006 NOT FOUND IN TABLE **  ADDED AT POSITION 6
07:12:32.426 [main] INFO  com.cloudframe.app.process.Mcsearch.mainlineSplit0  372 - 0400000100000006 ** ADD FAILURE ** RC = 1
07:12:32.426 [main] INFO  com.cloudframe.app.process.Mcsearch.mainlineSplit0  384 - CALLING IP224621 TO ADD 9800000100000002
07:12:32.426 [main] INFO  com.cloudframe.app.process.Ip224621.searchCombination  213 - ** EXCEPTION ** SHOULDNT REACH THIS
07:12:32.427 [main] INFO  com.cloudframe.app.process.Mcsearch.mainlineSplit1  413 - 9800000100000002 ** ADD FAILURE ** RC = 1
