06:56:59.643 [main] INFO  o.s.boot.StartupInfoLogger.logStarting   50 - Starting CFApplication v0.0.1-SNAPSHOT using Java 17.0.14 with PID 3267902 (/home/jenkins/workspace/CFTestAutomation_Release/Testing/results/jcl/DSNTIAUL1/DSNTIAUL1/target/DSNTIAUL1-0.0.1-SNAPSHOT.jar started by root in /home/jenkins/workspace/CFTestAutomation_Release/Testing/results/jcl/DSNTIAUL1/DSNTIAUL1)
06:56:59.651 [main] INFO  o.s.boot.SpringApplication.logStartupProfileInfo  654 - No active profile set, falling back to 1 default profile: "default"
06:57:01.253 [main] INFO  c.c.a.dao.CFDataSourceConfiguration.dataSourceStatus  165 - CFDataSourceConfiguration initialization status...
06:57:01.253 [main] INFO  c.c.a.dao.CFDataSourceConfiguration.dataSourceStatus  172 - Databse Datasource initialized.
06:57:01.383 [main] INFO  o.s.boot.StartupInfoLogger.logStarted   56 - Started CFApplication in 2.777 seconds (process running for 3.601)
06:57:01.394 [main] INFO  c.c.app.utility.CFConfiguration.cfDataConnectIOInfo  107 - CFDataConnectIO version : 5.0.0.21
06:57:01.445 [main] INFO  c.c.a.u.d.plus.CFDcioConfiguration.cfDataConnectIOPlusInfo   28 - CFDataConnectIOPlus version : 5.0.0.21
06:57:01.468 [main] INFO  o.s.j.d.e.EmbeddedDatabaseFactory.initDatabase  189 - Starting embedded database: url='jdbc:h2:mem:testdb;DB_CLOSE_DELAY=-1;DB_CLOSE_ON_EXIT=false', username='sa'
06:57:02.361 [main] INFO  com.zaxxer.hikari.HikariDataSource.getConnection  109 - HikariPool-1 - Starting...
06:57:02.791 [main] INFO  com.zaxxer.hikari.pool.HikariPool.checkFailFast  554 - HikariPool-1 - Added connection com.ibm.db2.jcc.t4.b@6dce59e
06:57:02.795 [main] INFO  com.zaxxer.hikari.HikariDataSource.getConnection  122 - HikariPool-1 - Start completed.
06:57:02.859 [main] INFO  o.s.b.a.b.JobLauncherApplicationRunner.run  168 - Running default command line with: []
06:57:02.923 [main] INFO  o.s.b.c.l.s.SimpleJobLauncher$1.run  154 - Job: [SimpleJob: [name=DSNTIAUL1]] launched with the following parameters: [{}]
06:57:02.985 [main] INFO  o.s.batch.core.job.SimpleStepHandler.handleStep  150 - Executing step: [dd1]
06:57:03.020 [main] INFO  o.s.batch.core.step.AbstractStep.execute  295 - Step: [dd1] executed in 33ms
06:57:03.041 [main] INFO  o.s.batch.core.job.SimpleStepHandler.handleStep  150 - Executing step: [unld0]
06:57:03.144 [main] INFO  c.cloudframe.app.utility.Db2SqlUtil.sumColumnLength 1043 - Column length detail ======================
06:57:03.145 [main] INFO  c.cloudframe.app.utility.Db2SqlUtil.sumColumnLength 1076 - Running Column length for INTEGER is 4
06:57:03.145 [main] INFO  c.cloudframe.app.utility.Db2SqlUtil.sumColumnLength 1076 - Running Column length for VARCHAR is 261
06:57:03.145 [main] INFO  c.cloudframe.app.utility.Db2SqlUtil.sumColumnLength 1076 - Running Column length for INTEGER is 266
06:57:03.146 [main] INFO  c.cloudframe.app.utility.Db2SqlUtil.sumColumnLength 1076 - Running Column length for DECIMAL is 270
06:57:03.146 [main] INFO  c.cloudframe.app.utility.Db2SqlUtil.sumColumnLength 1076 - Running Column length for VARCHAR is 286
06:57:03.147 [main] INFO  c.cloudframe.app.utility.Db2SqlUtil.sumColumnLength 1076 - Running Column length for DATE is 297
06:57:03.147 [main] INFO  c.cloudframe.app.utility.Db2SqlUtil.sumColumnLength 1076 - Running Column length for INTEGER is 302
06:57:03.339 [main] INFO  c.cloudframe.app.utility.Db2SqlUtil.sumColumnLength 1043 - Column length detail ======================
06:57:03.340 [main] INFO  c.cloudframe.app.utility.Db2SqlUtil.sumColumnLength 1076 - Running Column length for CHAR is 12
06:57:03.341 [main] INFO  c.cloudframe.app.utility.Db2SqlUtil.sumColumnLength 1076 - Running Column length for CHAR is 20
06:57:03.341 [main] INFO  c.cloudframe.app.utility.Db2SqlUtil.sumColumnLength 1076 - Running Column length for CHAR is 30
06:57:03.341 [main] INFO  c.cloudframe.app.utility.Db2SqlUtil.sumColumnLength 1076 - Running Column length for CHAR is 38
06:57:03.342 [main] INFO  c.cloudframe.app.utility.Db2SqlUtil.sumColumnLength 1076 - Running Column length for CHAR is 78
06:57:03.342 [main] INFO  c.cloudframe.app.utility.Db2SqlUtil.sumColumnLength 1076 - Running Column length for CHAR is 80
06:57:03.342 [main] INFO  c.cloudframe.app.utility.Db2SqlUtil.sumColumnLength 1076 - Running Column length for CHAR is 83
06:57:03.343 [main] INFO  c.cloudframe.app.utility.Db2SqlUtil.sumColumnLength 1076 - Running Column length for CHAR is 123
06:57:03.343 [main] INFO  c.cloudframe.app.utility.Db2SqlUtil.sumColumnLength 1076 - Running Column length for CHAR is 163
06:57:03.344 [main] INFO  c.cloudframe.app.utility.Db2SqlUtil.sumColumnLength 1076 - Running Column length for INTEGER is 167
06:57:03.344 [main] INFO  c.cloudframe.app.utility.Db2SqlUtil.sumColumnLength 1076 - Running Column length for CHAR is 175
06:57:03.382 [main] INFO  o.s.batch.core.step.AbstractStep.execute  295 - Step: [unld0] executed in 340ms
06:57:03.394 [main] INFO  o.s.batch.core.job.SimpleStepHandler.handleStep  150 - Executing step: [printSummary]
06:57:03.409 [main] INFO  com.cloudframe.app.CFStepHandler.printExecutionSummary  259 - JOB : DSNTIAUL1 ENDED -  0000
06:57:03.410 [main] INFO  com.cloudframe.app.CFStepHandler.printExecutionSummary  263 - 

Stepwise Execution Summary :
+--------------------------------------------------------------+
| STEPNAME   | PROGRAM       | RC          | ELAPSED           |
|            |               |             | HH:MM:SS:ss       |
+--------------------------------------------------------------+
| DD1        | IEFBR14       | 00          | 00:00:00:033      |
+--------------------------------------------------------------+
| UNLD0      | DSNTIAUL      | 00          | 00:00:00:340      |
+--------------------------------------------------------------+
  
06:57:03.426 [main] INFO  o.s.batch.core.step.AbstractStep.execute  295 - Step: [printSummary] executed in 31ms
06:57:03.443 [main] INFO  o.s.b.c.l.s.SimpleJobLauncher$1.run  161 - Job: [SimpleJob: [name=DSNTIAUL1]] completed with the following parameters: [{}] and the following status: [COMPLETED] in 493ms
06:57:03.453 [main] INFO  com.zaxxer.hikari.HikariDataSource.close  349 - HikariPool-1 - Shutdown initiated...
06:57:03.458 [main] INFO  com.zaxxer.hikari.HikariDataSource.close  351 - HikariPool-1 - Shutdown completed.
06:57:03.459 [main] INFO  o.s.j.d.e.EmbeddedDatabaseFactory.shutdownDatabase  220 - Shutting down embedded database: url='jdbc:h2:mem:testdb;DB_CLOSE_DELAY=-1;DB_CLOSE_ON_EXIT=false'
