16:39:31.889 [main] INFO  o.s.boot.StartupInfoLogger.logStarting   50 - Starting CFApplication v0.0.1-SNAPSHOT using Java 17.0.14 with PID 2504045 (/home/jenkins/workspace/CFTestAutomation_Release/Testing/results/jcl/IEBCOPY1/IEBCOPY1/target/IEBCOPY1-0.0.1-SNAPSHOT.jar started by root in /home/jenkins/workspace/CFTestAutomation_Release/Testing/results/jcl/IEBCOPY1/IEBCOPY1)
16:39:31.896 [main] INFO  o.s.boot.SpringApplication.logStartupProfileInfo  654 - No active profile set, falling back to 1 default profile: "default"
16:39:34.616 [main] INFO  o.s.boot.StartupInfoLogger.logStarted   56 - Started CFApplication in 3.915 seconds (process running for 5.251)
16:39:34.648 [main] INFO  c.c.app.utility.CFConfiguration.cfDataConnectIOInfo  107 - CFDataConnectIO version : 5.0.0.21
16:39:34.743 [main] INFO  c.c.a.u.d.plus.CFDcioConfiguration.cfDataConnectIOPlusInfo   28 - CFDataConnectIOPlus version : 5.0.0.21
16:39:34.792 [main] INFO  o.s.j.d.e.EmbeddedDatabaseFactory.initDatabase  189 - Starting embedded database: url='jdbc:h2:mem:testdb;DB_CLOSE_DELAY=-1;DB_CLOSE_ON_EXIT=false', username='sa'
16:39:36.434 [main] INFO  o.s.b.a.b.JobLauncherApplicationRunner.run  168 - Running default command line with: []
16:39:36.522 [main] INFO  o.s.b.c.l.s.SimpleJobLauncher$1.run  154 - Job: [SimpleJob: [name=IEBCOPY1]] launched with the following parameters: [{}]
16:39:36.595 [main] INFO  o.s.batch.core.job.SimpleStepHandler.handleStep  150 - Executing step: [copycard]
16:39:36.639 [main] INFO  o.s.batch.core.step.AbstractStep.execute  295 - Step: [copycard] executed in 42ms
16:39:36.661 [main] INFO  o.s.batch.core.job.SimpleStepHandler.handleStep  150 - Executing step: [printSummary]
16:39:36.683 [main] INFO  com.cloudframe.app.CFStepHandler.printExecutionSummary  247 - JOB : IEBCOPY1 ENDED -  0000
16:39:36.685 [main] INFO  com.cloudframe.app.CFStepHandler.printExecutionSummary  251 - 

Stepwise Execution Summary :
+----------------------------------------------------------------+
| STEPNAME      | PROGRAM      | RC          | ELAPSED           |
|               |              |             | HH:MM:SS:ss       |
+----------------------------------------------------------------+
| COPYCARD      | IEBCOPY      | 00          | 00:00:00:042      |
+----------------------------------------------------------------+
  
16:39:36.696 [main] INFO  o.s.batch.core.step.AbstractStep.execute  295 - Step: [printSummary] executed in 34ms
16:39:36.738 [main] INFO  o.s.b.c.l.s.SimpleJobLauncher$1.run  161 - Job: [SimpleJob: [name=IEBCOPY1]] completed with the following parameters: [{}] and the following status: [COMPLETED] in 160ms
16:39:36.756 [main] INFO  o.s.j.d.e.EmbeddedDatabaseFactory.shutdownDatabase  220 - Shutting down embedded database: url='jdbc:h2:mem:testdb;DB_CLOSE_DELAY=-1;DB_CLOSE_ON_EXIT=false'
