16:38:52.644 [main] INFO  o.s.boot.StartupInfoLogger.logStarting   50 - Starting CFApplication v0.0.1-SNAPSHOT using Java 17.0.14 with PID 2500322 (/home/jenkins/workspace/CFTestAutomation_Release/Testing/results/jcl/DSNUTILB/DSNUTILB/target/DSNUTILB-0.0.1-SNAPSHOT.jar started by root in /home/jenkins/workspace/CFTestAutomation_Release/Testing/results/jcl/DSNUTILB/DSNUTILB)
16:38:52.656 [main] INFO  o.s.boot.SpringApplication.logStartupProfileInfo  654 - No active profile set, falling back to 1 default profile: "default"
16:38:55.279 [main] INFO  c.c.a.dao.CFDataSourceConfiguration.dataSourceStatus  165 - CFDataSourceConfiguration initialization status...
16:38:55.281 [main] INFO  c.c.a.dao.CFDataSourceConfiguration.dataSourceStatus  172 - Databse Datasource initialized.
16:38:55.482 [main] INFO  o.s.boot.StartupInfoLogger.logStarted   56 - Started CFApplication in 3.903 seconds (process running for 4.96)
16:38:55.503 [main] INFO  c.c.app.utility.CFConfiguration.cfDataConnectIOInfo  107 - CFDataConnectIO version : 5.0.0.21
16:38:55.572 [main] INFO  c.c.a.u.d.plus.CFDcioConfiguration.cfDataConnectIOPlusInfo   28 - CFDataConnectIOPlus version : 5.0.0.21
16:38:55.611 [main] INFO  o.s.j.d.e.EmbeddedDatabaseFactory.initDatabase  189 - Starting embedded database: url='jdbc:h2:mem:testdb;DB_CLOSE_DELAY=-1;DB_CLOSE_ON_EXIT=false', username='sa'
16:38:56.695 [main] INFO  com.zaxxer.hikari.HikariDataSource.getConnection  109 - HikariPool-1 - Starting...
16:38:57.122 [main] INFO  com.zaxxer.hikari.pool.HikariPool.checkFailFast  554 - HikariPool-1 - Added connection com.ibm.db2.jcc.t4.b@4293e066
16:38:57.127 [main] INFO  com.zaxxer.hikari.HikariDataSource.getConnection  122 - HikariPool-1 - Start completed.
16:38:57.583 [main] INFO  o.s.b.a.b.JobLauncherApplicationRunner.run  168 - Running default command line with: []
16:38:57.665 [main] INFO  o.s.b.c.l.s.SimpleJobLauncher$1.run  154 - Job: [SimpleJob: [name=DSNUTILB]] launched with the following parameters: [{}]
16:38:57.725 [main] INFO  o.s.batch.core.job.SimpleStepHandler.handleStep  150 - Executing step: [step010]
16:38:57.748 [main] INFO  c.cloudframe.app.utility.Db2SqlUtil.executeQuery  339 -  ***INPUT STATEMENT: DROP TABLE CLOUDDEV.ALLDTYP
16:38:57.795 [main] INFO  c.cloudframe.app.utility.Db2SqlUtil.processQuery  325 - DB2 SQL Error: SQLCODE=-204, SQLSTATE=42704, SQLERRMC=CLOUDDEV.ALLDTYP, DRIVER=4.21.29
16:38:57.796 [main] INFO  c.cloudframe.app.utility.Db2SqlUtil.executeQuery  339 -  ***INPUT STATEMENT: COMMIT WORK
16:38:57.802 [main] INFO  c.cloudframe.app.utility.Db2SqlUtil.executeQuery  345 -  SUCCESSFULLY COMMIT OF 0 ROW(S)
16:38:57.803 [main] INFO  c.cloudframe.app.utility.Db2SqlUtil.executeQuery  339 -  ***INPUT STATEMENT: CREATE TABLE CLOUDDEV.ALLDTYP(DTYP_ID INTEGER not null, DTYP_SMALLINT SMALLINT,DTYP_INT INTEGER,DTYP_BIGINT BIGINT, DTYP_CHAR CHAR(8),DTYP_DATE DATE,DTYP_TIME TIME, DTYP_TMSTMP TIMESTAMP(6),DTYP_DECIMAL DECIMAL(10, 2), DTYP_VARCHAR VARCHAR(255)) IN DBCLOUD.TSCLDDEV
16:38:58.211 [main] INFO  c.cloudframe.app.utility.Db2SqlUtil.executeQuery  345 -  SUCCESSFULLY CREATE OF 0 ROW(S)
16:38:58.225 [main] INFO  o.s.batch.core.step.AbstractStep.execute  295 - Step: [step010] executed in 498ms
16:38:58.239 [main] INFO  o.s.batch.core.job.SimpleStepHandler.handleStep  150 - Executing step: [clp_dsnuproc]
16:38:58.265 [main] INFO  c.cloudframe.app.utility.Db2SqlUtil.processLoadForASCIIData  789 - Batch operation started. Please wait for a while
16:38:58.587 [main] INFO  c.cloudframe.app.utility.Db2SqlUtil.processLoadForASCIIData  797 - Total 134 rows impacted
16:38:58.588 [main] INFO  c.cloudframe.app.utility.Db2SqlUtil.processLoadForASCIIData  804 - Batch operation completed.
16:38:58.596 [main] INFO  o.s.batch.core.step.AbstractStep.execute  295 - Step: [clp_dsnuproc] executed in 356ms
16:38:58.612 [main] INFO  o.s.batch.core.job.SimpleStepHandler.handleStep  150 - Executing step: [step011]
16:38:58.623 [main] INFO  c.cloudframe.app.utility.Db2SqlUtil.executeQuery  339 -  ***INPUT STATEMENT: DROP TABLE CLOUDDEV.ALLDTYP
16:38:59.702 [main] INFO  c.cloudframe.app.utility.Db2SqlUtil.executeQuery  345 -  SUCCESSFULLY DROP OF 0 ROW(S)
16:38:59.717 [main] INFO  o.s.batch.core.step.AbstractStep.execute  295 - Step: [step011] executed in 1s104ms
16:38:59.734 [main] INFO  o.s.batch.core.job.SimpleStepHandler.handleStep  150 - Executing step: [printSummary]
16:38:59.750 [main] INFO  com.cloudframe.app.CFStepHandler.printExecutionSummary  253 - JOB : DSNUTILB ENDED -  0000
16:38:59.751 [main] INFO  com.cloudframe.app.CFStepHandler.printExecutionSummary  257 - 

Stepwise Execution Summary :
+---------------------------------------------------------------------+
| STEPNAME          | PROGRAM       | RC          | ELAPSED           |
|                   |               |             | HH:MM:SS:ss       |
+---------------------------------------------------------------------+
| STEP010           | DSNTEP2       | 00          | 00:00:00:498      |
+---------------------------------------------------------------------+
| CLP_DSNUPROC      | DSNUTILB      | 00          | 00:00:00:356      |
+---------------------------------------------------------------------+
| STEP011           | DSNTEP2       | 00          | 00:00:01:104      |
+---------------------------------------------------------------------+
  
16:38:59.757 [main] INFO  o.s.batch.core.step.AbstractStep.execute  295 - Step: [printSummary] executed in 22ms
16:38:59.767 [main] INFO  o.s.b.c.l.s.SimpleJobLauncher$1.run  161 - Job: [SimpleJob: [name=DSNUTILB]] completed with the following parameters: [{}] and the following status: [COMPLETED] in 2s72ms
16:38:59.775 [main] INFO  com.zaxxer.hikari.HikariDataSource.close  349 - HikariPool-1 - Shutdown initiated...
16:38:59.779 [main] INFO  com.zaxxer.hikari.HikariDataSource.close  351 - HikariPool-1 - Shutdown completed.
16:38:59.779 [main] INFO  o.s.j.d.e.EmbeddedDatabaseFactory.shutdownDatabase  220 - Shutting down embedded database: url='jdbc:h2:mem:testdb;DB_CLOSE_DELAY=-1;DB_CLOSE_ON_EXIT=false'
