16:44:47.374 [main] INFO  o.s.boot.StartupInfoLogger.logStarting   50 - Starting CFApplication v0.0.1-SNAPSHOT using Java 17.0.14 with PID 2525164 (/home/jenkins/workspace/CFTestAutomation_Release/Testing/results/numeric/divide0/DIVIDE0/target/DIVIDE0-0.0.1-SNAPSHOT.jar started by root in /home/jenkins/workspace/CFTestAutomation_Release/Testing/results/numeric/divide0/DIVIDE0)
16:44:47.378 [main] INFO  o.s.boot.SpringApplication.logStartupProfileInfo  654 - No active profile set, falling back to 1 default profile: "default"
16:44:48.449 [main] INFO  o.s.boot.StartupInfoLogger.logStarted   56 - Started CFApplication in 1.791 seconds (process running for 2.369)
16:44:48.460 [main] INFO  c.c.app.utility.CFConfiguration.cfDataConnectIOInfo  107 - CFDataConnectIO version : 5.0.0.21
16:44:48.683 [main] INFO  c.c.app.process.impl.Divide0Impl.mainlineSplit0  129 - * 1*  IP20004-ITEM-LENGTH  = 5
16:44:48.683 [main] INFO  c.c.app.process.impl.Divide0Impl.mainlineSplit0  138 - * 2*  IP20004-ITEM-LENGTH  = 2
16:44:48.683 [main] INFO  c.c.app.process.impl.Divide0Impl.mainlineSplit0  140 - * 3*  800-TMP-LTH          = 1
16:44:48.684 [main] INFO  c.c.app.process.impl.Divide0Impl.mainlineSplit0  146 - * 4*  IP20004-ITEM-LENGTH  = 5
16:44:48.684 [main] INFO  c.c.app.process.impl.Divide0Impl.mainlineSplit0  155 - * 5*  IP20004-ITEM-LENGTH  = 1
16:44:48.684 [main] INFO  c.c.app.process.impl.Divide0Impl.mainlineSplit0  157 - * 6*  800-TMP-LTH          = 2
16:44:48.694 [main] INFO  c.c.app.process.impl.Divide0Impl.mainlineSplit0  176 - * 7*  DA-PCNT-HOLD         =    .1408
16:44:48.695 [main] INFO  c.c.app.process.impl.Divide0Impl.mainlineSplit0  187 - * 8*  DA-PERCENT (DA-SUB)  =  14.08
16:44:48.695 [main] INFO  c.c.app.process.impl.Divide0Impl.mainlineSplit0  195 - * 9*  IP20004-ITEM-LENGTH  = 5
16:44:48.695 [main] INFO  c.c.app.process.impl.Divide0Impl.mainlineSplit0  203 - *10*  IP20004-ITEM-LENGTH  = 1
16:44:48.695 [main] INFO  c.c.app.process.impl.Divide0Impl.mainlineSplit0  211 - *11*  IP20004-ITEM-LENGTH  = 1
16:44:48.695 [main] INFO  c.c.app.process.impl.Divide0Impl.mainlineSplit0  219 - *12*  IP20004-ITEM-LENGTH  = 4
16:44:48.695 [main] INFO  c.c.app.process.impl.Divide0Impl.mainlineSplit0  230 - *13*  IP20004-ITEM-LENGTH  = -0006
16:44:48.696 [main] INFO  c.c.app.process.impl.Divide0Impl.mainlineSplit0  241 - *14*  IP20004-ITEM-LENGTH  = -0007
16:44:48.696 [main] INFO  c.c.app.process.impl.Divide0Impl.mainlineSplit0  252 - *15*  IP20004-ITEM-LENGTH  = -0005
16:44:48.696 [main] INFO  c.c.app.process.impl.Divide0Impl.mainlineSplit0  263 - *16*  IP20004-ITEM-LENGTH  = -0005
16:44:48.697 [main] INFO  c.c.app.process.impl.Divide0Impl.mainlineSplit0  276 - *17*  WS-DECIMAL           =  03.42
16:44:48.698 [main] INFO  c.c.app.process.impl.Divide0Impl.mainlineSplit1  312 - *18*  WS-DECIMAL           =  03.43
16:44:48.698 [main] INFO  c.c.app.process.impl.Divide0Impl.mainlineSplit1  325 - *19*  WS-DECIMAL           =  02.52
16:44:48.699 [main] INFO  c.c.app.process.impl.Divide0Impl.mainlineSplit1  338 - *20*  WS-DECIMAL           =  02.52
16:44:48.699 [main] INFO  c.c.app.process.impl.Divide0Impl.mainlineSplit1  351 - *21*  WS-DECIMAL           = -03.42
16:44:48.699 [main] INFO  c.c.app.process.impl.Divide0Impl.mainlineSplit1  364 - *22*  WS-DECIMAL           = -03.43
16:44:48.700 [main] INFO  c.c.app.process.impl.Divide0Impl.mainlineSplit1  377 - *23*  WS-DECIMAL           = -02.52
16:44:48.700 [main] INFO  c.c.app.process.impl.Divide0Impl.mainlineSplit1  390 - *24*  WS-DECIMAL           = -02.52
