12:10:41.228 [main] INFO  o.s.boot.StartupInfoLogger.logStarting   50 - Starting CFApplication v0.0.1-SNAPSHOT using Java 17.0.14 with PID 1279216 (/home/jenkins/workspace/CFTestAutomation_Release/Testing/results/jcl/GDGHFIX336S/GDGHFIX336S/target/GDGHFIX336S-0.0.1-SNAPSHOT.jar started by root in /home/jenkins/workspace/CFTestAutomation_Release/Testing/results/jcl/GDGHFIX336S/GDGHFIX336S)
12:10:41.237 [main] INFO  o.s.boot.SpringApplication.logStartupProfileInfo  654 - No active profile set, falling back to 1 default profile: "default"
12:10:43.430 [main] INFO  o.s.boot.StartupInfoLogger.logStarted   56 - Started CFApplication in 3.447 seconds (process running for 4.618)
12:10:43.450 [main] INFO  c.c.app.utility.CFConfiguration.cfDataConnectIOInfo  107 - CFDataConnectIO version : 5.0.0.21
12:10:43.526 [main] INFO  c.c.a.u.d.plus.CFDcioConfiguration.cfDataConnectIOPlusInfo   28 - CFDataConnectIOPlus version : 5.0.0.21
12:10:43.556 [main] INFO  o.s.j.d.e.EmbeddedDatabaseFactory.initDatabase  189 - Starting embedded database: url='jdbc:h2:mem:testdb;DB_CLOSE_DELAY=-1;DB_CLOSE_ON_EXIT=false', username='sa'
12:10:44.377 [main] INFO  o.s.b.a.b.JobLauncherApplicationRunner.run  168 - Running default command line with: []
12:10:44.425 [main] INFO  o.s.b.c.l.s.SimpleJobLauncher$1.run  154 - Job: [FlowJob: [name=GDGHFIX336S]] launched with the following parameters: [{}]
12:10:44.469 [main] INFO  o.s.batch.core.job.SimpleStepHandler.handleStep  150 - Executing step: [step001Decider]
12:10:44.512 [main] INFO  o.s.batch.core.step.AbstractStep.execute  295 - Step: [step001Decider] executed in 41ms
12:10:44.533 [main] INFO  o.s.batch.core.job.SimpleStepHandler.handleStep  150 - Executing step: [Gdghfix336sStep001Sort]
12:10:44.570 [main] INFO  c.c.app.tasks.Gdghfix336sStep001Sort.afterStep  150 - STEPNAME: GDGHFIX336SSTEP001 Execution completed, number of RECORDS - IN: 0,  OUT: 23
12:10:44.579 [main] INFO  o.s.batch.core.step.AbstractStep.execute  295 - Step: [Gdghfix336sStep001Sort] executed in 45ms
12:10:44.595 [main] INFO  o.s.batch.core.job.SimpleStepHandler.handleStep  150 - Executing step: [step002]
12:10:44.616 [main] INFO  o.s.batch.core.step.AbstractStep.execute  295 - Step: [step002] executed in 20ms
12:10:44.628 [main] INFO  o.s.batch.core.job.SimpleStepHandler.handleStep  150 - Executing step: [step010]
12:10:44.685 [main] INFO  o.s.batch.core.step.AbstractStep.execute  295 - Step: [step010] executed in 55ms
12:10:44.696 [main] INFO  o.s.batch.core.job.SimpleStepHandler.handleStep  150 - Executing step: [step020]
12:10:44.767 [main] INFO  o.s.batch.core.step.AbstractStep.execute  295 - Step: [step020] executed in 70ms
12:10:44.780 [main] INFO  o.s.batch.core.job.SimpleStepHandler.handleStep  150 - Executing step: [printSummary]
12:10:44.798 [main] INFO  com.cloudframe.app.CFStepHandler.printExecutionSummary  275 - JOB : GDGHFIX336S ENDED -  0000
12:10:44.799 [main] INFO  com.cloudframe.app.CFStepHandler.printExecutionSummary  279 - 

Stepwise Execution Summary :
+----------------------------------------------------------------+
| STEPNAME     | PROGRAM       | RC          | ELAPSED           |
|              |               |             | HH:MM:SS:ss       |
+----------------------------------------------------------------+
| STEP001      | SORT          | 00          | 00:00:00:096      |
+----------------------------------------------------------------+
| STEP002      | IEBGENER      | 00          | 00:00:00:020      |
+----------------------------------------------------------------+
| STEP010      | OLDNEW        | 00          | 00:00:00:055      |
+----------------------------------------------------------------+
| STEP020      | GDGPGM2       | 00          | 00:00:00:070      |
+----------------------------------------------------------------+
  
12:10:44.805 [main] INFO  o.s.batch.core.step.AbstractStep.execute  295 - Step: [printSummary] executed in 24ms
12:10:44.818 [main] INFO  o.s.b.c.l.s.SimpleJobLauncher$1.run  161 - Job: [FlowJob: [name=GDGHFIX336S]] completed with the following parameters: [{}] and the following status: [COMPLETED] in 371ms
12:10:44.825 [main] INFO  o.s.j.d.e.EmbeddedDatabaseFactory.shutdownDatabase  220 - Shutting down embedded database: url='jdbc:h2:mem:testdb;DB_CLOSE_DELAY=-1;DB_CLOSE_ON_EXIT=false'
