05:45:55.373 [main] INFO  o.s.boot.StartupInfoLogger.logStarting   50 - Starting CFApplication v0.0.1-SNAPSHOT using Java 17.0.14 with PID 3966969 (/home/jenkins/workspace/CFTestAutomation_Release/Testing/results/xml/casecb00/CASECB00/target/CASECB00-0.0.1-SNAPSHOT.jar started by root in /home/jenkins/workspace/CFTestAutomation_Release/Testing/results/xml/casecb00/CASECB00)
05:45:55.377 [main] INFO  o.s.boot.SpringApplication.logStartupProfileInfo  654 - No active profile set, falling back to 1 default profile: "default"
05:45:56.433 [main] INFO  o.s.boot.StartupInfoLogger.logStarted   56 - Started CFApplication in 1.673 seconds (process running for 2.229)
05:45:56.445 [main] INFO  c.c.app.utility.CFConfiguration.cfDataConnectIOInfo  107 - CFDataConnectIO version : 5.0.0.21
05:45:56.524 [main] INFO  com.cloudframe.app.process.Casecb00.displayDealers  581 - Dealer..........: Mike Piazza                   
05:45:56.524 [main] INFO  com.cloudframe.app.process.Casecb00.displayDealers  585 - State...........: NY
05:45:56.524 [main] INFO  com.cloudframe.app.process.Casecb00.displayDealers  587 - Street Address..: 5 Center St.                  
05:45:56.525 [main] INFO  com.cloudframe.app.process.Casecb00.displayDealers  585 - State...........: PA
05:45:56.525 [main] INFO  com.cloudframe.app.process.Casecb00.displayDealers  587 - Street Address..: 106 Cherry Blossom La.        
05:45:56.525 [main] INFO  com.cloudframe.app.process.Casecb00.displayDealers  585 - State...........: NJ
05:45:56.525 [main] INFO  com.cloudframe.app.process.Casecb00.displayDealers  587 - Street Address..: 17 Hancock Dr.                
05:45:56.526 [main] INFO  com.cloudframe.app.process.Casecb00.displayManufacturers  635 -  
05:45:56.526 [main] INFO  com.cloudframe.app.process.Casecb00.displayManufacturers  637 - ----------------------------------------------
05:45:56.527 [main] INFO  com.cloudframe.app.process.Casecb00.displayManufacturers  639 -  
05:45:56.527 [main] INFO  com.cloudframe.app.process.Casecb00.displayManufacturers  641 - Manufacturer....: Moto Guzzi          
05:45:56.527 [main] INFO  com.cloudframe.app.process.Casecb00.displayManufacturers  643 - Country.........: Italy          
05:45:56.527 [main] INFO  com.cloudframe.app.process.Casecb00.displayManufacturers  645 - Level 1 Num.....:     1
05:45:56.527 [main] INFO  com.cloudframe.app.process.Casecb00.displayManufacturers  650 - Model Counter...:     2
05:45:56.528 [main] INFO  com.cloudframe.app.process.Casecb00.displayManufacturers  652 -  
05:45:56.528 [main] INFO  com.cloudframe.app.process.Casecb00.displayManufacturers  654 - Models ---------------------------------------
05:45:56.528 [main] INFO  com.cloudframe.app.process.Casecb00.displayModels  702 -  
05:45:56.528 [main] INFO  com.cloudframe.app.process.Casecb00.displayModels  704 - Model...........: Coppa Italia        
05:45:56.529 [main] INFO  com.cloudframe.app.process.Casecb00.displayModels  706 - Engine Size.....: 1100
05:45:56.529 [main] INFO  com.cloudframe.app.process.Casecb00.displayModels  708 - Level 2 Num.....:    11
05:45:56.529 [main] INFO  com.cloudframe.app.process.Casecb00.displayModels  713 - Color Counter...:     3
05:45:56.529 [main] INFO  com.cloudframe.app.process.Casecb00.displayModels  715 -  
05:45:56.530 [main] INFO  com.cloudframe.app.process.Casecb00.displayModels  717 - Colors ---------------------------------------
05:45:56.530 [main] INFO  com.cloudframe.app.process.Casecb00.displayColors  753 - Color...........: Red       
05:45:56.530 [main] INFO  com.cloudframe.app.process.Casecb00.displayColors  753 - Color...........: Green     
05:45:56.530 [main] INFO  com.cloudframe.app.process.Casecb00.displayColors  753 - Color...........: White     
05:45:56.530 [main] INFO  com.cloudframe.app.process.Casecb00.displayModels  724 -  
05:45:56.530 [main] INFO  com.cloudframe.app.process.Casecb00.displayModels  726 - Accessories ----------------------------------
05:45:56.531 [main] INFO  com.cloudframe.app.process.Casecb00.displayAccessories  775 - Accessory.......: Leather Jackets               
05:45:56.531 [main] INFO  com.cloudframe.app.process.Casecb00.displayAccessories  775 - Accessory.......: Titanium Exhaust              
05:45:56.531 [main] INFO  com.cloudframe.app.process.Casecb00.displayAccessories  775 - Accessory.......: Auto Oil Filters              
05:45:56.531 [main] INFO  com.cloudframe.app.process.Casecb00.displayAccessories  775 - Accessory.......: Filter Retainer               
05:45:56.531 [main] INFO  com.cloudframe.app.process.Casecb00.displayModels  702 -  
05:45:56.532 [main] INFO  com.cloudframe.app.process.Casecb00.displayModels  704 - Model...........: Griso               
05:45:56.532 [main] INFO  com.cloudframe.app.process.Casecb00.displayModels  706 - Engine Size.....: 1100
05:45:56.532 [main] INFO  com.cloudframe.app.process.Casecb00.displayModels  708 - Level 2 Num.....:    12
05:45:56.533 [main] INFO  com.cloudframe.app.process.Casecb00.displayModels  713 - Color Counter...:     3
05:45:56.533 [main] INFO  com.cloudframe.app.process.Casecb00.displayModels  715 -  
05:45:56.533 [main] INFO  com.cloudframe.app.process.Casecb00.displayModels  717 - Colors ---------------------------------------
05:45:56.533 [main] INFO  com.cloudframe.app.process.Casecb00.displayColors  753 - Color...........: Black     
05:45:56.533 [main] INFO  com.cloudframe.app.process.Casecb00.displayColors  753 - Color...........: Yellow    
05:45:56.533 [main] INFO  com.cloudframe.app.process.Casecb00.displayColors  753 - Color...........: Red       
05:45:56.534 [main] INFO  com.cloudframe.app.process.Casecb00.displayColors  753 - Color...........: Britsh Gr.
05:45:56.534 [main] INFO  com.cloudframe.app.process.Casecb00.displayModels  724 -  
05:45:56.534 [main] INFO  com.cloudframe.app.process.Casecb00.displayModels  726 - Accessories ----------------------------------
05:45:56.534 [main] INFO  com.cloudframe.app.process.Casecb00.displayAccessories  775 - Accessory.......: Leather Seat                  
05:45:56.534 [main] INFO  com.cloudframe.app.process.Casecb00.displayAccessories  775 - Accessory.......: Engine Guards                 
05:45:56.534 [main] INFO  com.cloudframe.app.process.Casecb00.displayManufacturers  635 -  
05:45:56.535 [main] INFO  com.cloudframe.app.process.Casecb00.displayManufacturers  637 - ----------------------------------------------
05:45:56.535 [main] INFO  com.cloudframe.app.process.Casecb00.displayManufacturers  639 -  
05:45:56.535 [main] INFO  com.cloudframe.app.process.Casecb00.displayManufacturers  641 - Manufacturer....: Ducati              
05:45:56.535 [main] INFO  com.cloudframe.app.process.Casecb00.displayManufacturers  643 - Country.........: Italy          
05:45:56.535 [main] INFO  com.cloudframe.app.process.Casecb00.displayManufacturers  645 - Level 1 Num.....:     2
05:45:56.535 [main] INFO  com.cloudframe.app.process.Casecb00.displayManufacturers  650 - Model Counter...:     2
05:45:56.536 [main] INFO  com.cloudframe.app.process.Casecb00.displayManufacturers  652 -  
05:45:56.536 [main] INFO  com.cloudframe.app.process.Casecb00.displayManufacturers  654 - Models ---------------------------------------
05:45:56.536 [main] INFO  com.cloudframe.app.process.Casecb00.displayModels  702 -  
05:45:56.536 [main] INFO  com.cloudframe.app.process.Casecb00.displayModels  704 - Model...........: 1198 RR             
05:45:56.536 [main] INFO  com.cloudframe.app.process.Casecb00.displayModels  706 - Engine Size.....: 1200
05:45:56.537 [main] INFO  com.cloudframe.app.process.Casecb00.displayModels  708 - Level 2 Num.....:    21
05:45:56.537 [main] INFO  com.cloudframe.app.process.Casecb00.displayModels  713 - Color Counter...:     3
05:45:56.537 [main] INFO  com.cloudframe.app.process.Casecb00.displayModels  715 -  
05:45:56.537 [main] INFO  com.cloudframe.app.process.Casecb00.displayModels  717 - Colors ---------------------------------------
05:45:56.538 [main] INFO  com.cloudframe.app.process.Casecb00.displayColors  753 - Color...........: Red       
05:45:56.538 [main] INFO  com.cloudframe.app.process.Casecb00.displayColors  753 - Color...........: Black     
05:45:56.538 [main] INFO  com.cloudframe.app.process.Casecb00.displayColors  753 - Color...........: White     
05:45:56.538 [main] INFO  com.cloudframe.app.process.Casecb00.displayColors  753 - Color...........: Yellow    
05:45:56.538 [main] INFO  com.cloudframe.app.process.Casecb00.displayModels  724 -  
05:45:56.538 [main] INFO  com.cloudframe.app.process.Casecb00.displayModels  726 - Accessories ----------------------------------
05:45:56.539 [main] INFO  com.cloudframe.app.process.Casecb00.displayAccessories  775 - Accessory.......: Tail Eliminator               
05:45:56.539 [main] INFO  com.cloudframe.app.process.Casecb00.displayAccessories  775 - Accessory.......: Carbon Fiber Wheels           
05:45:56.539 [main] INFO  com.cloudframe.app.process.Casecb00.displayAccessories  775 - Accessory.......: Failure                       
05:45:56.539 [main] INFO  com.cloudframe.app.process.Casecb00.displayModels  702 -  
05:45:56.539 [main] INFO  com.cloudframe.app.process.Casecb00.displayModels  704 - Model...........: Multi Strada        
05:45:56.540 [main] INFO  com.cloudframe.app.process.Casecb00.displayModels  706 - Engine Size.....: 1100
05:45:56.540 [main] INFO  com.cloudframe.app.process.Casecb00.displayModels  708 - Level 2 Num.....:    22
05:45:56.540 [main] INFO  com.cloudframe.app.process.Casecb00.displayModels  713 - Color Counter...:     2
05:45:56.540 [main] INFO  com.cloudframe.app.process.Casecb00.displayModels  715 -  
05:45:56.540 [main] INFO  com.cloudframe.app.process.Casecb00.displayModels  717 - Colors ---------------------------------------
05:45:56.541 [main] INFO  com.cloudframe.app.process.Casecb00.displayColors  753 - Color...........: Red       
05:45:56.541 [main] INFO  com.cloudframe.app.process.Casecb00.displayColors  753 - Color...........: Black     
05:45:56.541 [main] INFO  com.cloudframe.app.process.Casecb00.displayModels  724 -  
05:45:56.541 [main] INFO  com.cloudframe.app.process.Casecb00.displayModels  726 - Accessories ----------------------------------
05:45:56.541 [main] INFO  com.cloudframe.app.process.Casecb00.displayAccessories  775 - Accessory.......: Fail                          
05:45:56.542 [main] INFO  com.cloudframe.app.process.Casecb00.displayModels  702 -  
05:45:56.542 [main] INFO  com.cloudframe.app.process.Casecb00.displayModels  704 - Model...........: HyperMotard         
05:45:56.542 [main] INFO  com.cloudframe.app.process.Casecb00.displayModels  706 - Engine Size.....: 1100
05:45:56.542 [main] INFO  com.cloudframe.app.process.Casecb00.displayModels  708 - Level 2 Num.....:    23
05:45:56.542 [main] INFO  com.cloudframe.app.process.Casecb00.displayModels  713 - Color Counter...:     2
05:45:56.542 [main] INFO  com.cloudframe.app.process.Casecb00.displayModels  715 -  
05:45:56.543 [main] INFO  com.cloudframe.app.process.Casecb00.displayModels  717 - Colors ---------------------------------------
05:45:56.543 [main] INFO  com.cloudframe.app.process.Casecb00.displayColors  753 - Color...........: Red       
05:45:56.543 [main] INFO  com.cloudframe.app.process.Casecb00.displayColors  753 - Color...........: Black     
05:45:56.543 [main] INFO  com.cloudframe.app.process.Casecb00.displayModels  724 -  
05:45:56.543 [main] INFO  com.cloudframe.app.process.Casecb00.displayModels  726 - Accessories ----------------------------------
05:45:56.543 [main] INFO  com.cloudframe.app.process.Casecb00.displayAccessories  775 - Accessory.......: Grip Guards                   
05:45:56.544 [main] INFO  com.cloudframe.app.process.Casecb00.displayManufacturers  635 -  
05:45:56.544 [main] INFO  com.cloudframe.app.process.Casecb00.displayManufacturers  637 - ----------------------------------------------
05:45:56.544 [main] INFO  com.cloudframe.app.process.Casecb00.displayManufacturers  639 -  
05:45:56.544 [main] INFO  com.cloudframe.app.process.Casecb00.displayManufacturers  641 - Manufacturer....: Kawasaki            
05:45:56.544 [main] INFO  com.cloudframe.app.process.Casecb00.displayManufacturers  643 - Country.........: Japan          
05:45:56.544 [main] INFO  com.cloudframe.app.process.Casecb00.displayManufacturers  645 - Level 1 Num.....:     3
05:45:56.544 [main] INFO  com.cloudframe.app.process.Casecb00.displayManufacturers  650 - Model Counter...:     2
05:45:56.545 [main] INFO  com.cloudframe.app.process.Casecb00.displayManufacturers  652 -  
05:45:56.545 [main] INFO  com.cloudframe.app.process.Casecb00.displayManufacturers  654 - Models ---------------------------------------
05:45:56.545 [main] INFO  com.cloudframe.app.process.Casecb00.displayModels  702 -  
05:45:56.545 [main] INFO  com.cloudframe.app.process.Casecb00.displayModels  704 - Model...........: ZX10R               
05:45:56.545 [main] INFO  com.cloudframe.app.process.Casecb00.displayModels  706 - Engine Size.....: 998
05:45:56.546 [main] INFO  com.cloudframe.app.process.Casecb00.displayModels  708 - Level 2 Num.....:    31
05:45:56.546 [main] INFO  com.cloudframe.app.process.Casecb00.displayModels  713 - Color Counter...:     2
05:45:56.546 [main] INFO  com.cloudframe.app.process.Casecb00.displayModels  715 -  
05:45:56.546 [main] INFO  com.cloudframe.app.process.Casecb00.displayModels  717 - Colors ---------------------------------------
05:45:56.546 [main] INFO  com.cloudframe.app.process.Casecb00.displayColors  753 - Color...........: Green     
05:45:56.546 [main] INFO  com.cloudframe.app.process.Casecb00.displayColors  753 - Color...........: Black     
05:45:56.547 [main] INFO  com.cloudframe.app.process.Casecb00.displayModels  724 -  
05:45:56.547 [main] INFO  com.cloudframe.app.process.Casecb00.displayModels  726 - Accessories ----------------------------------
05:45:56.547 [main] INFO  com.cloudframe.app.process.Casecb00.displayAccessories  775 - Accessory.......: Green Helmet                  
05:45:56.547 [main] INFO  com.cloudframe.app.process.Casecb00.displayModels  702 -  
05:45:56.548 [main] INFO  com.cloudframe.app.process.Casecb00.displayModels  704 - Model...........: ZX6R                
05:45:56.548 [main] INFO  com.cloudframe.app.process.Casecb00.displayModels  706 - Engine Size.....: 600
05:45:56.548 [main] INFO  com.cloudframe.app.process.Casecb00.displayModels  708 - Level 2 Num.....:    32
05:45:56.548 [main] INFO  com.cloudframe.app.process.Casecb00.displayModels  713 - Color Counter...:     2
05:45:56.549 [main] INFO  com.cloudframe.app.process.Casecb00.displayModels  715 -  
05:45:56.549 [main] INFO  com.cloudframe.app.process.Casecb00.displayModels  717 - Colors ---------------------------------------
05:45:56.549 [main] INFO  com.cloudframe.app.process.Casecb00.displayColors  753 - Color...........: Green     
05:45:56.550 [main] INFO  com.cloudframe.app.process.Casecb00.displayColors  753 - Color...........: Black     
05:45:56.550 [main] INFO  com.cloudframe.app.process.Casecb00.displayModels  724 -  
05:45:56.550 [main] INFO  com.cloudframe.app.process.Casecb00.displayModels  726 - Accessories ----------------------------------
05:45:56.550 [main] INFO  com.cloudframe.app.process.Casecb00.displayAccessories  775 - Accessory.......: Green Helmet                  
05:45:56.550 [main] INFO  com.cloudframe.app.process.Casecb00.displayAccessories  775 - Accessory.......: Failed                        
05:45:56.551 [main] INFO  com.cloudframe.app.process.Casecb00.displayDealers  581 - Dealer..........: Hamilton Bikes                
05:45:56.551 [main] INFO  com.cloudframe.app.process.Casecb00.displayDealers  585 - State...........: NJ
05:45:56.551 [main] INFO  com.cloudframe.app.process.Casecb00.displayDealers  587 - Street Address..: 21 Kincaid St.                
