16:40:55.453 [main] INFO  o.s.boot.StartupInfoLogger.logStarting   50 - Starting CFApplication v0.0.1-SNAPSHOT using Java 17.0.14 with PID 2510640 (/home/jenkins/workspace/CFTestAutomation_Release/Testing/results/jcl/ICE003/ICE003/target/ICE003-0.0.1-SNAPSHOT.jar started by root in /home/jenkins/workspace/CFTestAutomation_Release/Testing/results/jcl/ICE003/ICE003)
16:40:55.460 [main] INFO  o.s.boot.SpringApplication.logStartupProfileInfo  654 - No active profile set, falling back to 1 default profile: "default"
16:40:57.791 [main] INFO  o.s.boot.StartupInfoLogger.logStarted   56 - Started CFApplication in 3.378 seconds (process running for 4.641)
16:40:57.808 [main] INFO  c.c.app.utility.CFConfiguration.cfDataConnectIOInfo  107 - CFDataConnectIO version : 5.0.0.21
16:40:57.861 [main] INFO  c.c.a.u.d.plus.CFDcioConfiguration.cfDataConnectIOPlusInfo   28 - CFDataConnectIOPlus version : 5.0.0.21
16:40:57.893 [main] INFO  o.s.j.d.e.EmbeddedDatabaseFactory.initDatabase  189 - Starting embedded database: url='jdbc:h2:mem:testdb;DB_CLOSE_DELAY=-1;DB_CLOSE_ON_EXIT=false', username='sa'
16:40:58.861 [main] INFO  o.s.b.a.b.JobLauncherApplicationRunner.run  168 - Running default command line with: []
16:40:58.905 [main] INFO  o.s.b.c.l.s.SimpleJobLauncher$1.run  154 - Job: [FlowJob: [name=ICE003]] launched with the following parameters: [{}]
16:40:58.950 [main] INFO  o.s.batch.core.job.SimpleStepHandler.handleStep  150 - Executing step: [p050_01Decider]
16:40:58.979 [main] INFO  o.s.batch.core.step.AbstractStep.execute  295 - Step: [p050_01Decider] executed in 27ms
16:40:58.993 [main] INFO  o.s.batch.core.job.SimpleStepHandler.handleStep  150 - Executing step: [readIce003P050_01SortInput]
16:40:59.043 [main] INFO  o.s.batch.core.step.AbstractStep.execute  295 - Step: [readIce003P050_01SortInput] executed in 49ms
16:40:59.058 [main] INFO  o.s.batch.core.job.SimpleStepHandler.handleStep  150 - Executing step: [sortIce003P050_01Process]
16:40:59.079 [main] INFO  o.s.batch.core.step.AbstractStep.execute  295 - Step: [sortIce003P050_01Process] executed in 20ms
16:40:59.093 [main] INFO  o.s.batch.core.job.SimpleStepHandler.handleStep  150 - Executing step: [writeIce003P050_01SortOutput]
16:40:59.120 [main] INFO  c.c.a.t.Ice003P050_01OutputWriter.afterStep   91 - STEPNAME: ICE003P050_01 Execution completed, number of RECORDS - IN: 83,  OUT: 83
16:40:59.125 [main] INFO  o.s.batch.core.step.AbstractStep.execute  295 - Step: [writeIce003P050_01SortOutput] executed in 32ms
16:40:59.135 [main] INFO  o.s.batch.core.job.SimpleStepHandler.handleStep  150 - Executing step: [p050_02Decider]
16:40:59.152 [main] INFO  o.s.batch.core.step.AbstractStep.execute  295 - Step: [p050_02Decider] executed in 16ms
16:40:59.162 [main] INFO  o.s.batch.core.job.SimpleStepHandler.handleStep  150 - Executing step: [readIce003P050_02SortInput]
16:40:59.195 [main] INFO  o.s.batch.core.step.AbstractStep.execute  295 - Step: [readIce003P050_02SortInput] executed in 32ms
16:40:59.206 [main] INFO  o.s.batch.core.job.SimpleStepHandler.handleStep  150 - Executing step: [sortIce003P050_02Process]
16:40:59.227 [main] INFO  o.s.batch.core.step.AbstractStep.execute  295 - Step: [sortIce003P050_02Process] executed in 20ms
16:40:59.238 [main] INFO  o.s.batch.core.job.SimpleStepHandler.handleStep  150 - Executing step: [writeIce003P050_02SortOutput]
16:40:59.267 [main] INFO  c.c.a.t.Ice003P050_02OutputWriter.afterStep  108 - STEPNAME: ICE003P050_02 Execution completed, number of RECORDS - IN: 83,  OUT: 60
16:40:59.270 [main] INFO  c.c.a.t.Ice003P050_02OutputWriter.afterStep  110 - STEPNAME: ICE003P050_02 Execution completed, number of RECORDS - IN: 83,  OUT: 0
16:40:59.272 [main] INFO  o.s.batch.core.step.AbstractStep.execute  295 - Step: [writeIce003P050_02SortOutput] executed in 33ms
16:40:59.280 [main] INFO  o.s.batch.core.job.SimpleStepHandler.handleStep  150 - Executing step: [printSummary]
16:40:59.290 [main] INFO  com.cloudframe.app.CFStepHandler.printExecutionSummary  261 - JOB : ICE003 ENDED -  0000
16:40:59.291 [main] INFO  com.cloudframe.app.CFStepHandler.printExecutionSummary  265 - 

Stepwise Execution Summary :
+---------------------------------------------------------------+
| STEPNAME     | PROGRAM      | RC          | ELAPSED           |
|              |              |             | HH:MM:SS:ss       |
+---------------------------------------------------------------+
| P050_01      | ICETOOL      | 00          | 00:00:00:165      |
+---------------------------------------------------------------+
| P050_02      | ICETOOL      | 00          | 00:00:00:128      |
+---------------------------------------------------------------+
  
16:40:59.295 [main] INFO  o.s.batch.core.step.AbstractStep.execute  295 - Step: [printSummary] executed in 13ms
16:40:59.305 [main] INFO  o.s.b.c.l.s.SimpleJobLauncher$1.run  161 - Job: [FlowJob: [name=ICE003]] completed with the following parameters: [{}] and the following status: [COMPLETED] in 377ms
16:40:59.313 [main] INFO  o.s.j.d.e.EmbeddedDatabaseFactory.shutdownDatabase  220 - Shutting down embedded database: url='jdbc:h2:mem:testdb;DB_CLOSE_DELAY=-1;DB_CLOSE_ON_EXIT=false'
