08:01:47.911 [main] INFO  o.s.boot.StartupInfoLogger.logStarting   50 - Starting CFApplication v0.0.1-SNAPSHOT using Java 17.0.14 with PID 3442955 (/home/jenkins/workspace/CFTestAutomation_Release/Testing/results/jcl/SORT241/SORT241/target/SORT241-0.0.1-SNAPSHOT.jar started by root in /home/jenkins/workspace/CFTestAutomation_Release/Testing/results/jcl/SORT241/SORT241)
08:01:47.926 [main] INFO  o.s.boot.SpringApplication.logStartupProfileInfo  654 - No active profile set, falling back to 1 default profile: "default"
08:01:53.719 [main] INFO  o.s.boot.StartupInfoLogger.logStarted   56 - Started CFApplication in 7.889 seconds (process running for 9.592)
08:01:53.765 [main] INFO  c.c.app.utility.CFConfiguration.cfDataConnectIOInfo  107 - CFDataConnectIO version : 5.0.0.21
08:01:53.846 [main] INFO  c.c.a.u.d.plus.CFDcioConfiguration.cfDataConnectIOPlusInfo   28 - CFDataConnectIOPlus version : 5.0.0.21
08:01:53.911 [main] INFO  o.s.j.d.e.EmbeddedDatabaseFactory.initDatabase  189 - Starting embedded database: url='jdbc:h2:mem:testdb;DB_CLOSE_DELAY=-1;DB_CLOSE_ON_EXIT=false', username='sa'
08:01:56.100 [main] INFO  o.s.b.a.b.JobLauncherApplicationRunner.run  168 - Running default command line with: []
08:01:56.279 [main] INFO  o.s.b.c.l.s.SimpleJobLauncher$1.run  154 - Job: [FlowJob: [name=SORT241]] launched with the following parameters: [{}]
08:01:56.429 [main] INFO  o.s.batch.core.job.SimpleStepHandler.handleStep  150 - Executing step: [sort241a_s0011Decider]
08:01:56.543 [main] WARN  c.c.app.utility.JclUtilsImpl.handleFiles  310 - File CLOUDFRM.MS.SORT.IN241.PART1 is not available 
08:01:56.597 [main] INFO  o.s.batch.core.step.AbstractStep.execute  295 - Step: [sort241a_s0011Decider] executed in 161ms
08:01:56.648 [main] INFO  o.s.batch.core.job.SimpleStepHandler.handleStep  150 - Executing step: [sort241b_s0011Decider]
08:01:56.701 [main] INFO  o.s.batch.core.step.AbstractStep.execute  295 - Step: [sort241b_s0011Decider] executed in 51ms
08:01:56.757 [main] INFO  o.s.batch.core.job.SimpleStepHandler.handleStep  150 - Executing step: [sort241c_s0011Decider]
08:01:56.824 [main] INFO  o.s.batch.core.step.AbstractStep.execute  295 - Step: [sort241c_s0011Decider] executed in 65ms
08:01:56.891 [main] INFO  o.s.batch.core.job.SimpleStepHandler.handleStep  150 - Executing step: [sort241d_s0011Decider]
08:01:56.930 [main] INFO  o.s.batch.core.step.AbstractStep.execute  295 - Step: [sort241d_s0011Decider] executed in 35ms
08:01:57.004 [main] INFO  o.s.batch.core.job.SimpleStepHandler.handleStep  150 - Executing step: [sort241e_s0011Decider]
08:01:57.043 [main] INFO  o.s.batch.core.step.AbstractStep.execute  295 - Step: [sort241e_s0011Decider] executed in 37ms
08:01:57.102 [main] INFO  o.s.batch.core.job.SimpleStepHandler.handleStep  150 - Executing step: [printSummary]
08:01:57.155 [main] INFO  com.cloudframe.app.CFStepHandler.printExecutionSummary  283 - JOB : SORT241 ENDED -  ABEND=JCLERROR
08:01:57.156 [main] INFO  com.cloudframe.app.CFStepHandler.printExecutionSummary  285 - 

Stepwise Execution Summary :
+-------------------------------------------------------------------+
| STEPNAME            | PROGRAM   | RC          | ELAPSED           |
|                     |           |             | HH:MM:SS:ss       |
+-------------------------------------------------------------------+
| SORT241A_S0011      | SORT      | ABEND       | 00:00:00:161      |
+-------------------------------------------------------------------+
| SORT241B_S0011      | SORT      | FLUSH       | 00:00:00:051      |
+-------------------------------------------------------------------+
| SORT241C_S0011      | SORT      | FLUSH       | 00:00:00:065      |
+-------------------------------------------------------------------+
| SORT241D_S0011      | SORT      | FLUSH       | 00:00:00:035      |
+-------------------------------------------------------------------+
| SORT241E_S0011      | SORT      | FLUSH       | 00:00:00:037      |
+-------------------------------------------------------------------+
  
08:01:57.180 [main] INFO  o.s.batch.core.step.AbstractStep.execute  295 - Step: [printSummary] executed in 76ms
08:01:57.232 [main] INFO  o.s.b.c.l.s.SimpleJobLauncher$1.run  161 - Job: [FlowJob: [name=SORT241]] completed with the following parameters: [{}] and the following status: [COMPLETED] in 880ms
08:01:57.257 [main] INFO  o.s.j.d.e.EmbeddedDatabaseFactory.shutdownDatabase  220 - Shutting down embedded database: url='jdbc:h2:mem:testdb;DB_CLOSE_DELAY=-1;DB_CLOSE_ON_EXIT=false'
