23:27:05.565 [main] INFO  o.s.boot.StartupInfoLogger.logStarting   50 - Starting CFApplication v0.0.1-SNAPSHOT using Java 17.0.14 with PID 1863771 (/home/jenkins/workspace/CFTestAutomation_Release/Testing/results/jcl/Y91DEXT2/Y91DEXT2/target/Y91DEXT2-0.0.1-SNAPSHOT.jar started by root in /home/jenkins/workspace/CFTestAutomation_Release/Testing/results/jcl/Y91DEXT2/Y91DEXT2)
23:27:05.575 [main] INFO  o.s.boot.SpringApplication.logStartupProfileInfo  654 - No active profile set, falling back to 1 default profile: "default"
23:27:09.213 [main] INFO  o.s.boot.StartupInfoLogger.logStarted   56 - Started CFApplication in 4.89 seconds (process running for 5.608)
23:27:09.231 [main] INFO  c.c.app.utility.CFConfiguration.cfDataConnectIOInfo  107 - CFDataConnectIO version : 5.0.0.21
23:27:09.289 [main] INFO  c.c.a.u.d.plus.CFDcioConfiguration.cfDataConnectIOPlusInfo   28 - CFDataConnectIOPlus version : 5.0.0.21
23:27:09.318 [main] INFO  o.s.j.d.e.EmbeddedDatabaseFactory.initDatabase  189 - Starting embedded database: url='jdbc:h2:mem:testdb;DB_CLOSE_DELAY=-1;DB_CLOSE_ON_EXIT=false', username='sa'
23:27:10.277 [main] INFO  o.s.b.a.b.JobLauncherApplicationRunner.run  168 - Running default command line with: []
23:27:10.358 [main] INFO  o.s.b.c.l.s.SimpleJobLauncher$1.run  154 - Job: [FlowJob: [name=Y91DEXT2]] launched with the following parameters: [{}]
23:27:10.424 [main] INFO  o.s.batch.core.job.SimpleStepHandler.handleStep  150 - Executing step: [s030_p080Decider]
23:27:10.477 [main] INFO  o.s.batch.core.step.AbstractStep.execute  295 - Step: [s030_p080Decider] executed in 51ms
23:27:10.505 [main] INFO  o.s.batch.core.job.SimpleStepHandler.handleStep  150 - Executing step: [readY91dext2S030_p080SortInput]
23:27:10.571 [main] INFO  o.s.batch.core.step.AbstractStep.execute  295 - Step: [readY91dext2S030_p080SortInput] executed in 65ms
23:27:10.593 [main] INFO  o.s.batch.core.job.SimpleStepHandler.handleStep  150 - Executing step: [sortY91dext2S030_p080Process]
23:27:10.631 [main] INFO  o.s.batch.core.step.AbstractStep.execute  295 - Step: [sortY91dext2S030_p080Process] executed in 37ms
23:27:10.667 [main] INFO  o.s.batch.core.job.SimpleStepHandler.handleStep  150 - Executing step: [writeY91dext2S030_p080SortOutput]
23:27:10.702 [main] INFO  c.c.a.t.Y91dext2S030_p080OutputWriter.afterStep   99 - STEPNAME: Y91DEXT2S030_P080 Execution completed, number of RECORDS - IN: 1,  OUT: 1
23:27:10.717 [main] INFO  o.s.batch.core.step.AbstractStep.execute  295 - Step: [writeY91dext2S030_p080SortOutput] executed in 49ms
23:27:10.735 [main] INFO  o.s.batch.core.job.SimpleStepHandler.handleStep  150 - Executing step: [printSummary]
23:27:10.752 [main] INFO  com.cloudframe.app.CFStepHandler.printExecutionSummary  255 - JOB : Y91DEXT2 ENDED -  0000
23:27:10.753 [main] INFO  com.cloudframe.app.CFStepHandler.printExecutionSummary  259 - 

Stepwise Execution Summary :
+--------------------------------------------------------------+
| STEPNAME       | PROGRAM   | RC          | ELAPSED           |
|                |           |             | HH:MM:SS:ss       |
+--------------------------------------------------------------+
| S030_P080      | SORT      | 00          | 00:00:00:272      |
+--------------------------------------------------------------+
  
23:27:10.761 [main] INFO  o.s.batch.core.step.AbstractStep.execute  295 - Step: [printSummary] executed in 24ms
23:27:10.780 [main] INFO  o.s.b.c.l.s.SimpleJobLauncher$1.run  161 - Job: [FlowJob: [name=Y91DEXT2]] completed with the following parameters: [{}] and the following status: [COMPLETED] in 386ms
23:27:10.792 [main] INFO  o.s.j.d.e.EmbeddedDatabaseFactory.shutdownDatabase  220 - Shutting down embedded database: url='jdbc:h2:mem:testdb;DB_CLOSE_DELAY=-1;DB_CLOSE_ON_EXIT=false'
