16:42:17.037 [main] INFO  o.s.boot.StartupInfoLogger.logStarting   50 - Starting CFApplication v0.0.1-SNAPSHOT using Java 17.0.14 with PID 2515704 (/home/jenkins/workspace/CFTestAutomation_Release/Testing/results/jcl/SUP01780/SUP01780/target/SUP01780-0.0.1-SNAPSHOT.jar started by root in /home/jenkins/workspace/CFTestAutomation_Release/Testing/results/jcl/SUP01780/SUP01780)
16:42:17.045 [main] INFO  o.s.boot.SpringApplication.logStartupProfileInfo  654 - No active profile set, falling back to 1 default profile: "default"
16:42:19.471 [main] INFO  c.c.a.dao.CFDataSourceConfiguration.dataSourceStatus  165 - CFDataSourceConfiguration initialization status...
16:42:19.473 [main] INFO  c.c.a.dao.CFDataSourceConfiguration.dataSourceStatus  172 - VSAM Datasource initialized. Databse Datasource initialized.
16:42:19.648 [main] INFO  o.s.boot.StartupInfoLogger.logStarted   56 - Started CFApplication in 3.82 seconds (process running for 4.819)
16:42:19.657 [main] INFO  c.c.app.utility.CFConfiguration.cfDataConnectIOInfo  107 - CFDataConnectIO version : 5.0.0.21
16:42:19.729 [main] INFO  c.c.a.u.d.plus.CFDcioConfiguration.cfDataConnectIOPlusInfo   28 - CFDataConnectIOPlus version : 5.0.0.21
16:42:19.760 [main] INFO  o.s.j.d.e.EmbeddedDatabaseFactory.initDatabase  189 - Starting embedded database: url='jdbc:h2:mem:testdb;DB_CLOSE_DELAY=-1;DB_CLOSE_ON_EXIT=false', username='sa'
16:42:20.603 [main] INFO  o.s.b.a.b.JobLauncherApplicationRunner.run  168 - Running default command line with: []
16:42:20.651 [main] INFO  o.s.b.c.l.s.SimpleJobLauncher$1.run  154 - Job: [SimpleJob: [name=SUP01780]] launched with the following parameters: [{}]
16:42:20.698 [main] INFO  o.s.batch.core.job.SimpleStepHandler.handleStep  150 - Executing step: [step01]
16:42:20.763 [main] INFO  c.c.app.process.impl.Sup01780Impl.process   68 - **********************************
16:42:20.764 [main] INFO  c.c.app.vsam.VSAMClusterUtil.getClusterInfo   66 - Cluster for DD PANACCT1 in SUP01780 is UDEV47_PLAPP_SACCT1 
16:42:20.786 [main] INFO  c.c.app.vsam.VSAMClusterUtil.getClusterInfo   66 - Cluster for DD PANACCTA in SUP01780 is UDEV47_PLAPP_SACCT10 
16:42:20.857 [main] INFO  com.zaxxer.hikari.HikariDataSource.getConnection  109 - HikariPool-1 - Starting...
16:42:20.931 [main] INFO  com.zaxxer.hikari.pool.HikariPool.checkFailFast  554 - HikariPool-1 - Added connection conn16: url=jdbc:h2:file:./cf-vsam-db user=SA
16:42:20.936 [main] INFO  com.zaxxer.hikari.HikariDataSource.getConnection  122 - HikariPool-1 - Start completed.
16:42:20.998 [main] INFO  c.c.app.process.impl.Sup01780Impl.process   82 - TM-PAN-FILE-1:FILE OPENED 
16:42:20.998 [main] INFO  c.c.app.process.impl.Sup01780Impl.process   94 - TM-PAN-FILE-10     OPENED 
16:42:21.015 [main] INFO  o.s.batch.core.step.AbstractStep.execute  295 - Step: [step01] executed in 315ms
16:42:21.026 [main] INFO  o.s.batch.core.job.SimpleStepHandler.handleStep  150 - Executing step: [printSummary]
16:42:21.038 [main] INFO  com.cloudframe.app.CFStepHandler.printExecutionSummary  247 - JOB : SUP01780 ENDED -  0000
16:42:21.038 [main] INFO  com.cloudframe.app.CFStepHandler.printExecutionSummary  251 - 

Stepwise Execution Summary :
+---------------------------------------------------------------+
| STEPNAME    | PROGRAM       | RC          | ELAPSED           |
|             |               |             | HH:MM:SS:ss       |
+---------------------------------------------------------------+
| STEP01      | SUP01780      | 00          | 00:00:00:315      |
+---------------------------------------------------------------+
  
16:42:21.045 [main] INFO  o.s.batch.core.step.AbstractStep.execute  295 - Step: [printSummary] executed in 18ms
16:42:21.057 [main] INFO  o.s.b.c.l.s.SimpleJobLauncher$1.run  161 - Job: [SimpleJob: [name=SUP01780]] completed with the following parameters: [{}] and the following status: [COMPLETED] in 387ms
16:42:21.065 [main] INFO  com.zaxxer.hikari.HikariDataSource.close  349 - HikariPool-1 - Shutdown initiated...
16:42:21.113 [main] INFO  com.zaxxer.hikari.HikariDataSource.close  351 - HikariPool-1 - Shutdown completed.
16:42:21.114 [main] INFO  o.s.j.d.e.EmbeddedDatabaseFactory.shutdownDatabase  220 - Shutting down embedded database: url='jdbc:h2:mem:testdb;DB_CLOSE_DELAY=-1;DB_CLOSE_ON_EXIT=false'
