Starting CFApplication v0.0.1-SNAPSHOT using Java 17.0.14 with PID 2493387 (/home/jenkins/workspace/CFTestAutomation_Release/Testing/results/jcl/VBNORDW/QA000120/target/QA000120-0.0.1-SNAPSHOT.jar started by root in /home/jenkins/workspace/CFTestAutomation_Release/Testing/results/jcl/VBNORDW/QA000120)
No active profile set, falling back to 1 default profile: "default"
Started CFApplication in 3.954 seconds (process running for 5.028)
CFDataConnectIO version : 5.0.0.21
CFDataConnectIOPlus version : 5.0.0.21
Starting embedded database: url='jdbc:h2:mem:testdb;DB_CLOSE_DELAY=-1;DB_CLOSE_ON_EXIT=false', username='sa'
Running default command line with: []
Job: [SimpleJob: [name=QA000120]] launched with the following parameters: [{}]
Executing step: [delete]
Step: [delete] executed in 25ms
Executing step: [writevb]
PROCESSING MODE IS: W, INPUT MINIMUM PARAMETER LENGTH  32700, WILL BE USED TO CONTROL ENGTH OF FIRST RECORD WRITTEN
INPUT MAXIMUM PARAMETER LENGTH  32750, WILL BE USED TO CONTROL NUMBER OF RECORDS WRITTEN, AND LENGTH OF LONGEST RECORD
RECORDS WRITTEN:     51
Step: [writevb] executed in 124ms
Executing step: [readvb]
PROCESSING MODE IS: R, INPUT MINIMUM PARAMETER LENGTH  32700, WILL BE USED TO CONTROL ENGTH OF FIRST RECORD WRITTEN
INPUT MAXIMUM PARAMETER LENGTH  32750, WILL BE USED TO CONTROL NUMBER OF RECORDS WRITTEN, AND LENGTH OF LONGEST RECORD
RECORDS READ:     51
Step: [readvb] executed in 321ms
Executing step: [printSummary]
JOB : QA000120 ENDED -  0000


Stepwise Execution Summary :
+---------------------------------------------------------------+
| STEPNAME     | PROGRAM      | RC          | ELAPSED           |
|              |              |             | HH:MM:SS:ss       |
+---------------------------------------------------------------+
| DELETE       | IEFBR14      | 00          | 00:00:00:025      |
+---------------------------------------------------------------+
| WRITEVB      | IOVB32K      | 00          | 00:00:00:124      |
+---------------------------------------------------------------+
| READVB       | IOVB32K      | 00          | 00:00:00:321      |
+---------------------------------------------------------------+
  
Step: [printSummary] executed in 19ms
Job: [SimpleJob: [name=QA000120]] completed with the following parameters: [{}] and the following status: [COMPLETED] in 576ms
Shutting down embedded database: url='jdbc:h2:mem:testdb;DB_CLOSE_DELAY=-1;DB_CLOSE_ON_EXIT=false'
