10:56:15.076 [main] INFO  o.s.boot.StartupInfoLogger.logStarting   50 - Starting CFApplication v0.0.1-SNAPSHOT using Java 17.0.14 with PID 1160930 (/home/jenkins/workspace/CFTestAutomation_Release/Testing/results/jcl/USBRECDAT/USBRECDAT/target/USBRECDAT-0.0.1-SNAPSHOT.jar started by root in /home/jenkins/workspace/CFTestAutomation_Release/Testing/results/jcl/USBRECDAT/USBRECDAT)
10:56:15.088 [main] INFO  o.s.boot.SpringApplication.logStartupProfileInfo  654 - No active profile set, falling back to 1 default profile: "default"
10:56:19.655 [main] INFO  o.s.boot.StartupInfoLogger.logStarted   56 - Started CFApplication in 6.592 seconds (process running for 8.368)
10:56:19.687 [main] INFO  c.c.app.utility.CFConfiguration.cfDataConnectIOInfo  107 - CFDataConnectIO version : 5.0.0.21
10:56:19.812 [main] INFO  c.c.a.u.d.plus.CFDcioConfiguration.cfDataConnectIOPlusInfo   28 - CFDataConnectIOPlus version : 5.0.0.21
10:56:19.877 [main] INFO  o.s.j.d.e.EmbeddedDatabaseFactory.initDatabase  189 - Starting embedded database: url='jdbc:h2:mem:testdb;DB_CLOSE_DELAY=-1;DB_CLOSE_ON_EXIT=false', username='sa'
10:56:21.171 [main] INFO  o.s.b.a.b.JobLauncherApplicationRunner.run  168 - Running default command line with: []
10:56:21.257 [main] INFO  o.s.b.c.l.s.SimpleJobLauncher$1.run  154 - Job: [FlowJob: [name=USBRECDAT]] launched with the following parameters: [{}]
10:56:21.332 [main] INFO  o.s.batch.core.job.SimpleStepHandler.handleStep  150 - Executing step: [date1inDecider]
10:56:21.397 [main] INFO  o.s.batch.core.step.AbstractStep.execute  295 - Step: [date1inDecider] executed in 63ms
10:56:21.423 [main] INFO  o.s.batch.core.job.SimpleStepHandler.handleStep  150 - Executing step: [UsbrecdatDate1inSort]
10:56:21.483 [main] INFO  c.c.app.tasks.UsbrecdatDate1inSort.afterStep  159 - STEPNAME: USBRECDATDATE1IN Execution completed, number of RECORDS - IN: 0,  OUT: 10
10:56:21.489 [main] INFO  o.s.batch.core.step.AbstractStep.execute  295 - Step: [UsbrecdatDate1inSort] executed in 65ms
10:56:21.503 [main] INFO  o.s.batch.core.job.SimpleStepHandler.handleStep  150 - Executing step: [date1outDecider]
10:56:21.535 [main] INFO  o.s.batch.core.step.AbstractStep.execute  295 - Step: [date1outDecider] executed in 31ms
10:56:21.557 [main] INFO  o.s.batch.core.job.SimpleStepHandler.handleStep  150 - Executing step: [UsbrecdatDate1outSort]
10:56:21.610 [main] INFO  c.c.app.tasks.UsbrecdatDate1outSort.afterStep  143 - STEPNAME: USBRECDATDATE1OUT Execution completed, number of RECORDS - IN: 0,  OUT: 10
10:56:21.614 [main] INFO  o.s.batch.core.step.AbstractStep.execute  295 - Step: [UsbrecdatDate1outSort] executed in 56ms
10:56:21.637 [main] INFO  o.s.batch.core.job.SimpleStepHandler.handleStep  150 - Executing step: [printSummary]
10:56:21.659 [main] INFO  com.cloudframe.app.CFStepHandler.printExecutionSummary  263 - JOB : USBRECDAT ENDED -  0000
10:56:21.659 [main] INFO  com.cloudframe.app.CFStepHandler.printExecutionSummary  267 - 

Stepwise Execution Summary :
+-------------------------------------------------------------+
| STEPNAME      | PROGRAM   | RC          | ELAPSED           |
|               |           |             | HH:MM:SS:ss       |
+-------------------------------------------------------------+
| DATE1IN       | SORT      | 00          | 00:00:00:145      |
+-------------------------------------------------------------+
| DATE1OUT      | SORT      | 00          | 00:00:00:100      |
+-------------------------------------------------------------+
  
10:56:21.668 [main] INFO  o.s.batch.core.step.AbstractStep.execute  295 - Step: [printSummary] executed in 29ms
10:56:21.695 [main] INFO  o.s.b.c.l.s.SimpleJobLauncher$1.run  161 - Job: [FlowJob: [name=USBRECDAT]] completed with the following parameters: [{}] and the following status: [COMPLETED] in 400ms
10:56:21.706 [main] INFO  o.s.j.d.e.EmbeddedDatabaseFactory.shutdownDatabase  220 - Shutting down embedded database: url='jdbc:h2:mem:testdb;DB_CLOSE_DELAY=-1;DB_CLOSE_ON_EXIT=false'
