10:06:48.035 [main] INFO  o.s.boot.StartupInfoLogger.logStarting   50 - Starting CFApplication v0.0.1-SNAPSHOT using Java 17.0.14 with PID 1598624 (/home/jenkins/workspace/CFTestAutomation_Release/Testing/results/jcl/ICEGENER/ICEGENER/target/ICEGENER-0.0.1-SNAPSHOT.jar started by root in /home/jenkins/workspace/CFTestAutomation_Release/Testing/results/jcl/ICEGENER/ICEGENER)
10:06:48.042 [main] INFO  o.s.boot.SpringApplication.logStartupProfileInfo  654 - No active profile set, falling back to 1 default profile: "default"
10:06:50.568 [main] INFO  o.s.boot.StartupInfoLogger.logStarted   56 - Started CFApplication in 3.951 seconds (process running for 5.108)
10:06:50.591 [main] INFO  c.c.app.utility.CFConfiguration.cfDataConnectIOInfo  107 - CFDataConnectIO version : 5.0.0.21
10:06:50.640 [main] INFO  c.c.a.u.d.plus.CFDcioConfiguration.cfDataConnectIOPlusInfo   28 - CFDataConnectIOPlus version : 5.0.0.21
10:06:50.669 [main] INFO  o.s.j.d.e.EmbeddedDatabaseFactory.initDatabase  189 - Starting embedded database: url='jdbc:h2:mem:testdb;DB_CLOSE_DELAY=-1;DB_CLOSE_ON_EXIT=false', username='sa'
10:06:51.542 [main] INFO  o.s.b.a.b.JobLauncherApplicationRunner.run  168 - Running default command line with: []
10:06:51.621 [main] INFO  o.s.b.c.l.s.SimpleJobLauncher$1.run  154 - Job: [SimpleJob: [name=ICEGENER]] launched with the following parameters: [{}]
10:06:51.682 [main] INFO  o.s.batch.core.job.SimpleStepHandler.handleStep  150 - Executing step: [step001]
10:06:51.744 [main] INFO  o.s.batch.core.step.AbstractStep.execute  295 - Step: [step001] executed in 60ms
10:06:51.761 [main] INFO  o.s.batch.core.job.SimpleStepHandler.handleStep  150 - Executing step: [printSummary]
10:06:51.779 [main] INFO  com.cloudframe.app.CFStepHandler.printExecutionSummary  256 - JOB : ICEGENER ENDED -  0000
10:06:51.780 [main] INFO  com.cloudframe.app.CFStepHandler.printExecutionSummary  260 - 

Stepwise Execution Summary :
+----------------------------------------------------------------+
| STEPNAME     | PROGRAM       | RC          | ELAPSED           |
|              |               |             | HH:MM:SS:ss       |
+----------------------------------------------------------------+
| STEP001      | ICEGENER      | 00          | 00:00:00:060      |
+----------------------------------------------------------------+
  
10:06:51.791 [main] INFO  o.s.batch.core.step.AbstractStep.execute  295 - Step: [printSummary] executed in 28ms
10:06:51.812 [main] INFO  o.s.b.c.l.s.SimpleJobLauncher$1.run  161 - Job: [SimpleJob: [name=ICEGENER]] completed with the following parameters: [{}] and the following status: [COMPLETED] in 158ms
10:06:51.842 [main] INFO  o.s.j.d.e.EmbeddedDatabaseFactory.shutdownDatabase  220 - Shutting down embedded database: url='jdbc:h2:mem:testdb;DB_CLOSE_DELAY=-1;DB_CLOSE_ON_EXIT=false'
