16:30:39.338 [main] INFO  o.s.boot.StartupInfoLogger.logStarting   50 - Starting CFApplication v0.0.1-SNAPSHOT using Java 17.0.14 with PID 2465665 (/home/jenkins/workspace/CFTestAutomation_Release/Testing/results/condition/evaluate0/EVALUAT0/target/EVALUAT0-0.0.1-SNAPSHOT.jar started by root in /home/jenkins/workspace/CFTestAutomation_Release/Testing/results/condition/evaluate0/EVALUAT0)
16:30:39.346 [main] INFO  o.s.boot.SpringApplication.logStartupProfileInfo  654 - No active profile set, falling back to 1 default profile: "default"
16:30:41.462 [main] INFO  o.s.boot.StartupInfoLogger.logStarted   56 - Started CFApplication in 3.135 seconds (process running for 3.898)
16:30:41.487 [main] INFO  c.c.app.utility.CFConfiguration.cfDataConnectIOInfo  107 - CFDataConnectIO version : 5.0.0.21
16:30:41.872 [main] INFO  c.c.app.process.impl.Evaluat0Impl.checkNums  295 - Condition 1 fired
16:30:41.873 [main] INFO  c.c.app.process.impl.Evaluat0Impl.checkNums  295 - Condition 1 fired
16:30:41.873 [main] INFO  c.c.app.process.impl.Evaluat0Impl.checkNums  299 - Condition 2 fired
16:30:41.874 [main] INFO  c.c.app.process.impl.Evaluat0Impl.checkNums  303 - Condition 3 fired
16:30:41.874 [main] INFO  c.c.app.process.impl.Evaluat0Impl.checkNums  307 - Condition 4 fired
16:30:41.874 [main] INFO  c.c.app.process.impl.Evaluat0Impl.checkNums  311 - Condition 5 fired
16:30:41.875 [main] INFO  c.c.app.process.impl.Evaluat0Impl.mainRoutine  139 - ---AGE 88---OTHER---------------------
16:30:41.876 [main] INFO  c.c.app.process.impl.Evaluat0Impl.evaluate  343 -  REST OF US 
16:30:41.876 [main] INFO  c.c.app.process.impl.Evaluat0Impl.evaluate  349 - EVALUATED MALE 
16:30:41.876 [main] INFO  c.c.app.process.impl.Evaluat0Impl.evaluate  368 - SENIOR CITIZEN    
16:30:41.877 [main] INFO  c.c.app.process.impl.Evaluat0Impl.evaluate  377 - * REST OF US 
16:30:41.877 [main] INFO  c.c.app.process.impl.Evaluat0Impl.mainRoutine  146 - ---AGE 50---BABY BOOMER---------------
16:30:41.878 [main] INFO  c.c.app.process.impl.Evaluat0Impl.evaluate  335 -  BABY BOOMERS 
16:30:41.878 [main] INFO  c.c.app.process.impl.Evaluat0Impl.evaluate  349 - EVALUATED MALE 
16:30:41.878 [main] INFO  c.c.app.process.impl.Evaluat0Impl.evaluate  364 - LESS THAN 20 - 60 
16:30:41.878 [main] INFO  c.c.app.process.impl.Evaluat0Impl.evaluate  373 - * ALL BABY BOOMERS 
16:30:41.878 [main] INFO  c.c.app.process.impl.Evaluat0Impl.mainRoutine  155 - ---GENDER FEMALE-BABY BOOMER GIRLS ---
16:30:41.879 [main] INFO  c.c.app.process.impl.Evaluat0Impl.evaluate  339 -  BABY BOOMERS GIRLS 
16:30:41.879 [main] INFO  c.c.app.process.impl.Evaluat0Impl.evaluate  353 - EVALUATED FEMALE 
16:30:41.879 [main] INFO  c.c.app.process.impl.Evaluat0Impl.evaluate  364 - LESS THAN 20 - 60 
16:30:41.880 [main] INFO  c.c.app.process.impl.Evaluat0Impl.evaluate  373 - * ALL BABY BOOMERS 
16:30:41.880 [main] INFO  c.c.app.process.impl.Evaluat0Impl.mainRoutine  222 - WS-RGSTR-CD = BR
16:30:41.880 [main] INFO  c.c.app.process.impl.Evaluat0Impl.mainRoutine  263 - EXCHANGE-CD       = CBOE      
16:30:41.881 [main] INFO  c.c.app.process.impl.Evaluat0Impl.mainRoutine  265 - MSD-EXCHANGE-CODE = E
