23:19:38.625 [main] INFO  o.s.boot.StartupInfoLogger.logStarting   50 - Starting CFApplication v0.0.1-SNAPSHOT using Java 17.0.14 with PID 1832059 (/home/jenkins/workspace/CFTestAutomation_Release/Testing/results/jcl/MCGCMS/MCGCMS/target/MCGCMS-0.0.1-SNAPSHOT.jar started by root in /home/jenkins/workspace/CFTestAutomation_Release/Testing/results/jcl/MCGCMS/MCGCMS)
23:19:38.636 [main] INFO  o.s.boot.SpringApplication.logStartupProfileInfo  654 - No active profile set, falling back to 1 default profile: "default"
23:19:50.413 [main] INFO  o.s.boot.StartupInfoLogger.logStarted   56 - Started CFApplication in 13.147 seconds (process running for 14.419)
23:19:50.433 [main] INFO  c.c.app.utility.CFConfiguration.cfDataConnectIOInfo  107 - CFDataConnectIO version : 5.0.0.21
23:19:50.489 [main] INFO  c.c.a.u.d.plus.CFDcioConfiguration.cfDataConnectIOPlusInfo   28 - CFDataConnectIOPlus version : 5.0.0.21
23:19:50.522 [main] INFO  o.s.j.d.e.EmbeddedDatabaseFactory.initDatabase  189 - Starting embedded database: url='jdbc:h2:mem:testdb;DB_CLOSE_DELAY=-1;DB_CLOSE_ON_EXIT=false', username='sa'
23:19:51.242 [main] INFO  o.s.b.a.b.JobLauncherApplicationRunner.run  168 - Running default command line with: []
23:19:51.293 [main] INFO  o.s.b.c.l.s.SimpleJobLauncher$1.run  154 - Job: [FlowJob: [name=MCGCMS]] launched with the following parameters: [{}]
23:19:51.340 [main] INFO  o.s.batch.core.job.SimpleStepHandler.handleStep  150 - Executing step: [sort001Decider]
23:19:51.384 [main] INFO  o.s.batch.core.step.AbstractStep.execute  295 - Step: [sort001Decider] executed in 43ms
23:19:51.405 [main] INFO  o.s.batch.core.job.SimpleStepHandler.handleStep  150 - Executing step: [readMcgcmsSort001SortInput]
23:19:51.684 [main] INFO  o.s.batch.core.step.AbstractStep.execute  295 - Step: [readMcgcmsSort001SortInput] executed in 277ms
23:19:51.703 [main] INFO  o.s.batch.core.job.SimpleStepHandler.handleStep  150 - Executing step: [sortMcgcmsSort001Process]
23:19:51.738 [main] INFO  o.s.batch.core.step.AbstractStep.execute  295 - Step: [sortMcgcmsSort001Process] executed in 34ms
23:19:51.752 [main] INFO  o.s.batch.core.job.SimpleStepHandler.handleStep  150 - Executing step: [writeMcgcmsSort001SortOutput]
23:19:51.907 [main] INFO  c.c.a.t.McgcmsSort001OutputWriter.afterStep  108 - STEPNAME: MCGCMSSORT001 Execution completed, number of RECORDS - IN: 10000,  OUT: 100
23:19:51.921 [main] INFO  o.s.batch.core.step.AbstractStep.execute  295 - Step: [writeMcgcmsSort001SortOutput] executed in 167ms
23:19:51.931 [main] INFO  o.s.batch.core.job.SimpleStepHandler.handleStep  150 - Executing step: [sort002Decider]
23:19:51.954 [main] INFO  o.s.batch.core.step.AbstractStep.execute  295 - Step: [sort002Decider] executed in 22ms
23:19:51.966 [main] INFO  o.s.batch.core.job.SimpleStepHandler.handleStep  150 - Executing step: [readMcgcmsSort002SortInput]
23:19:52.033 [main] INFO  o.s.batch.core.step.AbstractStep.execute  295 - Step: [readMcgcmsSort002SortInput] executed in 66ms
23:19:52.045 [main] INFO  o.s.batch.core.job.SimpleStepHandler.handleStep  150 - Executing step: [sortMcgcmsSort002Process]
23:19:52.059 [main] INFO  o.s.batch.core.step.AbstractStep.execute  295 - Step: [sortMcgcmsSort002Process] executed in 13ms
23:19:52.069 [main] INFO  o.s.batch.core.job.SimpleStepHandler.handleStep  150 - Executing step: [writeMcgcmsSort002SortOutput]
23:19:53.238 [main] INFO  c.c.a.t.McgcmsSort002OutputWriter.afterStep  282 - STEPNAME: MCGCMSSORT002 Execution completed, number of RECORDS - IN: 10000,  OUT: 10000
23:19:53.241 [main] INFO  c.c.a.t.McgcmsSort002OutputWriter.afterStep  284 - STEPNAME: MCGCMSSORT002 Execution completed, number of RECORDS - IN: 10000,  OUT: 4996
23:19:53.243 [main] INFO  c.c.a.t.McgcmsSort002OutputWriter.afterStep  286 - STEPNAME: MCGCMSSORT002 Execution completed, number of RECORDS - IN: 10000,  OUT: 5004
23:19:53.248 [main] INFO  o.s.batch.core.step.AbstractStep.execute  295 - Step: [writeMcgcmsSort002SortOutput] executed in 1s177ms
23:19:53.267 [main] INFO  o.s.batch.core.job.SimpleStepHandler.handleStep  150 - Executing step: [sort003Decider]
23:19:53.300 [main] INFO  o.s.batch.core.step.AbstractStep.execute  295 - Step: [sort003Decider] executed in 32ms
23:19:53.324 [main] INFO  o.s.batch.core.job.SimpleStepHandler.handleStep  150 - Executing step: [readMcgcmsSort003SortInput]
23:19:53.457 [main] INFO  o.s.batch.core.step.AbstractStep.execute  295 - Step: [readMcgcmsSort003SortInput] executed in 132ms
23:19:53.469 [main] INFO  o.s.batch.core.job.SimpleStepHandler.handleStep  150 - Executing step: [sortMcgcmsSort003Process]
23:19:53.485 [main] INFO  o.s.batch.core.step.AbstractStep.execute  295 - Step: [sortMcgcmsSort003Process] executed in 15ms
23:19:53.500 [main] INFO  o.s.batch.core.job.SimpleStepHandler.handleStep  150 - Executing step: [writeMcgcmsSort003SortOutput]
23:19:53.593 [main] INFO  c.c.a.t.McgcmsSort003OutputWriter.afterStep  103 - STEPNAME: MCGCMSSORT003 Execution completed, number of RECORDS - IN: 10000,  OUT: 10000
23:19:53.597 [main] INFO  o.s.batch.core.step.AbstractStep.execute  295 - Step: [writeMcgcmsSort003SortOutput] executed in 97ms
23:19:53.617 [main] INFO  o.s.batch.core.job.SimpleStepHandler.handleStep  150 - Executing step: [sort004Decider]
23:19:53.635 [main] INFO  o.s.batch.core.step.AbstractStep.execute  295 - Step: [sort004Decider] executed in 17ms
23:19:53.647 [main] INFO  o.s.batch.core.job.SimpleStepHandler.handleStep  150 - Executing step: [readMcgcmsSort004SortInput]
23:19:53.690 [main] INFO  o.s.batch.core.step.AbstractStep.execute  295 - Step: [readMcgcmsSort004SortInput] executed in 42ms
23:19:53.699 [main] INFO  o.s.batch.core.job.SimpleStepHandler.handleStep  150 - Executing step: [sortMcgcmsSort004Process]
23:19:53.722 [main] INFO  o.s.batch.core.step.AbstractStep.execute  295 - Step: [sortMcgcmsSort004Process] executed in 21ms
23:19:53.733 [main] INFO  o.s.batch.core.job.SimpleStepHandler.handleStep  150 - Executing step: [writeMcgcmsSort004SortOutput]
23:19:53.911 [main] INFO  c.c.a.t.McgcmsSort004OutputWriter.afterStep  173 - STEPNAME: MCGCMSSORT004 Execution completed, number of RECORDS - IN: 5450,  OUT: 1000
23:19:53.914 [main] INFO  o.s.batch.core.step.AbstractStep.execute  295 - Step: [writeMcgcmsSort004SortOutput] executed in 180ms
23:19:53.925 [main] INFO  o.s.batch.core.job.SimpleStepHandler.handleStep  150 - Executing step: [sort005Decider]
23:19:53.944 [main] INFO  o.s.batch.core.step.AbstractStep.execute  295 - Step: [sort005Decider] executed in 17ms
23:19:53.962 [main] INFO  o.s.batch.core.job.SimpleStepHandler.handleStep  150 - Executing step: [readMcgcmsSort005SortInput]
23:19:54.045 [main] INFO  o.s.batch.core.step.AbstractStep.execute  295 - Step: [readMcgcmsSort005SortInput] executed in 81ms
23:19:54.059 [main] INFO  o.s.batch.core.job.SimpleStepHandler.handleStep  150 - Executing step: [sortMcgcmsSort005Process]
23:19:54.122 [main] INFO  o.s.batch.core.step.AbstractStep.execute  295 - Step: [sortMcgcmsSort005Process] executed in 62ms
23:19:54.131 [main] INFO  o.s.batch.core.job.SimpleStepHandler.handleStep  150 - Executing step: [writeMcgcmsSort005SortOutput]
23:19:54.360 [main] INFO  c.c.a.t.McgcmsSort005OutputWriter.afterStep  129 - STEPNAME: MCGCMSSORT005 Execution completed, number of RECORDS - IN: 10000,  OUT: 10000
23:19:54.362 [main] INFO  o.s.batch.core.step.AbstractStep.execute  295 - Step: [writeMcgcmsSort005SortOutput] executed in 230ms
23:19:54.369 [main] INFO  o.s.batch.core.job.SimpleStepHandler.handleStep  150 - Executing step: [sort006Decider]
23:19:54.386 [main] INFO  o.s.batch.core.step.AbstractStep.execute  295 - Step: [sort006Decider] executed in 16ms
23:19:54.396 [main] INFO  o.s.batch.core.job.SimpleStepHandler.handleStep  150 - Executing step: [readMcgcmsSort006SortInput]
23:19:54.449 [main] INFO  o.s.batch.core.step.AbstractStep.execute  295 - Step: [readMcgcmsSort006SortInput] executed in 52ms
23:19:54.457 [main] INFO  o.s.batch.core.job.SimpleStepHandler.handleStep  150 - Executing step: [sortMcgcmsSort006Process]
23:19:54.494 [main] INFO  o.s.batch.core.step.AbstractStep.execute  295 - Step: [sortMcgcmsSort006Process] executed in 35ms
23:19:54.504 [main] INFO  o.s.batch.core.job.SimpleStepHandler.handleStep  150 - Executing step: [writeMcgcmsSort006SortOutput]
23:19:55.436 [main] INFO  c.c.a.t.McgcmsSort006OutputWriter.afterStep  129 - STEPNAME: MCGCMSSORT006 Execution completed, number of RECORDS - IN: 10000,  OUT: 10000
23:19:55.437 [main] INFO  c.c.a.t.McgcmsSort006OutputWriter.afterStep  131 - STEPNAME: MCGCMSSORT006 Execution completed, number of RECORDS - IN: 10000,  OUT: 9733
23:19:55.439 [main] INFO  o.s.batch.core.step.AbstractStep.execute  295 - Step: [writeMcgcmsSort006SortOutput] executed in 934ms
23:19:55.446 [main] INFO  o.s.batch.core.job.SimpleStepHandler.handleStep  150 - Executing step: [sort007Decider]
23:19:55.461 [main] INFO  o.s.batch.core.step.AbstractStep.execute  295 - Step: [sort007Decider] executed in 14ms
23:19:55.472 [main] INFO  o.s.batch.core.job.SimpleStepHandler.handleStep  150 - Executing step: [readMcgcmsSort007SortInput]
23:19:55.534 [main] INFO  o.s.batch.core.step.AbstractStep.execute  295 - Step: [readMcgcmsSort007SortInput] executed in 61ms
23:19:55.541 [main] INFO  o.s.batch.core.job.SimpleStepHandler.handleStep  150 - Executing step: [sortMcgcmsSort007Process]
23:19:55.565 [main] INFO  o.s.batch.core.step.AbstractStep.execute  295 - Step: [sortMcgcmsSort007Process] executed in 23ms
23:19:55.573 [main] INFO  o.s.batch.core.job.SimpleStepHandler.handleStep  150 - Executing step: [writeMcgcmsSort007SortOutput]
23:19:55.649 [main] INFO  c.c.a.t.McgcmsSort007OutputWriter.afterStep  135 - STEPNAME: MCGCMSSORT007 Execution completed, number of RECORDS - IN: 10000,  OUT: 10
23:19:55.651 [main] INFO  o.s.batch.core.step.AbstractStep.execute  295 - Step: [writeMcgcmsSort007SortOutput] executed in 77ms
23:19:55.658 [main] INFO  o.s.batch.core.job.SimpleStepHandler.handleStep  150 - Executing step: [sort008Decider]
23:19:55.674 [main] INFO  o.s.batch.core.step.AbstractStep.execute  295 - Step: [sort008Decider] executed in 14ms
23:19:55.685 [main] INFO  o.s.batch.core.job.SimpleStepHandler.handleStep  150 - Executing step: [readMcgcmsSort008SortInput]
23:19:56.085 [main] INFO  c.c.app.sort.SpringAsyncConfig.threadPoolTaskExecutor   73 - Thread pool created based on usableMemory 19073569028 requiredByteForEachThread 40000000 with core pool size 20 max pool size 40
23:19:56.266 [main] INFO  c.c.a.s.s.d.SortStrategyDeciderImpl.decideSortStrategy  117 - Calculated details for strategy decider fileSize 102000 noOfRecords 1000 fileSizeWithOverHead 124000 keysSizeInBytes 30000 fileSizeWithKeysAndRecords124000
23:19:56.472 [main] INFO  c.c.a.s.s.d.SortStrategyDeciderImpl.getStrategy  221 - Strategy to be adopted is IN_MEMORY_KEY
23:19:56.472 [main] INFO  c.c.a.s.s.d.SortStrategyDeciderImpl.decideSortStrategy  150 - APPLYING INMEMORY KEY SORT STRATEGY
23:19:56.654 [main] INFO  c.c.a.s.s.d.SortStrategyDeciderImpl.decideSortStrategy  117 - Calculated details for strategy decider fileSize 95000 noOfRecords 1000 fileSizeWithOverHead 117000 keysSizeInBytes 30000 fileSizeWithKeysAndRecords117000
23:19:56.823 [main] INFO  c.c.a.s.s.d.SortStrategyDeciderImpl.getStrategy  221 - Strategy to be adopted is IN_MEMORY_KEY
23:19:56.824 [main] INFO  c.c.a.s.s.d.SortStrategyDeciderImpl.decideSortStrategy  150 - APPLYING INMEMORY KEY SORT STRATEGY
23:19:56.830 [main] INFO  o.s.batch.core.step.AbstractStep.execute  295 - Step: [readMcgcmsSort008SortInput] executed in 1s144ms
23:19:56.837 [main] INFO  o.s.batch.core.job.SimpleStepHandler.handleStep  150 - Executing step: [reformatMcgcmsSort008Joinkeys]
23:19:56.887 [main] INFO  c.c.a.t.McgcmsSort008JoinkeyFormatter.afterStep  166 - STEPNAME: MCGCMSSORT008 Joinkey Formatter execution completed, number of RECORDS - IN: 1087,  OUT: 1087
23:19:56.889 [main] INFO  o.s.batch.core.step.AbstractStep.execute  295 - Step: [reformatMcgcmsSort008Joinkeys] executed in 51ms
23:19:56.897 [main] INFO  o.s.batch.core.job.SimpleStepHandler.handleStep  150 - Executing step: [sortMcgcmsSort008Process]
23:19:56.907 [main] INFO  o.s.batch.core.step.AbstractStep.execute  295 - Step: [sortMcgcmsSort008Process] executed in 9ms
23:19:56.913 [main] INFO  o.s.batch.core.job.SimpleStepHandler.handleStep  150 - Executing step: [writeMcgcmsSort008SortOutput]
23:19:56.937 [main] INFO  c.c.a.t.McgcmsSort008OutputWriter.afterStep  119 - STEPNAME: MCGCMSSORT008 Execution completed, number of RECORDS - IN: 1087,  OUT: 913
23:19:56.939 [main] INFO  o.s.batch.core.step.AbstractStep.execute  295 - Step: [writeMcgcmsSort008SortOutput] executed in 24ms
23:19:56.944 [main] INFO  o.s.batch.core.job.SimpleStepHandler.handleStep  150 - Executing step: [sort009Decider]
23:19:56.964 [main] INFO  o.s.batch.core.step.AbstractStep.execute  295 - Step: [sort009Decider] executed in 19ms
23:19:56.972 [main] INFO  o.s.batch.core.job.SimpleStepHandler.handleStep  150 - Executing step: [readMcgcmsSort009SortInput]
23:19:57.140 [main] INFO  c.c.a.s.s.d.SortStrategyDeciderImpl.decideSortStrategy  117 - Calculated details for strategy decider fileSize 102000 noOfRecords 1000 fileSizeWithOverHead 124000 keysSizeInBytes 30000 fileSizeWithKeysAndRecords124000
23:19:57.266 [main] INFO  c.c.a.s.s.d.SortStrategyDeciderImpl.getStrategy  221 - Strategy to be adopted is IN_MEMORY_KEY
23:19:57.266 [main] INFO  c.c.a.s.s.d.SortStrategyDeciderImpl.decideSortStrategy  150 - APPLYING INMEMORY KEY SORT STRATEGY
23:19:57.412 [main] INFO  c.c.a.s.s.d.SortStrategyDeciderImpl.decideSortStrategy  117 - Calculated details for strategy decider fileSize 95000 noOfRecords 1000 fileSizeWithOverHead 117000 keysSizeInBytes 30000 fileSizeWithKeysAndRecords117000
23:19:57.536 [main] INFO  c.c.a.s.s.d.SortStrategyDeciderImpl.getStrategy  221 - Strategy to be adopted is IN_MEMORY_KEY
23:19:57.537 [main] INFO  c.c.a.s.s.d.SortStrategyDeciderImpl.decideSortStrategy  150 - APPLYING INMEMORY KEY SORT STRATEGY
23:19:57.543 [main] INFO  o.s.batch.core.step.AbstractStep.execute  295 - Step: [readMcgcmsSort009SortInput] executed in 569ms
23:19:57.548 [main] INFO  o.s.batch.core.job.SimpleStepHandler.handleStep  150 - Executing step: [reformatMcgcmsSort009Joinkeys]
23:19:57.584 [main] INFO  c.c.a.t.McgcmsSort009JoinkeyFormatter.afterStep  166 - STEPNAME: MCGCMSSORT009 Joinkey Formatter execution completed, number of RECORDS - IN: 1087,  OUT: 1087
23:19:57.586 [main] INFO  o.s.batch.core.step.AbstractStep.execute  295 - Step: [reformatMcgcmsSort009Joinkeys] executed in 37ms
23:19:57.594 [main] INFO  o.s.batch.core.job.SimpleStepHandler.handleStep  150 - Executing step: [sortMcgcmsSort009Process]
23:19:57.607 [main] INFO  o.s.batch.core.step.AbstractStep.execute  295 - Step: [sortMcgcmsSort009Process] executed in 11ms
23:19:57.613 [main] INFO  o.s.batch.core.job.SimpleStepHandler.handleStep  150 - Executing step: [writeMcgcmsSort009SortOutput]
23:19:57.630 [main] INFO  c.c.a.t.McgcmsSort009OutputWriter.afterStep  117 - STEPNAME: MCGCMSSORT009 Execution completed, number of RECORDS - IN: 1087,  OUT: 1087
23:19:57.640 [main] INFO  o.s.batch.core.step.AbstractStep.execute  295 - Step: [writeMcgcmsSort009SortOutput] executed in 26ms
23:19:57.645 [main] INFO  o.s.batch.core.job.SimpleStepHandler.handleStep  150 - Executing step: [sort010Decider]
23:19:57.657 [main] INFO  o.s.batch.core.step.AbstractStep.execute  295 - Step: [sort010Decider] executed in 11ms
23:19:57.663 [main] INFO  o.s.batch.core.job.SimpleStepHandler.handleStep  150 - Executing step: [readMcgcmsSort010SortInput]
23:19:57.698 [main] INFO  o.s.batch.core.step.AbstractStep.execute  295 - Step: [readMcgcmsSort010SortInput] executed in 34ms
23:19:57.703 [main] INFO  o.s.batch.core.job.SimpleStepHandler.handleStep  150 - Executing step: [sortMcgcmsSort010Process]
23:19:57.728 [main] INFO  o.s.batch.core.step.AbstractStep.execute  295 - Step: [sortMcgcmsSort010Process] executed in 23ms
23:19:57.733 [main] INFO  o.s.batch.core.job.SimpleStepHandler.handleStep  150 - Executing step: [writeMcgcmsSort010SortOutput]
23:19:57.800 [main] INFO  c.c.a.t.McgcmsSort010OutputWriter.afterStep  223 - STEPNAME: MCGCMSSORT010 Execution completed, number of RECORDS - IN: 10000,  OUT: 4950
23:19:57.807 [main] INFO  c.c.a.t.McgcmsSort010OutputWriter.afterStep  225 - STEPNAME: MCGCMSSORT010 Execution completed, number of RECORDS - IN: 10000,  OUT: 5050
23:19:57.814 [main] INFO  o.s.batch.core.step.AbstractStep.execute  295 - Step: [writeMcgcmsSort010SortOutput] executed in 80ms
23:19:57.820 [main] INFO  o.s.batch.core.job.SimpleStepHandler.handleStep  150 - Executing step: [sort011Decider]
23:19:57.850 [main] INFO  o.s.batch.core.step.AbstractStep.execute  295 - Step: [sort011Decider] executed in 29ms
23:19:57.856 [main] INFO  o.s.batch.core.job.SimpleStepHandler.handleStep  150 - Executing step: [readMcgcmsSort011SortInput]
23:19:57.894 [main] INFO  o.s.batch.core.step.AbstractStep.execute  295 - Step: [readMcgcmsSort011SortInput] executed in 36ms
23:19:57.899 [main] INFO  o.s.batch.core.job.SimpleStepHandler.handleStep  150 - Executing step: [sortMcgcmsSort011Process]
23:19:57.905 [main] INFO  o.s.batch.core.step.AbstractStep.execute  295 - Step: [sortMcgcmsSort011Process] executed in 6ms
23:19:57.910 [main] INFO  o.s.batch.core.job.SimpleStepHandler.handleStep  150 - Executing step: [writeMcgcmsSort011SortOutput]
23:19:58.160 [main] INFO  c.c.a.t.McgcmsSort011OutputWriter.afterStep  375 - STEPNAME: MCGCMSSORT011 Execution completed, number of RECORDS - IN: 10000,  OUT: 1408
23:19:58.187 [main] INFO  c.c.a.t.McgcmsSort011OutputWriter.afterStep  377 - STEPNAME: MCGCMSSORT011 Execution completed, number of RECORDS - IN: 10000,  OUT: 1455
23:19:58.188 [main] INFO  c.c.a.t.McgcmsSort011OutputWriter.afterStep  379 - STEPNAME: MCGCMSSORT011 Execution completed, number of RECORDS - IN: 10000,  OUT: 1396
23:19:58.230 [main] INFO  c.c.a.t.McgcmsSort011OutputWriter.afterStep  381 - STEPNAME: MCGCMSSORT011 Execution completed, number of RECORDS - IN: 10000,  OUT: 1441
23:19:58.238 [main] INFO  c.c.a.t.McgcmsSort011OutputWriter.afterStep  383 - STEPNAME: MCGCMSSORT011 Execution completed, number of RECORDS - IN: 10000,  OUT: 1442
23:19:58.240 [main] INFO  c.c.a.t.McgcmsSort011OutputWriter.afterStep  385 - STEPNAME: MCGCMSSORT011 Execution completed, number of RECORDS - IN: 10000,  OUT: 1441
23:19:58.244 [main] INFO  c.c.a.t.McgcmsSort011OutputWriter.afterStep  387 - STEPNAME: MCGCMSSORT011 Execution completed, number of RECORDS - IN: 10000,  OUT: 1417
23:19:58.246 [main] INFO  o.s.batch.core.step.AbstractStep.execute  295 - Step: [writeMcgcmsSort011SortOutput] executed in 334ms
23:19:58.251 [main] INFO  o.s.batch.core.job.SimpleStepHandler.handleStep  150 - Executing step: [sort012Decider]
23:19:58.268 [main] INFO  o.s.batch.core.step.AbstractStep.execute  295 - Step: [sort012Decider] executed in 15ms
23:19:58.274 [main] INFO  o.s.batch.core.job.SimpleStepHandler.handleStep  150 - Executing step: [readMcgcmsSort012SortInput]
23:19:58.425 [main] INFO  c.c.a.s.s.d.SortStrategyDeciderImpl.decideSortStrategy  117 - Calculated details for strategy decider fileSize 180000 noOfRecords 1000 fileSizeWithOverHead 190000 keysSizeInBytes 18000 fileSizeWithKeysAndRecords190000
23:19:58.575 [main] INFO  c.c.a.s.s.d.SortStrategyDeciderImpl.getStrategy  221 - Strategy to be adopted is IN_MEMORY_KEY
23:19:58.575 [main] INFO  c.c.a.s.s.d.SortStrategyDeciderImpl.decideSortStrategy  150 - APPLYING INMEMORY KEY SORT STRATEGY
23:19:58.718 [main] INFO  c.c.a.s.s.d.SortStrategyDeciderImpl.decideSortStrategy  117 - Calculated details for strategy decider fileSize 180000 noOfRecords 1000 fileSizeWithOverHead 190000 keysSizeInBytes 18000 fileSizeWithKeysAndRecords190000
23:19:58.891 [main] INFO  c.c.a.s.s.d.SortStrategyDeciderImpl.getStrategy  221 - Strategy to be adopted is IN_MEMORY_KEY
23:19:58.892 [main] INFO  c.c.a.s.s.d.SortStrategyDeciderImpl.decideSortStrategy  150 - APPLYING INMEMORY KEY SORT STRATEGY
23:19:58.896 [main] INFO  o.s.batch.core.step.AbstractStep.execute  295 - Step: [readMcgcmsSort012SortInput] executed in 621ms
23:19:58.903 [main] INFO  o.s.batch.core.job.SimpleStepHandler.handleStep  150 - Executing step: [reformatMcgcmsSort012Joinkeys]
23:19:58.934 [main] INFO  c.c.a.t.McgcmsSort012JoinkeyFormatter.afterStep  176 - STEPNAME: MCGCMSSORT012 Joinkey Formatter execution completed, number of RECORDS - IN: 1111,  OUT: 1111
23:19:58.936 [main] INFO  o.s.batch.core.step.AbstractStep.execute  295 - Step: [reformatMcgcmsSort012Joinkeys] executed in 32ms
23:19:58.945 [main] INFO  o.s.batch.core.job.SimpleStepHandler.handleStep  150 - Executing step: [sortMcgcmsSort012Process]
23:19:58.956 [main] INFO  o.s.batch.core.step.AbstractStep.execute  295 - Step: [sortMcgcmsSort012Process] executed in 10ms
23:19:58.963 [main] INFO  o.s.batch.core.job.SimpleStepHandler.handleStep  150 - Executing step: [writeMcgcmsSort012SortOutput]
23:19:58.991 [main] INFO  c.c.a.t.McgcmsSort012OutputWriter.afterStep  120 - STEPNAME: MCGCMSSORT012 Execution completed, number of RECORDS - IN: 1111,  OUT: 1111
23:19:58.992 [main] INFO  c.c.a.t.McgcmsSort012OutputWriter.afterStep  122 - STEPNAME: MCGCMSSORT012 Execution completed, number of RECORDS - IN: 1111,  OUT: 0
23:19:58.994 [main] INFO  o.s.batch.core.step.AbstractStep.execute  295 - Step: [writeMcgcmsSort012SortOutput] executed in 30ms
23:19:59.000 [main] INFO  o.s.batch.core.job.SimpleStepHandler.handleStep  150 - Executing step: [sort013Decider]
23:19:59.018 [main] INFO  o.s.batch.core.step.AbstractStep.execute  295 - Step: [sort013Decider] executed in 17ms
23:19:59.025 [main] INFO  o.s.batch.core.job.SimpleStepHandler.handleStep  150 - Executing step: [readMcgcmsSort013SortInput]
23:19:59.189 [main] INFO  c.c.a.s.s.d.SortStrategyDeciderImpl.decideSortStrategy  117 - Calculated details for strategy decider fileSize 180000 noOfRecords 1000 fileSizeWithOverHead 190000 keysSizeInBytes 18000 fileSizeWithKeysAndRecords190000
23:19:59.366 [main] INFO  c.c.a.s.s.d.SortStrategyDeciderImpl.getStrategy  221 - Strategy to be adopted is IN_MEMORY_KEY
23:19:59.367 [main] INFO  c.c.a.s.s.d.SortStrategyDeciderImpl.decideSortStrategy  150 - APPLYING INMEMORY KEY SORT STRATEGY
23:19:59.556 [main] INFO  c.c.a.s.s.d.SortStrategyDeciderImpl.decideSortStrategy  117 - Calculated details for strategy decider fileSize 180000 noOfRecords 1000 fileSizeWithOverHead 190000 keysSizeInBytes 18000 fileSizeWithKeysAndRecords190000
23:19:59.751 [main] INFO  c.c.a.s.s.d.SortStrategyDeciderImpl.getStrategy  221 - Strategy to be adopted is IN_MEMORY_KEY
23:19:59.752 [main] INFO  c.c.a.s.s.d.SortStrategyDeciderImpl.decideSortStrategy  150 - APPLYING INMEMORY KEY SORT STRATEGY
23:19:59.760 [main] INFO  o.s.batch.core.step.AbstractStep.execute  295 - Step: [readMcgcmsSort013SortInput] executed in 734ms
23:19:59.771 [main] INFO  o.s.batch.core.job.SimpleStepHandler.handleStep  150 - Executing step: [reformatMcgcmsSort013Joinkeys]
23:19:59.818 [main] INFO  c.c.a.t.McgcmsSort013JoinkeyFormatter.afterStep  176 - STEPNAME: MCGCMSSORT013 Joinkey Formatter execution completed, number of RECORDS - IN: 1083,  OUT: 1083
23:19:59.820 [main] INFO  o.s.batch.core.step.AbstractStep.execute  295 - Step: [reformatMcgcmsSort013Joinkeys] executed in 48ms
23:19:59.828 [main] INFO  o.s.batch.core.job.SimpleStepHandler.handleStep  150 - Executing step: [sortMcgcmsSort013Process]
23:19:59.842 [main] INFO  o.s.batch.core.step.AbstractStep.execute  295 - Step: [sortMcgcmsSort013Process] executed in 12ms
23:19:59.851 [main] INFO  o.s.batch.core.job.SimpleStepHandler.handleStep  150 - Executing step: [writeMcgcmsSort013SortOutput]
23:19:59.882 [main] INFO  c.c.a.t.McgcmsSort013OutputWriter.afterStep  120 - STEPNAME: MCGCMSSORT013 Execution completed, number of RECORDS - IN: 1083,  OUT: 1083
23:19:59.883 [main] INFO  c.c.a.t.McgcmsSort013OutputWriter.afterStep  122 - STEPNAME: MCGCMSSORT013 Execution completed, number of RECORDS - IN: 1083,  OUT: 166
23:19:59.885 [main] INFO  o.s.batch.core.step.AbstractStep.execute  295 - Step: [writeMcgcmsSort013SortOutput] executed in 33ms
23:19:59.892 [main] INFO  o.s.batch.core.job.SimpleStepHandler.handleStep  150 - Executing step: [sort014Decider]
23:19:59.921 [main] INFO  o.s.batch.core.step.AbstractStep.execute  295 - Step: [sort014Decider] executed in 28ms
23:19:59.931 [main] INFO  o.s.batch.core.job.SimpleStepHandler.handleStep  150 - Executing step: [readMcgcmsSort014SortInput]
23:20:00.245 [main] INFO  c.c.a.s.s.d.SortStrategyDeciderImpl.decideSortStrategy  117 - Calculated details for strategy decider fileSize 43000 noOfRecords 1000 fileSizeWithOverHead 70000 keysSizeInBytes 35000 fileSizeWithKeysAndRecords70000
23:20:00.575 [main] INFO  c.c.a.s.s.d.SortStrategyDeciderImpl.getStrategy  221 - Strategy to be adopted is IN_MEMORY_KEY
23:20:00.576 [main] INFO  c.c.a.s.s.d.SortStrategyDeciderImpl.decideSortStrategy  150 - APPLYING INMEMORY KEY SORT STRATEGY
23:20:01.063 [main] INFO  c.c.a.s.s.d.SortStrategyDeciderImpl.decideSortStrategy  117 - Calculated details for strategy decider fileSize 43000 noOfRecords 1000 fileSizeWithOverHead 70000 keysSizeInBytes 35000 fileSizeWithKeysAndRecords70000
23:20:01.474 [main] INFO  c.c.a.s.s.d.SortStrategyDeciderImpl.getStrategy  221 - Strategy to be adopted is IN_MEMORY_KEY
23:20:01.475 [main] INFO  c.c.a.s.s.d.SortStrategyDeciderImpl.decideSortStrategy  150 - APPLYING INMEMORY KEY SORT STRATEGY
23:20:01.484 [main] INFO  o.s.batch.core.step.AbstractStep.execute  295 - Step: [readMcgcmsSort014SortInput] executed in 1s552ms
23:20:01.495 [main] INFO  o.s.batch.core.job.SimpleStepHandler.handleStep  150 - Executing step: [reformatMcgcmsSort014Joinkeys]
23:20:01.569 [main] INFO  c.c.a.t.McgcmsSort014JoinkeyFormatter.afterStep  179 - STEPNAME: MCGCMSSORT014 Joinkey Formatter execution completed, number of RECORDS - IN: 1662,  OUT: 1662
23:20:01.571 [main] INFO  o.s.batch.core.step.AbstractStep.execute  295 - Step: [reformatMcgcmsSort014Joinkeys] executed in 74ms
23:20:01.583 [main] INFO  o.s.batch.core.job.SimpleStepHandler.handleStep  150 - Executing step: [sortMcgcmsSort014Process]
23:20:01.603 [main] INFO  o.s.batch.core.step.AbstractStep.execute  295 - Step: [sortMcgcmsSort014Process] executed in 18ms
23:20:01.613 [main] INFO  o.s.batch.core.job.SimpleStepHandler.handleStep  150 - Executing step: [writeMcgcmsSort014SortOutput]
23:20:01.668 [main] INFO  c.c.a.t.McgcmsSort014OutputWriter.afterStep  170 - STEPNAME: MCGCMSSORT014 Execution completed, number of RECORDS - IN: 1662,  OUT: 662
23:20:01.669 [main] INFO  c.c.a.t.McgcmsSort014OutputWriter.afterStep  172 - STEPNAME: MCGCMSSORT014 Execution completed, number of RECORDS - IN: 1662,  OUT: 662
23:20:01.671 [main] INFO  c.c.a.t.McgcmsSort014OutputWriter.afterStep  174 - STEPNAME: MCGCMSSORT014 Execution completed, number of RECORDS - IN: 1662,  OUT: 338
23:20:01.674 [main] INFO  o.s.batch.core.step.AbstractStep.execute  295 - Step: [writeMcgcmsSort014SortOutput] executed in 59ms
23:20:01.683 [main] INFO  o.s.batch.core.job.SimpleStepHandler.handleStep  150 - Executing step: [sort015Decider]
23:20:01.712 [main] INFO  o.s.batch.core.step.AbstractStep.execute  295 - Step: [sort015Decider] executed in 27ms
23:20:01.722 [main] INFO  o.s.batch.core.job.SimpleStepHandler.handleStep  150 - Executing step: [readMcgcmsSort015SortInput]
23:20:01.898 [main] INFO  o.s.batch.core.step.AbstractStep.execute  295 - Step: [readMcgcmsSort015SortInput] executed in 174ms
23:20:01.914 [main] INFO  o.s.batch.core.job.SimpleStepHandler.handleStep  150 - Executing step: [sortMcgcmsSort015Process]
23:20:01.955 [main] INFO  o.s.batch.core.step.AbstractStep.execute  295 - Step: [sortMcgcmsSort015Process] executed in 40ms
23:20:01.971 [main] INFO  o.s.batch.core.job.SimpleStepHandler.handleStep  150 - Executing step: [writeMcgcmsSort015SortOutput]
23:20:02.022 [main] INFO  c.c.a.t.McgcmsSort015OutputWriter.afterStep  140 - STEPNAME: MCGCMSSORT015 Execution completed, number of RECORDS - IN: 3973,  OUT: 2
23:20:02.024 [main] INFO  c.c.a.t.McgcmsSort015OutputWriter.afterStep  142 - STEPNAME: MCGCMSSORT015 Execution completed, number of RECORDS - IN: 3973,  OUT: 50
23:20:02.026 [main] INFO  o.s.batch.core.step.AbstractStep.execute  295 - Step: [writeMcgcmsSort015SortOutput] executed in 54ms
23:20:02.037 [main] INFO  o.s.batch.core.job.SimpleStepHandler.handleStep  150 - Executing step: [sort016Decider]
23:20:02.070 [main] INFO  o.s.batch.core.step.AbstractStep.execute  295 - Step: [sort016Decider] executed in 32ms
23:20:02.082 [main] INFO  o.s.batch.core.job.SimpleStepHandler.handleStep  150 - Executing step: [readMcgcmsSort016SortInput]
23:20:02.482 [main] INFO  c.c.a.s.s.d.SortStrategyDeciderImpl.decideSortStrategy  117 - Calculated details for strategy decider fileSize 109208 noOfRecords 803 fileSizeWithOverHead 118041 keysSizeInBytes 15257 fileSizeWithKeysAndRecords118041
23:20:02.809 [main] INFO  c.c.a.s.s.d.SortStrategyDeciderImpl.getStrategy  221 - Strategy to be adopted is IN_MEMORY_KEY
23:20:02.810 [main] INFO  c.c.a.s.s.d.SortStrategyDeciderImpl.decideSortStrategy  150 - APPLYING INMEMORY KEY SORT STRATEGY
23:20:03.086 [main] INFO  c.c.a.s.s.d.SortStrategyDeciderImpl.decideSortStrategy  117 - Calculated details for strategy decider fileSize 144080 noOfRecords 1801 fileSizeWithOverHead 163891 keysSizeInBytes 34219 fileSizeWithKeysAndRecords163891
23:20:03.327 [main] INFO  c.c.a.s.s.d.SortStrategyDeciderImpl.getStrategy  221 - Strategy to be adopted is IN_MEMORY_KEY
23:20:03.328 [main] INFO  c.c.a.s.s.d.SortStrategyDeciderImpl.decideSortStrategy  150 - APPLYING INMEMORY KEY SORT STRATEGY
23:20:03.349 [main] INFO  o.s.batch.core.step.AbstractStep.execute  295 - Step: [readMcgcmsSort016SortInput] executed in 1s266ms
23:20:03.362 [main] INFO  o.s.batch.core.job.SimpleStepHandler.handleStep  150 - Executing step: [reformatMcgcmsSort016Joinkeys]
23:20:03.581 [main] INFO  c.c.a.t.McgcmsSort016JoinkeyFormatter.afterStep  140 - STEPNAME: MCGCMSSORT016 Joinkey Formatter execution completed, number of RECORDS - IN: 1443,  OUT: 1443
23:20:03.583 [main] INFO  o.s.batch.core.step.AbstractStep.execute  295 - Step: [reformatMcgcmsSort016Joinkeys] executed in 219ms
23:20:03.594 [main] INFO  o.s.batch.core.job.SimpleStepHandler.handleStep  150 - Executing step: [sortMcgcmsSort016Process]
23:20:03.615 [main] INFO  o.s.batch.core.step.AbstractStep.execute  295 - Step: [sortMcgcmsSort016Process] executed in 20ms
23:20:03.624 [main] INFO  o.s.batch.core.job.SimpleStepHandler.handleStep  150 - Executing step: [writeMcgcmsSort016SortOutput]
23:20:04.399 [main] INFO  c.c.a.t.McgcmsSort016OutputWriter.afterStep  451 - STEPNAME: MCGCMSSORT016 Execution completed, number of RECORDS - IN: 1443,  OUT: 1443
23:20:04.414 [main] INFO  c.c.a.t.McgcmsSort016OutputWriter.afterStep  453 - STEPNAME: MCGCMSSORT016 Execution completed, number of RECORDS - IN: 1443,  OUT: 1443
23:20:04.421 [main] INFO  o.s.batch.core.step.AbstractStep.execute  295 - Step: [writeMcgcmsSort016SortOutput] executed in 796ms
23:20:04.432 [main] INFO  o.s.batch.core.job.SimpleStepHandler.handleStep  150 - Executing step: [sort017Decider]
23:20:04.452 [main] INFO  o.s.batch.core.step.AbstractStep.execute  295 - Step: [sort017Decider] executed in 19ms
23:20:04.461 [main] INFO  o.s.batch.core.job.SimpleStepHandler.handleStep  150 - Executing step: [readMcgcmsSort017SortInput]
23:20:04.543 [main] INFO  o.s.batch.core.step.AbstractStep.execute  295 - Step: [readMcgcmsSort017SortInput] executed in 81ms
23:20:04.557 [main] INFO  o.s.batch.core.job.SimpleStepHandler.handleStep  150 - Executing step: [sortMcgcmsSort017Process]
23:20:04.581 [main] INFO  o.s.batch.core.step.AbstractStep.execute  295 - Step: [sortMcgcmsSort017Process] executed in 22ms
23:20:04.592 [main] INFO  o.s.batch.core.job.SimpleStepHandler.handleStep  150 - Executing step: [writeMcgcmsSort017SortOutput]
23:20:04.638 [main] INFO  c.c.a.t.McgcmsSort017OutputWriter.afterStep   98 - STEPNAME: MCGCMSSORT017 Execution completed, number of RECORDS - IN: 2000,  OUT: 1
23:20:04.641 [main] INFO  o.s.batch.core.step.AbstractStep.execute  295 - Step: [writeMcgcmsSort017SortOutput] executed in 47ms
23:20:04.650 [main] INFO  o.s.batch.core.job.SimpleStepHandler.handleStep  150 - Executing step: [sort018Decider]
23:20:04.672 [main] INFO  o.s.batch.core.step.AbstractStep.execute  295 - Step: [sort018Decider] executed in 20ms
23:20:04.684 [main] INFO  o.s.batch.core.job.SimpleStepHandler.handleStep  150 - Executing step: [readMcgcmsSort018SortInput]
23:20:04.755 [main] INFO  o.s.batch.core.step.AbstractStep.execute  295 - Step: [readMcgcmsSort018SortInput] executed in 70ms
23:20:04.767 [main] INFO  o.s.batch.core.job.SimpleStepHandler.handleStep  150 - Executing step: [sortMcgcmsSort018Process]
23:20:04.814 [main] INFO  o.s.batch.core.step.AbstractStep.execute  295 - Step: [sortMcgcmsSort018Process] executed in 45ms
23:20:04.824 [main] INFO  o.s.batch.core.job.SimpleStepHandler.handleStep  150 - Executing step: [writeMcgcmsSort018SortOutput]
23:20:04.986 [main] INFO  c.c.a.t.McgcmsSort018OutputWriter.afterStep   89 - STEPNAME: MCGCMSSORT018 Execution completed, number of RECORDS - IN: 3514,  OUT: 548
23:20:04.989 [main] INFO  o.s.batch.core.step.AbstractStep.execute  295 - Step: [writeMcgcmsSort018SortOutput] executed in 163ms
23:20:04.998 [main] INFO  o.s.batch.core.job.SimpleStepHandler.handleStep  150 - Executing step: [sort019Decider]
23:20:05.028 [main] INFO  o.s.batch.core.step.AbstractStep.execute  295 - Step: [sort019Decider] executed in 28ms
23:20:05.037 [main] INFO  o.s.batch.core.job.SimpleStepHandler.handleStep  150 - Executing step: [readMcgcmsSort019SortInput]
23:20:05.075 [main] INFO  o.s.batch.core.step.AbstractStep.execute  295 - Step: [readMcgcmsSort019SortInput] executed in 37ms
23:20:05.085 [main] INFO  o.s.batch.core.job.SimpleStepHandler.handleStep  150 - Executing step: [sortMcgcmsSort019Process]
23:20:05.111 [main] INFO  o.s.batch.core.step.AbstractStep.execute  295 - Step: [sortMcgcmsSort019Process] executed in 25ms
23:20:05.121 [main] INFO  o.s.batch.core.job.SimpleStepHandler.handleStep  150 - Executing step: [writeMcgcmsSort019SortOutput]
23:20:05.176 [main] INFO  c.c.a.t.McgcmsSort019OutputWriter.afterStep  106 - STEPNAME: MCGCMSSORT019 Execution completed, number of RECORDS - IN: 1203,  OUT: 582
23:20:05.179 [main] INFO  o.s.batch.core.step.AbstractStep.execute  295 - Step: [writeMcgcmsSort019SortOutput] executed in 56ms
23:20:05.188 [main] INFO  o.s.batch.core.job.SimpleStepHandler.handleStep  150 - Executing step: [sort020Decider]
23:20:05.209 [main] INFO  o.s.batch.core.step.AbstractStep.execute  295 - Step: [sort020Decider] executed in 19ms
23:20:05.220 [main] INFO  o.s.batch.core.job.SimpleStepHandler.handleStep  150 - Executing step: [readMcgcmsSort020SortInput]
23:20:05.947 [main] INFO  o.s.batch.core.step.AbstractStep.execute  295 - Step: [readMcgcmsSort020SortInput] executed in 726ms
23:20:05.958 [main] INFO  o.s.batch.core.job.SimpleStepHandler.handleStep  150 - Executing step: [sortMcgcmsSort020Process]
23:20:06.639 [main] INFO  o.s.batch.core.step.AbstractStep.execute  295 - Step: [sortMcgcmsSort020Process] executed in 679ms
23:20:06.651 [main] INFO  o.s.batch.core.job.SimpleStepHandler.handleStep  150 - Executing step: [writeMcgcmsSort020SortOutput]
23:20:12.647 [main] INFO  c.c.a.t.McgcmsSort020OutputWriter.afterStep   89 - STEPNAME: MCGCMSSORT020 Execution completed, number of RECORDS - IN: 98625,  OUT: 3311
23:20:12.649 [main] INFO  o.s.batch.core.step.AbstractStep.execute  295 - Step: [writeMcgcmsSort020SortOutput] executed in 5s996ms
23:20:12.652 [main] INFO  o.s.batch.core.job.SimpleStepHandler.handleStep  150 - Executing step: [sort021Decider]
23:20:12.660 [main] INFO  o.s.batch.core.step.AbstractStep.execute  295 - Step: [sort021Decider] executed in 7ms
23:20:12.663 [main] INFO  o.s.batch.core.job.SimpleStepHandler.handleStep  150 - Executing step: [readMcgcmsSort021SortInput]
23:20:12.673 [main] INFO  o.s.batch.core.step.AbstractStep.execute  295 - Step: [readMcgcmsSort021SortInput] executed in 9ms
23:20:12.676 [main] INFO  o.s.batch.core.job.SimpleStepHandler.handleStep  150 - Executing step: [sortMcgcmsSort021Process]
23:20:12.683 [main] INFO  o.s.batch.core.step.AbstractStep.execute  295 - Step: [sortMcgcmsSort021Process] executed in 6ms
23:20:12.686 [main] INFO  o.s.batch.core.job.SimpleStepHandler.handleStep  150 - Executing step: [writeMcgcmsSort021SortOutput]
23:20:12.693 [main] INFO  c.c.a.t.McgcmsSort021OutputWriter.afterStep   99 - STEPNAME: MCGCMSSORT021 Execution completed, number of RECORDS - IN: 24,  OUT: 6
23:20:12.694 [main] INFO  o.s.batch.core.step.AbstractStep.execute  295 - Step: [writeMcgcmsSort021SortOutput] executed in 7ms
23:20:12.697 [main] INFO  o.s.batch.core.job.SimpleStepHandler.handleStep  150 - Executing step: [sort021_2Decider]
23:20:12.705 [main] INFO  o.s.batch.core.step.AbstractStep.execute  295 - Step: [sort021_2Decider] executed in 7ms
23:20:12.709 [main] INFO  o.s.batch.core.job.SimpleStepHandler.handleStep  150 - Executing step: [readMcgcmsSort021_2SortInput]
23:20:12.718 [main] INFO  o.s.batch.core.step.AbstractStep.execute  295 - Step: [readMcgcmsSort021_2SortInput] executed in 9ms
23:20:12.722 [main] INFO  o.s.batch.core.job.SimpleStepHandler.handleStep  150 - Executing step: [sortMcgcmsSort021_2Process]
23:20:12.728 [main] INFO  o.s.batch.core.step.AbstractStep.execute  295 - Step: [sortMcgcmsSort021_2Process] executed in 5ms
23:20:12.732 [main] INFO  o.s.batch.core.job.SimpleStepHandler.handleStep  150 - Executing step: [writeMcgcmsSort021_2SortOutput]
23:20:12.739 [main] INFO  c.c.a.t.McgcmsSort021_2OutputWriter.afterStep   99 - STEPNAME: MCGCMSSORT021_2 Execution completed, number of RECORDS - IN: 12,  OUT: 6
23:20:12.739 [main] INFO  o.s.batch.core.step.AbstractStep.execute  295 - Step: [writeMcgcmsSort021_2SortOutput] executed in 7ms
23:20:12.742 [main] INFO  o.s.batch.core.job.SimpleStepHandler.handleStep  150 - Executing step: [sort022Decider]
23:20:12.751 [main] INFO  o.s.batch.core.step.AbstractStep.execute  295 - Step: [sort022Decider] executed in 8ms
23:20:12.754 [main] INFO  o.s.batch.core.job.SimpleStepHandler.handleStep  150 - Executing step: [readMcgcmsSort022SortInput]
23:20:12.764 [main] INFO  o.s.batch.core.step.AbstractStep.execute  295 - Step: [readMcgcmsSort022SortInput] executed in 9ms
23:20:12.769 [main] INFO  o.s.batch.core.job.SimpleStepHandler.handleStep  150 - Executing step: [sortMcgcmsSort022Process]
23:20:12.774 [main] INFO  o.s.batch.core.step.AbstractStep.execute  295 - Step: [sortMcgcmsSort022Process] executed in 5ms
23:20:12.778 [main] INFO  o.s.batch.core.job.SimpleStepHandler.handleStep  150 - Executing step: [writeMcgcmsSort022SortOutput]
23:20:12.784 [main] INFO  c.c.a.t.McgcmsSort022OutputWriter.afterStep  130 - STEPNAME: MCGCMSSORT022 Execution completed, number of RECORDS - IN: 5,  OUT: 5
23:20:12.784 [main] INFO  c.c.a.t.McgcmsSort022OutputWriter.afterStep  132 - STEPNAME: MCGCMSSORT022 Execution completed, number of RECORDS - IN: 5,  OUT: 0
23:20:12.785 [main] INFO  o.s.batch.core.step.AbstractStep.execute  295 - Step: [writeMcgcmsSort022SortOutput] executed in 6ms
23:20:12.787 [main] INFO  o.s.batch.core.job.SimpleStepHandler.handleStep  150 - Executing step: [sort023Decider]
23:20:12.794 [main] INFO  o.s.batch.core.step.AbstractStep.execute  295 - Step: [sort023Decider] executed in 6ms
23:20:12.797 [main] INFO  o.s.batch.core.job.SimpleStepHandler.handleStep  150 - Executing step: [readMcgcmsSort023SortInput]
23:20:12.805 [main] INFO  o.s.batch.core.step.AbstractStep.execute  295 - Step: [readMcgcmsSort023SortInput] executed in 7ms
23:20:12.809 [main] INFO  o.s.batch.core.job.SimpleStepHandler.handleStep  150 - Executing step: [sortMcgcmsSort023Process]
23:20:12.813 [main] INFO  o.s.batch.core.step.AbstractStep.execute  295 - Step: [sortMcgcmsSort023Process] executed in 4ms
23:20:12.817 [main] INFO  o.s.batch.core.job.SimpleStepHandler.handleStep  150 - Executing step: [writeMcgcmsSort023SortOutput]
23:20:12.823 [main] INFO  c.c.a.t.McgcmsSort023OutputWriter.afterStep  131 - STEPNAME: MCGCMSSORT023 Execution completed, number of RECORDS - IN: 5,  OUT: 5
23:20:12.824 [main] INFO  o.s.batch.core.step.AbstractStep.execute  295 - Step: [writeMcgcmsSort023SortOutput] executed in 7ms
23:20:12.827 [main] INFO  o.s.batch.core.job.SimpleStepHandler.handleStep  150 - Executing step: [sort024Decider]
23:20:12.834 [main] INFO  o.s.batch.core.step.AbstractStep.execute  295 - Step: [sort024Decider] executed in 6ms
23:20:12.837 [main] INFO  o.s.batch.core.job.SimpleStepHandler.handleStep  150 - Executing step: [readMcgcmsSort024SortInput]
23:20:12.845 [main] INFO  o.s.batch.core.step.AbstractStep.execute  295 - Step: [readMcgcmsSort024SortInput] executed in 7ms
23:20:12.849 [main] INFO  o.s.batch.core.job.SimpleStepHandler.handleStep  150 - Executing step: [sortMcgcmsSort024Process]
23:20:12.855 [main] INFO  o.s.batch.core.step.AbstractStep.execute  295 - Step: [sortMcgcmsSort024Process] executed in 5ms
23:20:12.858 [main] INFO  o.s.batch.core.job.SimpleStepHandler.handleStep  150 - Executing step: [writeMcgcmsSort024SortOutput]
23:20:12.865 [main] INFO  c.c.a.t.McgcmsSort024OutputWriter.afterStep  116 - STEPNAME: MCGCMSSORT024 Execution completed, number of RECORDS - IN: 5,  OUT: 2
23:20:12.867 [main] INFO  o.s.batch.core.step.AbstractStep.execute  295 - Step: [writeMcgcmsSort024SortOutput] executed in 7ms
23:20:12.870 [main] INFO  o.s.batch.core.job.SimpleStepHandler.handleStep  150 - Executing step: [stepsumDecider]
23:20:12.878 [main] INFO  o.s.batch.core.step.AbstractStep.execute  295 - Step: [stepsumDecider] executed in 8ms
23:20:12.883 [main] INFO  o.s.batch.core.job.SimpleStepHandler.handleStep  150 - Executing step: [readMcgcmsStepsumSortInput]
23:20:12.911 [main] INFO  o.s.batch.core.step.AbstractStep.execute  295 - Step: [readMcgcmsStepsumSortInput] executed in 27ms
23:20:12.919 [main] INFO  o.s.batch.core.job.SimpleStepHandler.handleStep  150 - Executing step: [sortMcgcmsStepsumProcess]
23:20:12.968 [main] INFO  o.s.batch.core.step.AbstractStep.execute  295 - Step: [sortMcgcmsStepsumProcess] executed in 48ms
23:20:12.976 [main] INFO  o.s.batch.core.job.SimpleStepHandler.handleStep  150 - Executing step: [writeMcgcmsStepsumSortOutput]
23:20:13.483 [main] INFO  c.c.a.t.McgcmsStepsumOutputWriter.afterStep   89 - STEPNAME: MCGCMSSTEPSUM Execution completed, number of RECORDS - IN: 5506,  OUT: 1000
23:20:13.485 [main] INFO  o.s.batch.core.step.AbstractStep.execute  295 - Step: [writeMcgcmsStepsumSortOutput] executed in 508ms
23:20:13.491 [main] INFO  o.s.batch.core.job.SimpleStepHandler.handleStep  150 - Executing step: [step010Decider]
23:20:13.506 [main] INFO  o.s.batch.core.step.AbstractStep.execute  295 - Step: [step010Decider] executed in 13ms
23:20:13.513 [main] INFO  o.s.batch.core.job.SimpleStepHandler.handleStep  150 - Executing step: [readMcgcmsStep010SortInput]
23:20:13.536 [main] INFO  o.s.batch.core.step.AbstractStep.execute  295 - Step: [readMcgcmsStep010SortInput] executed in 21ms
23:20:13.543 [main] INFO  o.s.batch.core.job.SimpleStepHandler.handleStep  150 - Executing step: [sortMcgcmsStep010Process]
23:20:13.557 [main] INFO  o.s.batch.core.step.AbstractStep.execute  295 - Step: [sortMcgcmsStep010Process] executed in 13ms
23:20:13.564 [main] INFO  o.s.batch.core.job.SimpleStepHandler.handleStep  150 - Executing step: [writeMcgcmsStep010SortOutput]
23:20:13.585 [main] INFO  c.c.a.t.McgcmsStep010OutputWriter.afterStep   91 - STEPNAME: MCGCMSSTEP010 Execution completed, number of RECORDS - IN: 219,  OUT: 219
23:20:13.587 [main] INFO  o.s.batch.core.step.AbstractStep.execute  295 - Step: [writeMcgcmsStep010SortOutput] executed in 22ms
23:20:13.593 [main] INFO  o.s.batch.core.job.SimpleStepHandler.handleStep  150 - Executing step: [step020Decider]
23:20:13.609 [main] INFO  o.s.batch.core.step.AbstractStep.execute  295 - Step: [step020Decider] executed in 16ms
23:20:13.616 [main] INFO  o.s.batch.core.job.SimpleStepHandler.handleStep  150 - Executing step: [readMcgcmsStep020SortInput]
23:20:13.752 [main] INFO  c.c.a.s.s.d.SortStrategyDeciderImpl.decideSortStrategy  117 - Calculated details for strategy decider fileSize 8955 noOfRecords 199 fileSizeWithOverHead 14328 keysSizeInBytes 6965 fileSizeWithKeysAndRecords14328
23:20:13.982 [main] INFO  c.c.a.s.s.d.SortStrategyDeciderImpl.getStrategy  221 - Strategy to be adopted is IN_MEMORY_KEY
23:20:13.983 [main] INFO  c.c.a.s.s.d.SortStrategyDeciderImpl.decideSortStrategy  150 - APPLYING INMEMORY KEY SORT STRATEGY
23:20:14.196 [main] INFO  c.c.a.s.s.d.SortStrategyDeciderImpl.decideSortStrategy  117 - Calculated details for strategy decider fileSize 43800 noOfRecords 217 fileSizeWithOverHead 49476 keysSizeInBytes 7595 fileSizeWithKeysAndRecords49659
23:20:14.433 [main] INFO  c.c.a.s.s.d.SortStrategyDeciderImpl.getStrategy  221 - Strategy to be adopted is IN_MEMORY_KEY
23:20:14.434 [main] INFO  c.c.a.s.s.d.SortStrategyDeciderImpl.decideSortStrategy  150 - APPLYING INMEMORY KEY SORT STRATEGY
23:20:14.439 [main] INFO  o.s.batch.core.step.AbstractStep.execute  295 - Step: [readMcgcmsStep020SortInput] executed in 822ms
23:20:14.444 [main] INFO  o.s.batch.core.job.SimpleStepHandler.handleStep  150 - Executing step: [reformatMcgcmsStep020Joinkeys]
23:20:14.489 [main] INFO  c.c.a.t.McgcmsStep020JoinkeyFormatter.afterStep  135 - STEPNAME: MCGCMSSTEP020 Joinkey Formatter execution completed, number of RECORDS - IN: 7,  OUT: 7
23:20:14.490 [main] INFO  o.s.batch.core.step.AbstractStep.execute  295 - Step: [reformatMcgcmsStep020Joinkeys] executed in 45ms
23:20:14.494 [main] INFO  o.s.batch.core.job.SimpleStepHandler.handleStep  150 - Executing step: [sortMcgcmsStep020Process]
23:20:14.503 [main] INFO  o.s.batch.core.step.AbstractStep.execute  295 - Step: [sortMcgcmsStep020Process] executed in 9ms
23:20:14.508 [main] INFO  o.s.batch.core.job.SimpleStepHandler.handleStep  150 - Executing step: [writeMcgcmsStep020SortOutput]
23:20:14.521 [main] INFO  c.c.a.t.McgcmsStep020OutputWriter.afterStep  102 - STEPNAME: MCGCMSSTEP020 Execution completed, number of RECORDS - IN: 7,  OUT: 7
23:20:14.523 [main] INFO  o.s.batch.core.step.AbstractStep.execute  295 - Step: [writeMcgcmsStep020SortOutput] executed in 13ms
23:20:14.526 [main] INFO  o.s.batch.core.job.SimpleStepHandler.handleStep  150 - Executing step: [printSummary]
23:20:14.557 [main] INFO  com.cloudframe.app.CFStepHandler.printExecutionSummary  447 - JOB : MCGCMS ENDED -  0000
23:20:14.557 [main] INFO  com.cloudframe.app.CFStepHandler.printExecutionSummary  451 - 

Stepwise Execution Summary :
+--------------------------------------------------------------+
| STEPNAME       | PROGRAM   | RC          | ELAPSED           |
|                |           |             | HH:MM:SS:ss       |
+--------------------------------------------------------------+
| SORT001        | SORT      | 00          | 00:00:00:563      |
+--------------------------------------------------------------+
| SORT002        | SORT      | 00          | 00:00:01:300      |
+--------------------------------------------------------------+
| SORT003        | SORT      | 00          | 00:00:00:322      |
+--------------------------------------------------------------+
| SORT004        | SORT      | 00          | 00:00:00:290      |
+--------------------------------------------------------------+
| SORT005        | SORT      | 00          | 00:00:00:430      |
+--------------------------------------------------------------+
| SORT006        | SORT      | 00          | 00:00:01:064      |
+--------------------------------------------------------------+
| SORT007        | SORT      | 00          | 00:00:00:199      |
+--------------------------------------------------------------+
| SORT008        | SORT      | 00          | 00:00:01:275      |
+--------------------------------------------------------------+
| SORT009        | SORT      | 00          | 00:00:00:684      |
+--------------------------------------------------------------+
| SORT010        | SORT      | 00          | 00:00:00:152      |
+--------------------------------------------------------------+
| SORT011        | SORT      | 00          | 00:00:00:337      |
+--------------------------------------------------------------+
| SORT012        | SORT      | 00          | 00:00:00:736      |
+--------------------------------------------------------------+
| SORT013        | SORT      | 00          | 00:00:00:879      |
+--------------------------------------------------------------+
| SORT014        | SORT      | 00          | 00:00:01:773      |
+--------------------------------------------------------------+
| SORT015        | SORT      | 00          | 00:00:00:335      |
+--------------------------------------------------------------+
| SORT016        | SORT      | 00          | 00:00:02:357      |
+--------------------------------------------------------------+
| SORT017        | SORT      | 00          | 00:00:00:202      |
+--------------------------------------------------------------+
| SORT018        | SORT      | 00          | 00:00:00:331      |
+--------------------------------------------------------------+
| SORT019        | SORT      | 00          | 00:00:00:174      |
+--------------------------------------------------------------+
| SORT020        | SORT      | 00          | 00:00:07:456      |
+--------------------------------------------------------------+
| SORT021        | SORT      | 00          | 00:00:00:040      |
+--------------------------------------------------------------+
| SORT021_2      | SORT      | 00          | 00:00:00:040      |
+--------------------------------------------------------------+
| SORT022        | SORT      | 00          | 00:00:00:040      |
+--------------------------------------------------------------+
| SORT023        | SORT      | 00          | 00:00:00:035      |
+--------------------------------------------------------------+
| SORT024        | SORT      | 00          | 00:00:00:037      |
+--------------------------------------------------------------+
| STEPSUM        | SORT      | 00          | 00:00:00:610      |
+--------------------------------------------------------------+
| STEP010        | SORT      | 00          | 00:00:00:091      |
+--------------------------------------------------------------+
| STEP020        | SORT      | 00          | 00:00:00:927      |
+--------------------------------------------------------------+
  
23:20:14.562 [main] INFO  o.s.batch.core.step.AbstractStep.execute  295 - Step: [printSummary] executed in 35ms
23:20:14.568 [main] INFO  o.s.b.c.l.s.SimpleJobLauncher$1.run  161 - Job: [FlowJob: [name=MCGCMS]] completed with the following parameters: [{}] and the following status: [COMPLETED] in 23s255ms
23:20:14.598 [main] INFO  o.s.j.d.e.EmbeddedDatabaseFactory.shutdownDatabase  220 - Shutting down embedded database: url='jdbc:h2:mem:testdb;DB_CLOSE_DELAY=-1;DB_CLOSE_ON_EXIT=false'
