10:53:27.904 [main] INFO  o.s.boot.StartupInfoLogger.logStarting   50 - Starting CFApplication v0.0.1-SNAPSHOT using Java 17.0.14 with PID 1148702 (/home/jenkins/workspace/CFTestAutomation_Release/Testing/results/condition/QA000473/TMSMMCPY/target/TMSMMCPY-0.0.1-SNAPSHOT.jar started by root in /home/jenkins/workspace/CFTestAutomation_Release/Testing/results/condition/QA000473/TMSMMCPY)
10:53:27.912 [main] INFO  o.s.boot.SpringApplication.logStartupProfileInfo  654 - No active profile set, falling back to 1 default profile: "default"
10:53:29.456 [main] INFO  o.s.boot.StartupInfoLogger.logStarted   56 - Started CFApplication in 2.741 seconds (process running for 3.666)
10:53:29.468 [main] INFO  c.c.app.utility.CFConfiguration.cfDataConnectIOInfo  107 - CFDataConnectIO version : 5.0.0.21
10:53:43.661 [main] INFO  com.cloudframe.app.process.Tmsmmcpy.displaySmmRec  951 -  SMM-REC INDIVIDUAL VALUES FOR DUPLICATE SMM KEY
10:53:43.664 [main] INFO  com.cloudframe.app.process.Tmsmmcpy.displaySmmRec  953 - ---------------------------
10:53:43.665 [main] INFO  com.cloudframe.app.process.Tmsmmcpy.displaySmmRec  955 -  SMM-DDR-KEY->111126909 
10:53:43.666 [main] INFO  com.cloudframe.app.process.Tmsmmcpy.displaySmmRec  958 -  SMM-BATCH-KEY->3342171   
10:53:43.667 [main] INFO  com.cloudframe.app.process.Tmsmmcpy.displaySmmRec  961 -  SMM-EXT-CAP-XPT-ID->3200555677993   
10:53:43.668 [main] INFO  com.cloudframe.app.process.Tmsmmcpy.displaySmmRec  964 -  SMM-SS-DDR-KEY->69676615  
10:53:43.669 [main] INFO  com.cloudframe.app.process.Tmsmmcpy.displaySmmRec  966 -  SMM-MATCH-STATUS->1 
10:53:43.670 [main] INFO  com.cloudframe.app.process.Tmsmmcpy.displaySmmRec  968 -  SMM-CLASSIFICATION->81
10:53:43.670 [main] INFO  com.cloudframe.app.process.Tmsmmcpy.displaySmmRec  970 -  SMM-FIELD1->0000090000                    
10:53:43.671 [main] INFO  com.cloudframe.app.process.Tmsmmcpy.displaySmmRec  973 -  SMM-FIELD2->29080309                      
10:53:43.672 [main] INFO  com.cloudframe.app.process.Tmsmmcpy.displaySmmRec  975 -  SMM-FIELD3->4606752250                    
10:53:43.673 [main] INFO  com.cloudframe.app.process.Tmsmmcpy.displaySmmRec  978 -  SMM-FIELD4->543990020                     
10:53:43.674 [main] INFO  com.cloudframe.app.process.Tmsmmcpy.displaySmmRec  980 -  SMM-FIELD5->3987                          
10:53:43.674 [main] INFO  com.cloudframe.app.process.Tmsmmcpy.displaySmmRec  982 -  SMM-FIELD6->20230628                      
10:53:43.675 [main] INFO  com.cloudframe.app.process.Tmsmmcpy.displaySmmRec  984 -  SMM-FIELD7->ACM1                          
10:53:43.676 [main] INFO  com.cloudframe.app.process.Tmsmmcpy.displaySmmRec  986 -  SMM-FIELD8->000460GPLOBPLTP2250           
10:53:43.677 [main] INFO  com.cloudframe.app.process.Tmsmmcpy.displaySmmRec  988 -  SMM-FIELD9->ACM1                          
10:53:43.678 [main] INFO  com.cloudframe.app.process.Tmsmmcpy.displaySmmRec  990 -  SMM-FIELD10->SUS4S839                      
10:53:43.678 [main] INFO  com.cloudframe.app.process.Tmsmmcpy.displaySmmRec  992 -  SMM-FIELD11->523990011                     
10:53:43.679 [main] INFO  com.cloudframe.app.process.Tmsmmcpy.displaySmmRec  994 -  SMM-FIELD12->520990014                     
10:53:43.680 [main] INFO  com.cloudframe.app.process.Tmsmmcpy.displaySmmRec  996 -  SMM-FIELD13->N                             
10:53:43.680 [main] INFO  com.cloudframe.app.process.Tmsmmcpy.displaySmmRec  998 -  SMM-FIELD14->2                             
10:53:43.681 [main] INFO  com.cloudframe.app.process.Tmsmmcpy.displaySmmRec 1000 -  SMM-FIELD15->US BANK LAKE OSWEGO           
10:53:43.681 [main] INFO  com.cloudframe.app.process.Tmsmmcpy.displaySmmRec 1002 -  SMM-BRANCH->3257      
10:53:43.682 [main] INFO  com.cloudframe.app.process.Tmsmmcpy.displaySmmRec 1004 -  SMM-TELLER->000460GPLO
10:53:43.683 [main] INFO  com.cloudframe.app.process.Tmsmmcpy.displaySmmRec 1006 -  SMM-HASH->755942018                     
10:53:43.684 [main] INFO  com.cloudframe.app.process.Tmsmmcpy.displaySmmRec 1008 -  SMM-TYPE->2         
10:53:43.685 [main] INFO  com.cloudframe.app.process.Tmsmmcpy.displaySmmRec 1010 -  SMM-APP-TYPE-PSET-NUM->0  
10:53:43.685 [main] INFO  com.cloudframe.app.process.Tmsmmcpy.displaySmmRec 1012 -  SMM-POSTING-DATE->06/28/2023
10:53:43.686 [main] INFO  com.cloudframe.app.process.Tmsmmcpy.displaySmmRec 1014 -  SMM-TRANS-TIME->140827  
10:53:43.687 [main] INFO  com.cloudframe.app.process.Tmsmmcpy.displaySmmRec 1016 -  SMM-REF-TEXT1->CARD_NAME_NOT_FOUND           
10:53:43.688 [main] INFO  com.cloudframe.app.process.Tmsmmcpy.displaySmmRec 1018 -  SMM-REF-TEXT2->                              
10:53:43.689 [main] INFO  com.cloudframe.app.process.Tmsmmcpy.displaySmmRec 1020 -  SMM-REF-TEXT3->                              
10:53:43.689 [main] INFO  com.cloudframe.app.process.Tmsmmcpy.displaySmmRec 1022 -  SMM-REF-TEXT4->                              
10:53:43.690 [main] INFO  com.cloudframe.app.process.Tmsmmcpy.displaySmmRec 1024 -  SMM-REF-TEXT5->                              
10:53:43.691 [main] INFO  com.cloudframe.app.process.Tmsmmcpy.displaySmmRec 1026 -  SMM-REF-NUM1->0                             
10:53:43.691 [main] INFO  com.cloudframe.app.process.Tmsmmcpy.displaySmmRec 1028 -  SMM-REF-NUM2->0                             
10:53:43.692 [main] INFO  com.cloudframe.app.process.Tmsmmcpy.displaySmmRec 1030 -  SMM-SUBCLASS->0         
10:53:43.693 [main] INFO  com.cloudframe.app.process.Tmsmmcpy.displaySmmRec 1032 -  SMM-FLAGS->0    
10:53:43.694 [main] INFO  com.cloudframe.app.process.Tmsmmcpy.displaySmmRec 1034 -  SMM-DATASERVER-ID->11  
10:53:43.694 [main] INFO  com.cloudframe.app.process.Tmsmmcpy.displaySmmRec 1037 -  SMM-CYCLE-NO->3
10:53:43.695 [main] INFO  com.cloudframe.app.process.Tmsmmcpy.displaySmmRec 1039 -  SMM-CYCLE-DATE->20230628
10:53:43.696 [main] INFO  com.cloudframe.app.process.Tmsmmcpy.displaySmmRec 1041 -  SMM-END->END
10:53:43.696 [main] INFO  com.cloudframe.app.process.Tmsmmcpy.displaySmmRec 1043 - ---------------------------
10:53:43.697 [main] INFO  com.cloudframe.app.process.Tmsmmcpy.displaySmmRec 1045 -  
10:53:43.697 [main] INFO  com.cloudframe.app.process.Tmsmmcpy.termination 1071 - SUCCESSFUL COMPLETION OF TMSMMCPY
10:53:43.698 [main] INFO  com.cloudframe.app.process.Tmsmmcpy.termination 1073 - RECORDS READ = 107310
10:53:43.699 [main] INFO  com.cloudframe.app.process.Tmsmmcpy.termination 1075 - INVALID RECORDS DROPPED = 73364
10:53:43.699 [main] INFO  com.cloudframe.app.process.Tmsmmcpy.termination 1077 - DUPLICATE SMM KEYS (CORRECTED) = 0
10:53:43.700 [main] INFO  com.cloudframe.app.process.Tmsmmcpy.termination 1079 - RECORDS WRITTEN = 33946
10:53:43.820 [main] INFO  com.cloudframe.app.process.Tmsmmcpy.termination 1071 - SUCCESSFUL COMPLETION OF TMSMMCPY
10:53:43.821 [main] INFO  com.cloudframe.app.process.Tmsmmcpy.termination 1073 - RECORDS READ = 107310
10:53:43.821 [main] INFO  com.cloudframe.app.process.Tmsmmcpy.termination 1075 - INVALID RECORDS DROPPED = 73364
10:53:43.822 [main] INFO  com.cloudframe.app.process.Tmsmmcpy.termination 1077 - DUPLICATE SMM KEYS (CORRECTED) = 0
10:53:43.822 [main] INFO  com.cloudframe.app.process.Tmsmmcpy.termination 1079 - RECORDS WRITTEN = 33946
