08:34:04.683 [main] INFO  o.s.boot.StartupInfoLogger.logStarting   50 - Starting CFApplication v0.0.1-SNAPSHOT using Java 17.0.14 with PID 4182242 (/home/jenkins/workspace/CFTestAutomation_Release/Testing/results/jcl/STEP600/STEP600/target/STEP600-0.0.1-SNAPSHOT.jar started by root in /home/jenkins/workspace/CFTestAutomation_Release/Testing/results/jcl/STEP600/STEP600)
08:34:04.690 [main] INFO  o.s.boot.SpringApplication.logStartupProfileInfo  654 - No active profile set, falling back to 1 default profile: "default"
08:34:08.605 [main] INFO  o.s.boot.StartupInfoLogger.logStarted   56 - Started CFApplication in 5.115 seconds (process running for 6.197)
08:34:08.634 [main] INFO  c.c.app.utility.CFConfiguration.cfDataConnectIOInfo  107 - CFDataConnectIO version : 5.0.0.21
08:34:08.725 [main] INFO  c.c.a.u.d.plus.CFDcioConfiguration.cfDataConnectIOPlusInfo   28 - CFDataConnectIOPlus version : 5.0.0.21
08:34:08.774 [main] INFO  o.s.j.d.e.EmbeddedDatabaseFactory.initDatabase  189 - Starting embedded database: url='jdbc:h2:mem:testdb;DB_CLOSE_DELAY=-1;DB_CLOSE_ON_EXIT=false', username='sa'
08:34:10.057 [main] INFO  o.s.b.a.b.JobLauncherApplicationRunner.run  168 - Running default command line with: []
08:34:10.156 [main] INFO  o.s.b.c.l.s.SimpleJobLauncher$1.run  154 - Job: [FlowJob: [name=STEP600]] launched with the following parameters: [{}]
08:34:10.247 [main] INFO  o.s.batch.core.job.SimpleStepHandler.handleStep  150 - Executing step: [step0600Decider]
08:34:10.364 [main] INFO  o.s.batch.core.step.AbstractStep.execute  295 - Step: [step0600Decider] executed in 114ms
08:34:10.395 [main] INFO  o.s.batch.core.job.SimpleStepHandler.handleStep  150 - Executing step: [readStep600Step0600SortInput]
08:34:11.040 [main] INFO  c.c.app.sort.SpringAsyncConfig.threadPoolTaskExecutor   73 - Thread pool created based on usableMemory 19088213176 requiredByteForEachThread 40000000 with core pool size 20 max pool size 40
08:34:11.151 [main] INFO  c.c.a.s.s.d.SortStrategyDeciderImpl.decideSortStrategy  117 - Calculated details for strategy decider fileSize 1200 noOfRecords 4 fileSizeWithOverHead 1236 keysSizeInBytes 68 fileSizeWithKeysAndRecords1236
08:34:11.245 [main] INFO  c.c.a.s.s.d.SortStrategyDeciderImpl.getStrategy  221 - Strategy to be adopted is IN_MEMORY_KEY
08:34:11.246 [main] INFO  c.c.a.s.s.d.SortStrategyDeciderImpl.decideSortStrategy  150 - APPLYING INMEMORY KEY SORT STRATEGY
08:34:11.354 [main] INFO  c.c.a.s.s.d.SortStrategyDeciderImpl.decideSortStrategy  117 - Calculated details for strategy decider fileSize 600 noOfRecords 2 fileSizeWithOverHead 618 keysSizeInBytes 34 fileSizeWithKeysAndRecords618
08:34:11.448 [main] INFO  c.c.a.s.s.d.SortStrategyDeciderImpl.getStrategy  221 - Strategy to be adopted is IN_MEMORY_KEY
08:34:11.449 [main] INFO  c.c.a.s.s.d.SortStrategyDeciderImpl.decideSortStrategy  150 - APPLYING INMEMORY KEY SORT STRATEGY
08:34:11.457 [main] INFO  o.s.batch.core.step.AbstractStep.execute  295 - Step: [readStep600Step0600SortInput] executed in 1s60ms
08:34:11.471 [main] INFO  o.s.batch.core.job.SimpleStepHandler.handleStep  150 - Executing step: [reformatStep600Step0600Joinkeys]
08:34:11.514 [main] INFO  c.c.a.t.Step600Step0600JoinkeyFormatter.afterStep  134 - STEPNAME: STEP600STEP0600 Joinkey Formatter execution completed, number of RECORDS - IN: 4,  OUT: 4
08:34:11.518 [main] INFO  o.s.batch.core.step.AbstractStep.execute  295 - Step: [reformatStep600Step0600Joinkeys] executed in 45ms
08:34:11.537 [main] INFO  o.s.batch.core.job.SimpleStepHandler.handleStep  150 - Executing step: [sortStep600Step0600Process]
08:34:11.565 [main] INFO  o.s.batch.core.step.AbstractStep.execute  295 - Step: [sortStep600Step0600Process] executed in 26ms
08:34:11.580 [main] INFO  o.s.batch.core.job.SimpleStepHandler.handleStep  150 - Executing step: [writeStep600Step0600SortOutput]
08:34:11.618 [main] INFO  c.c.a.t.Step600Step0600OutputWriter.afterStep  116 - STEPNAME: STEP600STEP0600 Execution completed, number of RECORDS - IN: 4,  OUT: 4
08:34:11.622 [main] INFO  o.s.batch.core.step.AbstractStep.execute  295 - Step: [writeStep600Step0600SortOutput] executed in 40ms
08:34:11.636 [main] INFO  o.s.batch.core.job.SimpleStepHandler.handleStep  150 - Executing step: [printSummary]
08:34:11.653 [main] INFO  com.cloudframe.app.CFStepHandler.printExecutionSummary  256 - JOB : STEP600 ENDED -  0000
08:34:11.654 [main] INFO  com.cloudframe.app.CFStepHandler.printExecutionSummary  260 - 

Stepwise Execution Summary :
+-------------------------------------------------------------+
| STEPNAME      | PROGRAM   | RC          | ELAPSED           |
|               |           |             | HH:MM:SS:ss       |
+-------------------------------------------------------------+
| STEP0600      | SORT      | 00          | 00:00:01:365      |
+-------------------------------------------------------------+
  
08:34:11.661 [main] INFO  o.s.batch.core.step.AbstractStep.execute  295 - Step: [printSummary] executed in 23ms
08:34:11.677 [main] INFO  o.s.b.c.l.s.SimpleJobLauncher$1.run  161 - Job: [FlowJob: [name=STEP600]] completed with the following parameters: [{}] and the following status: [COMPLETED] in 1s483ms
08:34:11.689 [main] INFO  o.s.j.d.e.EmbeddedDatabaseFactory.shutdownDatabase  220 - Shutting down embedded database: url='jdbc:h2:mem:testdb;DB_CLOSE_DELAY=-1;DB_CLOSE_ON_EXIT=false'
