23:27:26.286 [main] INFO  o.s.boot.StartupInfoLogger.logStarting   50 - Starting CFApplication v0.0.1-SNAPSHOT using Java 17.0.14 with PID 1865090 (/home/jenkins/workspace/CFTestAutomation_Release/Testing/results/jcl/IDCPRN04/IDCPRN04/target/IDCPRN04-0.0.1-SNAPSHOT.jar started by root in /home/jenkins/workspace/CFTestAutomation_Release/Testing/results/jcl/IDCPRN04/IDCPRN04)
23:27:26.305 [main] INFO  o.s.boot.SpringApplication.logStartupProfileInfo  654 - No active profile set, falling back to 1 default profile: "default"
23:27:30.523 [main] INFO  o.s.boot.StartupInfoLogger.logStarted   56 - Started CFApplication in 6.104 seconds (process running for 7.597)
23:27:30.550 [main] INFO  c.c.app.utility.CFConfiguration.cfDataConnectIOInfo  107 - CFDataConnectIO version : 5.0.0.21
23:27:30.661 [main] INFO  c.c.a.u.d.plus.CFDcioConfiguration.cfDataConnectIOPlusInfo   28 - CFDataConnectIOPlus version : 5.0.0.21
23:27:30.702 [main] INFO  o.s.j.d.e.EmbeddedDatabaseFactory.initDatabase  189 - Starting embedded database: url='jdbc:h2:mem:testdb;DB_CLOSE_DELAY=-1;DB_CLOSE_ON_EXIT=false', username='sa'
23:27:31.758 [main] INFO  o.s.b.a.b.JobLauncherApplicationRunner.run  168 - Running default command line with: []
23:27:31.831 [main] INFO  o.s.b.c.l.s.SimpleJobLauncher$1.run  154 - Job: [SimpleJob: [name=IDCPRN04]] launched with the following parameters: [{}]
23:27:31.885 [main] INFO  o.s.batch.core.job.SimpleStepHandler.handleStep  150 - Executing step: [print01]
23:27:31.925 [main] INFO  o.s.batch.core.step.AbstractStep.execute  295 - Step: [print01] executed in 38ms
23:27:31.942 [main] INFO  o.s.batch.core.job.SimpleStepHandler.handleStep  150 - Executing step: [printSummary]
23:27:31.959 [main] INFO  com.cloudframe.app.CFStepHandler.printExecutionSummary  247 - JOB : IDCPRN04 ENDED -  0000
23:27:31.959 [main] INFO  com.cloudframe.app.CFStepHandler.printExecutionSummary  251 - 

Stepwise Execution Summary :
+--------------------------------------------------------------+
| STEPNAME     | PROGRAM     | RC          | ELAPSED           |
|              |             |             | HH:MM:SS:ss       |
+--------------------------------------------------------------+
| PRINT01      | IDCAMS      | 00          | 00:00:00:038      |
+--------------------------------------------------------------+
  
23:27:31.968 [main] INFO  o.s.batch.core.step.AbstractStep.execute  295 - Step: [printSummary] executed in 25ms
23:27:31.987 [main] INFO  o.s.b.c.l.s.SimpleJobLauncher$1.run  161 - Job: [SimpleJob: [name=IDCPRN04]] completed with the following parameters: [{}] and the following status: [COMPLETED] in 125ms
23:27:31.998 [main] INFO  o.s.j.d.e.EmbeddedDatabaseFactory.shutdownDatabase  220 - Shutting down embedded database: url='jdbc:h2:mem:testdb;DB_CLOSE_DELAY=-1;DB_CLOSE_ON_EXIT=false'
