23:29:36.123 [main] INFO  o.s.boot.StartupInfoLogger.logStarting   50 - Starting CFApplication v0.0.1-SNAPSHOT using Java 17.0.14 with PID 1875247 (/home/jenkins/workspace/CFTestAutomation_Release/Testing/results/jcl/ICE002/ICE002/target/ICE002-0.0.1-SNAPSHOT.jar started by root in /home/jenkins/workspace/CFTestAutomation_Release/Testing/results/jcl/ICE002/ICE002)
23:29:36.133 [main] INFO  o.s.boot.SpringApplication.logStartupProfileInfo  654 - No active profile set, falling back to 1 default profile: "default"
23:29:41.320 [main] INFO  o.s.boot.StartupInfoLogger.logStarted   56 - Started CFApplication in 6.617 seconds (process running for 7.517)
23:29:41.340 [main] INFO  c.c.app.utility.CFConfiguration.cfDataConnectIOInfo  107 - CFDataConnectIO version : 5.0.0.21
23:29:41.399 [main] INFO  c.c.a.u.d.plus.CFDcioConfiguration.cfDataConnectIOPlusInfo   28 - CFDataConnectIOPlus version : 5.0.0.21
23:29:41.422 [main] INFO  o.s.j.d.e.EmbeddedDatabaseFactory.initDatabase  189 - Starting embedded database: url='jdbc:h2:mem:testdb;DB_CLOSE_DELAY=-1;DB_CLOSE_ON_EXIT=false', username='sa'
23:29:42.014 [main] INFO  o.s.b.a.b.JobLauncherApplicationRunner.run  168 - Running default command line with: []
23:29:42.058 [main] INFO  o.s.b.c.l.s.SimpleJobLauncher$1.run  154 - Job: [FlowJob: [name=ICE002]] launched with the following parameters: [{}]
23:29:42.098 [main] INFO  o.s.batch.core.job.SimpleStepHandler.handleStep  150 - Executing step: [p010]
23:29:42.133 [main] INFO  o.s.batch.core.step.AbstractStep.execute  295 - Step: [p010] executed in 33ms
23:29:42.147 [main] INFO  o.s.batch.core.job.SimpleStepHandler.handleStep  150 - Executing step: [p020]
23:29:42.169 [main] INFO  o.s.batch.core.step.AbstractStep.execute  295 - Step: [p020] executed in 20ms
23:29:42.179 [main] INFO  o.s.batch.core.job.SimpleStepHandler.handleStep  150 - Executing step: [p030_01Decider]
23:29:42.202 [main] INFO  o.s.batch.core.step.AbstractStep.execute  295 - Step: [p030_01Decider] executed in 21ms
23:29:42.217 [main] INFO  o.s.batch.core.job.SimpleStepHandler.handleStep  150 - Executing step: [readIce002P030_01SortInput]
23:29:42.277 [main] INFO  o.s.batch.core.step.AbstractStep.execute  295 - Step: [readIce002P030_01SortInput] executed in 59ms
23:29:42.288 [main] INFO  o.s.batch.core.job.SimpleStepHandler.handleStep  150 - Executing step: [sortIce002P030_01Process]
23:29:42.311 [main] INFO  o.s.batch.core.step.AbstractStep.execute  295 - Step: [sortIce002P030_01Process] executed in 22ms
23:29:42.322 [main] INFO  o.s.batch.core.job.SimpleStepHandler.handleStep  150 - Executing step: [writeIce002P030_01SortOutput]
23:29:42.352 [main] INFO  c.c.a.t.Ice002P030_01OutputWriter.afterStep   89 - STEPNAME: ICE002P030_01 Execution completed, number of RECORDS - IN: 753,  OUT: 274
23:29:42.354 [main] INFO  o.s.batch.core.step.AbstractStep.execute  295 - Step: [writeIce002P030_01SortOutput] executed in 32ms
23:29:42.363 [main] INFO  o.s.batch.core.job.SimpleStepHandler.handleStep  150 - Executing step: [p030_02Decider]
23:29:42.383 [main] INFO  o.s.batch.core.step.AbstractStep.execute  295 - Step: [p030_02Decider] executed in 19ms
23:29:42.394 [main] INFO  o.s.batch.core.job.SimpleStepHandler.handleStep  150 - Executing step: [readIce002P030_02SortInput]
23:29:42.447 [main] INFO  o.s.batch.core.step.AbstractStep.execute  295 - Step: [readIce002P030_02SortInput] executed in 52ms
23:29:42.459 [main] INFO  o.s.batch.core.job.SimpleStepHandler.handleStep  150 - Executing step: [sortIce002P030_02Process]
23:29:42.477 [main] INFO  o.s.batch.core.step.AbstractStep.execute  295 - Step: [sortIce002P030_02Process] executed in 16ms
23:29:42.489 [main] INFO  o.s.batch.core.job.SimpleStepHandler.handleStep  150 - Executing step: [writeIce002P030_02SortOutput]
23:29:42.518 [main] INFO  c.c.a.t.Ice002P030_02OutputWriter.afterStep   89 - STEPNAME: ICE002P030_02 Execution completed, number of RECORDS - IN: 753,  OUT: 225
23:29:42.520 [main] INFO  o.s.batch.core.step.AbstractStep.execute  295 - Step: [writeIce002P030_02SortOutput] executed in 30ms
23:29:42.530 [main] INFO  o.s.batch.core.job.SimpleStepHandler.handleStep  150 - Executing step: [p030_03Decider]
23:29:42.551 [main] INFO  o.s.batch.core.step.AbstractStep.execute  295 - Step: [p030_03Decider] executed in 19ms
23:29:42.563 [main] INFO  o.s.batch.core.job.SimpleStepHandler.handleStep  150 - Executing step: [readIce002P030_03SortInput]
23:29:42.599 [main] INFO  o.s.batch.core.step.AbstractStep.execute  295 - Step: [readIce002P030_03SortInput] executed in 35ms
23:29:42.610 [main] INFO  o.s.batch.core.job.SimpleStepHandler.handleStep  150 - Executing step: [sortIce002P030_03Process]
23:29:42.629 [main] INFO  o.s.batch.core.step.AbstractStep.execute  295 - Step: [sortIce002P030_03Process] executed in 17ms
23:29:42.640 [main] INFO  o.s.batch.core.job.SimpleStepHandler.handleStep  150 - Executing step: [writeIce002P030_03SortOutput]
23:29:42.664 [main] INFO  c.c.a.t.Ice002P030_03OutputWriter.afterStep   89 - STEPNAME: ICE002P030_03 Execution completed, number of RECORDS - IN: 753,  OUT: 254
23:29:42.666 [main] INFO  o.s.batch.core.step.AbstractStep.execute  295 - Step: [writeIce002P030_03SortOutput] executed in 25ms
23:29:42.677 [main] INFO  o.s.batch.core.job.SimpleStepHandler.handleStep  150 - Executing step: [p030_04Decider]
23:29:42.701 [main] INFO  o.s.batch.core.step.AbstractStep.execute  295 - Step: [p030_04Decider] executed in 23ms
23:29:42.713 [main] INFO  o.s.batch.core.job.SimpleStepHandler.handleStep  150 - Executing step: [readIce002P030_04SortInput]
23:29:42.738 [main] INFO  o.s.batch.core.step.AbstractStep.execute  295 - Step: [readIce002P030_04SortInput] executed in 24ms
23:29:42.749 [main] INFO  o.s.batch.core.job.SimpleStepHandler.handleStep  150 - Executing step: [sortIce002P030_04Process]
23:29:42.769 [main] INFO  o.s.batch.core.step.AbstractStep.execute  295 - Step: [sortIce002P030_04Process] executed in 19ms
23:29:42.780 [main] INFO  o.s.batch.core.job.SimpleStepHandler.handleStep  150 - Executing step: [writeIce002P030_04SortOutput]
23:29:42.795 [main] INFO  c.c.a.t.Ice002P030_04OutputWriter.afterStep   89 - STEPNAME: ICE002P030_04 Execution completed, number of RECORDS - IN: 753,  OUT: 0
23:29:42.797 [main] INFO  o.s.batch.core.step.AbstractStep.execute  295 - Step: [writeIce002P030_04SortOutput] executed in 16ms
23:29:42.815 [main] INFO  o.s.batch.core.job.SimpleStepHandler.handleStep  150 - Executing step: [p030_05Decider]
23:29:42.839 [main] INFO  o.s.batch.core.step.AbstractStep.execute  295 - Step: [p030_05Decider] executed in 23ms
23:29:42.848 [main] INFO  o.s.batch.core.job.SimpleStepHandler.handleStep  150 - Executing step: [readIce002P030_05SortInput]
23:29:42.868 [main] INFO  o.s.batch.core.step.AbstractStep.execute  295 - Step: [readIce002P030_05SortInput] executed in 18ms
23:29:42.877 [main] INFO  o.s.batch.core.job.SimpleStepHandler.handleStep  150 - Executing step: [sortIce002P030_05Process]
23:29:42.890 [main] INFO  o.s.batch.core.step.AbstractStep.execute  295 - Step: [sortIce002P030_05Process] executed in 12ms
23:29:42.897 [main] INFO  o.s.batch.core.job.SimpleStepHandler.handleStep  150 - Executing step: [writeIce002P030_05SortOutput]
23:29:42.908 [main] INFO  c.c.a.t.Ice002P030_05OutputWriter.afterStep   94 - STEPNAME: ICE002P030_05 Execution completed, number of RECORDS - IN: 753,  OUT: 0
23:29:42.910 [main] INFO  o.s.batch.core.step.AbstractStep.execute  295 - Step: [writeIce002P030_05SortOutput] executed in 11ms
23:29:42.916 [main] INFO  o.s.batch.core.job.SimpleStepHandler.handleStep  150 - Executing step: [p030_06Decider]
23:29:42.936 [main] INFO  o.s.batch.core.step.AbstractStep.execute  295 - Step: [p030_06Decider] executed in 19ms
23:29:42.947 [main] INFO  o.s.batch.core.job.SimpleStepHandler.handleStep  150 - Executing step: [readIce002P030_06SortInput]
23:29:42.963 [main] INFO  o.s.batch.core.step.AbstractStep.execute  295 - Step: [readIce002P030_06SortInput] executed in 14ms
23:29:42.971 [main] INFO  o.s.batch.core.job.SimpleStepHandler.handleStep  150 - Executing step: [sortIce002P030_06Process]
23:29:42.981 [main] INFO  o.s.batch.core.step.AbstractStep.execute  295 - Step: [sortIce002P030_06Process] executed in 9ms
23:29:42.988 [main] INFO  o.s.batch.core.job.SimpleStepHandler.handleStep  150 - Executing step: [writeIce002P030_06SortOutput]
23:29:42.999 [main] INFO  c.c.a.t.Ice002P030_06OutputWriter.afterStep   91 - STEPNAME: ICE002P030_06 Execution completed, number of RECORDS - IN: 0,  OUT: 0
23:29:43.001 [main] INFO  o.s.batch.core.step.AbstractStep.execute  295 - Step: [writeIce002P030_06SortOutput] executed in 11ms
23:29:43.007 [main] INFO  o.s.batch.core.job.SimpleStepHandler.handleStep  150 - Executing step: [p030_07Decider]
23:29:43.026 [main] INFO  o.s.batch.core.step.AbstractStep.execute  295 - Step: [p030_07Decider] executed in 17ms
23:29:43.035 [main] INFO  o.s.batch.core.job.SimpleStepHandler.handleStep  150 - Executing step: [readIce002P030_07SortInput]
23:29:43.055 [main] INFO  o.s.batch.core.step.AbstractStep.execute  295 - Step: [readIce002P030_07SortInput] executed in 19ms
23:29:43.067 [main] INFO  o.s.batch.core.job.SimpleStepHandler.handleStep  150 - Executing step: [sortIce002P030_07Process]
23:29:43.081 [main] INFO  o.s.batch.core.step.AbstractStep.execute  295 - Step: [sortIce002P030_07Process] executed in 12ms
23:29:43.090 [main] INFO  o.s.batch.core.job.SimpleStepHandler.handleStep  150 - Executing step: [writeIce002P030_07SortOutput]
23:29:43.103 [main] INFO  c.c.a.t.Ice002P030_07OutputWriter.afterStep   91 - STEPNAME: ICE002P030_07 Execution completed, number of RECORDS - IN: 753,  OUT: 0
23:29:43.106 [main] INFO  o.s.batch.core.step.AbstractStep.execute  295 - Step: [writeIce002P030_07SortOutput] executed in 14ms
23:29:43.113 [main] INFO  o.s.batch.core.job.SimpleStepHandler.handleStep  150 - Executing step: [p030_08Decider]
23:29:43.135 [main] INFO  o.s.batch.core.step.AbstractStep.execute  295 - Step: [p030_08Decider] executed in 21ms
23:29:43.145 [main] INFO  o.s.batch.core.job.SimpleStepHandler.handleStep  150 - Executing step: [readIce002P030_08SortInput]
23:29:43.162 [main] INFO  o.s.batch.core.step.AbstractStep.execute  295 - Step: [readIce002P030_08SortInput] executed in 16ms
23:29:43.171 [main] INFO  o.s.batch.core.job.SimpleStepHandler.handleStep  150 - Executing step: [sortIce002P030_08Process]
23:29:43.184 [main] INFO  o.s.batch.core.step.AbstractStep.execute  295 - Step: [sortIce002P030_08Process] executed in 11ms
23:29:43.192 [main] INFO  o.s.batch.core.job.SimpleStepHandler.handleStep  150 - Executing step: [writeIce002P030_08SortOutput]
23:29:43.205 [main] INFO  c.c.a.t.Ice002P030_08OutputWriter.afterStep   91 - STEPNAME: ICE002P030_08 Execution completed, number of RECORDS - IN: 753,  OUT: 0
23:29:43.207 [main] INFO  o.s.batch.core.step.AbstractStep.execute  295 - Step: [writeIce002P030_08SortOutput] executed in 14ms
23:29:43.214 [main] INFO  o.s.batch.core.job.SimpleStepHandler.handleStep  150 - Executing step: [p030_09Decider]
23:29:43.239 [main] INFO  o.s.batch.core.step.AbstractStep.execute  295 - Step: [p030_09Decider] executed in 23ms
23:29:43.247 [main] INFO  o.s.batch.core.job.SimpleStepHandler.handleStep  150 - Executing step: [readIce002P030_09SortInput]
23:29:43.265 [main] INFO  o.s.batch.core.step.AbstractStep.execute  295 - Step: [readIce002P030_09SortInput] executed in 17ms
23:29:43.273 [main] INFO  o.s.batch.core.job.SimpleStepHandler.handleStep  150 - Executing step: [sortIce002P030_09Process]
23:29:43.291 [main] INFO  o.s.batch.core.step.AbstractStep.execute  295 - Step: [sortIce002P030_09Process] executed in 17ms
23:29:43.299 [main] INFO  o.s.batch.core.job.SimpleStepHandler.handleStep  150 - Executing step: [writeIce002P030_09SortOutput]
23:29:43.328 [main] INFO  c.c.a.t.Ice002P030_09OutputWriter.afterStep  103 - STEPNAME: ICE002P030_09 Execution completed, number of RECORDS - IN: 274,  OUT: 274
23:29:43.330 [main] INFO  o.s.batch.core.step.AbstractStep.execute  295 - Step: [writeIce002P030_09SortOutput] executed in 29ms
23:29:43.338 [main] INFO  o.s.batch.core.job.SimpleStepHandler.handleStep  150 - Executing step: [p030_10Decider]
23:29:43.367 [main] INFO  o.s.batch.core.step.AbstractStep.execute  295 - Step: [p030_10Decider] executed in 28ms
23:29:43.377 [main] INFO  o.s.batch.core.job.SimpleStepHandler.handleStep  150 - Executing step: [readIce002P030_10SortInput]
23:29:43.398 [main] INFO  o.s.batch.core.step.AbstractStep.execute  295 - Step: [readIce002P030_10SortInput] executed in 20ms
23:29:43.408 [main] INFO  o.s.batch.core.job.SimpleStepHandler.handleStep  150 - Executing step: [sortIce002P030_10Process]
23:29:43.428 [main] INFO  o.s.batch.core.step.AbstractStep.execute  295 - Step: [sortIce002P030_10Process] executed in 19ms
23:29:43.440 [main] INFO  o.s.batch.core.job.SimpleStepHandler.handleStep  150 - Executing step: [writeIce002P030_10SortOutput]
23:29:43.485 [main] INFO  c.c.a.t.Ice002P030_10OutputWriter.afterStep  103 - STEPNAME: ICE002P030_10 Execution completed, number of RECORDS - IN: 225,  OUT: 225
23:29:43.490 [main] INFO  o.s.batch.core.step.AbstractStep.execute  295 - Step: [writeIce002P030_10SortOutput] executed in 49ms
23:29:43.504 [main] INFO  o.s.batch.core.job.SimpleStepHandler.handleStep  150 - Executing step: [p030_11Decider]
23:29:43.556 [main] INFO  o.s.batch.core.step.AbstractStep.execute  295 - Step: [p030_11Decider] executed in 51ms
23:29:43.566 [main] INFO  o.s.batch.core.job.SimpleStepHandler.handleStep  150 - Executing step: [readIce002P030_11SortInput]
23:29:43.589 [main] INFO  o.s.batch.core.step.AbstractStep.execute  295 - Step: [readIce002P030_11SortInput] executed in 21ms
23:29:43.598 [main] INFO  o.s.batch.core.job.SimpleStepHandler.handleStep  150 - Executing step: [sortIce002P030_11Process]
23:29:43.609 [main] INFO  o.s.batch.core.step.AbstractStep.execute  295 - Step: [sortIce002P030_11Process] executed in 10ms
23:29:43.616 [main] INFO  o.s.batch.core.job.SimpleStepHandler.handleStep  150 - Executing step: [writeIce002P030_11SortOutput]
23:29:43.634 [main] INFO  c.c.a.t.Ice002P030_11OutputWriter.afterStep  103 - STEPNAME: ICE002P030_11 Execution completed, number of RECORDS - IN: 254,  OUT: 254
23:29:43.636 [main] INFO  o.s.batch.core.step.AbstractStep.execute  295 - Step: [writeIce002P030_11SortOutput] executed in 19ms
23:29:43.642 [main] INFO  o.s.batch.core.job.SimpleStepHandler.handleStep  150 - Executing step: [p030_12Decider]
23:29:43.662 [main] INFO  o.s.batch.core.step.AbstractStep.execute  295 - Step: [p030_12Decider] executed in 19ms
23:29:43.671 [main] INFO  o.s.batch.core.job.SimpleStepHandler.handleStep  150 - Executing step: [readIce002P030_12SortInput]
23:29:43.689 [main] INFO  o.s.batch.core.step.AbstractStep.execute  295 - Step: [readIce002P030_12SortInput] executed in 17ms
23:29:43.702 [main] INFO  o.s.batch.core.job.SimpleStepHandler.handleStep  150 - Executing step: [sortIce002P030_12Process]
23:29:43.722 [main] INFO  o.s.batch.core.step.AbstractStep.execute  295 - Step: [sortIce002P030_12Process] executed in 19ms
23:29:43.732 [main] INFO  o.s.batch.core.job.SimpleStepHandler.handleStep  150 - Executing step: [writeIce002P030_12SortOutput]
23:29:43.743 [main] INFO  c.c.a.t.Ice002P030_12OutputWriter.afterStep  103 - STEPNAME: ICE002P030_12 Execution completed, number of RECORDS - IN: 0,  OUT: 0
23:29:43.745 [main] INFO  o.s.batch.core.step.AbstractStep.execute  295 - Step: [writeIce002P030_12SortOutput] executed in 12ms
23:29:43.752 [main] INFO  o.s.batch.core.job.SimpleStepHandler.handleStep  150 - Executing step: [p030_13Decider]
23:29:43.774 [main] INFO  o.s.batch.core.step.AbstractStep.execute  295 - Step: [p030_13Decider] executed in 21ms
23:29:43.785 [main] INFO  o.s.batch.core.job.SimpleStepHandler.handleStep  150 - Executing step: [readIce002P030_13SortInput]
23:29:43.798 [main] INFO  o.s.batch.core.step.AbstractStep.execute  295 - Step: [readIce002P030_13SortInput] executed in 12ms
23:29:43.805 [main] INFO  o.s.batch.core.job.SimpleStepHandler.handleStep  150 - Executing step: [sortIce002P030_13Process]
23:29:43.816 [main] INFO  o.s.batch.core.step.AbstractStep.execute  295 - Step: [sortIce002P030_13Process] executed in 11ms
23:29:43.825 [main] INFO  o.s.batch.core.job.SimpleStepHandler.handleStep  150 - Executing step: [writeIce002P030_13SortOutput]
23:29:43.849 [main] INFO  c.c.a.t.Ice002P030_13OutputWriter.afterStep  103 - STEPNAME: ICE002P030_13 Execution completed, number of RECORDS - IN: 0,  OUT: 0
23:29:43.852 [main] INFO  o.s.batch.core.step.AbstractStep.execute  295 - Step: [writeIce002P030_13SortOutput] executed in 24ms
23:29:43.858 [main] INFO  o.s.batch.core.job.SimpleStepHandler.handleStep  150 - Executing step: [p030_14Decider]
23:29:43.881 [main] INFO  o.s.batch.core.step.AbstractStep.execute  295 - Step: [p030_14Decider] executed in 21ms
23:29:43.890 [main] INFO  o.s.batch.core.job.SimpleStepHandler.handleStep  150 - Executing step: [readIce002P030_14SortInput]
23:29:43.903 [main] INFO  o.s.batch.core.step.AbstractStep.execute  295 - Step: [readIce002P030_14SortInput] executed in 12ms
23:29:43.911 [main] INFO  o.s.batch.core.job.SimpleStepHandler.handleStep  150 - Executing step: [sortIce002P030_14Process]
23:29:43.926 [main] INFO  o.s.batch.core.step.AbstractStep.execute  295 - Step: [sortIce002P030_14Process] executed in 14ms
23:29:43.934 [main] INFO  o.s.batch.core.job.SimpleStepHandler.handleStep  150 - Executing step: [writeIce002P030_14SortOutput]
23:29:43.946 [main] INFO  c.c.a.t.Ice002P030_14OutputWriter.afterStep  103 - STEPNAME: ICE002P030_14 Execution completed, number of RECORDS - IN: 0,  OUT: 0
23:29:43.948 [main] INFO  o.s.batch.core.step.AbstractStep.execute  295 - Step: [writeIce002P030_14SortOutput] executed in 13ms
23:29:43.955 [main] INFO  o.s.batch.core.job.SimpleStepHandler.handleStep  150 - Executing step: [p030_15Decider]
23:29:43.980 [main] INFO  o.s.batch.core.step.AbstractStep.execute  295 - Step: [p030_15Decider] executed in 24ms
23:29:43.988 [main] INFO  o.s.batch.core.job.SimpleStepHandler.handleStep  150 - Executing step: [readIce002P030_15SortInput]
23:29:44.003 [main] INFO  o.s.batch.core.step.AbstractStep.execute  295 - Step: [readIce002P030_15SortInput] executed in 14ms
23:29:44.011 [main] INFO  o.s.batch.core.job.SimpleStepHandler.handleStep  150 - Executing step: [sortIce002P030_15Process]
23:29:44.025 [main] INFO  o.s.batch.core.step.AbstractStep.execute  295 - Step: [sortIce002P030_15Process] executed in 13ms
23:29:44.032 [main] INFO  o.s.batch.core.job.SimpleStepHandler.handleStep  150 - Executing step: [writeIce002P030_15SortOutput]
23:29:44.046 [main] INFO  c.c.a.t.Ice002P030_15OutputWriter.afterStep  103 - STEPNAME: ICE002P030_15 Execution completed, number of RECORDS - IN: 0,  OUT: 0
23:29:44.047 [main] INFO  o.s.batch.core.step.AbstractStep.execute  295 - Step: [writeIce002P030_15SortOutput] executed in 14ms
23:29:44.054 [main] INFO  o.s.batch.core.job.SimpleStepHandler.handleStep  150 - Executing step: [p030_16Decider]
23:29:44.079 [main] INFO  o.s.batch.core.step.AbstractStep.execute  295 - Step: [p030_16Decider] executed in 24ms
23:29:44.088 [main] INFO  o.s.batch.core.job.SimpleStepHandler.handleStep  150 - Executing step: [readIce002P030_16SortInput]
23:29:44.112 [main] INFO  o.s.batch.core.step.AbstractStep.execute  295 - Step: [readIce002P030_16SortInput] executed in 22ms
23:29:44.120 [main] INFO  o.s.batch.core.job.SimpleStepHandler.handleStep  150 - Executing step: [sortIce002P030_16Process]
23:29:44.134 [main] INFO  o.s.batch.core.step.AbstractStep.execute  295 - Step: [sortIce002P030_16Process] executed in 12ms
23:29:44.141 [main] INFO  o.s.batch.core.job.SimpleStepHandler.handleStep  150 - Executing step: [writeIce002P030_16SortOutput]
23:29:44.192 [main] INFO  c.c.a.t.Ice002P030_16OutputWriter.afterStep   89 - STEPNAME: ICE002P030_16 Execution completed, number of RECORDS - IN: 753,  OUT: 1
23:29:44.194 [main] INFO  o.s.batch.core.step.AbstractStep.execute  295 - Step: [writeIce002P030_16SortOutput] executed in 52ms
23:29:44.201 [main] INFO  o.s.batch.core.job.SimpleStepHandler.handleStep  150 - Executing step: [p030_17]
23:29:44.212 [main] INFO  o.s.batch.core.step.AbstractStep.execute  295 - Step: [p030_17] executed in 11ms
23:29:44.219 [main] INFO  o.s.batch.core.job.SimpleStepHandler.handleStep  150 - Executing step: [p030_18]
23:29:44.227 [main] INFO  o.s.batch.core.step.AbstractStep.execute  295 - Step: [p030_18] executed in 7ms
23:29:44.233 [main] INFO  o.s.batch.core.job.SimpleStepHandler.handleStep  150 - Executing step: [p030_19]
23:29:44.243 [main] INFO  o.s.batch.core.step.AbstractStep.execute  295 - Step: [p030_19] executed in 9ms
23:29:44.251 [main] INFO  o.s.batch.core.job.SimpleStepHandler.handleStep  150 - Executing step: [p030_20]
23:29:44.262 [main] INFO  o.s.batch.core.step.AbstractStep.execute  295 - Step: [p030_20] executed in 9ms
23:29:44.270 [main] INFO  o.s.batch.core.job.SimpleStepHandler.handleStep  150 - Executing step: [p030_21]
23:29:44.279 [main] INFO  o.s.batch.core.step.AbstractStep.execute  295 - Step: [p030_21] executed in 8ms
23:29:44.285 [main] INFO  o.s.batch.core.job.SimpleStepHandler.handleStep  150 - Executing step: [p030_22]
23:29:44.293 [main] INFO  o.s.batch.core.step.AbstractStep.execute  295 - Step: [p030_22] executed in 6ms
23:29:44.300 [main] INFO  o.s.batch.core.job.SimpleStepHandler.handleStep  150 - Executing step: [p030_23]
23:29:44.309 [main] INFO  o.s.batch.core.step.AbstractStep.execute  295 - Step: [p030_23] executed in 8ms
23:29:44.317 [main] INFO  o.s.batch.core.job.SimpleStepHandler.handleStep  150 - Executing step: [p030_24]
23:29:44.325 [main] INFO  o.s.batch.core.step.AbstractStep.execute  295 - Step: [p030_24] executed in 7ms
23:29:44.331 [main] INFO  o.s.batch.core.job.SimpleStepHandler.handleStep  150 - Executing step: [p050]
23:29:44.342 [main] INFO  o.s.batch.core.step.AbstractStep.execute  295 - Step: [p050] executed in 10ms
23:29:44.350 [main] INFO  o.s.batch.core.job.SimpleStepHandler.handleStep  150 - Executing step: [p060Decider]
23:29:44.367 [main] INFO  o.s.batch.core.step.AbstractStep.execute  295 - Step: [p060Decider] executed in 16ms
23:29:44.376 [main] INFO  o.s.batch.core.job.SimpleStepHandler.handleStep  150 - Executing step: [readIce002P060SortInput]
23:29:44.404 [main] INFO  o.s.batch.core.step.AbstractStep.execute  295 - Step: [readIce002P060SortInput] executed in 26ms
23:29:44.416 [main] INFO  o.s.batch.core.job.SimpleStepHandler.handleStep  150 - Executing step: [sortIce002P060Process]
23:29:44.438 [main] INFO  o.s.batch.core.step.AbstractStep.execute  295 - Step: [sortIce002P060Process] executed in 21ms
23:29:44.448 [main] INFO  o.s.batch.core.job.SimpleStepHandler.handleStep  150 - Executing step: [writeIce002P060SortOutput]
23:29:44.486 [main] INFO  c.c.app.tasks.Ice002P060OutputWriter.afterStep   95 - STEPNAME: ICE002P060 Execution completed, number of RECORDS - IN: 754,  OUT: 753
23:29:44.488 [main] INFO  o.s.batch.core.step.AbstractStep.execute  295 - Step: [writeIce002P060SortOutput] executed in 39ms
23:29:44.499 [main] INFO  o.s.batch.core.job.SimpleStepHandler.handleStep  150 - Executing step: [printSummary]
23:29:44.567 [main] INFO  com.cloudframe.app.CFStepHandler.printExecutionSummary  441 - JOB : ICE002 ENDED -  0000
23:29:44.569 [main] INFO  com.cloudframe.app.CFStepHandler.printExecutionSummary  445 - 

Stepwise Execution Summary :
+----------------------------------------------------------------+
| STEPNAME     | PROGRAM       | RC          | ELAPSED           |
|              |               |             | HH:MM:SS:ss       |
+----------------------------------------------------------------+
| P010         | IEFBR14       | 00          | 00:00:00:033      |
+----------------------------------------------------------------+
| P020         | IEBGENER      | 00          | 00:00:00:020      |
+----------------------------------------------------------------+
| P030_01      | ICETOOL       | 00          | 00:00:00:169      |
+----------------------------------------------------------------+
| P030_02      | ICETOOL       | 00          | 00:00:00:151      |
+----------------------------------------------------------------+
| P030_03      | ICETOOL       | 00          | 00:00:00:129      |
+----------------------------------------------------------------+
| P030_04      | ICETOOL       | 00          | 00:00:00:115      |
+----------------------------------------------------------------+
| P030_05      | ICETOOL       | 00          | 00:00:00:090      |
+----------------------------------------------------------------+
| P030_06      | ICETOOL       | 00          | 00:00:00:080      |
+----------------------------------------------------------------+
| P030_07      | ICETOOL       | 00          | 00:00:00:093      |
+----------------------------------------------------------------+
| P030_08      | ICETOOL       | 00          | 00:00:00:089      |
+----------------------------------------------------------------+
| P030_09      | ICETOOL       | 00          | 00:00:00:110      |
+----------------------------------------------------------------+
| P030_10      | ICETOOL       | 00          | 00:00:00:141      |
+----------------------------------------------------------------+
| P030_11      | ICETOOL       | 00          | 00:00:00:127      |
+----------------------------------------------------------------+
| P030_12      | ICETOOL       | 00          | 00:00:00:098      |
+----------------------------------------------------------------+
| P030_13      | ICETOOL       | 00          | 00:00:00:095      |
+----------------------------------------------------------------+
| P030_14      | ICETOOL       | 00          | 00:00:00:085      |
+----------------------------------------------------------------+
| P030_15      | ICETOOL       | 00          | 00:00:00:088      |
+----------------------------------------------------------------+
| P030_16      | ICETOOL       | 00          | 00:00:00:135      |
+----------------------------------------------------------------+
| P030_17      | ICETOOL       | 00          | 00:00:00:011      |
+----------------------------------------------------------------+
| P030_18      | ICETOOL       | 00          | 00:00:00:007      |
+----------------------------------------------------------------+
| P030_19      | ICETOOL       | 00          | 00:00:00:009      |
+----------------------------------------------------------------+
| P030_20      | ICETOOL       | 00          | 00:00:00:009      |
+----------------------------------------------------------------+
| P030_21      | ICETOOL       | 00          | 00:00:00:008      |
+----------------------------------------------------------------+
| P030_22      | ICETOOL       | 00          | 00:00:00:006      |
+----------------------------------------------------------------+
| P030_23      | ICETOOL       | 00          | 00:00:00:008      |
+----------------------------------------------------------------+
| P030_24      | ICETOOL       | 00          | 00:00:00:007      |
+----------------------------------------------------------------+
| P050         | IEBGENER      | 00          | 00:00:00:010      |
+----------------------------------------------------------------+
| P060         | SORT          | 00          | 00:00:00:132      |
+----------------------------------------------------------------+
  
23:29:44.574 [main] INFO  o.s.batch.core.step.AbstractStep.execute  295 - Step: [printSummary] executed in 73ms
23:29:44.601 [main] INFO  o.s.b.c.l.s.SimpleJobLauncher$1.run  161 - Job: [FlowJob: [name=ICE002]] completed with the following parameters: [{}] and the following status: [COMPLETED] in 2s514ms
23:29:44.651 [main] INFO  o.s.j.d.e.EmbeddedDatabaseFactory.shutdownDatabase  220 - Shutting down embedded database: url='jdbc:h2:mem:testdb;DB_CLOSE_DELAY=-1;DB_CLOSE_ON_EXIT=false'
