07:02:47.056 [main] INFO  o.s.boot.StartupInfoLogger.logStarting 50 - Starting CFApplication v0.0.1-SNAPSHOT using Java 17.0.14 with PID 3293076 (/home/jenkins/workspace/CFTestAutomation_Release/Testing/results/db2/DBROWSET/DBROWSET/target/DBROWSET-0.0.1-SNAPSHOT.jar started by root in /home/jenkins/workspace/CFTestAutomation_Release/Testing/results/db2/DBROWSET/DBROWSET)
07:02:47.062 [main] INFO  o.s.boot.SpringApplication.logStartupProfileInfo 654 - No active profile set, falling back to 1 default profile: "default"
07:02:50.193 [main] INFO  c.c.a.dao.CFDataSourceConfiguration.dataSourceStatus 165 - CFDataSourceConfiguration initialization status...
07:02:50.195 [main] INFO  c.c.a.dao.CFDataSourceConfiguration.dataSourceStatus 172 - Databse Datasource initialized.
07:02:50.520 [main] INFO  o.s.boot.StartupInfoLogger.logStarted 56 - Started CFApplication in 4.281 seconds (process running for 5.004)
07:02:50.542 [main] INFO  c.c.app.utility.CFConfiguration.cfDataConnectIOInfo 107 - CFDataConnectIO version : 5.0.0.21
07:02:51.078 [main] INFO  com.zaxxer.hikari.HikariDataSource.getConnection 109 - HikariPool-1 - Starting...
07:02:51.803 [main] INFO  com.zaxxer.hikari.pool.HikariPool.checkFailFast 554 - HikariPool-1 - Added connection com.ibm.db2.jcc.t4.b@3ba46e63
07:02:51.813 [main] INFO  com.zaxxer.hikari.HikariDataSource.getConnection 122 - HikariPool-1 - Start completed.
07:02:52.213 [main] INFO  com.cloudframe.app.process.Dbrowset.fetchRows 190 - AT0000606306                     ** B0704T9  ** RIBH.VI   
07:02:52.215 [main] INFO  com.cloudframe.app.process.Dbrowset.fetchRows 190 - AT0000612601                     ** B067M97  ** ICEL.VI   
07:02:52.216 [main] INFO  com.cloudframe.app.process.Dbrowset.fetchRows 190 - AT0000642806                     ** 7733967  ** IMEA.VI   
07:02:52.217 [main] INFO  com.cloudframe.app.process.Dbrowset.fetchRows 190 - AT0000652011                     ** 5289837  ** ERST.VI   
07:02:52.217 [main] INFO  com.cloudframe.app.process.Dbrowset.fetchRows 190 - AT0000720008                     ** 4635088  ** TELA.VI   
07:02:52.218 [main] INFO  com.cloudframe.app.process.Dbrowset.fetchRows 190 - AT0000730007                     ** B1WVF68  ** ANDR.VI   
07:02:52.219 [main] INFO  com.cloudframe.app.process.Dbrowset.fetchRows 190 - AT0000743059                     ** 4651459  ** OMVV.VI   
07:02:52.219 [main] INFO  com.cloudframe.app.process.Dbrowset.fetchRows 190 - AT0000746409                     ** 4661607  ** VERB.VI   
07:02:52.220 [main] INFO  com.cloudframe.app.process.Dbrowset.fetchRows 190 - AT0000831706                     ** 5699373  ** WBSV.VI   
07:02:52.220 [main] INFO  com.cloudframe.app.process.Dbrowset.fetchRows 190 - AT0000908504                     ** B0BKSS2  ** VIGR.VI   
07:02:52.221 [main] INFO  com.cloudframe.app.process.Dbrowset.fetchRows 190 - AT0000937503                     ** 4943402  ** VOES.VI   
07:02:52.222 [main] INFO  com.cloudframe.app.process.Dbrowset.fetchRows 190 - BE0003470755                     ** 4821100  ** SOLB.BR   
07:02:52.223 [main] INFO  com.cloudframe.app.process.Dbrowset.fetchRows 190 - BE0003562700                     ** 4262118  ** DELB.BR   
07:02:52.224 [main] INFO  com.cloudframe.app.process.Dbrowset.fetchRows 190 - BE0003565737                     ** 4497749  ** KBC.BR    
07:02:52.225 [main] INFO  com.cloudframe.app.process.Dbrowset.fetchRows 190 - BE0003593044                     ** 4177988  ** COFB.BR   
07:02:52.226 [main] INFO  com.cloudframe.app.process.Dbrowset.fetchRows 190 - BE0003678894                     ** 4082628  ** BEFB.BR   
07:02:52.227 [main] INFO  com.cloudframe.app.process.Dbrowset.fetchRows 190 - BE0003717312                     ** 4820301  ** SOF.BR    
07:02:52.228 [main] INFO  com.cloudframe.app.process.Dbrowset.fetchRows 190 - BE0003735496                     ** 5541979  ** MSTAR.BR  
07:02:52.229 [main] INFO  com.cloudframe.app.process.Dbrowset.fetchRows 190 - BE0003739530                     ** 5596991  ** UCB.BR    
07:02:52.230 [main] INFO  com.cloudframe.app.process.Dbrowset.fetchRows 190 - BE0003764785                     ** 5715774  ** ACKB.BR   
07:02:52.237 [main] INFO  com.cloudframe.app.process.Dbrowset.fetchRows 190 - BE0003775898                     ** 5806225  ** COLR.BR   
07:02:52.238 [main] INFO  com.cloudframe.app.process.Dbrowset.fetchRows 190 - BE0003780948                     ** 5827431  ** BEKB.BR   
07:02:52.240 [main] INFO  com.cloudframe.app.process.Dbrowset.fetchRows 190 - BE0003793107                     ** 4755317  ** ABI.BR    
07:02:52.241 [main] INFO  com.cloudframe.app.process.Dbrowset.fetchRows 190 - BE0003796134                     ** 7147610  ** DEXI.BR   
07:02:52.241 [main] INFO  com.cloudframe.app.process.Dbrowset.fetchRows 190 - BE0003797140                     ** 7097328  ** GBLB.BR   
07:02:52.242 [main] INFO  com.cloudframe.app.process.Dbrowset.fetchRows 190 - BE0003801181                     ** 7266139  ** FOR.BR    
07:02:52.243 [main] INFO  com.cloudframe.app.process.Dbrowset.fetchRows 190 - BE0003810273                     ** B00D9P6  ** BCOM.BR   
07:02:52.244 [main] INFO  com.cloudframe.app.process.Dbrowset.fetchRows 190 - BE0003845626                     ** B1H4YG5  ** NAT.BR    
07:02:52.245 [main] INFO  com.cloudframe.app.process.Dbrowset.fetchRows 190 - BE0003884047                     ** 4005001  ** UMI.BR    
07:02:52.246 [main] INFO  com.cloudframe.app.process.Dbrowset.fetchRows 190 - BMG196F11004                     ** B00LBS7  ** CGL.L     
07:02:52.247 [main] INFO  com.cloudframe.app.process.Dbrowset.fetchRows 190 - BMG7945E1057                     ** B09RMQ1  ** SDRL.OL   
07:02:52.247 [main] INFO  com.cloudframe.app.process.Dbrowset.fetchRows 190 - CH0000587979                     ** 4808084  ** SIK.S     
07:02:52.248 [main] INFO  com.cloudframe.app.process.Dbrowset.fetchRows 190 - CH0002497458                     ** 4824778  ** SGSN.VX   
07:02:52.249 [main] INFO  com.cloudframe.app.process.Dbrowset.fetchRows 190 - CH0008038389                     ** B083BH4  ** SPSN.S    
07:02:52.250 [main] INFO  com.cloudframe.app.process.Dbrowset.fetchRows 190 - CH0008742519                     ** 5533976  ** SCMN.VX   
07:02:52.251 [main] INFO  com.cloudframe.app.process.Dbrowset.fetchRows 190 - CH0010532478                     ** B1YD5Q2  ** ATLN.VX   
07:02:52.252 [main] INFO  com.cloudframe.app.process.Dbrowset.fetchRows 190 - CH0010570759                     ** 5962309  ** LISN.S    
07:02:52.253 [main] INFO  com.cloudframe.app.process.Dbrowset.fetchRows 190 - CH0010645932                     ** 5980613  ** GIVN.VX   
07:02:52.254 [main] INFO  com.cloudframe.app.process.Dbrowset.fetchRows 190 - CH0011037469                     ** 4356646  ** SYNN.VX   
07:02:52.255 [main] INFO  com.cloudframe.app.process.Dbrowset.fetchRows 190 - CH0011075394                     ** 5983816  ** ZURN.VX   
07:02:52.260 [main] INFO  com.cloudframe.app.process.Dbrowset.fetchRows 190 - CH0012005267                     ** 7103065  ** NOVN.VX   
07:02:52.262 [main] INFO  com.cloudframe.app.process.Dbrowset.fetchRows 190 - CH0012032048                     ** 7110388  ** ROG.VX    
07:02:52.262 [main] INFO  com.cloudframe.app.process.Dbrowset.fetchRows 190 - CH0012138530                     ** 7171589  ** CSGN.VX   
07:02:52.263 [main] INFO  com.cloudframe.app.process.Dbrowset.fetchRows 190 - CH0012138605                     ** 7110720  ** ADEN.VX   
07:02:52.264 [main] INFO  com.cloudframe.app.process.Dbrowset.fetchRows 190 - CH0012142631                     ** 7113990  ** CLN.VX    
07:02:52.264 [main] INFO  com.cloudframe.app.process.Dbrowset.fetchRows 190 - CH0012214059                     ** 7110753  ** HOLN.VX   
07:02:52.265 [main] INFO  com.cloudframe.app.process.Dbrowset.fetchRows 190 - CH0012221716                     ** 7108899  ** ABBN.VX   
07:02:52.266 [main] INFO  com.cloudframe.app.process.Dbrowset.fetchRows 190 - CH0012255151                     ** 7184725  ** UHR.VX    
07:02:52.266 [main] INFO  com.cloudframe.app.process.Dbrowset.fetchRows 190 - CH0012271687                     ** 7189292  ** HELN.S    
07:02:52.266 [main] INFO  com.cloudframe.app.process.Dbrowset.fetchRows 190 - CH0012280076                     ** 7156832  ** STMN.S    
07:02:52.267 [main] INFO  com.cloudframe.app.process.Dbrowset.fetchRows 190 - CH0012332372                     ** 7189816  ** RUKN.VX   
07:02:52.268 [main] INFO  com.cloudframe.app.process.Dbrowset.fetchRows 190 - CH0012410517                     ** 7124594  ** BALN.VX   
07:02:52.268 [main] INFO  com.cloudframe.app.process.Dbrowset.fetchRows 190 - CH0012549785                     ** 7156036  ** SOON.VX   
07:02:52.269 [main] INFO  com.cloudframe.app.process.Dbrowset.fetchRows 190 - CH0013841017                     ** 7333378  ** LONN.VX   
07:02:52.269 [main] INFO  com.cloudframe.app.process.Dbrowset.fetchRows 190 - CH0014786500                     ** 7517893  ** VATN.S    
07:02:52.270 [main] INFO  com.cloudframe.app.process.Dbrowset.fetchRows 190 - CH0014852781                     ** 7437805  ** SLHN.VX   
07:02:52.271 [main] INFO  com.cloudframe.app.process.Dbrowset.fetchRows 190 - CH0015536466                     ** 7552571  ** GALN.S    
07:02:52.271 [main] INFO  com.cloudframe.app.process.Dbrowset.fetchRows 190 - CH0018294154                     ** B012877  ** PSPN.S    
07:02:52.272 [main] INFO  com.cloudframe.app.process.Dbrowset.fetchRows 190 - CH0021607004                     ** B09G2Y6  ** BKWN.S    
07:02:52.272 [main] INFO  com.cloudframe.app.process.Dbrowset.fetchRows 190 - CH0021783391                     ** B0CDLF8  ** PARG.S    
07:02:52.319 [SpringContextShutdownHook] INFO  com.zaxxer.hikari.HikariDataSource.close 349 - HikariPool-1 - Shutdown initiated...
07:02:52.328 [SpringContextShutdownHook] INFO  com.zaxxer.hikari.HikariDataSource.close 351 - HikariPool-1 - Shutdown completed.
