16:39:56.209 [main] INFO  o.s.boot.StartupInfoLogger.logStarting   50 - Starting CFApplication v0.0.1-SNAPSHOT using Java 17.0.14 with PID 2505738 (/home/jenkins/workspace/CFTestAutomation_Release/Testing/results/jcl/USB5QSAM/USB5QSAM/target/USB5QSAM-0.0.1-SNAPSHOT.jar started by root in /home/jenkins/workspace/CFTestAutomation_Release/Testing/results/jcl/USB5QSAM/USB5QSAM)
16:39:56.221 [main] INFO  o.s.boot.SpringApplication.logStartupProfileInfo  654 - No active profile set, falling back to 1 default profile: "default"
16:39:59.172 [main] INFO  o.s.boot.StartupInfoLogger.logStarted   56 - Started CFApplication in 4.917 seconds (process running for 5.938)
16:39:59.201 [main] INFO  c.c.app.utility.CFConfiguration.cfDataConnectIOInfo  107 - CFDataConnectIO version : 5.0.0.21
16:39:59.272 [main] INFO  c.c.a.u.d.plus.CFDcioConfiguration.cfDataConnectIOPlusInfo   28 - CFDataConnectIOPlus version : 5.0.0.21
16:39:59.311 [main] INFO  o.s.j.d.e.EmbeddedDatabaseFactory.initDatabase  189 - Starting embedded database: url='jdbc:h2:mem:testdb;DB_CLOSE_DELAY=-1;DB_CLOSE_ON_EXIT=false', username='sa'
16:40:00.688 [main] INFO  o.s.b.a.b.JobLauncherApplicationRunner.run  168 - Running default command line with: []
16:40:00.780 [main] INFO  o.s.b.c.l.s.SimpleJobLauncher$1.run  154 - Job: [SimpleJob: [name=USB5QSAM]] launched with the following parameters: [{}]
16:40:00.846 [main] INFO  o.s.batch.core.job.SimpleStepHandler.handleStep  150 - Executing step: [step01]
16:40:00.896 [main] INFO  o.s.batch.core.step.AbstractStep.execute  295 - Step: [step01] executed in 48ms
16:40:00.915 [main] INFO  o.s.batch.core.job.SimpleStepHandler.handleStep  150 - Executing step: [printSummary]
16:40:00.960 [main] INFO  com.cloudframe.app.CFStepHandler.printExecutionSummary  254 - JOB : USB5QSAM ENDED -  0000
16:40:00.961 [main] INFO  com.cloudframe.app.CFStepHandler.printExecutionSummary  258 - 

Stepwise Execution Summary :
+-------------------------------------------------------------+
| STEPNAME    | PROGRAM     | RC          | ELAPSED           |
|             |             |             | HH:MM:SS:ss       |
+-------------------------------------------------------------+
| STEP01      | IDCAMS      | 00          | 00:00:00:048      |
+-------------------------------------------------------------+
  
16:40:00.990 [main] INFO  o.s.batch.core.step.AbstractStep.execute  295 - Step: [printSummary] executed in 73ms
16:40:01.017 [main] INFO  o.s.b.c.l.s.SimpleJobLauncher$1.run  161 - Job: [SimpleJob: [name=USB5QSAM]] completed with the following parameters: [{}] and the following status: [COMPLETED] in 198ms
16:40:01.031 [main] INFO  o.s.j.d.e.EmbeddedDatabaseFactory.shutdownDatabase  220 - Shutting down embedded database: url='jdbc:h2:mem:testdb;DB_CLOSE_DELAY=-1;DB_CLOSE_ON_EXIT=false'
