08:07:32.435 [main] INFO  o.s.boot.StartupInfoLogger.logStarting   50 - Starting CFApplication v0.0.1-SNAPSHOT using Java 17.0.14 with PID 3481798 (/home/jenkins/workspace/CFTestAutomation_Release/Testing/results/jcl/IEBGEN02/IEBGEN02/target/IEBGEN02-0.0.1-SNAPSHOT.jar started by root in /home/jenkins/workspace/CFTestAutomation_Release/Testing/results/jcl/IEBGEN02/IEBGEN02)
08:07:32.444 [main] INFO  o.s.boot.SpringApplication.logStartupProfileInfo  654 - No active profile set, falling back to 1 default profile: "default"
08:07:36.118 [main] INFO  o.s.boot.StartupInfoLogger.logStarted   56 - Started CFApplication in 5.409 seconds (process running for 7.081)
08:07:36.165 [main] INFO  c.c.app.utility.CFConfiguration.cfDataConnectIOInfo  107 - CFDataConnectIO version : 5.0.0.21
08:07:36.251 [main] INFO  c.c.a.u.d.plus.CFDcioConfiguration.cfDataConnectIOPlusInfo   28 - CFDataConnectIOPlus version : 5.0.0.21
08:07:36.286 [main] INFO  o.s.j.d.e.EmbeddedDatabaseFactory.initDatabase  189 - Starting embedded database: url='jdbc:h2:mem:testdb;DB_CLOSE_DELAY=-1;DB_CLOSE_ON_EXIT=false', username='sa'
08:07:38.125 [main] INFO  o.s.b.a.b.JobLauncherApplicationRunner.run  168 - Running default command line with: []
08:07:38.216 [main] INFO  o.s.b.c.l.s.SimpleJobLauncher$1.run  154 - Job: [SimpleJob: [name=IEBGEN02]] launched with the following parameters: [{}]
08:07:38.351 [main] INFO  o.s.batch.core.job.SimpleStepHandler.handleStep  150 - Executing step: [step002]
08:07:38.420 [main] INFO  o.s.batch.core.step.AbstractStep.execute  295 - Step: [step002] executed in 67ms
08:07:38.455 [main] INFO  o.s.batch.core.job.SimpleStepHandler.handleStep  150 - Executing step: [printSummary]
08:07:38.479 [main] INFO  com.cloudframe.app.CFStepHandler.printExecutionSummary  253 - JOB : IEBGEN02 ENDED -  0000
08:07:38.480 [main] INFO  com.cloudframe.app.CFStepHandler.printExecutionSummary  257 - 

Stepwise Execution Summary :
+----------------------------------------------------------------+
| STEPNAME     | PROGRAM       | RC          | ELAPSED           |
|              |               |             | HH:MM:SS:ss       |
+----------------------------------------------------------------+
| STEP002      | IEBGENER      | 00          | 00:00:00:067      |
+----------------------------------------------------------------+
  
08:07:38.505 [main] INFO  o.s.batch.core.step.AbstractStep.execute  295 - Step: [printSummary] executed in 49ms
08:07:38.552 [main] INFO  o.s.b.c.l.s.SimpleJobLauncher$1.run  161 - Job: [SimpleJob: [name=IEBGEN02]] completed with the following parameters: [{}] and the following status: [COMPLETED] in 259ms
08:07:38.567 [main] INFO  o.s.j.d.e.EmbeddedDatabaseFactory.shutdownDatabase  220 - Shutting down embedded database: url='jdbc:h2:mem:testdb;DB_CLOSE_DELAY=-1;DB_CLOSE_ON_EXIT=false'
