23:24:11.703 [main] INFO  o.s.boot.StartupInfoLogger.logStarting   50 - Starting CFApplication v0.0.1-SNAPSHOT using Java 17.0.14 with PID 1851908 (/home/jenkins/workspace/CFTestAutomation_Release/Testing/results/jcl/STEP500/STEP500/target/STEP500-0.0.1-SNAPSHOT.jar started by root in /home/jenkins/workspace/CFTestAutomation_Release/Testing/results/jcl/STEP500/STEP500)
23:24:11.710 [main] INFO  o.s.boot.SpringApplication.logStartupProfileInfo  654 - No active profile set, falling back to 1 default profile: "default"
23:24:15.006 [main] INFO  o.s.boot.StartupInfoLogger.logStarted   56 - Started CFApplication in 4.068 seconds (process running for 4.71)
23:24:15.023 [main] INFO  c.c.app.utility.CFConfiguration.cfDataConnectIOInfo  107 - CFDataConnectIO version : 5.0.0.21
23:24:15.079 [main] INFO  c.c.a.u.d.plus.CFDcioConfiguration.cfDataConnectIOPlusInfo   28 - CFDataConnectIOPlus version : 5.0.0.21
23:24:15.102 [main] INFO  o.s.j.d.e.EmbeddedDatabaseFactory.initDatabase  189 - Starting embedded database: url='jdbc:h2:mem:testdb;DB_CLOSE_DELAY=-1;DB_CLOSE_ON_EXIT=false', username='sa'
23:24:15.789 [main] INFO  o.s.b.a.b.JobLauncherApplicationRunner.run  168 - Running default command line with: []
23:24:15.838 [main] INFO  o.s.b.c.l.s.SimpleJobLauncher$1.run  154 - Job: [FlowJob: [name=STEP500]] launched with the following parameters: [{}]
23:24:15.881 [main] INFO  o.s.batch.core.job.SimpleStepHandler.handleStep  150 - Executing step: [step0500Decider]
23:24:15.945 [main] INFO  o.s.batch.core.step.AbstractStep.execute  295 - Step: [step0500Decider] executed in 61ms
23:24:15.966 [main] INFO  o.s.batch.core.job.SimpleStepHandler.handleStep  150 - Executing step: [readStep500Step0500SortInput]
23:24:16.393 [main] INFO  c.c.app.sort.SpringAsyncConfig.threadPoolTaskExecutor   73 - Thread pool created based on usableMemory 19088149144 requiredByteForEachThread 40000000 with core pool size 20 max pool size 40
23:24:16.510 [main] INFO  c.c.a.s.s.d.SortStrategyDeciderImpl.decideSortStrategy  117 - Calculated details for strategy decider fileSize 1200 noOfRecords 4 fileSizeWithOverHead 1236 keysSizeInBytes 68 fileSizeWithKeysAndRecords1236
23:24:16.620 [main] INFO  c.c.a.s.s.d.SortStrategyDeciderImpl.getStrategy  221 - Strategy to be adopted is IN_MEMORY_KEY
23:24:16.622 [main] INFO  c.c.a.s.s.d.SortStrategyDeciderImpl.decideSortStrategy  150 - APPLYING INMEMORY KEY SORT STRATEGY
23:24:16.760 [main] INFO  c.c.a.s.s.d.SortStrategyDeciderImpl.decideSortStrategy  117 - Calculated details for strategy decider fileSize 600 noOfRecords 2 fileSizeWithOverHead 618 keysSizeInBytes 34 fileSizeWithKeysAndRecords618
23:24:16.880 [main] INFO  c.c.a.s.s.d.SortStrategyDeciderImpl.getStrategy  221 - Strategy to be adopted is IN_MEMORY_KEY
23:24:16.881 [main] INFO  c.c.a.s.s.d.SortStrategyDeciderImpl.decideSortStrategy  150 - APPLYING INMEMORY KEY SORT STRATEGY
23:24:16.897 [main] INFO  o.s.batch.core.step.AbstractStep.execute  295 - Step: [readStep500Step0500SortInput] executed in 930ms
23:24:16.922 [main] INFO  o.s.batch.core.job.SimpleStepHandler.handleStep  150 - Executing step: [reformatStep500Step0500Joinkeys]
23:24:16.998 [main] INFO  c.c.a.t.Step500Step0500JoinkeyFormatter.afterStep  139 - STEPNAME: STEP500STEP0500 Joinkey Formatter execution completed, number of RECORDS - IN: 4,  OUT: 4
23:24:17.002 [main] INFO  o.s.batch.core.step.AbstractStep.execute  295 - Step: [reformatStep500Step0500Joinkeys] executed in 79ms
23:24:17.022 [main] INFO  o.s.batch.core.job.SimpleStepHandler.handleStep  150 - Executing step: [sortStep500Step0500Process]
23:24:17.047 [main] INFO  o.s.batch.core.step.AbstractStep.execute  295 - Step: [sortStep500Step0500Process] executed in 24ms
23:24:17.066 [main] INFO  o.s.batch.core.job.SimpleStepHandler.handleStep  150 - Executing step: [writeStep500Step0500SortOutput]
23:24:17.108 [main] INFO  c.c.a.t.Step500Step0500OutputWriter.afterStep  173 - STEPNAME: STEP500STEP0500 Execution completed, number of RECORDS - IN: 4,  OUT: 2
23:24:17.110 [main] INFO  c.c.a.t.Step500Step0500OutputWriter.afterStep  175 - STEPNAME: STEP500STEP0500 Execution completed, number of RECORDS - IN: 4,  OUT: 2
23:24:17.114 [main] INFO  o.s.batch.core.step.AbstractStep.execute  295 - Step: [writeStep500Step0500SortOutput] executed in 47ms
23:24:17.127 [main] INFO  o.s.batch.core.job.SimpleStepHandler.handleStep  150 - Executing step: [printSummary]
23:24:17.143 [main] INFO  com.cloudframe.app.CFStepHandler.printExecutionSummary  257 - JOB : STEP500 ENDED -  0000
23:24:17.143 [main] INFO  com.cloudframe.app.CFStepHandler.printExecutionSummary  261 - 

Stepwise Execution Summary :
+-------------------------------------------------------------+
| STEPNAME      | PROGRAM   | RC          | ELAPSED           |
|               |           |             | HH:MM:SS:ss       |
+-------------------------------------------------------------+
| STEP0500      | SORT      | 00          | 00:00:01:222      |
+-------------------------------------------------------------+
  
23:24:17.151 [main] INFO  o.s.batch.core.step.AbstractStep.execute  295 - Step: [printSummary] executed in 22ms
23:24:17.164 [main] INFO  o.s.b.c.l.s.SimpleJobLauncher$1.run  161 - Job: [FlowJob: [name=STEP500]] completed with the following parameters: [{}] and the following status: [COMPLETED] in 1s304ms
23:24:17.175 [main] INFO  o.s.j.d.e.EmbeddedDatabaseFactory.shutdownDatabase  220 - Shutting down embedded database: url='jdbc:h2:mem:testdb;DB_CLOSE_DELAY=-1;DB_CLOSE_ON_EXIT=false'
