23:19:10.844 [main] INFO  o.s.boot.StartupInfoLogger.logStarting   50 - Starting CFApplication v0.0.1-SNAPSHOT using Java 17.0.14 with PID 1829956 (/home/jenkins/workspace/CFTestAutomation_Release/Testing/results/jcl/IDCPRN9A/IDCPRN9A/target/IDCPRN9A-0.0.1-SNAPSHOT.jar started by root in /home/jenkins/workspace/CFTestAutomation_Release/Testing/results/jcl/IDCPRN9A/IDCPRN9A)
23:19:10.857 [main] INFO  o.s.boot.SpringApplication.logStartupProfileInfo  654 - No active profile set, falling back to 1 default profile: "default"
23:19:13.670 [main] INFO  c.c.a.dao.CFDataSourceConfiguration.dataSourceStatus  165 - CFDataSourceConfiguration initialization status...
23:19:13.671 [main] INFO  c.c.a.dao.CFDataSourceConfiguration.dataSourceStatus  172 - VSAM Datasource initialized. 
23:19:13.908 [main] INFO  o.s.boot.StartupInfoLogger.logStarted   56 - Started CFApplication in 5.215 seconds (process running for 7.036)
23:19:13.929 [main] INFO  c.c.app.utility.CFConfiguration.cfDataConnectIOInfo  107 - CFDataConnectIO version : 5.0.0.21
23:19:14.019 [main] INFO  c.c.a.u.d.plus.CFDcioConfiguration.cfDataConnectIOPlusInfo   28 - CFDataConnectIOPlus version : 5.0.0.21
23:19:14.058 [main] INFO  o.s.j.d.e.EmbeddedDatabaseFactory.initDatabase  189 - Starting embedded database: url='jdbc:h2:mem:testdb;DB_CLOSE_DELAY=-1;DB_CLOSE_ON_EXIT=false', username='sa'
23:19:15.300 [main] INFO  o.s.b.a.b.JobLauncherApplicationRunner.run  168 - Running default command line with: []
23:19:15.436 [main] INFO  o.s.b.c.l.s.SimpleJobLauncher$1.run  154 - Job: [SimpleJob: [name=IDCPRN9A]] launched with the following parameters: [{}]
23:19:15.530 [main] INFO  o.s.batch.core.job.SimpleStepHandler.handleStep  150 - Executing step: [defcl]
23:19:15.820 [main] INFO  com.zaxxer.hikari.HikariDataSource.getConnection  109 - HikariPool-1 - Starting...
23:19:15.937 [main] INFO  com.zaxxer.hikari.pool.HikariPool.checkFailFast  554 - HikariPool-1 - Added connection conn16: url=jdbc:h2:file:./cf-vsam-db user=SA
23:19:15.943 [main] INFO  com.zaxxer.hikari.HikariDataSource.getConnection  122 - HikariPool-1 - Start completed.
23:19:15.991 [main] INFO  c.c.app.vsam.dao.VsamRepository.lambda$createTable$1  211 - Executing query : create table CLOUDFRM_IDCAMS_PRINT_VSAMKSDS(
primary_key binary(65) primary key not null,
RECORD_DATA blob not null); 
23:19:16.020 [main] INFO  o.s.batch.core.step.AbstractStep.execute  295 - Step: [defcl] executed in 488ms
23:19:16.041 [main] INFO  o.s.batch.core.job.SimpleStepHandler.handleStep  150 - Executing step: [vsaminit]
23:19:16.871 [main] INFO  o.s.batch.core.step.AbstractStep.execute  295 - Step: [vsaminit] executed in 829ms
23:19:16.894 [main] INFO  o.s.batch.core.job.SimpleStepHandler.handleStep  150 - Executing step: [print01]
23:19:17.089 [main] INFO  o.s.batch.core.step.AbstractStep.execute  295 - Step: [print01] executed in 194ms
23:19:17.100 [main] INFO  o.s.batch.core.job.SimpleStepHandler.handleStep  150 - Executing step: [vsamdel]
23:19:17.147 [main] INFO  o.s.batch.core.step.AbstractStep.execute  295 - Step: [vsamdel] executed in 46ms
23:19:17.161 [main] INFO  o.s.batch.core.job.SimpleStepHandler.handleStep  150 - Executing step: [printSummary]
23:19:17.182 [main] INFO  com.cloudframe.app.CFStepHandler.printExecutionSummary  261 - JOB : IDCPRN9A ENDED -  0000
23:19:17.183 [main] INFO  com.cloudframe.app.CFStepHandler.printExecutionSummary  265 - 

Stepwise Execution Summary :
+---------------------------------------------------------------+
| STEPNAME      | PROGRAM     | RC          | ELAPSED           |
|               |             |             | HH:MM:SS:ss       |
+---------------------------------------------------------------+
| DEFCL         | IDCAMS      | 00          | 00:00:00:488      |
+---------------------------------------------------------------+
| VSAMINIT      | IDCAMS      | 00          | 00:00:00:829      |
+---------------------------------------------------------------+
| PRINT01       | IDCAMS      | 00          | 00:00:00:194      |
+---------------------------------------------------------------+
| VSAMDEL       | IDCAMS      | 00          | 00:00:00:046      |
+---------------------------------------------------------------+
  
23:19:17.190 [main] INFO  o.s.batch.core.step.AbstractStep.execute  295 - Step: [printSummary] executed in 28ms
23:19:17.207 [main] INFO  o.s.b.c.l.s.SimpleJobLauncher$1.run  161 - Job: [SimpleJob: [name=IDCPRN9A]] completed with the following parameters: [{}] and the following status: [COMPLETED] in 1s727ms
23:19:17.217 [main] INFO  com.zaxxer.hikari.HikariDataSource.close  349 - HikariPool-1 - Shutdown initiated...
23:19:17.303 [main] INFO  com.zaxxer.hikari.HikariDataSource.close  351 - HikariPool-1 - Shutdown completed.
23:19:17.304 [main] INFO  o.s.j.d.e.EmbeddedDatabaseFactory.shutdownDatabase  220 - Shutting down embedded database: url='jdbc:h2:mem:testdb;DB_CLOSE_DELAY=-1;DB_CLOSE_ON_EXIT=false'
