07:14:28.151 [main] INFO  o.s.boot.StartupInfoLogger.logStarting   50 - Starting CFApplication v0.0.1-SNAPSHOT using Java 17.0.14 with PID 1348795 (/home/jenkins/workspace/CFTestAutomation_Release/Testing/results/jcl/SGP7344D/SGP7344D/target/SGP7344D-0.0.1-SNAPSHOT.jar started by root in /home/jenkins/workspace/CFTestAutomation_Release/Testing/results/jcl/SGP7344D/SGP7344D)
07:14:28.171 [main] INFO  o.s.boot.SpringApplication.logStartupProfileInfo  654 - No active profile set, falling back to 1 default profile: "default"
07:14:33.712 [main] INFO  o.s.boot.StartupInfoLogger.logStarted   56 - Started CFApplication in 6.967 seconds (process running for 7.912)
07:14:33.738 [main] INFO  c.c.app.utility.CFConfiguration.cfDataConnectIOInfo  107 - CFDataConnectIO version : 5.0.0.21
07:14:33.810 [main] INFO  c.c.a.u.d.plus.CFDcioConfiguration.cfDataConnectIOPlusInfo   28 - CFDataConnectIOPlus version : 5.0.0.21
07:14:33.847 [main] INFO  o.s.j.d.e.EmbeddedDatabaseFactory.initDatabase  189 - Starting embedded database: url='jdbc:h2:mem:testdb;DB_CLOSE_DELAY=-1;DB_CLOSE_ON_EXIT=false', username='sa'
07:14:34.970 [main] INFO  o.s.b.a.b.JobLauncherApplicationRunner.run  168 - Running default command line with: []
07:14:35.063 [main] INFO  o.s.b.c.l.s.SimpleJobLauncher$1.run  154 - Job: [FlowJob: [name=SGP7344D]] launched with the following parameters: [{}]
07:14:35.140 [main] INFO  o.s.batch.core.job.SimpleStepHandler.handleStep  150 - Executing step: [prgp4511_step11aDecider]
07:14:35.197 [main] INFO  o.s.batch.core.step.AbstractStep.execute  295 - Step: [prgp4511_step11aDecider] executed in 55ms
07:14:35.221 [main] INFO  o.s.batch.core.job.SimpleStepHandler.handleStep  150 - Executing step: [readSgp7344dPrgp4511_step11aSortInput]
07:14:35.741 [main] INFO  c.c.app.sort.SpringAsyncConfig.threadPoolTaskExecutor   73 - Thread pool created based on usableMemory 19087710265 requiredByteForEachThread 40000000 with core pool size 20 max pool size 40
07:14:35.842 [main] INFO  c.c.a.s.s.d.SortStrategyDeciderImpl.decideSortStrategy  117 - Calculated details for strategy decider fileSize 17400 noOfRecords 58 fileSizeWithOverHead 20648 keysSizeInBytes 3712 fileSizeWithKeysAndRecords20648
07:14:35.961 [main] INFO  c.c.a.s.s.d.SortStrategyDeciderImpl.getStrategy  221 - Strategy to be adopted is IN_MEMORY_KEY
07:14:35.962 [main] INFO  c.c.a.s.s.d.SortStrategyDeciderImpl.decideSortStrategy  150 - APPLYING INMEMORY KEY SORT STRATEGY
07:14:36.092 [main] INFO  c.c.a.s.s.d.SortStrategyDeciderImpl.decideSortStrategy  117 - Calculated details for strategy decider fileSize 0 noOfRecords 0 fileSizeWithOverHead 0 keysSizeInBytes 0 fileSizeWithKeysAndRecords0
07:14:36.271 [main] INFO  c.c.a.s.s.d.SortStrategyDeciderImpl.getStrategy  221 - Strategy to be adopted is IN_MEMORY_KEY
07:14:36.273 [main] INFO  c.c.a.s.s.d.SortStrategyDeciderImpl.decideSortStrategy  150 - APPLYING INMEMORY KEY SORT STRATEGY
07:14:36.290 [main] INFO  o.s.batch.core.step.AbstractStep.execute  295 - Step: [readSgp7344dPrgp4511_step11aSortInput] executed in 1s68ms
07:14:36.324 [main] INFO  o.s.batch.core.job.SimpleStepHandler.handleStep  150 - Executing step: [reformatSgp7344dPrgp4511_step11aJoinkeys]
07:14:36.424 [main] INFO  c.c.a.t.Sgp7344dPrgp4511_step11aJoinkeyFormatter.afterStep  125 - STEPNAME: SGP7344DPRGP4511_STEP11A Joinkey Formatter execution completed, number of RECORDS - IN: 58,  OUT: 58
07:14:36.430 [main] INFO  o.s.batch.core.step.AbstractStep.execute  295 - Step: [reformatSgp7344dPrgp4511_step11aJoinkeys] executed in 103ms
07:14:36.467 [main] INFO  o.s.batch.core.job.SimpleStepHandler.handleStep  150 - Executing step: [sortSgp7344dPrgp4511_step11aProcess]
07:14:36.516 [main] INFO  o.s.batch.core.step.AbstractStep.execute  295 - Step: [sortSgp7344dPrgp4511_step11aProcess] executed in 47ms
07:14:36.558 [main] INFO  o.s.batch.core.job.SimpleStepHandler.handleStep  150 - Executing step: [writeSgp7344dPrgp4511_step11aSortOutput]
07:14:36.630 [main] INFO  c.c.a.t.Sgp7344dPrgp4511_step11aOutputWriter.afterStep  106 - STEPNAME: SGP7344DPRGP4511_STEP11A Execution completed, number of RECORDS - IN: 58,  OUT: 58
07:14:36.637 [main] INFO  o.s.batch.core.step.AbstractStep.execute  295 - Step: [writeSgp7344dPrgp4511_step11aSortOutput] executed in 77ms
07:14:36.665 [main] INFO  o.s.batch.core.job.SimpleStepHandler.handleStep  150 - Executing step: [prgp4511_step11bDecider]
07:14:36.729 [main] INFO  o.s.batch.core.step.AbstractStep.execute  295 - Step: [prgp4511_step11bDecider] executed in 61ms
07:14:36.749 [main] INFO  o.s.batch.core.job.SimpleStepHandler.handleStep  150 - Executing step: [readSgp7344dPrgp4511_step11bSortInput]
07:14:37.988 [main] INFO  o.s.batch.core.step.AbstractStep.execute  295 - Step: [readSgp7344dPrgp4511_step11bSortInput] executed in 1s237ms
07:14:38.010 [main] INFO  o.s.batch.core.job.SimpleStepHandler.handleStep  150 - Executing step: [sortSgp7344dPrgp4511_step11bProcess]
07:14:38.631 [main] INFO  o.s.batch.core.step.AbstractStep.execute  295 - Step: [sortSgp7344dPrgp4511_step11bProcess] executed in 619ms
07:14:38.650 [main] INFO  o.s.batch.core.job.SimpleStepHandler.handleStep  150 - Executing step: [writeSgp7344dPrgp4511_step11bSortOutput]
07:14:39.621 [main] INFO  c.c.a.t.Sgp7344dPrgp4511_step11bOutputWriter.afterStep  108 - STEPNAME: SGP7344DPRGP4511_STEP11B Execution completed, number of RECORDS - IN: 136300,  OUT: 136294
07:14:39.634 [main] INFO  o.s.batch.core.step.AbstractStep.execute  295 - Step: [writeSgp7344dPrgp4511_step11bSortOutput] executed in 982ms
07:14:39.644 [main] INFO  o.s.batch.core.job.SimpleStepHandler.handleStep  150 - Executing step: [printSummary]
07:14:39.658 [main] INFO  com.cloudframe.app.CFStepHandler.printExecutionSummary  265 - JOB : SGP7344D ENDED -  0000
07:14:39.659 [main] INFO  com.cloudframe.app.CFStepHandler.printExecutionSummary  269 - 

Stepwise Execution Summary :
+---------------------------------------------------------------------+
| STEPNAME              | PROGRAM   | RC          | ELAPSED           |
|                       |           |             | HH:MM:SS:ss       |
+---------------------------------------------------------------------+
| PRGP4511_STEP11A      | SORT      | 00          | 00:00:01:481      |
+---------------------------------------------------------------------+
| PRGP4511_STEP11B      | SORT      | 00          | 00:00:02:948      |
+---------------------------------------------------------------------+
  
07:14:39.666 [main] INFO  o.s.batch.core.step.AbstractStep.execute  295 - Step: [printSummary] executed in 21ms
07:14:39.682 [main] INFO  o.s.b.c.l.s.SimpleJobLauncher$1.run  161 - Job: [FlowJob: [name=SGP7344D]] completed with the following parameters: [{}] and the following status: [COMPLETED] in 4s584ms
07:14:39.698 [main] INFO  o.s.j.d.e.EmbeddedDatabaseFactory.shutdownDatabase  220 - Shutting down embedded database: url='jdbc:h2:mem:testdb;DB_CLOSE_DELAY=-1;DB_CLOSE_ON_EXIT=false'
