07:54:14.735 [main] INFO  o.s.boot.StartupInfoLogger.logStarting   50 - Starting CFApplication v0.0.1-SNAPSHOT using Java 17.0.14 with PID 3408437 (/home/jenkins/workspace/CFTestAutomation_Release/Testing/results/jcl/MCSFSORT/MCSFSORT/target/MCSFSORT-0.0.1-SNAPSHOT.jar started by root in /home/jenkins/workspace/CFTestAutomation_Release/Testing/results/jcl/MCSFSORT/MCSFSORT)
07:54:14.743 [main] INFO  o.s.boot.SpringApplication.logStartupProfileInfo  654 - No active profile set, falling back to 1 default profile: "default"
07:54:19.765 [main] INFO  o.s.boot.StartupInfoLogger.logStarted   56 - Started CFApplication in 6.416 seconds (process running for 7.742)
07:54:19.791 [main] INFO  c.c.app.utility.CFConfiguration.cfDataConnectIOInfo  107 - CFDataConnectIO version : 5.0.0.21
07:54:19.903 [main] INFO  c.c.a.u.d.plus.CFDcioConfiguration.cfDataConnectIOPlusInfo   28 - CFDataConnectIOPlus version : 5.0.0.21
07:54:19.938 [main] INFO  o.s.j.d.e.EmbeddedDatabaseFactory.initDatabase  189 - Starting embedded database: url='jdbc:h2:mem:testdb;DB_CLOSE_DELAY=-1;DB_CLOSE_ON_EXIT=false', username='sa'
07:54:21.482 [main] INFO  o.s.b.a.b.JobLauncherApplicationRunner.run  168 - Running default command line with: []
07:54:21.543 [main] INFO  o.s.b.c.l.s.SimpleJobLauncher$1.run  154 - Job: [FlowJob: [name=MCSFSORT]] launched with the following parameters: [{}]
07:54:21.611 [main] INFO  o.s.batch.core.job.SimpleStepHandler.handleStep  150 - Executing step: [sort001Decider]
07:54:21.664 [main] INFO  o.s.batch.core.step.AbstractStep.execute  295 - Step: [sort001Decider] executed in 51ms
07:54:21.685 [main] INFO  o.s.batch.core.job.SimpleStepHandler.handleStep  150 - Executing step: [McsfsortSort001Sort]
07:54:21.923 [main] INFO  c.c.app.tasks.McsfsortSort001Sort.afterStep  138 - STEPNAME: MCSFSORTSORT001 Execution completed, number of RECORDS - IN: 1000,  OUT: 523
07:54:21.936 [main] INFO  o.s.batch.core.step.AbstractStep.execute  295 - Step: [McsfsortSort001Sort] executed in 249ms
07:54:21.951 [main] INFO  o.s.batch.core.job.SimpleStepHandler.handleStep  150 - Executing step: [sort002Decider]
07:54:21.979 [main] INFO  o.s.batch.core.step.AbstractStep.execute  295 - Step: [sort002Decider] executed in 27ms
07:54:22.000 [main] INFO  o.s.batch.core.job.SimpleStepHandler.handleStep  150 - Executing step: [McsfsortSort002Sort]
07:54:22.044 [main] INFO  c.c.app.tasks.McsfsortSort002Sort.afterStep  138 - STEPNAME: MCSFSORTSORT002 Execution completed, number of RECORDS - IN: 100,  OUT: 56
07:54:22.063 [main] INFO  o.s.batch.core.step.AbstractStep.execute  295 - Step: [McsfsortSort002Sort] executed in 62ms
07:54:22.078 [main] INFO  o.s.batch.core.job.SimpleStepHandler.handleStep  150 - Executing step: [sort003Decider]
07:54:22.105 [main] INFO  o.s.batch.core.step.AbstractStep.execute  295 - Step: [sort003Decider] executed in 25ms
07:54:22.123 [main] INFO  o.s.batch.core.job.SimpleStepHandler.handleStep  150 - Executing step: [McsfsortSort003Sort]
07:54:22.205 [main] INFO  c.c.app.tasks.McsfsortSort003Sort.afterStep  123 - STEPNAME: MCSFSORTSORT003 Execution completed, number of RECORDS - IN: 1002,  OUT: 1002
07:54:22.209 [main] INFO  o.s.batch.core.step.AbstractStep.execute  295 - Step: [McsfsortSort003Sort] executed in 85ms
07:54:22.224 [main] INFO  o.s.batch.core.job.SimpleStepHandler.handleStep  150 - Executing step: [sort004Decider]
07:54:22.271 [main] INFO  o.s.batch.core.step.AbstractStep.execute  295 - Step: [sort004Decider] executed in 45ms
07:54:22.286 [main] INFO  o.s.batch.core.job.SimpleStepHandler.handleStep  150 - Executing step: [McsfsortSort004Sort]
07:54:22.340 [main] INFO  c.c.app.tasks.McsfsortSort004Sort.afterStep  205 - STEPNAME: MCSFSORTSORT004 Execution completed, number of RECORDS - IN: 0,  OUT: 460
07:54:22.342 [main] INFO  c.c.app.tasks.McsfsortSort004Sort.afterStep  207 - STEPNAME: MCSFSORTSORT004 Execution completed, number of RECORDS - IN: 0,  OUT: 460
07:54:22.342 [main] INFO  c.c.app.tasks.McsfsortSort004Sort.afterStep  209 - STEPNAME: MCSFSORTSORT004 Execution completed, number of RECORDS - IN: 0,  OUT: 413
07:54:22.343 [main] INFO  c.c.app.tasks.McsfsortSort004Sort.afterStep  211 - STEPNAME: MCSFSORTSORT004 Execution completed, number of RECORDS - IN: 0,  OUT: 171
07:54:22.344 [main] INFO  c.c.app.tasks.McsfsortSort004Sort.afterStep  213 - STEPNAME: MCSFSORTSORT004 Execution completed, number of RECORDS - IN: 0,  OUT: 127
07:54:22.346 [main] INFO  o.s.batch.core.step.AbstractStep.execute  295 - Step: [McsfsortSort004Sort] executed in 59ms
07:54:22.363 [main] INFO  o.s.batch.core.job.SimpleStepHandler.handleStep  150 - Executing step: [sort005Decider]
07:54:22.389 [main] INFO  o.s.batch.core.step.AbstractStep.execute  295 - Step: [sort005Decider] executed in 23ms
07:54:22.402 [main] INFO  o.s.batch.core.job.SimpleStepHandler.handleStep  150 - Executing step: [McsfsortSort005Sort]
07:54:22.554 [main] INFO  c.c.app.tasks.McsfsortSort005Sort.afterStep  130 - STEPNAME: MCSFSORTSORT005 Execution completed, number of RECORDS - IN: 1002,  OUT: 1000
07:54:22.567 [main] INFO  o.s.batch.core.step.AbstractStep.execute  295 - Step: [McsfsortSort005Sort] executed in 164ms
07:54:22.578 [main] INFO  o.s.batch.core.job.SimpleStepHandler.handleStep  150 - Executing step: [sort006Decider]
07:54:22.596 [main] INFO  o.s.batch.core.step.AbstractStep.execute  295 - Step: [sort006Decider] executed in 17ms
07:54:22.609 [main] INFO  o.s.batch.core.job.SimpleStepHandler.handleStep  150 - Executing step: [McsfsortSort006Sort]
07:54:22.657 [main] INFO  c.c.app.tasks.McsfsortSort006Sort.afterStep  130 - STEPNAME: MCSFSORTSORT006 Execution completed, number of RECORDS - IN: 1000,  OUT: 1000
07:54:22.660 [main] INFO  o.s.batch.core.step.AbstractStep.execute  295 - Step: [McsfsortSort006Sort] executed in 50ms
07:54:22.667 [main] INFO  o.s.batch.core.job.SimpleStepHandler.handleStep  150 - Executing step: [sort007Decider]
07:54:22.678 [main] INFO  o.s.batch.core.step.AbstractStep.execute  295 - Step: [sort007Decider] executed in 10ms
07:54:22.687 [main] INFO  o.s.batch.core.job.SimpleStepHandler.handleStep  150 - Executing step: [McsfsortSort007Sort]
07:54:22.706 [main] INFO  c.c.app.tasks.McsfsortSort007Sort.afterStep  123 - STEPNAME: MCSFSORTSORT007 Execution completed, number of RECORDS - IN: 1000,  OUT: 4
07:54:22.708 [main] INFO  o.s.batch.core.step.AbstractStep.execute  295 - Step: [McsfsortSort007Sort] executed in 20ms
07:54:22.715 [main] INFO  o.s.batch.core.job.SimpleStepHandler.handleStep  150 - Executing step: [sort008Decider]
07:54:22.728 [main] INFO  o.s.batch.core.step.AbstractStep.execute  295 - Step: [sort008Decider] executed in 13ms
07:54:22.738 [main] INFO  o.s.batch.core.job.SimpleStepHandler.handleStep  150 - Executing step: [McsfsortSort008Sort]
07:54:23.244 [main] INFO  c.c.app.sort.SpringAsyncConfig.threadPoolTaskExecutor   73 - Thread pool created based on usableMemory 19082867857 requiredByteForEachThread 40000000 with core pool size 20 max pool size 40
07:54:23.395 [main] INFO  c.c.a.s.s.d.SortStrategyDeciderImpl.decideSortStrategy  117 - Calculated details for strategy decider fileSize 52000 noOfRecords 2000 fileSizeWithOverHead 64000 keysSizeInBytes 28000 fileSizeWithKeysAndRecords64000
07:54:23.514 [main] INFO  c.c.a.s.s.d.SortStrategyDeciderImpl.getStrategy  221 - Strategy to be adopted is IN_MEMORY_KEY
07:54:23.515 [main] INFO  c.c.a.s.s.d.SortStrategyDeciderImpl.decideSortStrategy  150 - APPLYING INMEMORY KEY SORT STRATEGY
07:54:23.618 [main] INFO  c.c.a.s.s.d.SortStrategyDeciderImpl.decideSortStrategy  117 - Calculated details for strategy decider fileSize 342360 noOfRecords 1902 fileSizeWithOverHead 353772 keysSizeInBytes 26628 fileSizeWithKeysAndRecords353772
07:54:23.739 [main] INFO  c.c.a.s.s.d.SortStrategyDeciderImpl.getStrategy  221 - Strategy to be adopted is IN_MEMORY_KEY
07:54:23.740 [main] INFO  c.c.a.s.s.d.SortStrategyDeciderImpl.decideSortStrategy  150 - APPLYING INMEMORY KEY SORT STRATEGY
07:54:23.978 [main] INFO  c.c.app.tasks.McsfsortSort008Sort.processReformat  456 - STEPNAME: SORT008 Joinkey Formatter execution completed, number of RECORDS - IN: 1902,  OUT: 1902
07:54:24.047 [main] INFO  c.c.app.tasks.McsfsortSort008Sort.afterStep  257 - STEPNAME: MCSFSORTSORT008 Execution completed, number of RECORDS - IN: 1902,  OUT: 1902
07:54:24.051 [main] INFO  o.s.batch.core.step.AbstractStep.execute  295 - Step: [McsfsortSort008Sort] executed in 1s313ms
07:54:24.068 [main] INFO  o.s.batch.core.job.SimpleStepHandler.handleStep  150 - Executing step: [sort009Decider]
07:54:24.100 [main] INFO  o.s.batch.core.step.AbstractStep.execute  295 - Step: [sort009Decider] executed in 30ms
07:54:24.119 [main] INFO  o.s.batch.core.job.SimpleStepHandler.handleStep  150 - Executing step: [McsfsortSort009Sort]
07:54:24.281 [main] INFO  c.c.app.tasks.McsfsortSort009Sort.afterStep  123 - STEPNAME: MCSFSORTSORT009 Execution completed, number of RECORDS - IN: 1002,  OUT: 945
07:54:24.336 [main] INFO  o.s.batch.core.step.AbstractStep.execute  295 - Step: [McsfsortSort009Sort] executed in 215ms
07:54:24.353 [main] INFO  o.s.batch.core.job.SimpleStepHandler.handleStep  150 - Executing step: [sort010Decider]
07:54:24.379 [main] INFO  o.s.batch.core.step.AbstractStep.execute  295 - Step: [sort010Decider] executed in 25ms
07:54:24.393 [main] INFO  o.s.batch.core.job.SimpleStepHandler.handleStep  150 - Executing step: [McsfsortSort010Sort]
07:54:24.446 [main] INFO  c.c.app.tasks.McsfsortSort010Sort.afterStep  137 - STEPNAME: MCSFSORTSORT010 Execution completed, number of RECORDS - IN: 0,  OUT: 53
07:54:24.449 [main] INFO  o.s.batch.core.step.AbstractStep.execute  295 - Step: [McsfsortSort010Sort] executed in 55ms
07:54:24.460 [main] INFO  o.s.batch.core.job.SimpleStepHandler.handleStep  150 - Executing step: [sort011Decider]
07:54:24.480 [main] INFO  o.s.batch.core.step.AbstractStep.execute  295 - Step: [sort011Decider] executed in 18ms
07:54:24.495 [main] INFO  o.s.batch.core.job.SimpleStepHandler.handleStep  150 - Executing step: [McsfsortSort011Sort]
07:54:24.559 [main] INFO  c.c.app.tasks.McsfsortSort011Sort.afterStep  131 - STEPNAME: MCSFSORTSORT011 Execution completed, number of RECORDS - IN: 1000,  OUT: 946
07:54:24.563 [main] INFO  o.s.batch.core.step.AbstractStep.execute  295 - Step: [McsfsortSort011Sort] executed in 67ms
07:54:24.574 [main] INFO  o.s.batch.core.job.SimpleStepHandler.handleStep  150 - Executing step: [sort012Decider]
07:54:24.600 [main] INFO  o.s.batch.core.step.AbstractStep.execute  295 - Step: [sort012Decider] executed in 25ms
07:54:24.614 [main] INFO  o.s.batch.core.job.SimpleStepHandler.handleStep  150 - Executing step: [McsfsortSort012Sort]
07:54:24.759 [main] INFO  c.c.app.tasks.McsfsortSort012Sort.afterStep  173 - STEPNAME: MCSFSORTSORT012 Execution completed, number of RECORDS - IN: 0,  OUT: 191
07:54:24.762 [main] INFO  c.c.app.tasks.McsfsortSort012Sort.afterStep  175 - STEPNAME: MCSFSORTSORT012 Execution completed, number of RECORDS - IN: 0,  OUT: 413
07:54:24.786 [main] INFO  c.c.app.tasks.McsfsortSort012Sort.afterStep  177 - STEPNAME: MCSFSORTSORT012 Execution completed, number of RECORDS - IN: 0,  OUT: 130
07:54:24.791 [main] INFO  o.s.batch.core.step.AbstractStep.execute  295 - Step: [McsfsortSort012Sort] executed in 176ms
07:54:24.806 [main] INFO  o.s.batch.core.job.SimpleStepHandler.handleStep  150 - Executing step: [sort013Decider]
07:54:24.835 [main] INFO  o.s.batch.core.step.AbstractStep.execute  295 - Step: [sort013Decider] executed in 27ms
07:54:24.854 [main] INFO  o.s.batch.core.job.SimpleStepHandler.handleStep  150 - Executing step: [McsfsortSort013Sort]
07:54:24.931 [main] INFO  c.c.app.tasks.McsfsortSort013Sort.afterStep  126 - STEPNAME: MCSFSORTSORT013 Execution completed, number of RECORDS - IN: 1000,  OUT: 744
07:54:24.936 [main] INFO  o.s.batch.core.step.AbstractStep.execute  295 - Step: [McsfsortSort013Sort] executed in 79ms
07:54:24.952 [main] INFO  o.s.batch.core.job.SimpleStepHandler.handleStep  150 - Executing step: [sort014Decider]
07:54:24.982 [main] INFO  o.s.batch.core.step.AbstractStep.execute  295 - Step: [sort014Decider] executed in 27ms
07:54:25.000 [main] INFO  o.s.batch.core.job.SimpleStepHandler.handleStep  150 - Executing step: [McsfsortSort014Sort]
07:54:25.051 [main] INFO  c.c.app.tasks.McsfsortSort014Sort.afterStep  124 - STEPNAME: MCSFSORTSORT014 Execution completed, number of RECORDS - IN: 1000,  OUT: 101
07:54:25.054 [main] INFO  o.s.batch.core.step.AbstractStep.execute  295 - Step: [McsfsortSort014Sort] executed in 53ms
07:54:25.072 [main] INFO  o.s.batch.core.job.SimpleStepHandler.handleStep  150 - Executing step: [sort015Decider]
07:54:25.102 [main] INFO  o.s.batch.core.step.AbstractStep.execute  295 - Step: [sort015Decider] executed in 29ms
07:54:25.115 [main] INFO  o.s.batch.core.job.SimpleStepHandler.handleStep  150 - Executing step: [McsfsortSort015Sort]
07:54:25.352 [main] INFO  c.c.a.s.s.d.SortStrategyDeciderImpl.decideSortStrategy  117 - Calculated details for strategy decider fileSize 10000 noOfRecords 100 fileSizeWithOverHead 20000 keysSizeInBytes 10800 fileSizeWithKeysAndRecords20000
07:54:25.636 [main] INFO  c.c.a.s.s.d.SortStrategyDeciderImpl.getStrategy  221 - Strategy to be adopted is IN_MEMORY_KEY
07:54:25.637 [main] INFO  c.c.a.s.s.d.SortStrategyDeciderImpl.decideSortStrategy  150 - APPLYING INMEMORY KEY SORT STRATEGY
07:54:25.837 [main] INFO  c.c.a.s.s.d.SortStrategyDeciderImpl.decideSortStrategy  117 - Calculated details for strategy decider fileSize 10000 noOfRecords 100 fileSizeWithOverHead 20000 keysSizeInBytes 10800 fileSizeWithKeysAndRecords20000
07:54:25.992 [main] INFO  c.c.a.s.s.d.SortStrategyDeciderImpl.getStrategy  221 - Strategy to be adopted is IN_MEMORY_KEY
07:54:25.993 [main] INFO  c.c.a.s.s.d.SortStrategyDeciderImpl.decideSortStrategy  150 - APPLYING INMEMORY KEY SORT STRATEGY
07:54:26.000 [main] INFO  c.c.app.tasks.McsfsortSort015Sort.processReformat  291 - STEPNAME: SORT015 Joinkey Formatter execution completed, number of RECORDS - IN: 10,  OUT: 10
07:54:26.005 [main] INFO  c.c.app.tasks.McsfsortSort015Sort.afterStep  151 - STEPNAME: MCSFSORTSORT015 Execution completed, number of RECORDS - IN: 10,  OUT: 10
07:54:26.008 [main] INFO  o.s.batch.core.step.AbstractStep.execute  295 - Step: [McsfsortSort015Sort] executed in 892ms
07:54:26.015 [main] INFO  o.s.batch.core.job.SimpleStepHandler.handleStep  150 - Executing step: [sort016Decider]
07:54:26.040 [main] INFO  o.s.batch.core.step.AbstractStep.execute  295 - Step: [sort016Decider] executed in 24ms
07:54:26.051 [main] INFO  o.s.batch.core.job.SimpleStepHandler.handleStep  150 - Executing step: [McsfsortSort016Sort]
07:54:26.347 [main] INFO  c.c.a.s.s.d.SortStrategyDeciderImpl.decideSortStrategy  117 - Calculated details for strategy decider fileSize 66100 noOfRecords 1322 fileSizeWithOverHead 116336 keysSizeInBytes 60812 fileSizeWithKeysAndRecords116336
07:54:26.672 [main] INFO  c.c.a.s.s.d.SortStrategyDeciderImpl.getStrategy  221 - Strategy to be adopted is IN_MEMORY_KEY
07:54:26.673 [main] INFO  c.c.a.s.s.d.SortStrategyDeciderImpl.decideSortStrategy  150 - APPLYING INMEMORY KEY SORT STRATEGY
07:54:26.878 [main] INFO  c.c.a.s.s.d.SortStrategyDeciderImpl.decideSortStrategy  117 - Calculated details for strategy decider fileSize 67850 noOfRecords 1357 fileSizeWithOverHead 119416 keysSizeInBytes 62422 fileSizeWithKeysAndRecords119416
07:54:27.097 [main] INFO  c.c.a.s.s.d.SortStrategyDeciderImpl.getStrategy  221 - Strategy to be adopted is IN_MEMORY_KEY
07:54:27.097 [main] INFO  c.c.a.s.s.d.SortStrategyDeciderImpl.decideSortStrategy  150 - APPLYING INMEMORY KEY SORT STRATEGY
07:54:27.145 [main] INFO  c.c.app.tasks.McsfsortSort016Sort.afterStep  276 - STEPNAME: MCSFSORTSORT016 Execution completed, number of RECORDS - IN: 2679,  OUT: 679
07:54:27.146 [main] INFO  c.c.app.tasks.McsfsortSort016Sort.afterStep  278 - STEPNAME: MCSFSORTSORT016 Execution completed, number of RECORDS - IN: 2679,  OUT: 643
07:54:27.146 [main] INFO  c.c.app.tasks.McsfsortSort016Sort.afterStep  280 - STEPNAME: MCSFSORTSORT016 Execution completed, number of RECORDS - IN: 2679,  OUT: 678
07:54:27.148 [main] INFO  o.s.batch.core.step.AbstractStep.execute  295 - Step: [McsfsortSort016Sort] executed in 1s97ms
07:54:27.158 [main] INFO  o.s.batch.core.job.SimpleStepHandler.handleStep  150 - Executing step: [sort017Decider]
07:54:27.189 [main] INFO  o.s.batch.core.step.AbstractStep.execute  295 - Step: [sort017Decider] executed in 30ms
07:54:27.216 [main] INFO  o.s.batch.core.job.SimpleStepHandler.handleStep  150 - Executing step: [McsfsortSort017Sort]
07:54:27.555 [main] INFO  c.c.a.s.s.d.SortStrategyDeciderImpl.decideSortStrategy  117 - Calculated details for strategy decider fileSize 10000 noOfRecords 100 fileSizeWithOverHead 20000 keysSizeInBytes 10800 fileSizeWithKeysAndRecords20000
07:54:27.776 [main] INFO  c.c.a.s.s.d.SortStrategyDeciderImpl.getStrategy  221 - Strategy to be adopted is IN_MEMORY_KEY
07:54:27.777 [main] INFO  c.c.a.s.s.d.SortStrategyDeciderImpl.decideSortStrategy  150 - APPLYING INMEMORY KEY SORT STRATEGY
07:54:27.951 [main] INFO  c.c.a.s.s.d.SortStrategyDeciderImpl.decideSortStrategy  117 - Calculated details for strategy decider fileSize 10000 noOfRecords 100 fileSizeWithOverHead 20000 keysSizeInBytes 10800 fileSizeWithKeysAndRecords20000
07:54:28.117 [main] INFO  c.c.a.s.s.d.SortStrategyDeciderImpl.getStrategy  221 - Strategy to be adopted is IN_MEMORY_KEY
07:54:28.118 [main] INFO  c.c.a.s.s.d.SortStrategyDeciderImpl.decideSortStrategy  150 - APPLYING INMEMORY KEY SORT STRATEGY
07:54:28.122 [main] INFO  c.c.app.tasks.McsfsortSort017Sort.processReformat  282 - STEPNAME: SORT017 Joinkey Formatter execution completed, number of RECORDS - IN: 5,  OUT: 5
07:54:28.127 [main] INFO  c.c.app.tasks.McsfsortSort017Sort.afterStep  151 - STEPNAME: MCSFSORTSORT017 Execution completed, number of RECORDS - IN: 5,  OUT: 5
07:54:28.130 [main] INFO  o.s.batch.core.step.AbstractStep.execute  295 - Step: [McsfsortSort017Sort] executed in 913ms
07:54:28.143 [main] INFO  o.s.batch.core.job.SimpleStepHandler.handleStep  150 - Executing step: [sort018Decider]
07:54:28.162 [main] INFO  o.s.batch.core.step.AbstractStep.execute  295 - Step: [sort018Decider] executed in 18ms
07:54:28.172 [main] INFO  o.s.batch.core.job.SimpleStepHandler.handleStep  150 - Executing step: [McsfsortSort018Sort]
07:54:28.405 [main] INFO  c.c.a.s.s.d.SortStrategyDeciderImpl.decideSortStrategy  117 - Calculated details for strategy decider fileSize 10000 noOfRecords 100 fileSizeWithOverHead 20000 keysSizeInBytes 10800 fileSizeWithKeysAndRecords20000
07:54:28.644 [main] INFO  c.c.a.s.s.d.SortStrategyDeciderImpl.getStrategy  221 - Strategy to be adopted is IN_MEMORY_KEY
07:54:28.645 [main] INFO  c.c.a.s.s.d.SortStrategyDeciderImpl.decideSortStrategy  150 - APPLYING INMEMORY KEY SORT STRATEGY
07:54:28.880 [main] INFO  c.c.a.s.s.d.SortStrategyDeciderImpl.decideSortStrategy  117 - Calculated details for strategy decider fileSize 10000 noOfRecords 100 fileSizeWithOverHead 20000 keysSizeInBytes 10800 fileSizeWithKeysAndRecords20000
07:54:29.107 [main] INFO  c.c.a.s.s.d.SortStrategyDeciderImpl.getStrategy  221 - Strategy to be adopted is IN_MEMORY_KEY
07:54:29.108 [main] INFO  c.c.a.s.s.d.SortStrategyDeciderImpl.decideSortStrategy  150 - APPLYING INMEMORY KEY SORT STRATEGY
07:54:29.113 [main] INFO  c.c.app.tasks.McsfsortSort018Sort.processReformat  282 - STEPNAME: SORT018 Joinkey Formatter execution completed, number of RECORDS - IN: 5,  OUT: 5
07:54:29.119 [main] INFO  c.c.app.tasks.McsfsortSort018Sort.afterStep  151 - STEPNAME: MCSFSORTSORT018 Execution completed, number of RECORDS - IN: 5,  OUT: 5
07:54:29.122 [main] INFO  o.s.batch.core.step.AbstractStep.execute  295 - Step: [McsfsortSort018Sort] executed in 949ms
07:54:29.130 [main] INFO  o.s.batch.core.job.SimpleStepHandler.handleStep  150 - Executing step: [printSummary]
07:54:29.156 [main] INFO  com.cloudframe.app.CFStepHandler.printExecutionSummary  372 - JOB : MCSFSORT ENDED -  0000
07:54:29.156 [main] INFO  com.cloudframe.app.CFStepHandler.printExecutionSummary  376 - 

Stepwise Execution Summary :
+------------------------------------------------------------+
| STEPNAME     | PROGRAM   | RC          | ELAPSED           |
|              |           |             | HH:MM:SS:ss       |
+------------------------------------------------------------+
| SORT001      | SORT      | 00          | 00:00:00:306      |
+------------------------------------------------------------+
| SORT002      | SORT      | 00          | 00:00:00:088      |
+------------------------------------------------------------+
| SORT003      | SORT      | 00          | 00:00:00:122      |
+------------------------------------------------------------+
| SORT004      | SORT      | 00          | 00:00:00:112      |
+------------------------------------------------------------+
| SORT005      | SORT      | 00          | 00:00:00:186      |
+------------------------------------------------------------+
| SORT006      | SORT      | 00          | 00:00:00:076      |
+------------------------------------------------------------+
| SORT007      | SORT      | 00          | 00:00:00:035      |
+------------------------------------------------------------+
| SORT008      | SORT      | 00          | 00:00:01:327      |
+------------------------------------------------------------+
| SORT009      | SORT      | 00          | 00:00:00:208      |
+------------------------------------------------------------+
| SORT010      | SORT      | 00          | 00:00:00:088      |
+------------------------------------------------------------+
| SORT011      | SORT      | 00          | 00:00:00:094      |
+------------------------------------------------------------+
| SORT012      | SORT      | 00          | 00:00:00:181      |
+------------------------------------------------------------+
| SORT013      | SORT      | 00          | 00:00:00:118      |
+------------------------------------------------------------+
| SORT014      | SORT      | 00          | 00:00:00:093      |
+------------------------------------------------------------+
| SORT015      | SORT      | 00          | 00:00:00:930      |
+------------------------------------------------------------+
| SORT016      | SORT      | 00          | 00:00:01:126      |
+------------------------------------------------------------+
| SORT017      | SORT      | 00          | 00:00:00:967      |
+------------------------------------------------------------+
| SORT018      | SORT      | 00          | 00:00:00:973      |
+------------------------------------------------------------+
  
07:54:29.161 [main] INFO  o.s.batch.core.step.AbstractStep.execute  295 - Step: [printSummary] executed in 30ms
07:54:29.175 [main] INFO  o.s.b.c.l.s.SimpleJobLauncher$1.run  161 - Job: [FlowJob: [name=MCSFSORT]] completed with the following parameters: [{}] and the following status: [COMPLETED] in 7s599ms
07:54:29.191 [main] INFO  o.s.j.d.e.EmbeddedDatabaseFactory.shutdownDatabase  220 - Shutting down embedded database: url='jdbc:h2:mem:testdb;DB_CLOSE_DELAY=-1;DB_CLOSE_ON_EXIT=false'
