09:58:17.135 [main] INFO  o.s.boot.StartupInfoLogger.logStarting   50 - Starting CFApplication v0.0.1-SNAPSHOT using Java 17.0.14 with PID 1563117 (/home/jenkins/workspace/CFTestAutomation_Release/Testing/results/jcl/USB3QSAM/USB3QSAM/target/USB3QSAM-0.0.1-SNAPSHOT.jar started by root in /home/jenkins/workspace/CFTestAutomation_Release/Testing/results/jcl/USB3QSAM/USB3QSAM)
09:58:17.147 [main] INFO  o.s.boot.SpringApplication.logStartupProfileInfo  654 - No active profile set, falling back to 1 default profile: "default"
09:58:20.605 [main] INFO  o.s.boot.StartupInfoLogger.logStarted   56 - Started CFApplication in 5.009 seconds (process running for 5.777)
09:58:20.639 [main] INFO  c.c.app.utility.CFConfiguration.cfDataConnectIOInfo  107 - CFDataConnectIO version : 5.0.0.21
09:58:20.791 [main] INFO  c.c.a.u.d.plus.CFDcioConfiguration.cfDataConnectIOPlusInfo   28 - CFDataConnectIOPlus version : 5.0.0.21
09:58:20.857 [main] INFO  o.s.j.d.e.EmbeddedDatabaseFactory.initDatabase  189 - Starting embedded database: url='jdbc:h2:mem:testdb;DB_CLOSE_DELAY=-1;DB_CLOSE_ON_EXIT=false', username='sa'
09:58:22.686 [main] INFO  o.s.b.a.b.JobLauncherApplicationRunner.run  168 - Running default command line with: []
09:58:22.797 [main] INFO  o.s.b.c.l.s.SimpleJobLauncher$1.run  154 - Job: [SimpleJob: [name=USB3QSAM]] launched with the following parameters: [{}]
09:58:22.883 [main] INFO  o.s.batch.core.job.SimpleStepHandler.handleStep  150 - Executing step: [step01]
09:58:22.913 [main] WARN  c.c.app.utility.JclUtilsImpl.handleFiles  310 - File CLOUDFRM.IDCAMS.USB3QSAM.OUTPUT is not available 
09:58:22.914 [main] ERROR c.c.app.utility.JclUtilsImpl.handleDispPostion  123 - Error on handling disposition for STEP01.IDCAMS.Outdd - null 
09:58:22.964 [main] INFO  o.s.batch.core.step.AbstractStep.execute  295 - Step: [step01] executed in 76ms
09:58:22.989 [main] INFO  o.s.batch.core.job.SimpleStepHandler.handleStep  150 - Executing step: [printSummary]
09:58:23.016 [main] INFO  com.cloudframe.app.CFStepHandler.printExecutionSummary  254 - JOB : USB3QSAM ENDED -  0000
09:58:23.017 [main] INFO  com.cloudframe.app.CFStepHandler.printExecutionSummary  258 - 

Stepwise Execution Summary :
+-------------------------------------------------------------+
| STEPNAME    | PROGRAM     | RC          | ELAPSED           |
|             |             |             | HH:MM:SS:ss       |
+-------------------------------------------------------------+
| STEP01      | IDCAMS      | 00          | 00:00:00:076      |
+-------------------------------------------------------------+
  
09:58:23.029 [main] INFO  o.s.batch.core.step.AbstractStep.execute  295 - Step: [printSummary] executed in 39ms
09:58:23.059 [main] INFO  o.s.b.c.l.s.SimpleJobLauncher$1.run  161 - Job: [SimpleJob: [name=USB3QSAM]] completed with the following parameters: [{}] and the following status: [COMPLETED] in 214ms
09:58:23.073 [main] INFO  o.s.j.d.e.EmbeddedDatabaseFactory.shutdownDatabase  220 - Shutting down embedded database: url='jdbc:h2:mem:testdb;DB_CLOSE_DELAY=-1;DB_CLOSE_ON_EXIT=false'
