10:13:03.271 [main] INFO  o.s.boot.StartupInfoLogger.logStarting   50 - Starting CFApplication v0.0.1-SNAPSHOT using Java 17.0.14 with PID 1627663 (/home/jenkins/workspace/CFTestAutomation_Release/Testing/results/qsam/READ0001/READ0001/target/READ0001-0.0.1-SNAPSHOT.jar started by root in /home/jenkins/workspace/CFTestAutomation_Release/Testing/results/qsam/READ0001/READ0001)
10:13:03.277 [main] INFO  o.s.boot.SpringApplication.logStartupProfileInfo  654 - No active profile set, falling back to 1 default profile: "default"
10:13:04.284 [main] INFO  o.s.boot.StartupInfoLogger.logStarted   56 - Started CFApplication in 1.925 seconds (process running for 3.17)
10:13:04.296 [main] INFO  c.c.app.utility.CFConfiguration.cfDataConnectIOInfo  107 - CFDataConnectIO version : 5.0.0.21
10:13:04.367 [main] INFO  com.cloudframe.app.process.Read0001.openReadClose1stTime  154 -  
10:13:04.368 [main] INFO  com.cloudframe.app.process.Read0001.openReadClose1stTime  156 - Following are the rows read back
10:13:04.368 [main] INFO  com.cloudframe.app.process.Read0001.openReadClose1stTime  158 - --------------------------------
10:13:04.368 [main] INFO  com.cloudframe.app.process.Read0001.openReadClose1stTime  160 -  
10:13:04.369 [main] INFO  com.cloudframe.app.process.Read0001.openReadClose1stTime  181 - >>>>>>>>                                                                00000100
10:13:04.370 [main] INFO  com.cloudframe.app.process.Read0001.openReadClose1stTime  181 - AAAAAAAA                                                                00000200
10:13:04.371 [main] INFO  com.cloudframe.app.process.Read0001.openReadClose1stTime  181 - BBBBBBBB                                                                00000300
10:13:04.371 [main] INFO  com.cloudframe.app.process.Read0001.openReadClose1stTime  181 - CCCCCCCC                                                                00000400
10:13:04.371 [main] INFO  com.cloudframe.app.process.Read0001.openReadClose1stTime  181 - <<<<<<<<                                                                00000500
10:13:04.371 [main] INFO  com.cloudframe.app.process.Read0001.openReadClose2ndTime  231 -  
10:13:04.372 [main] INFO  com.cloudframe.app.process.Read0001.openReadClose2ndTime  233 - Following are the rows read back
10:13:04.372 [main] INFO  com.cloudframe.app.process.Read0001.openReadClose2ndTime  235 - --------------------------------
10:13:04.372 [main] INFO  com.cloudframe.app.process.Read0001.openReadClose2ndTime  237 -  
10:13:04.372 [main] INFO  com.cloudframe.app.process.Read0001.openReadClose2ndTime  258 - >>>>>>>>                                                                00000100
10:13:04.372 [main] INFO  com.cloudframe.app.process.Read0001.openReadClose2ndTime  258 - AAAAAAAA                                                                00000200
10:13:04.372 [main] INFO  com.cloudframe.app.process.Read0001.openReadClose2ndTime  258 - BBBBBBBB                                                                00000300
10:13:04.372 [main] INFO  com.cloudframe.app.process.Read0001.openReadClose2ndTime  258 - CCCCCCCC                                                                00000400
10:13:04.373 [main] INFO  com.cloudframe.app.process.Read0001.openReadClose2ndTime  258 - <<<<<<<<                                                                00000500
10:13:04.373 [main] INFO  com.cloudframe.app.process.Read0002.mainline   81 - INSIDE READVB03
10:13:04.373 [main] INFO  com.cloudframe.app.process.Read0002.openReadClose1stTime  149 -  
10:13:04.373 [main] INFO  com.cloudframe.app.process.Read0002.openReadClose1stTime  151 - Following are the rows read back
10:13:04.373 [main] INFO  com.cloudframe.app.process.Read0002.openReadClose1stTime  153 - --------------------------------
10:13:04.374 [main] INFO  com.cloudframe.app.process.Read0002.openReadClose1stTime  155 -  
10:13:04.374 [main] INFO  com.cloudframe.app.process.Read0002.openReadClose1stTime  176 - >>>>>>>>                                                                00000100
10:13:04.374 [main] INFO  com.cloudframe.app.process.Read0002.openReadClose1stTime  176 - AAAAAAAA                                                                00000200
10:13:04.374 [main] INFO  com.cloudframe.app.process.Read0002.openReadClose1stTime  176 - BBBBBBBB                                                                00000300
10:13:04.374 [main] INFO  com.cloudframe.app.process.Read0002.openReadClose1stTime  176 - CCCCCCCC                                                                00000400
10:13:04.374 [main] INFO  com.cloudframe.app.process.Read0002.openReadClose1stTime  176 - <<<<<<<<                                                                00000500
10:13:04.375 [main] INFO  com.cloudframe.app.process.Read0002.openReadClose2ndTime  226 -  
10:13:04.375 [main] INFO  com.cloudframe.app.process.Read0002.openReadClose2ndTime  228 - Following are the rows read back
10:13:04.375 [main] INFO  com.cloudframe.app.process.Read0002.openReadClose2ndTime  230 - --------------------------------
10:13:04.375 [main] INFO  com.cloudframe.app.process.Read0002.openReadClose2ndTime  232 -  
10:13:04.375 [main] INFO  com.cloudframe.app.process.Read0002.openReadClose2ndTime  253 - >>>>>>>>                                                                00000100
10:13:04.375 [main] INFO  com.cloudframe.app.process.Read0002.openReadClose2ndTime  253 - AAAAAAAA                                                                00000200
10:13:04.376 [main] INFO  com.cloudframe.app.process.Read0002.openReadClose2ndTime  253 - BBBBBBBB                                                                00000300
10:13:04.376 [main] INFO  com.cloudframe.app.process.Read0002.openReadClose2ndTime  253 - CCCCCCCC                                                                00000400
10:13:04.376 [main] INFO  com.cloudframe.app.process.Read0002.openReadClose2ndTime  253 - <<<<<<<<                                                                00000500
10:13:04.376 [main] INFO  com.cloudframe.app.process.Read0002.openReadClose3rdTime  303 -  
10:13:04.376 [main] INFO  com.cloudframe.app.process.Read0002.openReadClose3rdTime  305 - Following are the rows read back
10:13:04.376 [main] INFO  com.cloudframe.app.process.Read0002.openReadClose3rdTime  307 - --------------------------------
10:13:04.377 [main] INFO  com.cloudframe.app.process.Read0002.openReadClose3rdTime  309 -  
10:13:04.377 [main] INFO  com.cloudframe.app.process.Read0002.openReadClose3rdTime  330 - >>>>>>>>                                                                00000100
10:13:04.377 [main] INFO  com.cloudframe.app.process.Read0002.openReadClose3rdTime  330 - AAAAAAAA                                                                00000200
10:13:04.377 [main] INFO  com.cloudframe.app.process.Read0002.openReadClose3rdTime  330 - BBBBBBBB                                                                00000300
10:13:04.377 [main] INFO  com.cloudframe.app.process.Read0002.openReadClose3rdTime  330 - CCCCCCCC                                                                00000400
10:13:04.378 [main] INFO  com.cloudframe.app.process.Read0002.openReadClose3rdTime  330 - <<<<<<<<                                                                00000500
10:13:04.378 [main] INFO  com.cloudframe.app.process.Read0002.mainline   98 - EXITING READVB03
10:13:04.378 [main] INFO  com.cloudframe.app.process.Read0001.openReadClose3rdTime  308 -  
10:13:04.378 [main] INFO  com.cloudframe.app.process.Read0001.openReadClose3rdTime  310 - Following are the rows read back
10:13:04.378 [main] INFO  com.cloudframe.app.process.Read0001.openReadClose3rdTime  312 - --------------------------------
10:13:04.378 [main] INFO  com.cloudframe.app.process.Read0001.openReadClose3rdTime  314 -  
10:13:04.379 [main] INFO  com.cloudframe.app.process.Read0001.openReadClose3rdTime  335 - >>>>>>>>                                                                00000100
10:13:04.379 [main] INFO  com.cloudframe.app.process.Read0001.openReadClose3rdTime  335 - AAAAAAAA                                                                00000200
10:13:04.379 [main] INFO  com.cloudframe.app.process.Read0001.openReadClose3rdTime  335 - BBBBBBBB                                                                00000300
10:13:04.379 [main] INFO  com.cloudframe.app.process.Read0001.openReadClose3rdTime  335 - CCCCCCCC                                                                00000400
10:13:04.379 [main] INFO  com.cloudframe.app.process.Read0001.openReadClose3rdTime  335 - <<<<<<<<                                                                00000500
