07:08:57.484 [main] INFO  o.s.boot.StartupInfoLogger.logStarting   50 - Starting CFApplication v0.0.1-SNAPSHOT using Java 17.0.14 with PID 1326621 (/home/jenkins/workspace/CFTestAutomation_Release/Testing/results/jcl/SORTZDCOMP1/SORTZDCOMP1/target/SORTZDCOMP1-0.0.1-SNAPSHOT.jar started by root in /home/jenkins/workspace/CFTestAutomation_Release/Testing/results/jcl/SORTZDCOMP1/SORTZDCOMP1)
07:08:57.490 [main] INFO  o.s.boot.SpringApplication.logStartupProfileInfo  654 - No active profile set, falling back to 1 default profile: "default"
07:09:00.403 [main] INFO  o.s.boot.StartupInfoLogger.logStarted   56 - Started CFApplication in 3.865 seconds (process running for 4.7)
07:09:00.422 [main] INFO  c.c.app.utility.CFConfiguration.cfDataConnectIOInfo  107 - CFDataConnectIO version : 5.0.0.21
07:09:00.510 [main] INFO  c.c.a.u.d.plus.CFDcioConfiguration.cfDataConnectIOPlusInfo   28 - CFDataConnectIOPlus version : 5.0.0.21
07:09:00.539 [main] INFO  o.s.j.d.e.EmbeddedDatabaseFactory.initDatabase  189 - Starting embedded database: url='jdbc:h2:mem:testdb;DB_CLOSE_DELAY=-1;DB_CLOSE_ON_EXIT=false', username='sa'
07:09:01.788 [main] INFO  o.s.b.a.b.JobLauncherApplicationRunner.run  168 - Running default command line with: []
07:09:01.872 [main] INFO  o.s.b.c.l.s.SimpleJobLauncher$1.run  154 - Job: [FlowJob: [name=SORTZDCOMP1]] launched with the following parameters: [{}]
07:09:01.947 [main] INFO  o.s.batch.core.job.SimpleStepHandler.handleStep  150 - Executing step: [mrgzpmts_sortDecider]
07:09:02.022 [main] INFO  o.s.batch.core.step.AbstractStep.execute  295 - Step: [mrgzpmts_sortDecider] executed in 72ms
07:09:02.069 [main] INFO  o.s.batch.core.job.SimpleStepHandler.handleStep  150 - Executing step: [readSortzdcomp1Mrgzpmts_sortSortInput]
07:09:02.253 [main] INFO  o.s.batch.core.step.AbstractStep.execute  295 - Step: [readSortzdcomp1Mrgzpmts_sortSortInput] executed in 183ms
07:09:02.285 [main] INFO  o.s.batch.core.job.SimpleStepHandler.handleStep  150 - Executing step: [sortSortzdcomp1Mrgzpmts_sortProcess]
07:09:02.360 [main] INFO  o.s.batch.core.step.AbstractStep.execute  295 - Step: [sortSortzdcomp1Mrgzpmts_sortProcess] executed in 73ms
07:09:02.395 [main] INFO  o.s.batch.core.job.SimpleStepHandler.handleStep  150 - Executing step: [writeSortzdcomp1Mrgzpmts_sortSortOutput]
07:09:02.527 [main] INFO  c.c.a.t.Sortzdcomp1Mrgzpmts_sortOutputWriter.afterStep  101 - STEPNAME: SORTZDCOMP1MRGZPMTS_SORT Execution completed, number of RECORDS - IN: 951,  OUT: 951
07:09:02.535 [main] INFO  o.s.batch.core.step.AbstractStep.execute  295 - Step: [writeSortzdcomp1Mrgzpmts_sortSortOutput] executed in 139ms
07:09:02.560 [main] INFO  o.s.batch.core.job.SimpleStepHandler.handleStep  150 - Executing step: [printSummary]
07:09:02.582 [main] INFO  com.cloudframe.app.CFStepHandler.printExecutionSummary  256 - JOB : SORTZDCOMP1 ENDED -  0000
07:09:02.584 [main] INFO  com.cloudframe.app.CFStepHandler.printExecutionSummary  260 - 

Stepwise Execution Summary :
+------------------------------------------------------------------+
| STEPNAME           | PROGRAM   | RC          | ELAPSED           |
|                    |           |             | HH:MM:SS:ss       |
+------------------------------------------------------------------+
| MRGZPMTS_SORT      | SORT      | 00          | 00:00:00:571      |
+------------------------------------------------------------------+
  
07:09:02.598 [main] INFO  o.s.batch.core.step.AbstractStep.execute  295 - Step: [printSummary] executed in 37ms
07:09:02.631 [main] INFO  o.s.b.c.l.s.SimpleJobLauncher$1.run  161 - Job: [FlowJob: [name=SORTZDCOMP1]] completed with the following parameters: [{}] and the following status: [COMPLETED] in 717ms
07:09:02.650 [main] INFO  o.s.j.d.e.EmbeddedDatabaseFactory.shutdownDatabase  220 - Shutting down embedded database: url='jdbc:h2:mem:testdb;DB_CLOSE_DELAY=-1;DB_CLOSE_ON_EXIT=false'
