16:43:17.033 [main] INFO  o.s.boot.StartupInfoLogger.logStarting   50 - Starting CFApplication v0.0.1-SNAPSHOT using Java 17.0.14 with PID 2519656 (/home/jenkins/workspace/CFTestAutomation_Release/Testing/results/jcl/DELVSAM3/DELVSAM3/target/DELVSAM3-0.0.1-SNAPSHOT.jar started by root in /home/jenkins/workspace/CFTestAutomation_Release/Testing/results/jcl/DELVSAM3/DELVSAM3)
16:43:17.048 [main] INFO  o.s.boot.SpringApplication.logStartupProfileInfo  654 - No active profile set, falling back to 1 default profile: "default"
16:43:19.597 [main] INFO  c.c.a.dao.CFDataSourceConfiguration.dataSourceStatus  165 - CFDataSourceConfiguration initialization status...
16:43:19.599 [main] INFO  c.c.a.dao.CFDataSourceConfiguration.dataSourceStatus  172 - VSAM Datasource initialized. 
16:43:19.799 [main] INFO  o.s.boot.StartupInfoLogger.logStarted   56 - Started CFApplication in 4.718 seconds (process running for 6.218)
16:43:19.819 [main] INFO  c.c.app.utility.CFConfiguration.cfDataConnectIOInfo  107 - CFDataConnectIO version : 5.0.0.21
16:43:19.904 [main] INFO  c.c.a.u.d.plus.CFDcioConfiguration.cfDataConnectIOPlusInfo   28 - CFDataConnectIOPlus version : 5.0.0.21
16:43:19.940 [main] INFO  o.s.j.d.e.EmbeddedDatabaseFactory.initDatabase  189 - Starting embedded database: url='jdbc:h2:mem:testdb;DB_CLOSE_DELAY=-1;DB_CLOSE_ON_EXIT=false', username='sa'
16:43:21.204 [main] INFO  o.s.b.a.b.JobLauncherApplicationRunner.run  168 - Running default command line with: []
16:43:21.277 [main] INFO  o.s.b.c.l.s.SimpleJobLauncher$1.run  154 - Job: [SimpleJob: [name=DELVSAM3]] launched with the following parameters: [{}]
16:43:21.349 [main] INFO  o.s.batch.core.job.SimpleStepHandler.handleStep  150 - Executing step: [delvsam]
16:43:21.510 [main] INFO  com.zaxxer.hikari.HikariDataSource.getConnection  109 - HikariPool-1 - Starting...
16:43:21.605 [main] INFO  com.zaxxer.hikari.pool.HikariPool.checkFailFast  554 - HikariPool-1 - Added connection conn16: url=jdbc:h2:file:./cf-vsam-db user=SA
16:43:21.608 [main] INFO  com.zaxxer.hikari.HikariDataSource.getConnection  122 - HikariPool-1 - Start completed.
16:43:21.644 [main] INFO  o.s.batch.core.step.AbstractStep.execute  295 - Step: [delvsam] executed in 293ms
16:43:21.668 [main] INFO  o.s.batch.core.job.SimpleStepHandler.handleStep  150 - Executing step: [defvsam]
16:43:21.708 [main] INFO  c.c.app.vsam.dao.VsamRepository.lambda$createTable$1  211 - Executing query : create table CLOUDFRM_IDCAMS_PRINT_VSAMKSDS(
primary_key binary(65) primary key not null,
RECORD_DATA blob not null); 
16:43:21.720 [main] INFO  o.s.batch.core.step.AbstractStep.execute  295 - Step: [defvsam] executed in 50ms
16:43:21.737 [main] INFO  o.s.batch.core.job.SimpleStepHandler.handleStep  150 - Executing step: [repvsam]
16:43:22.281 [main] INFO  o.s.batch.core.step.AbstractStep.execute  295 - Step: [repvsam] executed in 543ms
16:43:22.299 [main] INFO  o.s.batch.core.job.SimpleStepHandler.handleStep  150 - Executing step: [vsamout]
16:43:22.313 [main] INFO  c.c.app.vsam.dao.VsamRepository.createTemplateForRead  446 - Using separate datasource for export cluster
16:43:22.316 [main] INFO  com.zaxxer.hikari.HikariDataSource.getConnection  109 - HikariPool-2 - Starting...
16:43:22.318 [main] INFO  com.zaxxer.hikari.pool.HikariPool.checkFailFast  554 - HikariPool-2 - Added connection conn53: url=jdbc:h2:file:./cf-vsam-db user=SA
16:43:22.319 [main] INFO  com.zaxxer.hikari.HikariDataSource.getConnection  122 - HikariPool-2 - Start completed.
16:43:22.558 [main] INFO  o.s.batch.core.step.AbstractStep.execute  295 - Step: [vsamout] executed in 257ms
16:43:22.568 [main] INFO  o.s.batch.core.job.SimpleStepHandler.handleStep  150 - Executing step: [printSummary]
16:43:22.582 [main] INFO  com.cloudframe.app.CFStepHandler.printExecutionSummary  264 - JOB : DELVSAM3 ENDED -  0000
16:43:22.582 [main] INFO  com.cloudframe.app.CFStepHandler.printExecutionSummary  268 - 

Stepwise Execution Summary :
+--------------------------------------------------------------+
| STEPNAME     | PROGRAM     | RC          | ELAPSED           |
|              |             |             | HH:MM:SS:ss       |
+--------------------------------------------------------------+
| DELVSAM      | IDCAMS      | 00          | 00:00:00:293      |
+--------------------------------------------------------------+
| DEFVSAM      | IDCAMS      | 00          | 00:00:00:050      |
+--------------------------------------------------------------+
| REPVSAM      | IDCAMS      | 00          | 00:00:00:543      |
+--------------------------------------------------------------+
| VSAMOUT      | IDCAMS      | 00          | 00:00:00:257      |
+--------------------------------------------------------------+
  
16:43:22.587 [main] INFO  o.s.batch.core.step.AbstractStep.execute  295 - Step: [printSummary] executed in 19ms
16:43:22.599 [main] INFO  o.s.b.c.l.s.SimpleJobLauncher$1.run  161 - Job: [SimpleJob: [name=DELVSAM3]] completed with the following parameters: [{}] and the following status: [COMPLETED] in 1s287ms
16:43:22.608 [main] INFO  com.zaxxer.hikari.HikariDataSource.close  349 - HikariPool-1 - Shutdown initiated...
16:43:22.612 [main] INFO  com.zaxxer.hikari.HikariDataSource.close  351 - HikariPool-1 - Shutdown completed.
16:43:22.614 [main] INFO  o.s.j.d.e.EmbeddedDatabaseFactory.shutdownDatabase  220 - Shutting down embedded database: url='jdbc:h2:mem:testdb;DB_CLOSE_DELAY=-1;DB_CLOSE_ON_EXIT=false'
