07:56:14.526 [main] INFO  o.s.boot.StartupInfoLogger.logStarting   50 - Starting CFApplication v0.0.1-SNAPSHOT using Java 17.0.14 with PID 3418779 (/home/jenkins/workspace/CFTestAutomation_Release/Testing/results/jcl/IEBGEN04/IEBGEN04/target/IEBGEN04-0.0.1-SNAPSHOT.jar started by root in /home/jenkins/workspace/CFTestAutomation_Release/Testing/results/jcl/IEBGEN04/IEBGEN04)
07:56:14.531 [main] INFO  o.s.boot.SpringApplication.logStartupProfileInfo  654 - No active profile set, falling back to 1 default profile: "default"
07:56:17.237 [main] INFO  o.s.boot.StartupInfoLogger.logStarted   56 - Started CFApplication in 3.464 seconds (process running for 4.177)
07:56:17.266 [main] INFO  c.c.app.utility.CFConfiguration.cfDataConnectIOInfo  107 - CFDataConnectIO version : 5.0.0.21
07:56:17.351 [main] INFO  c.c.a.u.d.plus.CFDcioConfiguration.cfDataConnectIOPlusInfo   28 - CFDataConnectIOPlus version : 5.0.0.21
07:56:17.397 [main] INFO  o.s.j.d.e.EmbeddedDatabaseFactory.initDatabase  189 - Starting embedded database: url='jdbc:h2:mem:testdb;DB_CLOSE_DELAY=-1;DB_CLOSE_ON_EXIT=false', username='sa'
07:56:18.890 [main] INFO  o.s.b.a.b.JobLauncherApplicationRunner.run  168 - Running default command line with: []
07:56:18.974 [main] INFO  o.s.b.c.l.s.SimpleJobLauncher$1.run  154 - Job: [SimpleJob: [name=IEBGEN04]] launched with the following parameters: [{}]
07:56:19.051 [main] INFO  o.s.batch.core.job.SimpleStepHandler.handleStep  150 - Executing step: [step003]
07:56:19.122 [main] INFO  o.s.batch.core.step.AbstractStep.execute  295 - Step: [step003] executed in 70ms
07:56:19.150 [main] INFO  o.s.batch.core.job.SimpleStepHandler.handleStep  150 - Executing step: [printSummary]
07:56:19.174 [main] INFO  com.cloudframe.app.CFStepHandler.printExecutionSummary  257 - JOB : IEBGEN04 ENDED -  0000
07:56:19.175 [main] INFO  com.cloudframe.app.CFStepHandler.printExecutionSummary  261 - 

Stepwise Execution Summary :
+----------------------------------------------------------------+
| STEPNAME     | PROGRAM       | RC          | ELAPSED           |
|              |               |             | HH:MM:SS:ss       |
+----------------------------------------------------------------+
| STEP003      | IEBGENER      | 00          | 00:00:00:070      |
+----------------------------------------------------------------+
  
07:56:19.210 [main] INFO  o.s.batch.core.step.AbstractStep.execute  295 - Step: [printSummary] executed in 59ms
07:56:19.256 [main] INFO  o.s.b.c.l.s.SimpleJobLauncher$1.run  161 - Job: [SimpleJob: [name=IEBGEN04]] completed with the following parameters: [{}] and the following status: [COMPLETED] in 227ms
07:56:19.278 [main] INFO  o.s.j.d.e.EmbeddedDatabaseFactory.shutdownDatabase  220 - Shutting down embedded database: url='jdbc:h2:mem:testdb;DB_CLOSE_DELAY=-1;DB_CLOSE_ON_EXIT=false'
