16:31:18.607 [main] INFO  o.s.boot.StartupInfoLogger.logStarting   50 - Starting CFApplication v0.0.1-SNAPSHOT using Java 17.0.14 with PID 2468147 (/home/jenkins/workspace/CFTestAutomation_Release/Testing/results/jcl/IEBGEN03/IEBGEN03/target/IEBGEN03-0.0.1-SNAPSHOT.jar started by root in /home/jenkins/workspace/CFTestAutomation_Release/Testing/results/jcl/IEBGEN03/IEBGEN03)
16:31:18.618 [main] INFO  o.s.boot.SpringApplication.logStartupProfileInfo  654 - No active profile set, falling back to 1 default profile: "default"
16:31:21.421 [main] INFO  o.s.boot.StartupInfoLogger.logStarted   56 - Started CFApplication in 4.071 seconds (process running for 5.055)
16:31:21.452 [main] INFO  c.c.app.utility.CFConfiguration.cfDataConnectIOInfo  107 - CFDataConnectIO version : 5.0.0.21
16:31:21.519 [main] INFO  c.c.a.u.d.plus.CFDcioConfiguration.cfDataConnectIOPlusInfo   28 - CFDataConnectIOPlus version : 5.0.0.21
16:31:21.547 [main] INFO  o.s.j.d.e.EmbeddedDatabaseFactory.initDatabase  189 - Starting embedded database: url='jdbc:h2:mem:testdb;DB_CLOSE_DELAY=-1;DB_CLOSE_ON_EXIT=false', username='sa'
16:31:22.718 [main] INFO  o.s.b.a.b.JobLauncherApplicationRunner.run  168 - Running default command line with: []
16:31:22.810 [main] INFO  o.s.b.c.l.s.SimpleJobLauncher$1.run  154 - Job: [SimpleJob: [name=IEBGEN03]] launched with the following parameters: [{}]
16:31:22.864 [main] INFO  o.s.batch.core.job.SimpleStepHandler.handleStep  150 - Executing step: [step003]
16:31:22.924 [main] INFO  o.s.batch.core.step.AbstractStep.execute  295 - Step: [step003] executed in 58ms
16:31:22.943 [main] INFO  o.s.batch.core.job.SimpleStepHandler.handleStep  150 - Executing step: [printSummary]
16:31:22.964 [main] INFO  com.cloudframe.app.CFStepHandler.printExecutionSummary  254 - JOB : IEBGEN03 ENDED -  0000
16:31:22.965 [main] INFO  com.cloudframe.app.CFStepHandler.printExecutionSummary  258 - 

Stepwise Execution Summary :
+----------------------------------------------------------------+
| STEPNAME     | PROGRAM       | RC          | ELAPSED           |
|              |               |             | HH:MM:SS:ss       |
+----------------------------------------------------------------+
| STEP003      | IEBGENER      | 00          | 00:00:00:058      |
+----------------------------------------------------------------+
  
16:31:22.990 [main] INFO  o.s.batch.core.step.AbstractStep.execute  295 - Step: [printSummary] executed in 45ms
16:31:23.019 [main] INFO  o.s.b.c.l.s.SimpleJobLauncher$1.run  161 - Job: [SimpleJob: [name=IEBGEN03]] completed with the following parameters: [{}] and the following status: [COMPLETED] in 166ms
16:31:23.032 [main] INFO  o.s.j.d.e.EmbeddedDatabaseFactory.shutdownDatabase  220 - Shutting down embedded database: url='jdbc:h2:mem:testdb;DB_CLOSE_DELAY=-1;DB_CLOSE_ON_EXIT=false'
