23:25:10.373 [main] INFO  o.s.boot.StartupInfoLogger.logStarting   50 - Starting CFApplication v0.0.1-SNAPSHOT using Java 17.0.14 with PID 1855769 (/home/jenkins/workspace/CFTestAutomation_Release/Testing/results/jcl/IDCPRN08/IDCPRN08/target/IDCPRN08-0.0.1-SNAPSHOT.jar started by root in /home/jenkins/workspace/CFTestAutomation_Release/Testing/results/jcl/IDCPRN08/IDCPRN08)
23:25:10.381 [main] INFO  o.s.boot.SpringApplication.logStartupProfileInfo  654 - No active profile set, falling back to 1 default profile: "default"
23:25:12.879 [main] INFO  o.s.boot.StartupInfoLogger.logStarted   56 - Started CFApplication in 3.611 seconds (process running for 4.613)
23:25:12.909 [main] INFO  c.c.app.utility.CFConfiguration.cfDataConnectIOInfo  107 - CFDataConnectIO version : 5.0.0.21
23:25:12.981 [main] INFO  c.c.a.u.d.plus.CFDcioConfiguration.cfDataConnectIOPlusInfo   28 - CFDataConnectIOPlus version : 5.0.0.21
23:25:13.025 [main] INFO  o.s.j.d.e.EmbeddedDatabaseFactory.initDatabase  189 - Starting embedded database: url='jdbc:h2:mem:testdb;DB_CLOSE_DELAY=-1;DB_CLOSE_ON_EXIT=false', username='sa'
23:25:14.079 [main] INFO  o.s.b.a.b.JobLauncherApplicationRunner.run  168 - Running default command line with: []
23:25:14.180 [main] INFO  o.s.b.c.l.s.SimpleJobLauncher$1.run  154 - Job: [SimpleJob: [name=IDCPRN08]] launched with the following parameters: [{}]
23:25:14.256 [main] INFO  o.s.batch.core.job.SimpleStepHandler.handleStep  150 - Executing step: [print01]
23:25:14.323 [main] INFO  o.s.batch.core.step.AbstractStep.execute  295 - Step: [print01] executed in 65ms
23:25:14.352 [main] INFO  o.s.batch.core.job.SimpleStepHandler.handleStep  150 - Executing step: [printSummary]
23:25:14.372 [main] INFO  com.cloudframe.app.CFStepHandler.printExecutionSummary  247 - JOB : IDCPRN08 ENDED -  0000
23:25:14.373 [main] INFO  com.cloudframe.app.CFStepHandler.printExecutionSummary  251 - 

Stepwise Execution Summary :
+--------------------------------------------------------------+
| STEPNAME     | PROGRAM     | RC          | ELAPSED           |
|              |             |             | HH:MM:SS:ss       |
+--------------------------------------------------------------+
| PRINT01      | IDCAMS      | 00          | 00:00:00:065      |
+--------------------------------------------------------------+
  
23:25:14.382 [main] INFO  o.s.batch.core.step.AbstractStep.execute  295 - Step: [printSummary] executed in 29ms
23:25:14.411 [main] INFO  o.s.b.c.l.s.SimpleJobLauncher$1.run  161 - Job: [SimpleJob: [name=IDCPRN08]] completed with the following parameters: [{}] and the following status: [COMPLETED] in 189ms
23:25:14.423 [main] INFO  o.s.j.d.e.EmbeddedDatabaseFactory.shutdownDatabase  220 - Shutting down embedded database: url='jdbc:h2:mem:testdb;DB_CLOSE_DELAY=-1;DB_CLOSE_ON_EXIT=false'
