16:29:27.833 [main] INFO  o.s.boot.StartupInfoLogger.logStarting   50 - Starting CFApplication v0.0.1-SNAPSHOT using Java 17.0.14 with PID 2460329 (/home/jenkins/workspace/CFTestAutomation_Release/Testing/results/condition/cfif01/CFIF01/target/CFIF01-0.0.1-SNAPSHOT.jar started by root in /home/jenkins/workspace/CFTestAutomation_Release/Testing/results/condition/cfif01/CFIF01)
16:29:27.838 [main] INFO  o.s.boot.SpringApplication.logStartupProfileInfo  654 - No active profile set, falling back to 1 default profile: "default"
16:29:29.136 [main] INFO  o.s.boot.StartupInfoLogger.logStarted   56 - Started CFApplication in 2.249 seconds (process running for 3.094)
16:29:29.151 [main] INFO  c.c.app.utility.CFConfiguration.cfDataConnectIOInfo  107 - CFDataConnectIO version : 5.0.0.21
16:29:29.496 [main] INFO  c.c.app.process.impl.Cfif01Impl.process   90 - *36* SUCCESS - ALL LOW-VALUE CHECK
16:29:29.497 [main] INFO  c.c.app.process.impl.Cfif01Impl.process  112 - IF SUCCESS
16:29:29.498 [main] INFO  c.c.app.process.impl.Cfif01Impl.process  125 - 034 UNEQUAL COMPARE WORKED 
16:29:29.498 [main] INFO  c.c.app.process.impl.Cfif01Impl.process  146 - 033 UNEQUAL COMPARE WORKED 
16:29:29.499 [main] INFO  c.c.app.process.impl.Cfif01Impl.process  157 - 84. WS-BATCH-ID = '032'  TRUE 
16:29:29.500 [main] INFO  c.c.app.process.impl.Cfif01Impl.process  176 - 83. OIN-GEO-CD != ZERO OR 1007  TRUE  
16:29:29.500 [main] INFO  c.c.app.process.impl.Cfif01Impl.process  185 - 82. OIN-GEO-CD = ZERO OR 1007  TRUE  
16:29:29.500 [main] INFO  c.c.app.process.impl.Cfif01Impl.process  199 - 81. OIN-GEO-CD = ZERO OR 1007  TRUE  
16:29:29.501 [main] INFO  c.c.app.process.impl.Cfif01Impl.process  215 - 80. TRANCODE = 5732 - TRUE 
16:29:29.501 [main] INFO  c.c.app.process.impl.Cfif01Impl.process  235 - 79.  FRUIT   ORANGE
16:29:29.502 [main] INFO  c.c.app.process.impl.Cfif01Impl.process  250 - 78.  FRUIT   BANANA
16:29:29.502 [main] INFO  c.c.app.process.impl.Cfif01Impl.process  265 - 77.  FRUIT   APPLE 
16:29:29.502 [main] INFO  c.c.app.process.impl.Cfif01Impl.process  275 - 76.  VEGGIE  TOMATO
16:29:29.503 [main] INFO  c.c.app.process.impl.Cfif01Impl.process  290 - 75.  VEGGIE  BEANS 
16:29:29.503 [main] INFO  c.c.app.process.impl.Cfif01Impl.process  305 - 74.  VEGGIE  CARROT
16:29:29.503 [main] INFO  c.c.app.process.impl.Cfif01Impl.process  320 - 73.  FRUIT   ORANGE
16:29:29.504 [main] INFO  c.c.app.process.impl.Cfif01Impl.process  335 - 72.  FRUIT   BANANA
16:29:29.504 [main] INFO  c.c.app.process.impl.Cfif01Impl.process  350 - 71.  FRUIT   APPLE 
16:29:29.505 [main] INFO  c.c.app.process.impl.Cfif01Impl.process  370 - 70.  VEGGIE  TOMATO
16:29:29.505 [main] INFO  c.c.app.process.impl.Cfif01Impl.process  385 - 69.  VEGGIE  BEANS 
16:29:29.505 [main] INFO  c.c.app.process.impl.Cfif01Impl.process  400 - 68.  VEGGIE  CARROT
16:29:29.506 [main] INFO  c.c.app.process.impl.Cfif01Impl.process  412 - 67. THIS SHOULD BE DISPLAYED 
16:29:29.506 [main] INFO  c.c.app.process.impl.Cfif01Impl.process  429 - 66. THIS SHOULD BE DISPLAYED 
16:29:29.506 [main] INFO  c.c.app.process.impl.Cfif01Impl.process  442 - 65. THIS SHOULD BE DISPLAYED 
16:29:29.507 [main] INFO  c.c.app.process.impl.Cfif01Impl.process  455 - 64. THIS SHOULD BE DISPLAYED 
16:29:29.507 [main] INFO  c.c.app.process.impl.Cfif01Impl.process  477 - 63. THIS SHOULD BE DISPLAYED 
16:29:29.507 [main] INFO  c.c.app.process.impl.Cfif01Impl.process  490 - 62. THIS SHOULD BE DISPLAYED 
16:29:29.508 [main] INFO  c.c.app.process.impl.Cfif01Impl.process  503 - 61. THIS SHOULD BE DISPLAYED 
16:29:29.510 [main] INFO  c.c.app.process.impl.Cfif01Impl.process  516 - 60. 0.44 > 0 
16:29:29.511 [main] INFO  c.c.app.process.impl.Cfif01Impl.process  526 - 58. 0.44 > 0 
16:29:29.512 [main] INFO  c.c.app.process.impl.Cfif01Impl.process  547 - 55. 0.44 < 1 
16:29:29.512 [main] INFO  c.c.app.process.impl.Cfif01Impl.process  557 - 53. 0.44 < 1 
16:29:29.513 [main] INFO  c.c.app.process.impl.Cfif01Impl.process  573 - 51. 1234567.12 < 9 
16:29:29.513 [main] INFO  c.c.app.process.impl.Cfif01Impl.process  583 - 49. 1234567.12 < 9 
16:29:29.514 [main] INFO  c.c.app.process.impl.Cfif01Impl.process  599 - 47. 8234567.12 < 97
16:29:29.514 [main] INFO  c.c.app.process.impl.Cfif01Impl.process  609 - 45. 8234567.12 < 97
16:29:29.515 [main] INFO  c.c.app.process.impl.Cfif01Impl.process  620 - 44. 7234567.12 > 61
16:29:29.516 [main] INFO  c.c.app.process.impl.Cfif01Impl.process  630 - 42. 7234567.12 > 61
16:29:29.516 [main] INFO  c.c.app.process.impl.Cfif01Impl.process  646 - 40. 0.00 > 0 
16:29:29.517 [main] INFO  c.c.app.process.impl.Cfif01Impl.process  656 - 38. 0.00 > 0 
16:29:29.517 [main] INFO  c.c.app.process.impl.Cfif01Impl.process  670 - 36.TRUE  - MOVED SPACES BUT COMPARED 2 0 
16:29:29.517 [main] INFO  c.c.app.process.impl.Cfif01Impl.process  680 - 34.TRUE  88  - MOVED SPACES BUT COMPARED 2 0
16:29:29.518 [main] INFO  c.c.app.process.impl.Cfif01Impl.process  692 - 32.TRUE  - MOVED LOWVAL BUT COMPARED 2 0 
16:29:29.518 [main] INFO  c.c.app.process.impl.Cfif01Impl.process  702 - 30.TRUE  88  - MOVED LOWVAL BUT COMPARED 2 0
16:29:29.519 [main] INFO  c.c.app.process.impl.Cfif01Impl.process1 1012 - 27.FALSE - MOVED JUNK   BUT COMPARED 2 0 
16:29:29.520 [main] INFO  c.c.app.process.impl.Cfif01Impl.process1 1022 - 25. FALSE 88 - MOVED JUNK   BUT COMPARED TO 0
16:29:29.520 [main] INFO  c.c.app.process.impl.Cfif01Impl.process1 1031 - 24. MONTH IS WITHIN RANGE 
16:29:29.522 [main] INFO  c.c.app.process.impl.Cfif01Impl.testIfPara  872 - 21. CUST ID = BILLK CUST ID 
16:29:29.522 [main] INFO  c.c.app.process.impl.Cfif01Impl.testIfPara  874 - 20. DELAY MTN = BILLK MTN   
16:29:29.523 [main] INFO  c.c.app.process.impl.Cfif01Impl.testIfPara  876 - 19. BILL-PERIOD 2           
16:29:29.523 [main] INFO  c.c.app.process.impl.Cfif01Impl.testIfPara  878 - 18. MEAS-CD = KB            
16:29:29.523 [main] INFO  c.c.app.process.impl.Cfif01Impl.testIfPara  911 - DONE WITH FIRST IF 
16:29:29.524 [main] INFO  c.c.app.process.impl.Cfif01Impl.testIfPara  883 - 17. CUST ID = BILLK CUST ID 
16:29:29.524 [main] INFO  c.c.app.process.impl.Cfif01Impl.testIfPara  885 - 16. DELAY MTN = BILLK MTN   
16:29:29.524 [main] INFO  c.c.app.process.impl.Cfif01Impl.testIfPara  887 - 15. BILL-PERIOD 2           
16:29:29.525 [main] INFO  c.c.app.process.impl.Cfif01Impl.testIfPara  889 - 14. MEAS-CD NOT = KB        
16:29:29.525 [main] INFO  c.c.app.process.impl.Cfif01Impl.testIfPara  911 - DONE WITH FIRST IF 
16:29:29.525 [main] INFO  c.c.app.process.impl.Cfif01Impl.testIfPara  951 - 5.  CUST ID = BILLK CUST ID 
16:29:29.526 [main] INFO  c.c.app.process.impl.Cfif01Impl.testIfPara  953 - 4.  DELAY MTN = BILLK MTN   
16:29:29.526 [main] INFO  c.c.app.process.impl.Cfif01Impl.testIfPara  955 - 3.  DELAY DATA EOF 
16:29:29.527 [main] INFO  c.c.app.process.impl.Cfif01Impl.testIfPara  961 - 2. STOP READ DELAY DAT 
16:29:29.527 [main] INFO  c.c.app.process.impl.Cfif01Impl.testIfPara  965 - 1. DATA HM AIR QTY = USAGE TOTAL 
16:29:29.527 [main] INFO  c.c.app.process.impl.Cfif01Impl.testIfPara  900 - 13. CUST ID = BILLK CUST ID 
16:29:29.528 [main] INFO  c.c.app.process.impl.Cfif01Impl.testIfPara  902 - 12. DELAY MTN = BILLK MTN   
16:29:29.528 [main] INFO  c.c.app.process.impl.Cfif01Impl.testIfPara  904 - 11. BILL-PERIOD 3           
16:29:29.528 [main] INFO  c.c.app.process.impl.Cfif01Impl.testIfPara  906 - 10. MEAS-CD NOT KB          
16:29:29.528 [main] INFO  c.c.app.process.impl.Cfif01Impl.testIfPara  911 - DONE WITH FIRST IF 
16:29:29.529 [main] INFO  c.c.app.process.impl.Cfif01Impl.testIfPara  951 - 5.  CUST ID = BILLK CUST ID 
16:29:29.529 [main] INFO  c.c.app.process.impl.Cfif01Impl.testIfPara  953 - 4.  DELAY MTN = BILLK MTN   
16:29:29.529 [main] INFO  c.c.app.process.impl.Cfif01Impl.testIfPara  955 - 3.  DELAY DATA EOF 
16:29:29.530 [main] INFO  c.c.app.process.impl.Cfif01Impl.testIfPara  961 - 2. STOP READ DELAY DAT 
16:29:29.530 [main] INFO  c.c.app.process.impl.Cfif01Impl.testIfPara  965 - 1. DATA HM AIR QTY = USAGE TOTAL 
16:29:29.530 [main] INFO  c.c.app.process.impl.Cfif01Impl.testIfPara  911 - DONE WITH FIRST IF 
16:29:29.530 [main] INFO  c.c.app.process.impl.Cfif01Impl.testIfPara  951 - 5.  CUST ID = BILLK CUST ID 
16:29:29.531 [main] INFO  c.c.app.process.impl.Cfif01Impl.testIfPara  953 - 4.  DELAY MTN = BILLK MTN   
16:29:29.531 [main] INFO  c.c.app.process.impl.Cfif01Impl.testIfPara  955 - 3.  DELAY DATA EOF 
16:29:29.531 [main] INFO  c.c.app.process.impl.Cfif01Impl.testIfPara  961 - 2. STOP READ DELAY DAT 
16:29:29.531 [main] INFO  c.c.app.process.impl.Cfif01Impl.testIfPara  965 - 1. DATA HM AIR QTY = USAGE TOTAL 
16:29:29.532 [main] INFO  c.c.app.process.impl.Cfif01Impl.testIfPara  918 - 9. DELAY MTN > BILLK MTN   
16:29:29.532 [main] INFO  c.c.app.process.impl.Cfif01Impl.testIfPara  961 - 2. STOP READ DELAY DAT 
16:29:29.532 [main] INFO  c.c.app.process.impl.Cfif01Impl.testIfPara  965 - 1. DATA HM AIR QTY = USAGE TOTAL 
16:29:29.533 [main] INFO  c.c.app.process.impl.Cfif01Impl.testIfPara  925 - 8. DELAY MTN < BILLK MTN   
16:29:29.533 [main] INFO  c.c.app.process.impl.Cfif01Impl.testIfPara  961 - 2. STOP READ DELAY DAT 
16:29:29.533 [main] INFO  c.c.app.process.impl.Cfif01Impl.testIfPara  965 - 1. DATA HM AIR QTY = USAGE TOTAL 
16:29:29.533 [main] INFO  c.c.app.process.impl.Cfif01Impl.testIfPara  935 - 7. CUST ID > BILLK CUST ID 
16:29:29.534 [main] INFO  c.c.app.process.impl.Cfif01Impl.testIfPara  961 - 2. STOP READ DELAY DAT 
16:29:29.534 [main] INFO  c.c.app.process.impl.Cfif01Impl.testIfPara  965 - 1. DATA HM AIR QTY = USAGE TOTAL 
16:29:29.534 [main] INFO  c.c.app.process.impl.Cfif01Impl.testIfPara  942 - 6.  CUST ID > BILLK CUST ID 
16:29:29.534 [main] INFO  c.c.app.process.impl.Cfif01Impl.testIfPara  961 - 2. STOP READ DELAY DAT 
16:29:29.534 [main] INFO  c.c.app.process.impl.Cfif01Impl.testIfPara  965 - 1. DATA HM AIR QTY = USAGE TOTAL 
16:29:29.535 [main] INFO  c.c.app.process.impl.Cfif01Impl.process1 1050 - 22. REVO DNS CODE   3  
16:29:29.535 [main] INFO  c.c.app.process.impl.Cfif01Impl.process1 1069 - 85. SPACE CHECK PASSED 
16:29:29.537 [main] INFO  c.c.app.process.impl.Cfif01Impl.process1 1090 - * 12 *   OTHER CHAR
